{
  "accuracy_direct": {
    "1": 0.121,
    "2": 1.0,
    "4": 1.0
  },
  "best_step": 200,
  "best_val_accuracy_r4": 1.0,
  "elapsed_seconds": 31.556478299899027,
  "finite": true,
  "reference_accuracy_by_round": {
    "1": 1.0,
    "2": 1.0,
    "3": 1.0,
    "4": 1.0
  },
  "seed": 202,
  "status": "completed",
  "steps": 5000,
  "value_accuracy_by_round": {
    "1": 0.121,
    "2": 1.0,
    "3": 1.0,
    "4": 1.0
  }
}
D:\Install\Dev\Projects\IA\Ejercise\t1_trainability_lab_v0.1.0\.venv\Scripts\python.exe D:\Install\Dev\Projects\IA\Ejercise\t1_trainability_lab_v0.1.0\scripts\train_variable_binding_typed.py --seed 202 --max-steps 5000 --output-dir D:\Install\Dev\Projects\IA\Ejercise\t1_trainability_lab_v0.1.0\campaign\variable_binding_typed_replication\seed_202
