H0 parallel sweep stderr and command log
executable=D:\Install\Dev\Projects\IA\Ejercise\cpu-native-arch\build\cpu_native_q4_probe.exe
kernel=avx2; workers=8; K=512; repetitions=8; warmup=2; repeat_count=5; alternate_variant_order=True
target_kib=128,192,512,1024,1280; depths=4,8,16; variants=A,B
command[1/150]="D:\Install\Dev\Projects\IA\Ejercise\cpu-native-arch\build\cpu_native_q4_probe.exe" --K 512 --target-kib 128 --depth 4 --variant A --kernel avx2 --parallel-workers 8 --iterations 1 --repetitions 8 --warmup 2
AVX2 correction test passed; scalar_checksum=-9.02812, avx2_checksum=-9.02812, abs_difference=0, tolerance=0.00902812
T0 parallel Q4 throughput probe; wall-clock batch timing; not an exact model-kernel equivalence claim
shape m=409 K=512, target_kib=128, variant=A, kernel_requested=avx2, kernel_used=avx2, workers=8
command[2/150]="D:\Install\Dev\Projects\IA\Ejercise\cpu-native-arch\build\cpu_native_q4_probe.exe" --K 512 --target-kib 128 --depth 4 --variant B --kernel avx2 --parallel-workers 8 --iterations 1 --repetitions 8 --warmup 2
AVX2 correction test passed; scalar_checksum=-9.02812, avx2_checksum=-9.02812, abs_difference=0, tolerance=0.00902812
T0 parallel Q4 throughput probe; wall-clock batch timing; not an exact model-kernel equivalence claim
shape m=409 K=512, target_kib=128, variant=B, kernel_requested=avx2, kernel_used=avx2, workers=8
command[3/150]="D:\Install\Dev\Projects\IA\Ejercise\cpu-native-arch\build\cpu_native_q4_probe.exe" --K 512 --target-kib 128 --depth 8 --variant A --kernel avx2 --parallel-workers 8 --iterations 1 --repetitions 8 --warmup 2
AVX2 correction test passed; scalar_checksum=-9.02812, avx2_checksum=-9.02812, abs_difference=0, tolerance=0.00902812
T0 parallel Q4 throughput probe; wall-clock batch timing; not an exact model-kernel equivalence claim
shape m=409 K=512, target_kib=128, variant=A, kernel_requested=avx2, kernel_used=avx2, workers=8
command[4/150]="D:\Install\Dev\Projects\IA\Ejercise\cpu-native-arch\build\cpu_native_q4_probe.exe" --K 512 --target-kib 128 --depth 8 --variant B --kernel avx2 --parallel-workers 8 --iterations 1 --repetitions 8 --warmup 2
AVX2 correction test passed; scalar_checksum=-9.02812, avx2_checksum=-9.02812, abs_difference=0, tolerance=0.00902812
T0 parallel Q4 throughput probe; wall-clock batch timing; not an exact model-kernel equivalence claim
shape m=409 K=512, target_kib=128, variant=B, kernel_requested=avx2, kernel_used=avx2, workers=8
command[5/150]="D:\Install\Dev\Projects\IA\Ejercise\cpu-native-arch\build\cpu_native_q4_probe.exe" --K 512 --target-kib 128 --depth 16 --variant A --kernel avx2 --parallel-workers 8 --iterations 1 --repetitions 8 --warmup 2
AVX2 correction test passed; scalar_checksum=-9.02812, avx2_checksum=-9.02812, abs_difference=0, tolerance=0.00902812
T0 parallel Q4 throughput probe; wall-clock batch timing; not an exact model-kernel equivalence claim
shape m=409 K=512, target_kib=128, variant=A, kernel_requested=avx2, kernel_used=avx2, workers=8
command[6/150]="D:\Install\Dev\Projects\IA\Ejercise\cpu-native-arch\build\cpu_native_q4_probe.exe" --K 512 --target-kib 128 --depth 16 --variant B --kernel avx2 --parallel-workers 8 --iterations 1 --repetitions 8 --warmup 2
AVX2 correction test passed; scalar_checksum=-9.02812, avx2_checksum=-9.02812, abs_difference=0, tolerance=0.00902812
T0 parallel Q4 throughput probe; wall-clock batch timing; not an exact model-kernel equivalence claim
shape m=409 K=512, target_kib=128, variant=B, kernel_requested=avx2, kernel_used=avx2, workers=8
command[7/150]="D:\Install\Dev\Projects\IA\Ejercise\cpu-native-arch\build\cpu_native_q4_probe.exe" --K 512 --target-kib 192 --depth 4 --variant A --kernel avx2 --parallel-workers 8 --iterations 1 --repetitions 8 --warmup 2
AVX2 correction test passed; scalar_checksum=-9.02812, avx2_checksum=-9.02812, abs_difference=0, tolerance=0.00902812
T0 parallel Q4 throughput probe; wall-clock batch timing; not an exact model-kernel equivalence claim
shape m=614 K=512, target_kib=192, variant=A, kernel_requested=avx2, kernel_used=avx2, workers=8
command[8/150]="D:\Install\Dev\Projects\IA\Ejercise\cpu-native-arch\build\cpu_native_q4_probe.exe" --K 512 --target-kib 192 --depth 4 --variant B --kernel avx2 --parallel-workers 8 --iterations 1 --repetitions 8 --warmup 2
AVX2 correction test passed; scalar_checksum=-9.02812, avx2_checksum=-9.02812, abs_difference=0, tolerance=0.00902812
T0 parallel Q4 throughput probe; wall-clock batch timing; not an exact model-kernel equivalence claim
shape m=614 K=512, target_kib=192, variant=B, kernel_requested=avx2, kernel_used=avx2, workers=8
command[9/150]="D:\Install\Dev\Projects\IA\Ejercise\cpu-native-arch\build\cpu_native_q4_probe.exe" --K 512 --target-kib 192 --depth 8 --variant A --kernel avx2 --parallel-workers 8 --iterations 1 --repetitions 8 --warmup 2
AVX2 correction test passed; scalar_checksum=-9.02812, avx2_checksum=-9.02812, abs_difference=0, tolerance=0.00902812
T0 parallel Q4 throughput probe; wall-clock batch timing; not an exact model-kernel equivalence claim
shape m=614 K=512, target_kib=192, variant=A, kernel_requested=avx2, kernel_used=avx2, workers=8
command[10/150]="D:\Install\Dev\Projects\IA\Ejercise\cpu-native-arch\build\cpu_native_q4_probe.exe" --K 512 --target-kib 192 --depth 8 --variant B --kernel avx2 --parallel-workers 8 --iterations 1 --repetitions 8 --warmup 2
AVX2 correction test passed; scalar_checksum=-9.02812, avx2_checksum=-9.02812, abs_difference=0, tolerance=0.00902812
T0 parallel Q4 throughput probe; wall-clock batch timing; not an exact model-kernel equivalence claim
shape m=614 K=512, target_kib=192, variant=B, kernel_requested=avx2, kernel_used=avx2, workers=8
command[11/150]="D:\Install\Dev\Projects\IA\Ejercise\cpu-native-arch\build\cpu_native_q4_probe.exe" --K 512 --target-kib 192 --depth 16 --variant A --kernel avx2 --parallel-workers 8 --iterations 1 --repetitions 8 --warmup 2
AVX2 correction test passed; scalar_checksum=-9.02812, avx2_checksum=-9.02812, abs_difference=0, tolerance=0.00902812
T0 parallel Q4 throughput probe; wall-clock batch timing; not an exact model-kernel equivalence claim
shape m=614 K=512, target_kib=192, variant=A, kernel_requested=avx2, kernel_used=avx2, workers=8
command[12/150]="D:\Install\Dev\Projects\IA\Ejercise\cpu-native-arch\build\cpu_native_q4_probe.exe" --K 512 --target-kib 192 --depth 16 --variant B --kernel avx2 --parallel-workers 8 --iterations 1 --repetitions 8 --warmup 2
AVX2 correction test passed; scalar_checksum=-9.02812, avx2_checksum=-9.02812, abs_difference=0, tolerance=0.00902812
T0 parallel Q4 throughput probe; wall-clock batch timing; not an exact model-kernel equivalence claim
shape m=614 K=512, target_kib=192, variant=B, kernel_requested=avx2, kernel_used=avx2, workers=8
command[13/150]="D:\Install\Dev\Projects\IA\Ejercise\cpu-native-arch\build\cpu_native_q4_probe.exe" --K 512 --target-kib 512 --depth 4 --variant A --kernel avx2 --parallel-workers 8 --iterations 1 --repetitions 8 --warmup 2
AVX2 correction test passed; scalar_checksum=-9.02812, avx2_checksum=-9.02812, abs_difference=0, tolerance=0.00902812
T0 parallel Q4 throughput probe; wall-clock batch timing; not an exact model-kernel equivalence claim
shape m=1638 K=512, target_kib=512, variant=A, kernel_requested=avx2, kernel_used=avx2, workers=8
command[14/150]="D:\Install\Dev\Projects\IA\Ejercise\cpu-native-arch\build\cpu_native_q4_probe.exe" --K 512 --target-kib 512 --depth 4 --variant B --kernel avx2 --parallel-workers 8 --iterations 1 --repetitions 8 --warmup 2
AVX2 correction test passed; scalar_checksum=-9.02812, avx2_checksum=-9.02812, abs_difference=0, tolerance=0.00902812
T0 parallel Q4 throughput probe; wall-clock batch timing; not an exact model-kernel equivalence claim
shape m=1638 K=512, target_kib=512, variant=B, kernel_requested=avx2, kernel_used=avx2, workers=8
command[15/150]="D:\Install\Dev\Projects\IA\Ejercise\cpu-native-arch\build\cpu_native_q4_probe.exe" --K 512 --target-kib 512 --depth 8 --variant A --kernel avx2 --parallel-workers 8 --iterations 1 --repetitions 8 --warmup 2
AVX2 correction test passed; scalar_checksum=-9.02812, avx2_checksum=-9.02812, abs_difference=0, tolerance=0.00902812
T0 parallel Q4 throughput probe; wall-clock batch timing; not an exact model-kernel equivalence claim
shape m=1638 K=512, target_kib=512, variant=A, kernel_requested=avx2, kernel_used=avx2, workers=8
command[16/150]="D:\Install\Dev\Projects\IA\Ejercise\cpu-native-arch\build\cpu_native_q4_probe.exe" --K 512 --target-kib 512 --depth 8 --variant B --kernel avx2 --parallel-workers 8 --iterations 1 --repetitions 8 --warmup 2
AVX2 correction test passed; scalar_checksum=-9.02812, avx2_checksum=-9.02812, abs_difference=0, tolerance=0.00902812
T0 parallel Q4 throughput probe; wall-clock batch timing; not an exact model-kernel equivalence claim
shape m=1638 K=512, target_kib=512, variant=B, kernel_requested=avx2, kernel_used=avx2, workers=8
command[17/150]="D:\Install\Dev\Projects\IA\Ejercise\cpu-native-arch\build\cpu_native_q4_probe.exe" --K 512 --target-kib 512 --depth 16 --variant A --kernel avx2 --parallel-workers 8 --iterations 1 --repetitions 8 --warmup 2
AVX2 correction test passed; scalar_checksum=-9.02812, avx2_checksum=-9.02812, abs_difference=0, tolerance=0.00902812
T0 parallel Q4 throughput probe; wall-clock batch timing; not an exact model-kernel equivalence claim
shape m=1638 K=512, target_kib=512, variant=A, kernel_requested=avx2, kernel_used=avx2, workers=8
command[18/150]="D:\Install\Dev\Projects\IA\Ejercise\cpu-native-arch\build\cpu_native_q4_probe.exe" --K 512 --target-kib 512 --depth 16 --variant B --kernel avx2 --parallel-workers 8 --iterations 1 --repetitions 8 --warmup 2
AVX2 correction test passed; scalar_checksum=-9.02812, avx2_checksum=-9.02812, abs_difference=0, tolerance=0.00902812
T0 parallel Q4 throughput probe; wall-clock batch timing; not an exact model-kernel equivalence claim
shape m=1638 K=512, target_kib=512, variant=B, kernel_requested=avx2, kernel_used=avx2, workers=8
command[19/150]="D:\Install\Dev\Projects\IA\Ejercise\cpu-native-arch\build\cpu_native_q4_probe.exe" --K 512 --target-kib 1024 --depth 4 --variant A --kernel avx2 --parallel-workers 8 --iterations 1 --repetitions 8 --warmup 2
AVX2 correction test passed; scalar_checksum=-9.02812, avx2_checksum=-9.02812, abs_difference=0, tolerance=0.00902812
T0 parallel Q4 throughput probe; wall-clock batch timing; not an exact model-kernel equivalence claim
shape m=3276 K=512, target_kib=1024, variant=A, kernel_requested=avx2, kernel_used=avx2, workers=8
command[20/150]="D:\Install\Dev\Projects\IA\Ejercise\cpu-native-arch\build\cpu_native_q4_probe.exe" --K 512 --target-kib 1024 --depth 4 --variant B --kernel avx2 --parallel-workers 8 --iterations 1 --repetitions 8 --warmup 2
AVX2 correction test passed; scalar_checksum=-9.02812, avx2_checksum=-9.02812, abs_difference=0, tolerance=0.00902812
T0 parallel Q4 throughput probe; wall-clock batch timing; not an exact model-kernel equivalence claim
shape m=3276 K=512, target_kib=1024, variant=B, kernel_requested=avx2, kernel_used=avx2, workers=8
command[21/150]="D:\Install\Dev\Projects\IA\Ejercise\cpu-native-arch\build\cpu_native_q4_probe.exe" --K 512 --target-kib 1024 --depth 8 --variant A --kernel avx2 --parallel-workers 8 --iterations 1 --repetitions 8 --warmup 2
AVX2 correction test passed; scalar_checksum=-9.02812, avx2_checksum=-9.02812, abs_difference=0, tolerance=0.00902812
T0 parallel Q4 throughput probe; wall-clock batch timing; not an exact model-kernel equivalence claim
shape m=3276 K=512, target_kib=1024, variant=A, kernel_requested=avx2, kernel_used=avx2, workers=8
command[22/150]="D:\Install\Dev\Projects\IA\Ejercise\cpu-native-arch\build\cpu_native_q4_probe.exe" --K 512 --target-kib 1024 --depth 8 --variant B --kernel avx2 --parallel-workers 8 --iterations 1 --repetitions 8 --warmup 2
AVX2 correction test passed; scalar_checksum=-9.02812, avx2_checksum=-9.02812, abs_difference=0, tolerance=0.00902812
T0 parallel Q4 throughput probe; wall-clock batch timing; not an exact model-kernel equivalence claim
shape m=3276 K=512, target_kib=1024, variant=B, kernel_requested=avx2, kernel_used=avx2, workers=8
command[23/150]="D:\Install\Dev\Projects\IA\Ejercise\cpu-native-arch\build\cpu_native_q4_probe.exe" --K 512 --target-kib 1024 --depth 16 --variant A --kernel avx2 --parallel-workers 8 --iterations 1 --repetitions 8 --warmup 2
AVX2 correction test passed; scalar_checksum=-9.02812, avx2_checksum=-9.02812, abs_difference=0, tolerance=0.00902812
T0 parallel Q4 throughput probe; wall-clock batch timing; not an exact model-kernel equivalence claim
shape m=3276 K=512, target_kib=1024, variant=A, kernel_requested=avx2, kernel_used=avx2, workers=8
command[24/150]="D:\Install\Dev\Projects\IA\Ejercise\cpu-native-arch\build\cpu_native_q4_probe.exe" --K 512 --target-kib 1024 --depth 16 --variant B --kernel avx2 --parallel-workers 8 --iterations 1 --repetitions 8 --warmup 2
AVX2 correction test passed; scalar_checksum=-9.02812, avx2_checksum=-9.02812, abs_difference=0, tolerance=0.00902812
T0 parallel Q4 throughput probe; wall-clock batch timing; not an exact model-kernel equivalence claim
shape m=3276 K=512, target_kib=1024, variant=B, kernel_requested=avx2, kernel_used=avx2, workers=8
command[25/150]="D:\Install\Dev\Projects\IA\Ejercise\cpu-native-arch\build\cpu_native_q4_probe.exe" --K 512 --target-kib 1280 --depth 4 --variant A --kernel avx2 --parallel-workers 8 --iterations 1 --repetitions 8 --warmup 2
AVX2 correction test passed; scalar_checksum=-9.02812, avx2_checksum=-9.02812, abs_difference=0, tolerance=0.00902812
T0 parallel Q4 throughput probe; wall-clock batch timing; not an exact model-kernel equivalence claim
shape m=4096 K=512, target_kib=1280, variant=A, kernel_requested=avx2, kernel_used=avx2, workers=8
command[26/150]="D:\Install\Dev\Projects\IA\Ejercise\cpu-native-arch\build\cpu_native_q4_probe.exe" --K 512 --target-kib 1280 --depth 4 --variant B --kernel avx2 --parallel-workers 8 --iterations 1 --repetitions 8 --warmup 2
AVX2 correction test passed; scalar_checksum=-9.02812, avx2_checksum=-9.02812, abs_difference=0, tolerance=0.00902812
T0 parallel Q4 throughput probe; wall-clock batch timing; not an exact model-kernel equivalence claim
shape m=4096 K=512, target_kib=1280, variant=B, kernel_requested=avx2, kernel_used=avx2, workers=8
command[27/150]="D:\Install\Dev\Projects\IA\Ejercise\cpu-native-arch\build\cpu_native_q4_probe.exe" --K 512 --target-kib 1280 --depth 8 --variant A --kernel avx2 --parallel-workers 8 --iterations 1 --repetitions 8 --warmup 2
AVX2 correction test passed; scalar_checksum=-9.02812, avx2_checksum=-9.02812, abs_difference=0, tolerance=0.00902812
T0 parallel Q4 throughput probe; wall-clock batch timing; not an exact model-kernel equivalence claim
shape m=4096 K=512, target_kib=1280, variant=A, kernel_requested=avx2, kernel_used=avx2, workers=8
command[28/150]="D:\Install\Dev\Projects\IA\Ejercise\cpu-native-arch\build\cpu_native_q4_probe.exe" --K 512 --target-kib 1280 --depth 8 --variant B --kernel avx2 --parallel-workers 8 --iterations 1 --repetitions 8 --warmup 2
AVX2 correction test passed; scalar_checksum=-9.02812, avx2_checksum=-9.02812, abs_difference=0, tolerance=0.00902812
T0 parallel Q4 throughput probe; wall-clock batch timing; not an exact model-kernel equivalence claim
shape m=4096 K=512, target_kib=1280, variant=B, kernel_requested=avx2, kernel_used=avx2, workers=8
command[29/150]="D:\Install\Dev\Projects\IA\Ejercise\cpu-native-arch\build\cpu_native_q4_probe.exe" --K 512 --target-kib 1280 --depth 16 --variant A --kernel avx2 --parallel-workers 8 --iterations 1 --repetitions 8 --warmup 2
AVX2 correction test passed; scalar_checksum=-9.02812, avx2_checksum=-9.02812, abs_difference=0, tolerance=0.00902812
T0 parallel Q4 throughput probe; wall-clock batch timing; not an exact model-kernel equivalence claim
shape m=4096 K=512, target_kib=1280, variant=A, kernel_requested=avx2, kernel_used=avx2, workers=8
command[30/150]="D:\Install\Dev\Projects\IA\Ejercise\cpu-native-arch\build\cpu_native_q4_probe.exe" --K 512 --target-kib 1280 --depth 16 --variant B --kernel avx2 --parallel-workers 8 --iterations 1 --repetitions 8 --warmup 2
AVX2 correction test passed; scalar_checksum=-9.02812, avx2_checksum=-9.02812, abs_difference=0, tolerance=0.00902812
T0 parallel Q4 throughput probe; wall-clock batch timing; not an exact model-kernel equivalence claim
shape m=4096 K=512, target_kib=1280, variant=B, kernel_requested=avx2, kernel_used=avx2, workers=8
command[31/150]="D:\Install\Dev\Projects\IA\Ejercise\cpu-native-arch\build\cpu_native_q4_probe.exe" --K 512 --target-kib 128 --depth 4 --variant B --kernel avx2 --parallel-workers 8 --iterations 1 --repetitions 8 --warmup 2
AVX2 correction test passed; scalar_checksum=-9.02812, avx2_checksum=-9.02812, abs_difference=0, tolerance=0.00902812
T0 parallel Q4 throughput probe; wall-clock batch timing; not an exact model-kernel equivalence claim
shape m=409 K=512, target_kib=128, variant=B, kernel_requested=avx2, kernel_used=avx2, workers=8
command[32/150]="D:\Install\Dev\Projects\IA\Ejercise\cpu-native-arch\build\cpu_native_q4_probe.exe" --K 512 --target-kib 128 --depth 4 --variant A --kernel avx2 --parallel-workers 8 --iterations 1 --repetitions 8 --warmup 2
AVX2 correction test passed; scalar_checksum=-9.02812, avx2_checksum=-9.02812, abs_difference=0, tolerance=0.00902812
T0 parallel Q4 throughput probe; wall-clock batch timing; not an exact model-kernel equivalence claim
shape m=409 K=512, target_kib=128, variant=A, kernel_requested=avx2, kernel_used=avx2, workers=8
command[33/150]="D:\Install\Dev\Projects\IA\Ejercise\cpu-native-arch\build\cpu_native_q4_probe.exe" --K 512 --target-kib 128 --depth 8 --variant B --kernel avx2 --parallel-workers 8 --iterations 1 --repetitions 8 --warmup 2
AVX2 correction test passed; scalar_checksum=-9.02812, avx2_checksum=-9.02812, abs_difference=0, tolerance=0.00902812
T0 parallel Q4 throughput probe; wall-clock batch timing; not an exact model-kernel equivalence claim
shape m=409 K=512, target_kib=128, variant=B, kernel_requested=avx2, kernel_used=avx2, workers=8
command[34/150]="D:\Install\Dev\Projects\IA\Ejercise\cpu-native-arch\build\cpu_native_q4_probe.exe" --K 512 --target-kib 128 --depth 8 --variant A --kernel avx2 --parallel-workers 8 --iterations 1 --repetitions 8 --warmup 2
AVX2 correction test passed; scalar_checksum=-9.02812, avx2_checksum=-9.02812, abs_difference=0, tolerance=0.00902812
T0 parallel Q4 throughput probe; wall-clock batch timing; not an exact model-kernel equivalence claim
shape m=409 K=512, target_kib=128, variant=A, kernel_requested=avx2, kernel_used=avx2, workers=8
command[35/150]="D:\Install\Dev\Projects\IA\Ejercise\cpu-native-arch\build\cpu_native_q4_probe.exe" --K 512 --target-kib 128 --depth 16 --variant B --kernel avx2 --parallel-workers 8 --iterations 1 --repetitions 8 --warmup 2
AVX2 correction test passed; scalar_checksum=-9.02812, avx2_checksum=-9.02812, abs_difference=0, tolerance=0.00902812
T0 parallel Q4 throughput probe; wall-clock batch timing; not an exact model-kernel equivalence claim
shape m=409 K=512, target_kib=128, variant=B, kernel_requested=avx2, kernel_used=avx2, workers=8
command[36/150]="D:\Install\Dev\Projects\IA\Ejercise\cpu-native-arch\build\cpu_native_q4_probe.exe" --K 512 --target-kib 128 --depth 16 --variant A --kernel avx2 --parallel-workers 8 --iterations 1 --repetitions 8 --warmup 2
AVX2 correction test passed; scalar_checksum=-9.02812, avx2_checksum=-9.02812, abs_difference=0, tolerance=0.00902812
T0 parallel Q4 throughput probe; wall-clock batch timing; not an exact model-kernel equivalence claim
shape m=409 K=512, target_kib=128, variant=A, kernel_requested=avx2, kernel_used=avx2, workers=8
command[37/150]="D:\Install\Dev\Projects\IA\Ejercise\cpu-native-arch\build\cpu_native_q4_probe.exe" --K 512 --target-kib 192 --depth 4 --variant B --kernel avx2 --parallel-workers 8 --iterations 1 --repetitions 8 --warmup 2
AVX2 correction test passed; scalar_checksum=-9.02812, avx2_checksum=-9.02812, abs_difference=0, tolerance=0.00902812
T0 parallel Q4 throughput probe; wall-clock batch timing; not an exact model-kernel equivalence claim
shape m=614 K=512, target_kib=192, variant=B, kernel_requested=avx2, kernel_used=avx2, workers=8
command[38/150]="D:\Install\Dev\Projects\IA\Ejercise\cpu-native-arch\build\cpu_native_q4_probe.exe" --K 512 --target-kib 192 --depth 4 --variant A --kernel avx2 --parallel-workers 8 --iterations 1 --repetitions 8 --warmup 2
AVX2 correction test passed; scalar_checksum=-9.02812, avx2_checksum=-9.02812, abs_difference=0, tolerance=0.00902812
T0 parallel Q4 throughput probe; wall-clock batch timing; not an exact model-kernel equivalence claim
shape m=614 K=512, target_kib=192, variant=A, kernel_requested=avx2, kernel_used=avx2, workers=8
command[39/150]="D:\Install\Dev\Projects\IA\Ejercise\cpu-native-arch\build\cpu_native_q4_probe.exe" --K 512 --target-kib 192 --depth 8 --variant B --kernel avx2 --parallel-workers 8 --iterations 1 --repetitions 8 --warmup 2
AVX2 correction test passed; scalar_checksum=-9.02812, avx2_checksum=-9.02812, abs_difference=0, tolerance=0.00902812
T0 parallel Q4 throughput probe; wall-clock batch timing; not an exact model-kernel equivalence claim
shape m=614 K=512, target_kib=192, variant=B, kernel_requested=avx2, kernel_used=avx2, workers=8
command[40/150]="D:\Install\Dev\Projects\IA\Ejercise\cpu-native-arch\build\cpu_native_q4_probe.exe" --K 512 --target-kib 192 --depth 8 --variant A --kernel avx2 --parallel-workers 8 --iterations 1 --repetitions 8 --warmup 2
AVX2 correction test passed; scalar_checksum=-9.02812, avx2_checksum=-9.02812, abs_difference=0, tolerance=0.00902812
T0 parallel Q4 throughput probe; wall-clock batch timing; not an exact model-kernel equivalence claim
shape m=614 K=512, target_kib=192, variant=A, kernel_requested=avx2, kernel_used=avx2, workers=8
command[41/150]="D:\Install\Dev\Projects\IA\Ejercise\cpu-native-arch\build\cpu_native_q4_probe.exe" --K 512 --target-kib 192 --depth 16 --variant B --kernel avx2 --parallel-workers 8 --iterations 1 --repetitions 8 --warmup 2
AVX2 correction test passed; scalar_checksum=-9.02812, avx2_checksum=-9.02812, abs_difference=0, tolerance=0.00902812
T0 parallel Q4 throughput probe; wall-clock batch timing; not an exact model-kernel equivalence claim
shape m=614 K=512, target_kib=192, variant=B, kernel_requested=avx2, kernel_used=avx2, workers=8
command[42/150]="D:\Install\Dev\Projects\IA\Ejercise\cpu-native-arch\build\cpu_native_q4_probe.exe" --K 512 --target-kib 192 --depth 16 --variant A --kernel avx2 --parallel-workers 8 --iterations 1 --repetitions 8 --warmup 2
AVX2 correction test passed; scalar_checksum=-9.02812, avx2_checksum=-9.02812, abs_difference=0, tolerance=0.00902812
T0 parallel Q4 throughput probe; wall-clock batch timing; not an exact model-kernel equivalence claim
shape m=614 K=512, target_kib=192, variant=A, kernel_requested=avx2, kernel_used=avx2, workers=8
command[43/150]="D:\Install\Dev\Projects\IA\Ejercise\cpu-native-arch\build\cpu_native_q4_probe.exe" --K 512 --target-kib 512 --depth 4 --variant B --kernel avx2 --parallel-workers 8 --iterations 1 --repetitions 8 --warmup 2
AVX2 correction test passed; scalar_checksum=-9.02812, avx2_checksum=-9.02812, abs_difference=0, tolerance=0.00902812
T0 parallel Q4 throughput probe; wall-clock batch timing; not an exact model-kernel equivalence claim
shape m=1638 K=512, target_kib=512, variant=B, kernel_requested=avx2, kernel_used=avx2, workers=8
command[44/150]="D:\Install\Dev\Projects\IA\Ejercise\cpu-native-arch\build\cpu_native_q4_probe.exe" --K 512 --target-kib 512 --depth 4 --variant A --kernel avx2 --parallel-workers 8 --iterations 1 --repetitions 8 --warmup 2
AVX2 correction test passed; scalar_checksum=-9.02812, avx2_checksum=-9.02812, abs_difference=0, tolerance=0.00902812
T0 parallel Q4 throughput probe; wall-clock batch timing; not an exact model-kernel equivalence claim
shape m=1638 K=512, target_kib=512, variant=A, kernel_requested=avx2, kernel_used=avx2, workers=8
command[45/150]="D:\Install\Dev\Projects\IA\Ejercise\cpu-native-arch\build\cpu_native_q4_probe.exe" --K 512 --target-kib 512 --depth 8 --variant B --kernel avx2 --parallel-workers 8 --iterations 1 --repetitions 8 --warmup 2
AVX2 correction test passed; scalar_checksum=-9.02812, avx2_checksum=-9.02812, abs_difference=0, tolerance=0.00902812
T0 parallel Q4 throughput probe; wall-clock batch timing; not an exact model-kernel equivalence claim
shape m=1638 K=512, target_kib=512, variant=B, kernel_requested=avx2, kernel_used=avx2, workers=8
command[46/150]="D:\Install\Dev\Projects\IA\Ejercise\cpu-native-arch\build\cpu_native_q4_probe.exe" --K 512 --target-kib 512 --depth 8 --variant A --kernel avx2 --parallel-workers 8 --iterations 1 --repetitions 8 --warmup 2
AVX2 correction test passed; scalar_checksum=-9.02812, avx2_checksum=-9.02812, abs_difference=0, tolerance=0.00902812
T0 parallel Q4 throughput probe; wall-clock batch timing; not an exact model-kernel equivalence claim
shape m=1638 K=512, target_kib=512, variant=A, kernel_requested=avx2, kernel_used=avx2, workers=8
command[47/150]="D:\Install\Dev\Projects\IA\Ejercise\cpu-native-arch\build\cpu_native_q4_probe.exe" --K 512 --target-kib 512 --depth 16 --variant B --kernel avx2 --parallel-workers 8 --iterations 1 --repetitions 8 --warmup 2
AVX2 correction test passed; scalar_checksum=-9.02812, avx2_checksum=-9.02812, abs_difference=0, tolerance=0.00902812
T0 parallel Q4 throughput probe; wall-clock batch timing; not an exact model-kernel equivalence claim
shape m=1638 K=512, target_kib=512, variant=B, kernel_requested=avx2, kernel_used=avx2, workers=8
command[48/150]="D:\Install\Dev\Projects\IA\Ejercise\cpu-native-arch\build\cpu_native_q4_probe.exe" --K 512 --target-kib 512 --depth 16 --variant A --kernel avx2 --parallel-workers 8 --iterations 1 --repetitions 8 --warmup 2
AVX2 correction test passed; scalar_checksum=-9.02812, avx2_checksum=-9.02812, abs_difference=0, tolerance=0.00902812
T0 parallel Q4 throughput probe; wall-clock batch timing; not an exact model-kernel equivalence claim
shape m=1638 K=512, target_kib=512, variant=A, kernel_requested=avx2, kernel_used=avx2, workers=8
command[49/150]="D:\Install\Dev\Projects\IA\Ejercise\cpu-native-arch\build\cpu_native_q4_probe.exe" --K 512 --target-kib 1024 --depth 4 --variant B --kernel avx2 --parallel-workers 8 --iterations 1 --repetitions 8 --warmup 2
AVX2 correction test passed; scalar_checksum=-9.02812, avx2_checksum=-9.02812, abs_difference=0, tolerance=0.00902812
T0 parallel Q4 throughput probe; wall-clock batch timing; not an exact model-kernel equivalence claim
shape m=3276 K=512, target_kib=1024, variant=B, kernel_requested=avx2, kernel_used=avx2, workers=8
command[50/150]="D:\Install\Dev\Projects\IA\Ejercise\cpu-native-arch\build\cpu_native_q4_probe.exe" --K 512 --target-kib 1024 --depth 4 --variant A --kernel avx2 --parallel-workers 8 --iterations 1 --repetitions 8 --warmup 2
AVX2 correction test passed; scalar_checksum=-9.02812, avx2_checksum=-9.02812, abs_difference=0, tolerance=0.00902812
T0 parallel Q4 throughput probe; wall-clock batch timing; not an exact model-kernel equivalence claim
shape m=3276 K=512, target_kib=1024, variant=A, kernel_requested=avx2, kernel_used=avx2, workers=8
command[51/150]="D:\Install\Dev\Projects\IA\Ejercise\cpu-native-arch\build\cpu_native_q4_probe.exe" --K 512 --target-kib 1024 --depth 8 --variant B --kernel avx2 --parallel-workers 8 --iterations 1 --repetitions 8 --warmup 2
AVX2 correction test passed; scalar_checksum=-9.02812, avx2_checksum=-9.02812, abs_difference=0, tolerance=0.00902812
T0 parallel Q4 throughput probe; wall-clock batch timing; not an exact model-kernel equivalence claim
shape m=3276 K=512, target_kib=1024, variant=B, kernel_requested=avx2, kernel_used=avx2, workers=8
command[52/150]="D:\Install\Dev\Projects\IA\Ejercise\cpu-native-arch\build\cpu_native_q4_probe.exe" --K 512 --target-kib 1024 --depth 8 --variant A --kernel avx2 --parallel-workers 8 --iterations 1 --repetitions 8 --warmup 2
AVX2 correction test passed; scalar_checksum=-9.02812, avx2_checksum=-9.02812, abs_difference=0, tolerance=0.00902812
T0 parallel Q4 throughput probe; wall-clock batch timing; not an exact model-kernel equivalence claim
shape m=3276 K=512, target_kib=1024, variant=A, kernel_requested=avx2, kernel_used=avx2, workers=8
command[53/150]="D:\Install\Dev\Projects\IA\Ejercise\cpu-native-arch\build\cpu_native_q4_probe.exe" --K 512 --target-kib 1024 --depth 16 --variant B --kernel avx2 --parallel-workers 8 --iterations 1 --repetitions 8 --warmup 2
AVX2 correction test passed; scalar_checksum=-9.02812, avx2_checksum=-9.02812, abs_difference=0, tolerance=0.00902812
T0 parallel Q4 throughput probe; wall-clock batch timing; not an exact model-kernel equivalence claim
shape m=3276 K=512, target_kib=1024, variant=B, kernel_requested=avx2, kernel_used=avx2, workers=8
command[54/150]="D:\Install\Dev\Projects\IA\Ejercise\cpu-native-arch\build\cpu_native_q4_probe.exe" --K 512 --target-kib 1024 --depth 16 --variant A --kernel avx2 --parallel-workers 8 --iterations 1 --repetitions 8 --warmup 2
AVX2 correction test passed; scalar_checksum=-9.02812, avx2_checksum=-9.02812, abs_difference=0, tolerance=0.00902812
T0 parallel Q4 throughput probe; wall-clock batch timing; not an exact model-kernel equivalence claim
shape m=3276 K=512, target_kib=1024, variant=A, kernel_requested=avx2, kernel_used=avx2, workers=8
command[55/150]="D:\Install\Dev\Projects\IA\Ejercise\cpu-native-arch\build\cpu_native_q4_probe.exe" --K 512 --target-kib 1280 --depth 4 --variant B --kernel avx2 --parallel-workers 8 --iterations 1 --repetitions 8 --warmup 2
AVX2 correction test passed; scalar_checksum=-9.02812, avx2_checksum=-9.02812, abs_difference=0, tolerance=0.00902812
T0 parallel Q4 throughput probe; wall-clock batch timing; not an exact model-kernel equivalence claim
shape m=4096 K=512, target_kib=1280, variant=B, kernel_requested=avx2, kernel_used=avx2, workers=8
command[56/150]="D:\Install\Dev\Projects\IA\Ejercise\cpu-native-arch\build\cpu_native_q4_probe.exe" --K 512 --target-kib 1280 --depth 4 --variant A --kernel avx2 --parallel-workers 8 --iterations 1 --repetitions 8 --warmup 2
AVX2 correction test passed; scalar_checksum=-9.02812, avx2_checksum=-9.02812, abs_difference=0, tolerance=0.00902812
T0 parallel Q4 throughput probe; wall-clock batch timing; not an exact model-kernel equivalence claim
shape m=4096 K=512, target_kib=1280, variant=A, kernel_requested=avx2, kernel_used=avx2, workers=8
command[57/150]="D:\Install\Dev\Projects\IA\Ejercise\cpu-native-arch\build\cpu_native_q4_probe.exe" --K 512 --target-kib 1280 --depth 8 --variant B --kernel avx2 --parallel-workers 8 --iterations 1 --repetitions 8 --warmup 2
AVX2 correction test passed; scalar_checksum=-9.02812, avx2_checksum=-9.02812, abs_difference=0, tolerance=0.00902812
T0 parallel Q4 throughput probe; wall-clock batch timing; not an exact model-kernel equivalence claim
shape m=4096 K=512, target_kib=1280, variant=B, kernel_requested=avx2, kernel_used=avx2, workers=8
command[58/150]="D:\Install\Dev\Projects\IA\Ejercise\cpu-native-arch\build\cpu_native_q4_probe.exe" --K 512 --target-kib 1280 --depth 8 --variant A --kernel avx2 --parallel-workers 8 --iterations 1 --repetitions 8 --warmup 2
AVX2 correction test passed; scalar_checksum=-9.02812, avx2_checksum=-9.02812, abs_difference=0, tolerance=0.00902812
T0 parallel Q4 throughput probe; wall-clock batch timing; not an exact model-kernel equivalence claim
shape m=4096 K=512, target_kib=1280, variant=A, kernel_requested=avx2, kernel_used=avx2, workers=8
command[59/150]="D:\Install\Dev\Projects\IA\Ejercise\cpu-native-arch\build\cpu_native_q4_probe.exe" --K 512 --target-kib 1280 --depth 16 --variant B --kernel avx2 --parallel-workers 8 --iterations 1 --repetitions 8 --warmup 2
AVX2 correction test passed; scalar_checksum=-9.02812, avx2_checksum=-9.02812, abs_difference=0, tolerance=0.00902812
T0 parallel Q4 throughput probe; wall-clock batch timing; not an exact model-kernel equivalence claim
shape m=4096 K=512, target_kib=1280, variant=B, kernel_requested=avx2, kernel_used=avx2, workers=8
command[60/150]="D:\Install\Dev\Projects\IA\Ejercise\cpu-native-arch\build\cpu_native_q4_probe.exe" --K 512 --target-kib 1280 --depth 16 --variant A --kernel avx2 --parallel-workers 8 --iterations 1 --repetitions 8 --warmup 2
AVX2 correction test passed; scalar_checksum=-9.02812, avx2_checksum=-9.02812, abs_difference=0, tolerance=0.00902812
T0 parallel Q4 throughput probe; wall-clock batch timing; not an exact model-kernel equivalence claim
shape m=4096 K=512, target_kib=1280, variant=A, kernel_requested=avx2, kernel_used=avx2, workers=8
command[61/150]="D:\Install\Dev\Projects\IA\Ejercise\cpu-native-arch\build\cpu_native_q4_probe.exe" --K 512 --target-kib 128 --depth 4 --variant A --kernel avx2 --parallel-workers 8 --iterations 1 --repetitions 8 --warmup 2
AVX2 correction test passed; scalar_checksum=-9.02812, avx2_checksum=-9.02812, abs_difference=0, tolerance=0.00902812
T0 parallel Q4 throughput probe; wall-clock batch timing; not an exact model-kernel equivalence claim
shape m=409 K=512, target_kib=128, variant=A, kernel_requested=avx2, kernel_used=avx2, workers=8
command[62/150]="D:\Install\Dev\Projects\IA\Ejercise\cpu-native-arch\build\cpu_native_q4_probe.exe" --K 512 --target-kib 128 --depth 4 --variant B --kernel avx2 --parallel-workers 8 --iterations 1 --repetitions 8 --warmup 2
AVX2 correction test passed; scalar_checksum=-9.02812, avx2_checksum=-9.02812, abs_difference=0, tolerance=0.00902812
T0 parallel Q4 throughput probe; wall-clock batch timing; not an exact model-kernel equivalence claim
shape m=409 K=512, target_kib=128, variant=B, kernel_requested=avx2, kernel_used=avx2, workers=8
command[63/150]="D:\Install\Dev\Projects\IA\Ejercise\cpu-native-arch\build\cpu_native_q4_probe.exe" --K 512 --target-kib 128 --depth 8 --variant A --kernel avx2 --parallel-workers 8 --iterations 1 --repetitions 8 --warmup 2
AVX2 correction test passed; scalar_checksum=-9.02812, avx2_checksum=-9.02812, abs_difference=0, tolerance=0.00902812
T0 parallel Q4 throughput probe; wall-clock batch timing; not an exact model-kernel equivalence claim
shape m=409 K=512, target_kib=128, variant=A, kernel_requested=avx2, kernel_used=avx2, workers=8
command[64/150]="D:\Install\Dev\Projects\IA\Ejercise\cpu-native-arch\build\cpu_native_q4_probe.exe" --K 512 --target-kib 128 --depth 8 --variant B --kernel avx2 --parallel-workers 8 --iterations 1 --repetitions 8 --warmup 2
AVX2 correction test passed; scalar_checksum=-9.02812, avx2_checksum=-9.02812, abs_difference=0, tolerance=0.00902812
T0 parallel Q4 throughput probe; wall-clock batch timing; not an exact model-kernel equivalence claim
shape m=409 K=512, target_kib=128, variant=B, kernel_requested=avx2, kernel_used=avx2, workers=8
command[65/150]="D:\Install\Dev\Projects\IA\Ejercise\cpu-native-arch\build\cpu_native_q4_probe.exe" --K 512 --target-kib 128 --depth 16 --variant A --kernel avx2 --parallel-workers 8 --iterations 1 --repetitions 8 --warmup 2
AVX2 correction test passed; scalar_checksum=-9.02812, avx2_checksum=-9.02812, abs_difference=0, tolerance=0.00902812
T0 parallel Q4 throughput probe; wall-clock batch timing; not an exact model-kernel equivalence claim
shape m=409 K=512, target_kib=128, variant=A, kernel_requested=avx2, kernel_used=avx2, workers=8
command[66/150]="D:\Install\Dev\Projects\IA\Ejercise\cpu-native-arch\build\cpu_native_q4_probe.exe" --K 512 --target-kib 128 --depth 16 --variant B --kernel avx2 --parallel-workers 8 --iterations 1 --repetitions 8 --warmup 2
AVX2 correction test passed; scalar_checksum=-9.02812, avx2_checksum=-9.02812, abs_difference=0, tolerance=0.00902812
T0 parallel Q4 throughput probe; wall-clock batch timing; not an exact model-kernel equivalence claim
shape m=409 K=512, target_kib=128, variant=B, kernel_requested=avx2, kernel_used=avx2, workers=8
command[67/150]="D:\Install\Dev\Projects\IA\Ejercise\cpu-native-arch\build\cpu_native_q4_probe.exe" --K 512 --target-kib 192 --depth 4 --variant A --kernel avx2 --parallel-workers 8 --iterations 1 --repetitions 8 --warmup 2
AVX2 correction test passed; scalar_checksum=-9.02812, avx2_checksum=-9.02812, abs_difference=0, tolerance=0.00902812
T0 parallel Q4 throughput probe; wall-clock batch timing; not an exact model-kernel equivalence claim
shape m=614 K=512, target_kib=192, variant=A, kernel_requested=avx2, kernel_used=avx2, workers=8
command[68/150]="D:\Install\Dev\Projects\IA\Ejercise\cpu-native-arch\build\cpu_native_q4_probe.exe" --K 512 --target-kib 192 --depth 4 --variant B --kernel avx2 --parallel-workers 8 --iterations 1 --repetitions 8 --warmup 2
AVX2 correction test passed; scalar_checksum=-9.02812, avx2_checksum=-9.02812, abs_difference=0, tolerance=0.00902812
T0 parallel Q4 throughput probe; wall-clock batch timing; not an exact model-kernel equivalence claim
shape m=614 K=512, target_kib=192, variant=B, kernel_requested=avx2, kernel_used=avx2, workers=8
command[69/150]="D:\Install\Dev\Projects\IA\Ejercise\cpu-native-arch\build\cpu_native_q4_probe.exe" --K 512 --target-kib 192 --depth 8 --variant A --kernel avx2 --parallel-workers 8 --iterations 1 --repetitions 8 --warmup 2
AVX2 correction test passed; scalar_checksum=-9.02812, avx2_checksum=-9.02812, abs_difference=0, tolerance=0.00902812
T0 parallel Q4 throughput probe; wall-clock batch timing; not an exact model-kernel equivalence claim
shape m=614 K=512, target_kib=192, variant=A, kernel_requested=avx2, kernel_used=avx2, workers=8
command[70/150]="D:\Install\Dev\Projects\IA\Ejercise\cpu-native-arch\build\cpu_native_q4_probe.exe" --K 512 --target-kib 192 --depth 8 --variant B --kernel avx2 --parallel-workers 8 --iterations 1 --repetitions 8 --warmup 2
AVX2 correction test passed; scalar_checksum=-9.02812, avx2_checksum=-9.02812, abs_difference=0, tolerance=0.00902812
T0 parallel Q4 throughput probe; wall-clock batch timing; not an exact model-kernel equivalence claim
shape m=614 K=512, target_kib=192, variant=B, kernel_requested=avx2, kernel_used=avx2, workers=8
command[71/150]="D:\Install\Dev\Projects\IA\Ejercise\cpu-native-arch\build\cpu_native_q4_probe.exe" --K 512 --target-kib 192 --depth 16 --variant A --kernel avx2 --parallel-workers 8 --iterations 1 --repetitions 8 --warmup 2
AVX2 correction test passed; scalar_checksum=-9.02812, avx2_checksum=-9.02812, abs_difference=0, tolerance=0.00902812
T0 parallel Q4 throughput probe; wall-clock batch timing; not an exact model-kernel equivalence claim
shape m=614 K=512, target_kib=192, variant=A, kernel_requested=avx2, kernel_used=avx2, workers=8
command[72/150]="D:\Install\Dev\Projects\IA\Ejercise\cpu-native-arch\build\cpu_native_q4_probe.exe" --K 512 --target-kib 192 --depth 16 --variant B --kernel avx2 --parallel-workers 8 --iterations 1 --repetitions 8 --warmup 2
AVX2 correction test passed; scalar_checksum=-9.02812, avx2_checksum=-9.02812, abs_difference=0, tolerance=0.00902812
T0 parallel Q4 throughput probe; wall-clock batch timing; not an exact model-kernel equivalence claim
shape m=614 K=512, target_kib=192, variant=B, kernel_requested=avx2, kernel_used=avx2, workers=8
command[73/150]="D:\Install\Dev\Projects\IA\Ejercise\cpu-native-arch\build\cpu_native_q4_probe.exe" --K 512 --target-kib 512 --depth 4 --variant A --kernel avx2 --parallel-workers 8 --iterations 1 --repetitions 8 --warmup 2
AVX2 correction test passed; scalar_checksum=-9.02812, avx2_checksum=-9.02812, abs_difference=0, tolerance=0.00902812
T0 parallel Q4 throughput probe; wall-clock batch timing; not an exact model-kernel equivalence claim
shape m=1638 K=512, target_kib=512, variant=A, kernel_requested=avx2, kernel_used=avx2, workers=8
command[74/150]="D:\Install\Dev\Projects\IA\Ejercise\cpu-native-arch\build\cpu_native_q4_probe.exe" --K 512 --target-kib 512 --depth 4 --variant B --kernel avx2 --parallel-workers 8 --iterations 1 --repetitions 8 --warmup 2
AVX2 correction test passed; scalar_checksum=-9.02812, avx2_checksum=-9.02812, abs_difference=0, tolerance=0.00902812
T0 parallel Q4 throughput probe; wall-clock batch timing; not an exact model-kernel equivalence claim
shape m=1638 K=512, target_kib=512, variant=B, kernel_requested=avx2, kernel_used=avx2, workers=8
command[75/150]="D:\Install\Dev\Projects\IA\Ejercise\cpu-native-arch\build\cpu_native_q4_probe.exe" --K 512 --target-kib 512 --depth 8 --variant A --kernel avx2 --parallel-workers 8 --iterations 1 --repetitions 8 --warmup 2
AVX2 correction test passed; scalar_checksum=-9.02812, avx2_checksum=-9.02812, abs_difference=0, tolerance=0.00902812
T0 parallel Q4 throughput probe; wall-clock batch timing; not an exact model-kernel equivalence claim
shape m=1638 K=512, target_kib=512, variant=A, kernel_requested=avx2, kernel_used=avx2, workers=8
command[76/150]="D:\Install\Dev\Projects\IA\Ejercise\cpu-native-arch\build\cpu_native_q4_probe.exe" --K 512 --target-kib 512 --depth 8 --variant B --kernel avx2 --parallel-workers 8 --iterations 1 --repetitions 8 --warmup 2
AVX2 correction test passed; scalar_checksum=-9.02812, avx2_checksum=-9.02812, abs_difference=0, tolerance=0.00902812
T0 parallel Q4 throughput probe; wall-clock batch timing; not an exact model-kernel equivalence claim
shape m=1638 K=512, target_kib=512, variant=B, kernel_requested=avx2, kernel_used=avx2, workers=8
command[77/150]="D:\Install\Dev\Projects\IA\Ejercise\cpu-native-arch\build\cpu_native_q4_probe.exe" --K 512 --target-kib 512 --depth 16 --variant A --kernel avx2 --parallel-workers 8 --iterations 1 --repetitions 8 --warmup 2
AVX2 correction test passed; scalar_checksum=-9.02812, avx2_checksum=-9.02812, abs_difference=0, tolerance=0.00902812
T0 parallel Q4 throughput probe; wall-clock batch timing; not an exact model-kernel equivalence claim
shape m=1638 K=512, target_kib=512, variant=A, kernel_requested=avx2, kernel_used=avx2, workers=8
command[78/150]="D:\Install\Dev\Projects\IA\Ejercise\cpu-native-arch\build\cpu_native_q4_probe.exe" --K 512 --target-kib 512 --depth 16 --variant B --kernel avx2 --parallel-workers 8 --iterations 1 --repetitions 8 --warmup 2
AVX2 correction test passed; scalar_checksum=-9.02812, avx2_checksum=-9.02812, abs_difference=0, tolerance=0.00902812
T0 parallel Q4 throughput probe; wall-clock batch timing; not an exact model-kernel equivalence claim
shape m=1638 K=512, target_kib=512, variant=B, kernel_requested=avx2, kernel_used=avx2, workers=8
command[79/150]="D:\Install\Dev\Projects\IA\Ejercise\cpu-native-arch\build\cpu_native_q4_probe.exe" --K 512 --target-kib 1024 --depth 4 --variant A --kernel avx2 --parallel-workers 8 --iterations 1 --repetitions 8 --warmup 2
AVX2 correction test passed; scalar_checksum=-9.02812, avx2_checksum=-9.02812, abs_difference=0, tolerance=0.00902812
T0 parallel Q4 throughput probe; wall-clock batch timing; not an exact model-kernel equivalence claim
shape m=3276 K=512, target_kib=1024, variant=A, kernel_requested=avx2, kernel_used=avx2, workers=8
command[80/150]="D:\Install\Dev\Projects\IA\Ejercise\cpu-native-arch\build\cpu_native_q4_probe.exe" --K 512 --target-kib 1024 --depth 4 --variant B --kernel avx2 --parallel-workers 8 --iterations 1 --repetitions 8 --warmup 2
AVX2 correction test passed; scalar_checksum=-9.02812, avx2_checksum=-9.02812, abs_difference=0, tolerance=0.00902812
T0 parallel Q4 throughput probe; wall-clock batch timing; not an exact model-kernel equivalence claim
shape m=3276 K=512, target_kib=1024, variant=B, kernel_requested=avx2, kernel_used=avx2, workers=8
command[81/150]="D:\Install\Dev\Projects\IA\Ejercise\cpu-native-arch\build\cpu_native_q4_probe.exe" --K 512 --target-kib 1024 --depth 8 --variant A --kernel avx2 --parallel-workers 8 --iterations 1 --repetitions 8 --warmup 2
AVX2 correction test passed; scalar_checksum=-9.02812, avx2_checksum=-9.02812, abs_difference=0, tolerance=0.00902812
T0 parallel Q4 throughput probe; wall-clock batch timing; not an exact model-kernel equivalence claim
shape m=3276 K=512, target_kib=1024, variant=A, kernel_requested=avx2, kernel_used=avx2, workers=8
command[82/150]="D:\Install\Dev\Projects\IA\Ejercise\cpu-native-arch\build\cpu_native_q4_probe.exe" --K 512 --target-kib 1024 --depth 8 --variant B --kernel avx2 --parallel-workers 8 --iterations 1 --repetitions 8 --warmup 2
AVX2 correction test passed; scalar_checksum=-9.02812, avx2_checksum=-9.02812, abs_difference=0, tolerance=0.00902812
T0 parallel Q4 throughput probe; wall-clock batch timing; not an exact model-kernel equivalence claim
shape m=3276 K=512, target_kib=1024, variant=B, kernel_requested=avx2, kernel_used=avx2, workers=8
command[83/150]="D:\Install\Dev\Projects\IA\Ejercise\cpu-native-arch\build\cpu_native_q4_probe.exe" --K 512 --target-kib 1024 --depth 16 --variant A --kernel avx2 --parallel-workers 8 --iterations 1 --repetitions 8 --warmup 2
AVX2 correction test passed; scalar_checksum=-9.02812, avx2_checksum=-9.02812, abs_difference=0, tolerance=0.00902812
T0 parallel Q4 throughput probe; wall-clock batch timing; not an exact model-kernel equivalence claim
shape m=3276 K=512, target_kib=1024, variant=A, kernel_requested=avx2, kernel_used=avx2, workers=8
command[84/150]="D:\Install\Dev\Projects\IA\Ejercise\cpu-native-arch\build\cpu_native_q4_probe.exe" --K 512 --target-kib 1024 --depth 16 --variant B --kernel avx2 --parallel-workers 8 --iterations 1 --repetitions 8 --warmup 2
AVX2 correction test passed; scalar_checksum=-9.02812, avx2_checksum=-9.02812, abs_difference=0, tolerance=0.00902812
T0 parallel Q4 throughput probe; wall-clock batch timing; not an exact model-kernel equivalence claim
shape m=3276 K=512, target_kib=1024, variant=B, kernel_requested=avx2, kernel_used=avx2, workers=8
command[85/150]="D:\Install\Dev\Projects\IA\Ejercise\cpu-native-arch\build\cpu_native_q4_probe.exe" --K 512 --target-kib 1280 --depth 4 --variant A --kernel avx2 --parallel-workers 8 --iterations 1 --repetitions 8 --warmup 2
AVX2 correction test passed; scalar_checksum=-9.02812, avx2_checksum=-9.02812, abs_difference=0, tolerance=0.00902812
T0 parallel Q4 throughput probe; wall-clock batch timing; not an exact model-kernel equivalence claim
shape m=4096 K=512, target_kib=1280, variant=A, kernel_requested=avx2, kernel_used=avx2, workers=8
command[86/150]="D:\Install\Dev\Projects\IA\Ejercise\cpu-native-arch\build\cpu_native_q4_probe.exe" --K 512 --target-kib 1280 --depth 4 --variant B --kernel avx2 --parallel-workers 8 --iterations 1 --repetitions 8 --warmup 2
AVX2 correction test passed; scalar_checksum=-9.02812, avx2_checksum=-9.02812, abs_difference=0, tolerance=0.00902812
T0 parallel Q4 throughput probe; wall-clock batch timing; not an exact model-kernel equivalence claim
shape m=4096 K=512, target_kib=1280, variant=B, kernel_requested=avx2, kernel_used=avx2, workers=8
command[87/150]="D:\Install\Dev\Projects\IA\Ejercise\cpu-native-arch\build\cpu_native_q4_probe.exe" --K 512 --target-kib 1280 --depth 8 --variant A --kernel avx2 --parallel-workers 8 --iterations 1 --repetitions 8 --warmup 2
AVX2 correction test passed; scalar_checksum=-9.02812, avx2_checksum=-9.02812, abs_difference=0, tolerance=0.00902812
T0 parallel Q4 throughput probe; wall-clock batch timing; not an exact model-kernel equivalence claim
shape m=4096 K=512, target_kib=1280, variant=A, kernel_requested=avx2, kernel_used=avx2, workers=8
command[88/150]="D:\Install\Dev\Projects\IA\Ejercise\cpu-native-arch\build\cpu_native_q4_probe.exe" --K 512 --target-kib 1280 --depth 8 --variant B --kernel avx2 --parallel-workers 8 --iterations 1 --repetitions 8 --warmup 2
AVX2 correction test passed; scalar_checksum=-9.02812, avx2_checksum=-9.02812, abs_difference=0, tolerance=0.00902812
T0 parallel Q4 throughput probe; wall-clock batch timing; not an exact model-kernel equivalence claim
shape m=4096 K=512, target_kib=1280, variant=B, kernel_requested=avx2, kernel_used=avx2, workers=8
command[89/150]="D:\Install\Dev\Projects\IA\Ejercise\cpu-native-arch\build\cpu_native_q4_probe.exe" --K 512 --target-kib 1280 --depth 16 --variant A --kernel avx2 --parallel-workers 8 --iterations 1 --repetitions 8 --warmup 2
AVX2 correction test passed; scalar_checksum=-9.02812, avx2_checksum=-9.02812, abs_difference=0, tolerance=0.00902812
T0 parallel Q4 throughput probe; wall-clock batch timing; not an exact model-kernel equivalence claim
shape m=4096 K=512, target_kib=1280, variant=A, kernel_requested=avx2, kernel_used=avx2, workers=8
command[90/150]="D:\Install\Dev\Projects\IA\Ejercise\cpu-native-arch\build\cpu_native_q4_probe.exe" --K 512 --target-kib 1280 --depth 16 --variant B --kernel avx2 --parallel-workers 8 --iterations 1 --repetitions 8 --warmup 2
AVX2 correction test passed; scalar_checksum=-9.02812, avx2_checksum=-9.02812, abs_difference=0, tolerance=0.00902812
T0 parallel Q4 throughput probe; wall-clock batch timing; not an exact model-kernel equivalence claim
shape m=4096 K=512, target_kib=1280, variant=B, kernel_requested=avx2, kernel_used=avx2, workers=8
command[91/150]="D:\Install\Dev\Projects\IA\Ejercise\cpu-native-arch\build\cpu_native_q4_probe.exe" --K 512 --target-kib 128 --depth 4 --variant B --kernel avx2 --parallel-workers 8 --iterations 1 --repetitions 8 --warmup 2
AVX2 correction test passed; scalar_checksum=-9.02812, avx2_checksum=-9.02812, abs_difference=0, tolerance=0.00902812
T0 parallel Q4 throughput probe; wall-clock batch timing; not an exact model-kernel equivalence claim
shape m=409 K=512, target_kib=128, variant=B, kernel_requested=avx2, kernel_used=avx2, workers=8
command[92/150]="D:\Install\Dev\Projects\IA\Ejercise\cpu-native-arch\build\cpu_native_q4_probe.exe" --K 512 --target-kib 128 --depth 4 --variant A --kernel avx2 --parallel-workers 8 --iterations 1 --repetitions 8 --warmup 2
AVX2 correction test passed; scalar_checksum=-9.02812, avx2_checksum=-9.02812, abs_difference=0, tolerance=0.00902812
T0 parallel Q4 throughput probe; wall-clock batch timing; not an exact model-kernel equivalence claim
shape m=409 K=512, target_kib=128, variant=A, kernel_requested=avx2, kernel_used=avx2, workers=8
command[93/150]="D:\Install\Dev\Projects\IA\Ejercise\cpu-native-arch\build\cpu_native_q4_probe.exe" --K 512 --target-kib 128 --depth 8 --variant B --kernel avx2 --parallel-workers 8 --iterations 1 --repetitions 8 --warmup 2
AVX2 correction test passed; scalar_checksum=-9.02812, avx2_checksum=-9.02812, abs_difference=0, tolerance=0.00902812
T0 parallel Q4 throughput probe; wall-clock batch timing; not an exact model-kernel equivalence claim
shape m=409 K=512, target_kib=128, variant=B, kernel_requested=avx2, kernel_used=avx2, workers=8
command[94/150]="D:\Install\Dev\Projects\IA\Ejercise\cpu-native-arch\build\cpu_native_q4_probe.exe" --K 512 --target-kib 128 --depth 8 --variant A --kernel avx2 --parallel-workers 8 --iterations 1 --repetitions 8 --warmup 2
AVX2 correction test passed; scalar_checksum=-9.02812, avx2_checksum=-9.02812, abs_difference=0, tolerance=0.00902812
T0 parallel Q4 throughput probe; wall-clock batch timing; not an exact model-kernel equivalence claim
shape m=409 K=512, target_kib=128, variant=A, kernel_requested=avx2, kernel_used=avx2, workers=8
command[95/150]="D:\Install\Dev\Projects\IA\Ejercise\cpu-native-arch\build\cpu_native_q4_probe.exe" --K 512 --target-kib 128 --depth 16 --variant B --kernel avx2 --parallel-workers 8 --iterations 1 --repetitions 8 --warmup 2
AVX2 correction test passed; scalar_checksum=-9.02812, avx2_checksum=-9.02812, abs_difference=0, tolerance=0.00902812
T0 parallel Q4 throughput probe; wall-clock batch timing; not an exact model-kernel equivalence claim
shape m=409 K=512, target_kib=128, variant=B, kernel_requested=avx2, kernel_used=avx2, workers=8
command[96/150]="D:\Install\Dev\Projects\IA\Ejercise\cpu-native-arch\build\cpu_native_q4_probe.exe" --K 512 --target-kib 128 --depth 16 --variant A --kernel avx2 --parallel-workers 8 --iterations 1 --repetitions 8 --warmup 2
AVX2 correction test passed; scalar_checksum=-9.02812, avx2_checksum=-9.02812, abs_difference=0, tolerance=0.00902812
T0 parallel Q4 throughput probe; wall-clock batch timing; not an exact model-kernel equivalence claim
shape m=409 K=512, target_kib=128, variant=A, kernel_requested=avx2, kernel_used=avx2, workers=8
command[97/150]="D:\Install\Dev\Projects\IA\Ejercise\cpu-native-arch\build\cpu_native_q4_probe.exe" --K 512 --target-kib 192 --depth 4 --variant B --kernel avx2 --parallel-workers 8 --iterations 1 --repetitions 8 --warmup 2
AVX2 correction test passed; scalar_checksum=-9.02812, avx2_checksum=-9.02812, abs_difference=0, tolerance=0.00902812
T0 parallel Q4 throughput probe; wall-clock batch timing; not an exact model-kernel equivalence claim
shape m=614 K=512, target_kib=192, variant=B, kernel_requested=avx2, kernel_used=avx2, workers=8
command[98/150]="D:\Install\Dev\Projects\IA\Ejercise\cpu-native-arch\build\cpu_native_q4_probe.exe" --K 512 --target-kib 192 --depth 4 --variant A --kernel avx2 --parallel-workers 8 --iterations 1 --repetitions 8 --warmup 2
AVX2 correction test passed; scalar_checksum=-9.02812, avx2_checksum=-9.02812, abs_difference=0, tolerance=0.00902812
T0 parallel Q4 throughput probe; wall-clock batch timing; not an exact model-kernel equivalence claim
shape m=614 K=512, target_kib=192, variant=A, kernel_requested=avx2, kernel_used=avx2, workers=8
command[99/150]="D:\Install\Dev\Projects\IA\Ejercise\cpu-native-arch\build\cpu_native_q4_probe.exe" --K 512 --target-kib 192 --depth 8 --variant B --kernel avx2 --parallel-workers 8 --iterations 1 --repetitions 8 --warmup 2
AVX2 correction test passed; scalar_checksum=-9.02812, avx2_checksum=-9.02812, abs_difference=0, tolerance=0.00902812
T0 parallel Q4 throughput probe; wall-clock batch timing; not an exact model-kernel equivalence claim
shape m=614 K=512, target_kib=192, variant=B, kernel_requested=avx2, kernel_used=avx2, workers=8
command[100/150]="D:\Install\Dev\Projects\IA\Ejercise\cpu-native-arch\build\cpu_native_q4_probe.exe" --K 512 --target-kib 192 --depth 8 --variant A --kernel avx2 --parallel-workers 8 --iterations 1 --repetitions 8 --warmup 2
AVX2 correction test passed; scalar_checksum=-9.02812, avx2_checksum=-9.02812, abs_difference=0, tolerance=0.00902812
T0 parallel Q4 throughput probe; wall-clock batch timing; not an exact model-kernel equivalence claim
shape m=614 K=512, target_kib=192, variant=A, kernel_requested=avx2, kernel_used=avx2, workers=8
command[101/150]="D:\Install\Dev\Projects\IA\Ejercise\cpu-native-arch\build\cpu_native_q4_probe.exe" --K 512 --target-kib 192 --depth 16 --variant B --kernel avx2 --parallel-workers 8 --iterations 1 --repetitions 8 --warmup 2
AVX2 correction test passed; scalar_checksum=-9.02812, avx2_checksum=-9.02812, abs_difference=0, tolerance=0.00902812
T0 parallel Q4 throughput probe; wall-clock batch timing; not an exact model-kernel equivalence claim
shape m=614 K=512, target_kib=192, variant=B, kernel_requested=avx2, kernel_used=avx2, workers=8
command[102/150]="D:\Install\Dev\Projects\IA\Ejercise\cpu-native-arch\build\cpu_native_q4_probe.exe" --K 512 --target-kib 192 --depth 16 --variant A --kernel avx2 --parallel-workers 8 --iterations 1 --repetitions 8 --warmup 2
AVX2 correction test passed; scalar_checksum=-9.02812, avx2_checksum=-9.02812, abs_difference=0, tolerance=0.00902812
T0 parallel Q4 throughput probe; wall-clock batch timing; not an exact model-kernel equivalence claim
shape m=614 K=512, target_kib=192, variant=A, kernel_requested=avx2, kernel_used=avx2, workers=8
command[103/150]="D:\Install\Dev\Projects\IA\Ejercise\cpu-native-arch\build\cpu_native_q4_probe.exe" --K 512 --target-kib 512 --depth 4 --variant B --kernel avx2 --parallel-workers 8 --iterations 1 --repetitions 8 --warmup 2
AVX2 correction test passed; scalar_checksum=-9.02812, avx2_checksum=-9.02812, abs_difference=0, tolerance=0.00902812
T0 parallel Q4 throughput probe; wall-clock batch timing; not an exact model-kernel equivalence claim
shape m=1638 K=512, target_kib=512, variant=B, kernel_requested=avx2, kernel_used=avx2, workers=8
command[104/150]="D:\Install\Dev\Projects\IA\Ejercise\cpu-native-arch\build\cpu_native_q4_probe.exe" --K 512 --target-kib 512 --depth 4 --variant A --kernel avx2 --parallel-workers 8 --iterations 1 --repetitions 8 --warmup 2
AVX2 correction test passed; scalar_checksum=-9.02812, avx2_checksum=-9.02812, abs_difference=0, tolerance=0.00902812
T0 parallel Q4 throughput probe; wall-clock batch timing; not an exact model-kernel equivalence claim
shape m=1638 K=512, target_kib=512, variant=A, kernel_requested=avx2, kernel_used=avx2, workers=8
command[105/150]="D:\Install\Dev\Projects\IA\Ejercise\cpu-native-arch\build\cpu_native_q4_probe.exe" --K 512 --target-kib 512 --depth 8 --variant B --kernel avx2 --parallel-workers 8 --iterations 1 --repetitions 8 --warmup 2
AVX2 correction test passed; scalar_checksum=-9.02812, avx2_checksum=-9.02812, abs_difference=0, tolerance=0.00902812
T0 parallel Q4 throughput probe; wall-clock batch timing; not an exact model-kernel equivalence claim
shape m=1638 K=512, target_kib=512, variant=B, kernel_requested=avx2, kernel_used=avx2, workers=8
command[106/150]="D:\Install\Dev\Projects\IA\Ejercise\cpu-native-arch\build\cpu_native_q4_probe.exe" --K 512 --target-kib 512 --depth 8 --variant A --kernel avx2 --parallel-workers 8 --iterations 1 --repetitions 8 --warmup 2
AVX2 correction test passed; scalar_checksum=-9.02812, avx2_checksum=-9.02812, abs_difference=0, tolerance=0.00902812
T0 parallel Q4 throughput probe; wall-clock batch timing; not an exact model-kernel equivalence claim
shape m=1638 K=512, target_kib=512, variant=A, kernel_requested=avx2, kernel_used=avx2, workers=8
command[107/150]="D:\Install\Dev\Projects\IA\Ejercise\cpu-native-arch\build\cpu_native_q4_probe.exe" --K 512 --target-kib 512 --depth 16 --variant B --kernel avx2 --parallel-workers 8 --iterations 1 --repetitions 8 --warmup 2
AVX2 correction test passed; scalar_checksum=-9.02812, avx2_checksum=-9.02812, abs_difference=0, tolerance=0.00902812
T0 parallel Q4 throughput probe; wall-clock batch timing; not an exact model-kernel equivalence claim
shape m=1638 K=512, target_kib=512, variant=B, kernel_requested=avx2, kernel_used=avx2, workers=8
command[108/150]="D:\Install\Dev\Projects\IA\Ejercise\cpu-native-arch\build\cpu_native_q4_probe.exe" --K 512 --target-kib 512 --depth 16 --variant A --kernel avx2 --parallel-workers 8 --iterations 1 --repetitions 8 --warmup 2
AVX2 correction test passed; scalar_checksum=-9.02812, avx2_checksum=-9.02812, abs_difference=0, tolerance=0.00902812
T0 parallel Q4 throughput probe; wall-clock batch timing; not an exact model-kernel equivalence claim
shape m=1638 K=512, target_kib=512, variant=A, kernel_requested=avx2, kernel_used=avx2, workers=8
command[109/150]="D:\Install\Dev\Projects\IA\Ejercise\cpu-native-arch\build\cpu_native_q4_probe.exe" --K 512 --target-kib 1024 --depth 4 --variant B --kernel avx2 --parallel-workers 8 --iterations 1 --repetitions 8 --warmup 2
AVX2 correction test passed; scalar_checksum=-9.02812, avx2_checksum=-9.02812, abs_difference=0, tolerance=0.00902812
T0 parallel Q4 throughput probe; wall-clock batch timing; not an exact model-kernel equivalence claim
shape m=3276 K=512, target_kib=1024, variant=B, kernel_requested=avx2, kernel_used=avx2, workers=8
command[110/150]="D:\Install\Dev\Projects\IA\Ejercise\cpu-native-arch\build\cpu_native_q4_probe.exe" --K 512 --target-kib 1024 --depth 4 --variant A --kernel avx2 --parallel-workers 8 --iterations 1 --repetitions 8 --warmup 2
AVX2 correction test passed; scalar_checksum=-9.02812, avx2_checksum=-9.02812, abs_difference=0, tolerance=0.00902812
T0 parallel Q4 throughput probe; wall-clock batch timing; not an exact model-kernel equivalence claim
shape m=3276 K=512, target_kib=1024, variant=A, kernel_requested=avx2, kernel_used=avx2, workers=8
command[111/150]="D:\Install\Dev\Projects\IA\Ejercise\cpu-native-arch\build\cpu_native_q4_probe.exe" --K 512 --target-kib 1024 --depth 8 --variant B --kernel avx2 --parallel-workers 8 --iterations 1 --repetitions 8 --warmup 2
AVX2 correction test passed; scalar_checksum=-9.02812, avx2_checksum=-9.02812, abs_difference=0, tolerance=0.00902812
T0 parallel Q4 throughput probe; wall-clock batch timing; not an exact model-kernel equivalence claim
shape m=3276 K=512, target_kib=1024, variant=B, kernel_requested=avx2, kernel_used=avx2, workers=8
command[112/150]="D:\Install\Dev\Projects\IA\Ejercise\cpu-native-arch\build\cpu_native_q4_probe.exe" --K 512 --target-kib 1024 --depth 8 --variant A --kernel avx2 --parallel-workers 8 --iterations 1 --repetitions 8 --warmup 2
AVX2 correction test passed; scalar_checksum=-9.02812, avx2_checksum=-9.02812, abs_difference=0, tolerance=0.00902812
T0 parallel Q4 throughput probe; wall-clock batch timing; not an exact model-kernel equivalence claim
shape m=3276 K=512, target_kib=1024, variant=A, kernel_requested=avx2, kernel_used=avx2, workers=8
command[113/150]="D:\Install\Dev\Projects\IA\Ejercise\cpu-native-arch\build\cpu_native_q4_probe.exe" --K 512 --target-kib 1024 --depth 16 --variant B --kernel avx2 --parallel-workers 8 --iterations 1 --repetitions 8 --warmup 2
AVX2 correction test passed; scalar_checksum=-9.02812, avx2_checksum=-9.02812, abs_difference=0, tolerance=0.00902812
T0 parallel Q4 throughput probe; wall-clock batch timing; not an exact model-kernel equivalence claim
shape m=3276 K=512, target_kib=1024, variant=B, kernel_requested=avx2, kernel_used=avx2, workers=8
command[114/150]="D:\Install\Dev\Projects\IA\Ejercise\cpu-native-arch\build\cpu_native_q4_probe.exe" --K 512 --target-kib 1024 --depth 16 --variant A --kernel avx2 --parallel-workers 8 --iterations 1 --repetitions 8 --warmup 2
AVX2 correction test passed; scalar_checksum=-9.02812, avx2_checksum=-9.02812, abs_difference=0, tolerance=0.00902812
T0 parallel Q4 throughput probe; wall-clock batch timing; not an exact model-kernel equivalence claim
shape m=3276 K=512, target_kib=1024, variant=A, kernel_requested=avx2, kernel_used=avx2, workers=8
command[115/150]="D:\Install\Dev\Projects\IA\Ejercise\cpu-native-arch\build\cpu_native_q4_probe.exe" --K 512 --target-kib 1280 --depth 4 --variant B --kernel avx2 --parallel-workers 8 --iterations 1 --repetitions 8 --warmup 2
AVX2 correction test passed; scalar_checksum=-9.02812, avx2_checksum=-9.02812, abs_difference=0, tolerance=0.00902812
T0 parallel Q4 throughput probe; wall-clock batch timing; not an exact model-kernel equivalence claim
shape m=4096 K=512, target_kib=1280, variant=B, kernel_requested=avx2, kernel_used=avx2, workers=8
command[116/150]="D:\Install\Dev\Projects\IA\Ejercise\cpu-native-arch\build\cpu_native_q4_probe.exe" --K 512 --target-kib 1280 --depth 4 --variant A --kernel avx2 --parallel-workers 8 --iterations 1 --repetitions 8 --warmup 2
AVX2 correction test passed; scalar_checksum=-9.02812, avx2_checksum=-9.02812, abs_difference=0, tolerance=0.00902812
T0 parallel Q4 throughput probe; wall-clock batch timing; not an exact model-kernel equivalence claim
shape m=4096 K=512, target_kib=1280, variant=A, kernel_requested=avx2, kernel_used=avx2, workers=8
command[117/150]="D:\Install\Dev\Projects\IA\Ejercise\cpu-native-arch\build\cpu_native_q4_probe.exe" --K 512 --target-kib 1280 --depth 8 --variant B --kernel avx2 --parallel-workers 8 --iterations 1 --repetitions 8 --warmup 2
AVX2 correction test passed; scalar_checksum=-9.02812, avx2_checksum=-9.02812, abs_difference=0, tolerance=0.00902812
T0 parallel Q4 throughput probe; wall-clock batch timing; not an exact model-kernel equivalence claim
shape m=4096 K=512, target_kib=1280, variant=B, kernel_requested=avx2, kernel_used=avx2, workers=8
command[118/150]="D:\Install\Dev\Projects\IA\Ejercise\cpu-native-arch\build\cpu_native_q4_probe.exe" --K 512 --target-kib 1280 --depth 8 --variant A --kernel avx2 --parallel-workers 8 --iterations 1 --repetitions 8 --warmup 2
AVX2 correction test passed; scalar_checksum=-9.02812, avx2_checksum=-9.02812, abs_difference=0, tolerance=0.00902812
T0 parallel Q4 throughput probe; wall-clock batch timing; not an exact model-kernel equivalence claim
shape m=4096 K=512, target_kib=1280, variant=A, kernel_requested=avx2, kernel_used=avx2, workers=8
command[119/150]="D:\Install\Dev\Projects\IA\Ejercise\cpu-native-arch\build\cpu_native_q4_probe.exe" --K 512 --target-kib 1280 --depth 16 --variant B --kernel avx2 --parallel-workers 8 --iterations 1 --repetitions 8 --warmup 2
AVX2 correction test passed; scalar_checksum=-9.02812, avx2_checksum=-9.02812, abs_difference=0, tolerance=0.00902812
T0 parallel Q4 throughput probe; wall-clock batch timing; not an exact model-kernel equivalence claim
shape m=4096 K=512, target_kib=1280, variant=B, kernel_requested=avx2, kernel_used=avx2, workers=8
command[120/150]="D:\Install\Dev\Projects\IA\Ejercise\cpu-native-arch\build\cpu_native_q4_probe.exe" --K 512 --target-kib 1280 --depth 16 --variant A --kernel avx2 --parallel-workers 8 --iterations 1 --repetitions 8 --warmup 2
AVX2 correction test passed; scalar_checksum=-9.02812, avx2_checksum=-9.02812, abs_difference=0, tolerance=0.00902812
T0 parallel Q4 throughput probe; wall-clock batch timing; not an exact model-kernel equivalence claim
shape m=4096 K=512, target_kib=1280, variant=A, kernel_requested=avx2, kernel_used=avx2, workers=8
command[121/150]="D:\Install\Dev\Projects\IA\Ejercise\cpu-native-arch\build\cpu_native_q4_probe.exe" --K 512 --target-kib 128 --depth 4 --variant A --kernel avx2 --parallel-workers 8 --iterations 1 --repetitions 8 --warmup 2
AVX2 correction test passed; scalar_checksum=-9.02812, avx2_checksum=-9.02812, abs_difference=0, tolerance=0.00902812
T0 parallel Q4 throughput probe; wall-clock batch timing; not an exact model-kernel equivalence claim
shape m=409 K=512, target_kib=128, variant=A, kernel_requested=avx2, kernel_used=avx2, workers=8
command[122/150]="D:\Install\Dev\Projects\IA\Ejercise\cpu-native-arch\build\cpu_native_q4_probe.exe" --K 512 --target-kib 128 --depth 4 --variant B --kernel avx2 --parallel-workers 8 --iterations 1 --repetitions 8 --warmup 2
AVX2 correction test passed; scalar_checksum=-9.02812, avx2_checksum=-9.02812, abs_difference=0, tolerance=0.00902812
T0 parallel Q4 throughput probe; wall-clock batch timing; not an exact model-kernel equivalence claim
shape m=409 K=512, target_kib=128, variant=B, kernel_requested=avx2, kernel_used=avx2, workers=8
command[123/150]="D:\Install\Dev\Projects\IA\Ejercise\cpu-native-arch\build\cpu_native_q4_probe.exe" --K 512 --target-kib 128 --depth 8 --variant A --kernel avx2 --parallel-workers 8 --iterations 1 --repetitions 8 --warmup 2
AVX2 correction test passed; scalar_checksum=-9.02812, avx2_checksum=-9.02812, abs_difference=0, tolerance=0.00902812
T0 parallel Q4 throughput probe; wall-clock batch timing; not an exact model-kernel equivalence claim
shape m=409 K=512, target_kib=128, variant=A, kernel_requested=avx2, kernel_used=avx2, workers=8
command[124/150]="D:\Install\Dev\Projects\IA\Ejercise\cpu-native-arch\build\cpu_native_q4_probe.exe" --K 512 --target-kib 128 --depth 8 --variant B --kernel avx2 --parallel-workers 8 --iterations 1 --repetitions 8 --warmup 2
AVX2 correction test passed; scalar_checksum=-9.02812, avx2_checksum=-9.02812, abs_difference=0, tolerance=0.00902812
T0 parallel Q4 throughput probe; wall-clock batch timing; not an exact model-kernel equivalence claim
shape m=409 K=512, target_kib=128, variant=B, kernel_requested=avx2, kernel_used=avx2, workers=8
command[125/150]="D:\Install\Dev\Projects\IA\Ejercise\cpu-native-arch\build\cpu_native_q4_probe.exe" --K 512 --target-kib 128 --depth 16 --variant A --kernel avx2 --parallel-workers 8 --iterations 1 --repetitions 8 --warmup 2
AVX2 correction test passed; scalar_checksum=-9.02812, avx2_checksum=-9.02812, abs_difference=0, tolerance=0.00902812
T0 parallel Q4 throughput probe; wall-clock batch timing; not an exact model-kernel equivalence claim
shape m=409 K=512, target_kib=128, variant=A, kernel_requested=avx2, kernel_used=avx2, workers=8
command[126/150]="D:\Install\Dev\Projects\IA\Ejercise\cpu-native-arch\build\cpu_native_q4_probe.exe" --K 512 --target-kib 128 --depth 16 --variant B --kernel avx2 --parallel-workers 8 --iterations 1 --repetitions 8 --warmup 2
AVX2 correction test passed; scalar_checksum=-9.02812, avx2_checksum=-9.02812, abs_difference=0, tolerance=0.00902812
T0 parallel Q4 throughput probe; wall-clock batch timing; not an exact model-kernel equivalence claim
shape m=409 K=512, target_kib=128, variant=B, kernel_requested=avx2, kernel_used=avx2, workers=8
command[127/150]="D:\Install\Dev\Projects\IA\Ejercise\cpu-native-arch\build\cpu_native_q4_probe.exe" --K 512 --target-kib 192 --depth 4 --variant A --kernel avx2 --parallel-workers 8 --iterations 1 --repetitions 8 --warmup 2
AVX2 correction test passed; scalar_checksum=-9.02812, avx2_checksum=-9.02812, abs_difference=0, tolerance=0.00902812
T0 parallel Q4 throughput probe; wall-clock batch timing; not an exact model-kernel equivalence claim
shape m=614 K=512, target_kib=192, variant=A, kernel_requested=avx2, kernel_used=avx2, workers=8
command[128/150]="D:\Install\Dev\Projects\IA\Ejercise\cpu-native-arch\build\cpu_native_q4_probe.exe" --K 512 --target-kib 192 --depth 4 --variant B --kernel avx2 --parallel-workers 8 --iterations 1 --repetitions 8 --warmup 2
AVX2 correction test passed; scalar_checksum=-9.02812, avx2_checksum=-9.02812, abs_difference=0, tolerance=0.00902812
T0 parallel Q4 throughput probe; wall-clock batch timing; not an exact model-kernel equivalence claim
shape m=614 K=512, target_kib=192, variant=B, kernel_requested=avx2, kernel_used=avx2, workers=8
command[129/150]="D:\Install\Dev\Projects\IA\Ejercise\cpu-native-arch\build\cpu_native_q4_probe.exe" --K 512 --target-kib 192 --depth 8 --variant A --kernel avx2 --parallel-workers 8 --iterations 1 --repetitions 8 --warmup 2
AVX2 correction test passed; scalar_checksum=-9.02812, avx2_checksum=-9.02812, abs_difference=0, tolerance=0.00902812
T0 parallel Q4 throughput probe; wall-clock batch timing; not an exact model-kernel equivalence claim
shape m=614 K=512, target_kib=192, variant=A, kernel_requested=avx2, kernel_used=avx2, workers=8
command[130/150]="D:\Install\Dev\Projects\IA\Ejercise\cpu-native-arch\build\cpu_native_q4_probe.exe" --K 512 --target-kib 192 --depth 8 --variant B --kernel avx2 --parallel-workers 8 --iterations 1 --repetitions 8 --warmup 2
AVX2 correction test passed; scalar_checksum=-9.02812, avx2_checksum=-9.02812, abs_difference=0, tolerance=0.00902812
T0 parallel Q4 throughput probe; wall-clock batch timing; not an exact model-kernel equivalence claim
shape m=614 K=512, target_kib=192, variant=B, kernel_requested=avx2, kernel_used=avx2, workers=8
command[131/150]="D:\Install\Dev\Projects\IA\Ejercise\cpu-native-arch\build\cpu_native_q4_probe.exe" --K 512 --target-kib 192 --depth 16 --variant A --kernel avx2 --parallel-workers 8 --iterations 1 --repetitions 8 --warmup 2
AVX2 correction test passed; scalar_checksum=-9.02812, avx2_checksum=-9.02812, abs_difference=0, tolerance=0.00902812
T0 parallel Q4 throughput probe; wall-clock batch timing; not an exact model-kernel equivalence claim
shape m=614 K=512, target_kib=192, variant=A, kernel_requested=avx2, kernel_used=avx2, workers=8
command[132/150]="D:\Install\Dev\Projects\IA\Ejercise\cpu-native-arch\build\cpu_native_q4_probe.exe" --K 512 --target-kib 192 --depth 16 --variant B --kernel avx2 --parallel-workers 8 --iterations 1 --repetitions 8 --warmup 2
AVX2 correction test passed; scalar_checksum=-9.02812, avx2_checksum=-9.02812, abs_difference=0, tolerance=0.00902812
T0 parallel Q4 throughput probe; wall-clock batch timing; not an exact model-kernel equivalence claim
shape m=614 K=512, target_kib=192, variant=B, kernel_requested=avx2, kernel_used=avx2, workers=8
command[133/150]="D:\Install\Dev\Projects\IA\Ejercise\cpu-native-arch\build\cpu_native_q4_probe.exe" --K 512 --target-kib 512 --depth 4 --variant A --kernel avx2 --parallel-workers 8 --iterations 1 --repetitions 8 --warmup 2
AVX2 correction test passed; scalar_checksum=-9.02812, avx2_checksum=-9.02812, abs_difference=0, tolerance=0.00902812
T0 parallel Q4 throughput probe; wall-clock batch timing; not an exact model-kernel equivalence claim
shape m=1638 K=512, target_kib=512, variant=A, kernel_requested=avx2, kernel_used=avx2, workers=8
command[134/150]="D:\Install\Dev\Projects\IA\Ejercise\cpu-native-arch\build\cpu_native_q4_probe.exe" --K 512 --target-kib 512 --depth 4 --variant B --kernel avx2 --parallel-workers 8 --iterations 1 --repetitions 8 --warmup 2
AVX2 correction test passed; scalar_checksum=-9.02812, avx2_checksum=-9.02812, abs_difference=0, tolerance=0.00902812
T0 parallel Q4 throughput probe; wall-clock batch timing; not an exact model-kernel equivalence claim
shape m=1638 K=512, target_kib=512, variant=B, kernel_requested=avx2, kernel_used=avx2, workers=8
command[135/150]="D:\Install\Dev\Projects\IA\Ejercise\cpu-native-arch\build\cpu_native_q4_probe.exe" --K 512 --target-kib 512 --depth 8 --variant A --kernel avx2 --parallel-workers 8 --iterations 1 --repetitions 8 --warmup 2
AVX2 correction test passed; scalar_checksum=-9.02812, avx2_checksum=-9.02812, abs_difference=0, tolerance=0.00902812
T0 parallel Q4 throughput probe; wall-clock batch timing; not an exact model-kernel equivalence claim
shape m=1638 K=512, target_kib=512, variant=A, kernel_requested=avx2, kernel_used=avx2, workers=8
command[136/150]="D:\Install\Dev\Projects\IA\Ejercise\cpu-native-arch\build\cpu_native_q4_probe.exe" --K 512 --target-kib 512 --depth 8 --variant B --kernel avx2 --parallel-workers 8 --iterations 1 --repetitions 8 --warmup 2
AVX2 correction test passed; scalar_checksum=-9.02812, avx2_checksum=-9.02812, abs_difference=0, tolerance=0.00902812
T0 parallel Q4 throughput probe; wall-clock batch timing; not an exact model-kernel equivalence claim
shape m=1638 K=512, target_kib=512, variant=B, kernel_requested=avx2, kernel_used=avx2, workers=8
command[137/150]="D:\Install\Dev\Projects\IA\Ejercise\cpu-native-arch\build\cpu_native_q4_probe.exe" --K 512 --target-kib 512 --depth 16 --variant A --kernel avx2 --parallel-workers 8 --iterations 1 --repetitions 8 --warmup 2
AVX2 correction test passed; scalar_checksum=-9.02812, avx2_checksum=-9.02812, abs_difference=0, tolerance=0.00902812
T0 parallel Q4 throughput probe; wall-clock batch timing; not an exact model-kernel equivalence claim
shape m=1638 K=512, target_kib=512, variant=A, kernel_requested=avx2, kernel_used=avx2, workers=8
command[138/150]="D:\Install\Dev\Projects\IA\Ejercise\cpu-native-arch\build\cpu_native_q4_probe.exe" --K 512 --target-kib 512 --depth 16 --variant B --kernel avx2 --parallel-workers 8 --iterations 1 --repetitions 8 --warmup 2
AVX2 correction test passed; scalar_checksum=-9.02812, avx2_checksum=-9.02812, abs_difference=0, tolerance=0.00902812
T0 parallel Q4 throughput probe; wall-clock batch timing; not an exact model-kernel equivalence claim
shape m=1638 K=512, target_kib=512, variant=B, kernel_requested=avx2, kernel_used=avx2, workers=8
command[139/150]="D:\Install\Dev\Projects\IA\Ejercise\cpu-native-arch\build\cpu_native_q4_probe.exe" --K 512 --target-kib 1024 --depth 4 --variant A --kernel avx2 --parallel-workers 8 --iterations 1 --repetitions 8 --warmup 2
AVX2 correction test passed; scalar_checksum=-9.02812, avx2_checksum=-9.02812, abs_difference=0, tolerance=0.00902812
T0 parallel Q4 throughput probe; wall-clock batch timing; not an exact model-kernel equivalence claim
shape m=3276 K=512, target_kib=1024, variant=A, kernel_requested=avx2, kernel_used=avx2, workers=8
command[140/150]="D:\Install\Dev\Projects\IA\Ejercise\cpu-native-arch\build\cpu_native_q4_probe.exe" --K 512 --target-kib 1024 --depth 4 --variant B --kernel avx2 --parallel-workers 8 --iterations 1 --repetitions 8 --warmup 2
AVX2 correction test passed; scalar_checksum=-9.02812, avx2_checksum=-9.02812, abs_difference=0, tolerance=0.00902812
T0 parallel Q4 throughput probe; wall-clock batch timing; not an exact model-kernel equivalence claim
shape m=3276 K=512, target_kib=1024, variant=B, kernel_requested=avx2, kernel_used=avx2, workers=8
command[141/150]="D:\Install\Dev\Projects\IA\Ejercise\cpu-native-arch\build\cpu_native_q4_probe.exe" --K 512 --target-kib 1024 --depth 8 --variant A --kernel avx2 --parallel-workers 8 --iterations 1 --repetitions 8 --warmup 2
AVX2 correction test passed; scalar_checksum=-9.02812, avx2_checksum=-9.02812, abs_difference=0, tolerance=0.00902812
T0 parallel Q4 throughput probe; wall-clock batch timing; not an exact model-kernel equivalence claim
shape m=3276 K=512, target_kib=1024, variant=A, kernel_requested=avx2, kernel_used=avx2, workers=8
command[142/150]="D:\Install\Dev\Projects\IA\Ejercise\cpu-native-arch\build\cpu_native_q4_probe.exe" --K 512 --target-kib 1024 --depth 8 --variant B --kernel avx2 --parallel-workers 8 --iterations 1 --repetitions 8 --warmup 2
AVX2 correction test passed; scalar_checksum=-9.02812, avx2_checksum=-9.02812, abs_difference=0, tolerance=0.00902812
T0 parallel Q4 throughput probe; wall-clock batch timing; not an exact model-kernel equivalence claim
shape m=3276 K=512, target_kib=1024, variant=B, kernel_requested=avx2, kernel_used=avx2, workers=8
command[143/150]="D:\Install\Dev\Projects\IA\Ejercise\cpu-native-arch\build\cpu_native_q4_probe.exe" --K 512 --target-kib 1024 --depth 16 --variant A --kernel avx2 --parallel-workers 8 --iterations 1 --repetitions 8 --warmup 2
AVX2 correction test passed; scalar_checksum=-9.02812, avx2_checksum=-9.02812, abs_difference=0, tolerance=0.00902812
T0 parallel Q4 throughput probe; wall-clock batch timing; not an exact model-kernel equivalence claim
shape m=3276 K=512, target_kib=1024, variant=A, kernel_requested=avx2, kernel_used=avx2, workers=8
command[144/150]="D:\Install\Dev\Projects\IA\Ejercise\cpu-native-arch\build\cpu_native_q4_probe.exe" --K 512 --target-kib 1024 --depth 16 --variant B --kernel avx2 --parallel-workers 8 --iterations 1 --repetitions 8 --warmup 2
AVX2 correction test passed; scalar_checksum=-9.02812, avx2_checksum=-9.02812, abs_difference=0, tolerance=0.00902812
T0 parallel Q4 throughput probe; wall-clock batch timing; not an exact model-kernel equivalence claim
shape m=3276 K=512, target_kib=1024, variant=B, kernel_requested=avx2, kernel_used=avx2, workers=8
command[145/150]="D:\Install\Dev\Projects\IA\Ejercise\cpu-native-arch\build\cpu_native_q4_probe.exe" --K 512 --target-kib 1280 --depth 4 --variant A --kernel avx2 --parallel-workers 8 --iterations 1 --repetitions 8 --warmup 2
AVX2 correction test passed; scalar_checksum=-9.02812, avx2_checksum=-9.02812, abs_difference=0, tolerance=0.00902812
T0 parallel Q4 throughput probe; wall-clock batch timing; not an exact model-kernel equivalence claim
shape m=4096 K=512, target_kib=1280, variant=A, kernel_requested=avx2, kernel_used=avx2, workers=8
command[146/150]="D:\Install\Dev\Projects\IA\Ejercise\cpu-native-arch\build\cpu_native_q4_probe.exe" --K 512 --target-kib 1280 --depth 4 --variant B --kernel avx2 --parallel-workers 8 --iterations 1 --repetitions 8 --warmup 2
AVX2 correction test passed; scalar_checksum=-9.02812, avx2_checksum=-9.02812, abs_difference=0, tolerance=0.00902812
T0 parallel Q4 throughput probe; wall-clock batch timing; not an exact model-kernel equivalence claim
shape m=4096 K=512, target_kib=1280, variant=B, kernel_requested=avx2, kernel_used=avx2, workers=8
command[147/150]="D:\Install\Dev\Projects\IA\Ejercise\cpu-native-arch\build\cpu_native_q4_probe.exe" --K 512 --target-kib 1280 --depth 8 --variant A --kernel avx2 --parallel-workers 8 --iterations 1 --repetitions 8 --warmup 2
AVX2 correction test passed; scalar_checksum=-9.02812, avx2_checksum=-9.02812, abs_difference=0, tolerance=0.00902812
T0 parallel Q4 throughput probe; wall-clock batch timing; not an exact model-kernel equivalence claim
shape m=4096 K=512, target_kib=1280, variant=A, kernel_requested=avx2, kernel_used=avx2, workers=8
command[148/150]="D:\Install\Dev\Projects\IA\Ejercise\cpu-native-arch\build\cpu_native_q4_probe.exe" --K 512 --target-kib 1280 --depth 8 --variant B --kernel avx2 --parallel-workers 8 --iterations 1 --repetitions 8 --warmup 2
AVX2 correction test passed; scalar_checksum=-9.02812, avx2_checksum=-9.02812, abs_difference=0, tolerance=0.00902812
T0 parallel Q4 throughput probe; wall-clock batch timing; not an exact model-kernel equivalence claim
shape m=4096 K=512, target_kib=1280, variant=B, kernel_requested=avx2, kernel_used=avx2, workers=8
command[149/150]="D:\Install\Dev\Projects\IA\Ejercise\cpu-native-arch\build\cpu_native_q4_probe.exe" --K 512 --target-kib 1280 --depth 16 --variant A --kernel avx2 --parallel-workers 8 --iterations 1 --repetitions 8 --warmup 2
AVX2 correction test passed; scalar_checksum=-9.02812, avx2_checksum=-9.02812, abs_difference=0, tolerance=0.00902812
T0 parallel Q4 throughput probe; wall-clock batch timing; not an exact model-kernel equivalence claim
shape m=4096 K=512, target_kib=1280, variant=A, kernel_requested=avx2, kernel_used=avx2, workers=8
command[150/150]="D:\Install\Dev\Projects\IA\Ejercise\cpu-native-arch\build\cpu_native_q4_probe.exe" --K 512 --target-kib 1280 --depth 16 --variant B --kernel avx2 --parallel-workers 8 --iterations 1 --repetitions 8 --warmup 2
AVX2 correction test passed; scalar_checksum=-9.02812, avx2_checksum=-9.02812, abs_difference=0, tolerance=0.00902812
T0 parallel Q4 throughput probe; wall-clock batch timing; not an exact model-kernel equivalence claim
shape m=4096 K=512, target_kib=1280, variant=B, kernel_requested=avx2, kernel_used=avx2, workers=8
