scope=literal accepted t0m_int8_probe fused kernel only; no recurrence/transition; no Bridges 2-4
source_shape=sweep-output\\t0r-int8-sharded target_kib=512; original D=K=512; original m=1024; original O_i=1332,807,965,992
configuration=D=512;S=1;R=16;mode=fused;S_tile=8;iterations=1;timed_repetitions=8;warmup=2
workers=4;cpus=0,2,4,6;rows_per_worker=1332,807,965,992;sum_O_i=4096;sum_O_i_ne_D=true;no_recalibration
A=one shared weight allocation reused at every depth; Bclone=16 distinct allocations byte-identical to A; B_real=16 distinct allocations with deterministic round-dependent B seed
activations=deterministic and frozen; state=none; checksum=post-timing only; no transition
speed=10 independent three-way runs; deterministic six-order rotation; pair-adjacent serial execution; never concurrent
preflight=one t0m_int8_probe --self-test; speed invocations never receive --self-test
build_command "C:\Program Files (x86)\Microsoft Visual Studio\18\BuildTools\Common7\IDE\CommonExtensions\Microsoft\CMake\CMake\bin\cmake.exe" --build D:\Install\Dev\Projects\IA\Ejercise\cpu-native-arch\build --target t0m_int8_probe
preflight_command "D:\Install\Dev\Projects\IA\Ejercise\cpu-native-arch\build\t0m_int8_probe.exe" --self-test
dumpbin_command "C:\Program Files (x86)\Microsoft Visual Studio\18\BuildTools\VC\Tools\MSVC\14.50.35717\bin\Hostx64\x64\dumpbin.exe" /DISASM /SYMBOLS D:\Install\Dev\Projects\IA\Ejercise\cpu-native-arch\build\t0m_int8_probe.exe
run=1 order=A>Bclone>B_real
[1] speed variant=A run=1 order_index=1 "D:\Install\Dev\Projects\IA\Ejercise\cpu-native-arch\build\t0m_int8_probe.exe" --D 512 --S 1 --R 16 --mode fused --variant A --S-tile 8 --workers 4 --cpus 0,2,4,6 --rows-per-worker 1332,807,965,992 --iterations 1 --timed-repetitions 8 --warmup 2
[2] speed variant=Bclone run=1 order_index=2 "D:\Install\Dev\Projects\IA\Ejercise\cpu-native-arch\build\t0m_int8_probe.exe" --D 512 --S 1 --R 16 --mode fused --variant Bclone --S-tile 8 --workers 4 --cpus 0,2,4,6 --rows-per-worker 1332,807,965,992 --iterations 1 --timed-repetitions 8 --warmup 2
[3] speed variant=B_real run=1 order_index=3 "D:\Install\Dev\Projects\IA\Ejercise\cpu-native-arch\build\t0m_int8_probe.exe" --D 512 --S 1 --R 16 --mode fused --variant B_real --S-tile 8 --workers 4 --cpus 0,2,4,6 --rows-per-worker 1332,807,965,992 --iterations 1 --timed-repetitions 8 --warmup 2
run=2 order=B_real>Bclone>A
[4] speed variant=B_real run=2 order_index=1 "D:\Install\Dev\Projects\IA\Ejercise\cpu-native-arch\build\t0m_int8_probe.exe" --D 512 --S 1 --R 16 --mode fused --variant B_real --S-tile 8 --workers 4 --cpus 0,2,4,6 --rows-per-worker 1332,807,965,992 --iterations 1 --timed-repetitions 8 --warmup 2
[5] speed variant=Bclone run=2 order_index=2 "D:\Install\Dev\Projects\IA\Ejercise\cpu-native-arch\build\t0m_int8_probe.exe" --D 512 --S 1 --R 16 --mode fused --variant Bclone --S-tile 8 --workers 4 --cpus 0,2,4,6 --rows-per-worker 1332,807,965,992 --iterations 1 --timed-repetitions 8 --warmup 2
[6] speed variant=A run=2 order_index=3 "D:\Install\Dev\Projects\IA\Ejercise\cpu-native-arch\build\t0m_int8_probe.exe" --D 512 --S 1 --R 16 --mode fused --variant A --S-tile 8 --workers 4 --cpus 0,2,4,6 --rows-per-worker 1332,807,965,992 --iterations 1 --timed-repetitions 8 --warmup 2
run=3 order=Bclone>A>B_real
[7] speed variant=Bclone run=3 order_index=1 "D:\Install\Dev\Projects\IA\Ejercise\cpu-native-arch\build\t0m_int8_probe.exe" --D 512 --S 1 --R 16 --mode fused --variant Bclone --S-tile 8 --workers 4 --cpus 0,2,4,6 --rows-per-worker 1332,807,965,992 --iterations 1 --timed-repetitions 8 --warmup 2
[8] speed variant=A run=3 order_index=2 "D:\Install\Dev\Projects\IA\Ejercise\cpu-native-arch\build\t0m_int8_probe.exe" --D 512 --S 1 --R 16 --mode fused --variant A --S-tile 8 --workers 4 --cpus 0,2,4,6 --rows-per-worker 1332,807,965,992 --iterations 1 --timed-repetitions 8 --warmup 2
[9] speed variant=B_real run=3 order_index=3 "D:\Install\Dev\Projects\IA\Ejercise\cpu-native-arch\build\t0m_int8_probe.exe" --D 512 --S 1 --R 16 --mode fused --variant B_real --S-tile 8 --workers 4 --cpus 0,2,4,6 --rows-per-worker 1332,807,965,992 --iterations 1 --timed-repetitions 8 --warmup 2
run=4 order=B_real>A>Bclone
[10] speed variant=B_real run=4 order_index=1 "D:\Install\Dev\Projects\IA\Ejercise\cpu-native-arch\build\t0m_int8_probe.exe" --D 512 --S 1 --R 16 --mode fused --variant B_real --S-tile 8 --workers 4 --cpus 0,2,4,6 --rows-per-worker 1332,807,965,992 --iterations 1 --timed-repetitions 8 --warmup 2
[11] speed variant=A run=4 order_index=2 "D:\Install\Dev\Projects\IA\Ejercise\cpu-native-arch\build\t0m_int8_probe.exe" --D 512 --S 1 --R 16 --mode fused --variant A --S-tile 8 --workers 4 --cpus 0,2,4,6 --rows-per-worker 1332,807,965,992 --iterations 1 --timed-repetitions 8 --warmup 2
[12] speed variant=Bclone run=4 order_index=3 "D:\Install\Dev\Projects\IA\Ejercise\cpu-native-arch\build\t0m_int8_probe.exe" --D 512 --S 1 --R 16 --mode fused --variant Bclone --S-tile 8 --workers 4 --cpus 0,2,4,6 --rows-per-worker 1332,807,965,992 --iterations 1 --timed-repetitions 8 --warmup 2
run=5 order=A>B_real>Bclone
[13] speed variant=A run=5 order_index=1 "D:\Install\Dev\Projects\IA\Ejercise\cpu-native-arch\build\t0m_int8_probe.exe" --D 512 --S 1 --R 16 --mode fused --variant A --S-tile 8 --workers 4 --cpus 0,2,4,6 --rows-per-worker 1332,807,965,992 --iterations 1 --timed-repetitions 8 --warmup 2
[14] speed variant=B_real run=5 order_index=2 "D:\Install\Dev\Projects\IA\Ejercise\cpu-native-arch\build\t0m_int8_probe.exe" --D 512 --S 1 --R 16 --mode fused --variant B_real --S-tile 8 --workers 4 --cpus 0,2,4,6 --rows-per-worker 1332,807,965,992 --iterations 1 --timed-repetitions 8 --warmup 2
[15] speed variant=Bclone run=5 order_index=3 "D:\Install\Dev\Projects\IA\Ejercise\cpu-native-arch\build\t0m_int8_probe.exe" --D 512 --S 1 --R 16 --mode fused --variant Bclone --S-tile 8 --workers 4 --cpus 0,2,4,6 --rows-per-worker 1332,807,965,992 --iterations 1 --timed-repetitions 8 --warmup 2
run=6 order=Bclone>B_real>A
[16] speed variant=Bclone run=6 order_index=1 "D:\Install\Dev\Projects\IA\Ejercise\cpu-native-arch\build\t0m_int8_probe.exe" --D 512 --S 1 --R 16 --mode fused --variant Bclone --S-tile 8 --workers 4 --cpus 0,2,4,6 --rows-per-worker 1332,807,965,992 --iterations 1 --timed-repetitions 8 --warmup 2
[17] speed variant=B_real run=6 order_index=2 "D:\Install\Dev\Projects\IA\Ejercise\cpu-native-arch\build\t0m_int8_probe.exe" --D 512 --S 1 --R 16 --mode fused --variant B_real --S-tile 8 --workers 4 --cpus 0,2,4,6 --rows-per-worker 1332,807,965,992 --iterations 1 --timed-repetitions 8 --warmup 2
[18] speed variant=A run=6 order_index=3 "D:\Install\Dev\Projects\IA\Ejercise\cpu-native-arch\build\t0m_int8_probe.exe" --D 512 --S 1 --R 16 --mode fused --variant A --S-tile 8 --workers 4 --cpus 0,2,4,6 --rows-per-worker 1332,807,965,992 --iterations 1 --timed-repetitions 8 --warmup 2
run=7 order=A>Bclone>B_real
[19] speed variant=A run=7 order_index=1 "D:\Install\Dev\Projects\IA\Ejercise\cpu-native-arch\build\t0m_int8_probe.exe" --D 512 --S 1 --R 16 --mode fused --variant A --S-tile 8 --workers 4 --cpus 0,2,4,6 --rows-per-worker 1332,807,965,992 --iterations 1 --timed-repetitions 8 --warmup 2
[20] speed variant=Bclone run=7 order_index=2 "D:\Install\Dev\Projects\IA\Ejercise\cpu-native-arch\build\t0m_int8_probe.exe" --D 512 --S 1 --R 16 --mode fused --variant Bclone --S-tile 8 --workers 4 --cpus 0,2,4,6 --rows-per-worker 1332,807,965,992 --iterations 1 --timed-repetitions 8 --warmup 2
[21] speed variant=B_real run=7 order_index=3 "D:\Install\Dev\Projects\IA\Ejercise\cpu-native-arch\build\t0m_int8_probe.exe" --D 512 --S 1 --R 16 --mode fused --variant B_real --S-tile 8 --workers 4 --cpus 0,2,4,6 --rows-per-worker 1332,807,965,992 --iterations 1 --timed-repetitions 8 --warmup 2
run=8 order=B_real>Bclone>A
[22] speed variant=B_real run=8 order_index=1 "D:\Install\Dev\Projects\IA\Ejercise\cpu-native-arch\build\t0m_int8_probe.exe" --D 512 --S 1 --R 16 --mode fused --variant B_real --S-tile 8 --workers 4 --cpus 0,2,4,6 --rows-per-worker 1332,807,965,992 --iterations 1 --timed-repetitions 8 --warmup 2
[23] speed variant=Bclone run=8 order_index=2 "D:\Install\Dev\Projects\IA\Ejercise\cpu-native-arch\build\t0m_int8_probe.exe" --D 512 --S 1 --R 16 --mode fused --variant Bclone --S-tile 8 --workers 4 --cpus 0,2,4,6 --rows-per-worker 1332,807,965,992 --iterations 1 --timed-repetitions 8 --warmup 2
[24] speed variant=A run=8 order_index=3 "D:\Install\Dev\Projects\IA\Ejercise\cpu-native-arch\build\t0m_int8_probe.exe" --D 512 --S 1 --R 16 --mode fused --variant A --S-tile 8 --workers 4 --cpus 0,2,4,6 --rows-per-worker 1332,807,965,992 --iterations 1 --timed-repetitions 8 --warmup 2
run=9 order=Bclone>A>B_real
[25] speed variant=Bclone run=9 order_index=1 "D:\Install\Dev\Projects\IA\Ejercise\cpu-native-arch\build\t0m_int8_probe.exe" --D 512 --S 1 --R 16 --mode fused --variant Bclone --S-tile 8 --workers 4 --cpus 0,2,4,6 --rows-per-worker 1332,807,965,992 --iterations 1 --timed-repetitions 8 --warmup 2
[26] speed variant=A run=9 order_index=2 "D:\Install\Dev\Projects\IA\Ejercise\cpu-native-arch\build\t0m_int8_probe.exe" --D 512 --S 1 --R 16 --mode fused --variant A --S-tile 8 --workers 4 --cpus 0,2,4,6 --rows-per-worker 1332,807,965,992 --iterations 1 --timed-repetitions 8 --warmup 2
[27] speed variant=B_real run=9 order_index=3 "D:\Install\Dev\Projects\IA\Ejercise\cpu-native-arch\build\t0m_int8_probe.exe" --D 512 --S 1 --R 16 --mode fused --variant B_real --S-tile 8 --workers 4 --cpus 0,2,4,6 --rows-per-worker 1332,807,965,992 --iterations 1 --timed-repetitions 8 --warmup 2
run=10 order=B_real>A>Bclone
[28] speed variant=B_real run=10 order_index=1 "D:\Install\Dev\Projects\IA\Ejercise\cpu-native-arch\build\t0m_int8_probe.exe" --D 512 --S 1 --R 16 --mode fused --variant B_real --S-tile 8 --workers 4 --cpus 0,2,4,6 --rows-per-worker 1332,807,965,992 --iterations 1 --timed-repetitions 8 --warmup 2
[29] speed variant=A run=10 order_index=2 "D:\Install\Dev\Projects\IA\Ejercise\cpu-native-arch\build\t0m_int8_probe.exe" --D 512 --S 1 --R 16 --mode fused --variant A --S-tile 8 --workers 4 --cpus 0,2,4,6 --rows-per-worker 1332,807,965,992 --iterations 1 --timed-repetitions 8 --warmup 2
[30] speed variant=Bclone run=10 order_index=3 "D:\Install\Dev\Projects\IA\Ejercise\cpu-native-arch\build\t0m_int8_probe.exe" --D 512 --S 1 --R 16 --mode fused --variant Bclone --S-tile 8 --workers 4 --cpus 0,2,4,6 --rows-per-worker 1332,807,965,992 --iterations 1 --timed-repetitions 8 --warmup 2
