T0-M per-depth barrier diagnostic command outputs
invocation[1] label=size=512 R=1 variant=A
command[1] "D:\Install\Dev\Projects\IA\Ejercise\cpu-native-arch\build\t0m_int8_probe.exe" --D 512 --S 1 --R 1 --mode fused --variant A --S-tile 8 --workers 4 --cpus 0,2,4,6 --rows-per-worker 1211,1136,683,1066 --iterations 1 --timed-repetitions 8 --warmup 2
exit_code=0
stdout[1] D,S,R,O_i,B_i,rows_per_worker,bytes_per_worker,mode,variant,S_tile,iterations,timed_repetitions,warmup,worker_count,worker_list,affinity,affinity_error,affinity_succeeded,timed_repetitions_exact,avx2_supported,kernel_used,eviction_bytes,eviction_checksum,elapsed_seconds,mac_total,mac_per_second,checksum
512,1,1,"1211,1136,683,1066","620032,581632,349696,545792","1211,1136,683,1066","620032,581632,349696,545792",fused,A,8,1,8,2,4,"0,2,4,6","true,true,true,true","0,0,0,0",true,true,true,avx2,0,0,0.0019579,16777216,8.56899e+09,81541731
stderr[1] T0-M correction passed: every Y[S x O_i] cell, fused/repeat/reference, A/B/C, S_tile=2/4/8, four shards, and one/four-worker accounting gate
invocation[2] label=size=512 R=1 variant=B
command[2] "D:\Install\Dev\Projects\IA\Ejercise\cpu-native-arch\build\t0m_int8_probe.exe" --D 512 --S 1 --R 1 --mode fused --variant B --S-tile 8 --workers 4 --cpus 0,2,4,6 --rows-per-worker 1211,1136,683,1066 --iterations 1 --timed-repetitions 8 --warmup 2
exit_code=0
stdout[2] D,S,R,O_i,B_i,rows_per_worker,bytes_per_worker,mode,variant,S_tile,iterations,timed_repetitions,warmup,worker_count,worker_list,affinity,affinity_error,affinity_succeeded,timed_repetitions_exact,avx2_supported,kernel_used,eviction_bytes,eviction_checksum,elapsed_seconds,mac_total,mac_per_second,checksum
512,1,1,"1211,1136,683,1066","620032,581632,349696,545792","1211,1136,683,1066","620032,581632,349696,545792",fused,B,8,1,8,2,4,"0,2,4,6","true,true,true,true","0,0,0,0",true,true,true,avx2,0,0,0.0025583,16777216,6.55795e+09,81541731
stderr[2] T0-M correction passed: every Y[S x O_i] cell, fused/repeat/reference, A/B/C, S_tile=2/4/8, four shards, and one/four-worker accounting gate
invocation[3] label=size=512 R=4 variant=A
command[3] "D:\Install\Dev\Projects\IA\Ejercise\cpu-native-arch\build\t0m_int8_probe.exe" --D 512 --S 1 --R 4 --mode fused --variant A --S-tile 8 --workers 4 --cpus 0,2,4,6 --rows-per-worker 1211,1136,683,1066 --iterations 1 --timed-repetitions 8 --warmup 2
exit_code=0
stdout[3] D,S,R,O_i,B_i,rows_per_worker,bytes_per_worker,mode,variant,S_tile,iterations,timed_repetitions,warmup,worker_count,worker_list,affinity,affinity_error,affinity_succeeded,timed_repetitions_exact,avx2_supported,kernel_used,eviction_bytes,eviction_checksum,elapsed_seconds,mac_total,mac_per_second,checksum
512,1,4,"1211,1136,683,1066","620032,581632,349696,545792","1211,1136,683,1066","620032,581632,349696,545792",fused,A,8,1,8,2,4,"0,2,4,6","true,true,true,true","0,0,0,0",true,true,true,avx2,0,0,0.0073642,67108864,9.11285e+09,81541731
stderr[3] T0-M correction passed: every Y[S x O_i] cell, fused/repeat/reference, A/B/C, S_tile=2/4/8, four shards, and one/four-worker accounting gate
invocation[4] label=size=512 R=4 variant=B
command[4] "D:\Install\Dev\Projects\IA\Ejercise\cpu-native-arch\build\t0m_int8_probe.exe" --D 512 --S 1 --R 4 --mode fused --variant B --S-tile 8 --workers 4 --cpus 0,2,4,6 --rows-per-worker 1211,1136,683,1066 --iterations 1 --timed-repetitions 8 --warmup 2
exit_code=0
stdout[4] D,S,R,O_i,B_i,rows_per_worker,bytes_per_worker,mode,variant,S_tile,iterations,timed_repetitions,warmup,worker_count,worker_list,affinity,affinity_error,affinity_succeeded,timed_repetitions_exact,avx2_supported,kernel_used,eviction_bytes,eviction_checksum,elapsed_seconds,mac_total,mac_per_second,checksum
512,1,4,"1211,1136,683,1066","2480128,2326528,1398784,2183168","1211,1136,683,1066","2480128,2326528,1398784,2183168",fused,B,8,1,8,2,4,"0,2,4,6","true,true,true,true","0,0,0,0",true,true,true,avx2,0,0,0.0059564,67108864,1.12667e+10,18446744073404312357
stderr[4] T0-M correction passed: every Y[S x O_i] cell, fused/repeat/reference, A/B/C, S_tile=2/4/8, four shards, and one/four-worker accounting gate
invocation[5] label=size=512 R=8 variant=A
command[5] "D:\Install\Dev\Projects\IA\Ejercise\cpu-native-arch\build\t0m_int8_probe.exe" --D 512 --S 1 --R 8 --mode fused --variant A --S-tile 8 --workers 4 --cpus 0,2,4,6 --rows-per-worker 1211,1136,683,1066 --iterations 1 --timed-repetitions 8 --warmup 2
exit_code=0
stdout[5] D,S,R,O_i,B_i,rows_per_worker,bytes_per_worker,mode,variant,S_tile,iterations,timed_repetitions,warmup,worker_count,worker_list,affinity,affinity_error,affinity_succeeded,timed_repetitions_exact,avx2_supported,kernel_used,eviction_bytes,eviction_checksum,elapsed_seconds,mac_total,mac_per_second,checksum
512,1,8,"1211,1136,683,1066","620032,581632,349696,545792","1211,1136,683,1066","620032,581632,349696,545792",fused,A,8,1,8,2,4,"0,2,4,6","true,true,true,true","0,0,0,0",true,true,true,avx2,0,0,0.0116605,134217728,1.15105e+10,81541731
stderr[5] T0-M correction passed: every Y[S x O_i] cell, fused/repeat/reference, A/B/C, S_tile=2/4/8, four shards, and one/four-worker accounting gate
invocation[6] label=size=512 R=8 variant=B
command[6] "D:\Install\Dev\Projects\IA\Ejercise\cpu-native-arch\build\t0m_int8_probe.exe" --D 512 --S 1 --R 8 --mode fused --variant B --S-tile 8 --workers 4 --cpus 0,2,4,6 --rows-per-worker 1211,1136,683,1066 --iterations 1 --timed-repetitions 8 --warmup 2
exit_code=0
stdout[6] D,S,R,O_i,B_i,rows_per_worker,bytes_per_worker,mode,variant,S_tile,iterations,timed_repetitions,warmup,worker_count,worker_list,affinity,affinity_error,affinity_succeeded,timed_repetitions_exact,avx2_supported,kernel_used,eviction_bytes,eviction_checksum,elapsed_seconds,mac_total,mac_per_second,checksum
512,1,8,"1211,1136,683,1066","4960256,4653056,2797568,4366336","1211,1136,683,1066","4960256,4653056,2797568,4366336",fused,B,8,1,8,2,4,"0,2,4,6","true,true,true,true","0,0,0,0",true,true,true,avx2,0,0,0.016101,134217728,8.33599e+09,18446744072899154372
stderr[6] T0-M correction passed: every Y[S x O_i] cell, fused/repeat/reference, A/B/C, S_tile=2/4/8, four shards, and one/four-worker accounting gate
invocation[7] label=size=512 R=16 variant=A
command[7] "D:\Install\Dev\Projects\IA\Ejercise\cpu-native-arch\build\t0m_int8_probe.exe" --D 512 --S 1 --R 16 --mode fused --variant A --S-tile 8 --workers 4 --cpus 0,2,4,6 --rows-per-worker 1211,1136,683,1066 --iterations 1 --timed-repetitions 8 --warmup 2
exit_code=0
stdout[7] D,S,R,O_i,B_i,rows_per_worker,bytes_per_worker,mode,variant,S_tile,iterations,timed_repetitions,warmup,worker_count,worker_list,affinity,affinity_error,affinity_succeeded,timed_repetitions_exact,avx2_supported,kernel_used,eviction_bytes,eviction_checksum,elapsed_seconds,mac_total,mac_per_second,checksum
512,1,16,"1211,1136,683,1066","620032,581632,349696,545792","1211,1136,683,1066","620032,581632,349696,545792",fused,A,8,1,8,2,4,"0,2,4,6","true,true,true,true","0,0,0,0",true,true,true,avx2,0,0,0.0246271,268435456,1.09e+10,81541731
stderr[7] T0-M correction passed: every Y[S x O_i] cell, fused/repeat/reference, A/B/C, S_tile=2/4/8, four shards, and one/four-worker accounting gate
invocation[8] label=size=512 R=16 variant=B
command[8] "D:\Install\Dev\Projects\IA\Ejercise\cpu-native-arch\build\t0m_int8_probe.exe" --D 512 --S 1 --R 16 --mode fused --variant B --S-tile 8 --workers 4 --cpus 0,2,4,6 --rows-per-worker 1211,1136,683,1066 --iterations 1 --timed-repetitions 8 --warmup 2
exit_code=0
stdout[8] D,S,R,O_i,B_i,rows_per_worker,bytes_per_worker,mode,variant,S_tile,iterations,timed_repetitions,warmup,worker_count,worker_list,affinity,affinity_error,affinity_succeeded,timed_repetitions_exact,avx2_supported,kernel_used,eviction_bytes,eviction_checksum,elapsed_seconds,mac_total,mac_per_second,checksum
512,1,16,"1211,1136,683,1066","9920512,9306112,5595136,8732672","1211,1136,683,1066","9920512,9306112,5595136,8732672",fused,B,8,1,8,2,4,"0,2,4,6","true,true,true,true","0,0,0,0",true,true,true,avx2,0,0,0.0470488,268435456,5.70547e+09,18446744073530809057
stderr[8] T0-M correction passed: every Y[S x O_i] cell, fused/repeat/reference, A/B/C, S_tile=2/4/8, four shards, and one/four-worker accounting gate
invocation[9] label=size=768 R=1 variant=A
command[9] "D:\Install\Dev\Projects\IA\Ejercise\cpu-native-arch\build\t0m_int8_probe.exe" --D 512 --S 1 --R 1 --mode fused --variant A --S-tile 8 --workers 4 --cpus 0,2,4,6 --rows-per-worker 1816,1705,1023,1600 --iterations 1 --timed-repetitions 8 --warmup 2
exit_code=0
stdout[9] D,S,R,O_i,B_i,rows_per_worker,bytes_per_worker,mode,variant,S_tile,iterations,timed_repetitions,warmup,worker_count,worker_list,affinity,affinity_error,affinity_succeeded,timed_repetitions_exact,avx2_supported,kernel_used,eviction_bytes,eviction_checksum,elapsed_seconds,mac_total,mac_per_second,checksum
512,1,1,"1816,1705,1023,1600","929792,872960,523776,819200","1816,1705,1023,1600","929792,872960,523776,819200",fused,A,8,1,8,2,4,"0,2,4,6","true,true,true,true","0,0,0,0",true,true,true,avx2,0,0,0.0021326,25165824,1.18005e+10,18446744073656903484
stderr[9] T0-M correction passed: every Y[S x O_i] cell, fused/repeat/reference, A/B/C, S_tile=2/4/8, four shards, and one/four-worker accounting gate
invocation[10] label=size=768 R=1 variant=B
command[10] "D:\Install\Dev\Projects\IA\Ejercise\cpu-native-arch\build\t0m_int8_probe.exe" --D 512 --S 1 --R 1 --mode fused --variant B --S-tile 8 --workers 4 --cpus 0,2,4,6 --rows-per-worker 1816,1705,1023,1600 --iterations 1 --timed-repetitions 8 --warmup 2
exit_code=0
stdout[10] D,S,R,O_i,B_i,rows_per_worker,bytes_per_worker,mode,variant,S_tile,iterations,timed_repetitions,warmup,worker_count,worker_list,affinity,affinity_error,affinity_succeeded,timed_repetitions_exact,avx2_supported,kernel_used,eviction_bytes,eviction_checksum,elapsed_seconds,mac_total,mac_per_second,checksum
512,1,1,"1816,1705,1023,1600","929792,872960,523776,819200","1816,1705,1023,1600","929792,872960,523776,819200",fused,B,8,1,8,2,4,"0,2,4,6","true,true,true,true","0,0,0,0",true,true,true,avx2,0,0,0.0030578,25165824,8.23004e+09,18446744073656903484
stderr[10] T0-M correction passed: every Y[S x O_i] cell, fused/repeat/reference, A/B/C, S_tile=2/4/8, four shards, and one/four-worker accounting gate
invocation[11] label=size=768 R=4 variant=A
command[11] "D:\Install\Dev\Projects\IA\Ejercise\cpu-native-arch\build\t0m_int8_probe.exe" --D 512 --S 1 --R 4 --mode fused --variant A --S-tile 8 --workers 4 --cpus 0,2,4,6 --rows-per-worker 1816,1705,1023,1600 --iterations 1 --timed-repetitions 8 --warmup 2
exit_code=0
stdout[11] D,S,R,O_i,B_i,rows_per_worker,bytes_per_worker,mode,variant,S_tile,iterations,timed_repetitions,warmup,worker_count,worker_list,affinity,affinity_error,affinity_succeeded,timed_repetitions_exact,avx2_supported,kernel_used,eviction_bytes,eviction_checksum,elapsed_seconds,mac_total,mac_per_second,checksum
512,1,4,"1816,1705,1023,1600","929792,872960,523776,819200","1816,1705,1023,1600","929792,872960,523776,819200",fused,A,8,1,8,2,4,"0,2,4,6","true,true,true,true","0,0,0,0",true,true,true,avx2,0,0,0.0142409,100663296,7.0686e+09,18446744073656903484
stderr[11] T0-M correction passed: every Y[S x O_i] cell, fused/repeat/reference, A/B/C, S_tile=2/4/8, four shards, and one/four-worker accounting gate
invocation[12] label=size=768 R=4 variant=B
command[12] "D:\Install\Dev\Projects\IA\Ejercise\cpu-native-arch\build\t0m_int8_probe.exe" --D 512 --S 1 --R 4 --mode fused --variant B --S-tile 8 --workers 4 --cpus 0,2,4,6 --rows-per-worker 1816,1705,1023,1600 --iterations 1 --timed-repetitions 8 --warmup 2
exit_code=0
stdout[12] D,S,R,O_i,B_i,rows_per_worker,bytes_per_worker,mode,variant,S_tile,iterations,timed_repetitions,warmup,worker_count,worker_list,affinity,affinity_error,affinity_succeeded,timed_repetitions_exact,avx2_supported,kernel_used,eviction_bytes,eviction_checksum,elapsed_seconds,mac_total,mac_per_second,checksum
512,1,4,"1816,1705,1023,1600","3719168,3491840,2095104,3276800","1816,1705,1023,1600","3719168,3491840,2095104,3276800",fused,B,8,1,8,2,4,"0,2,4,6","true,true,true,true","0,0,0,0",true,true,true,avx2,0,0,0.0106843,100663296,9.42161e+09,18446744073105302100
stderr[12] T0-M correction passed: every Y[S x O_i] cell, fused/repeat/reference, A/B/C, S_tile=2/4/8, four shards, and one/four-worker accounting gate
invocation[13] label=size=768 R=8 variant=A
command[13] "D:\Install\Dev\Projects\IA\Ejercise\cpu-native-arch\build\t0m_int8_probe.exe" --D 512 --S 1 --R 8 --mode fused --variant A --S-tile 8 --workers 4 --cpus 0,2,4,6 --rows-per-worker 1816,1705,1023,1600 --iterations 1 --timed-repetitions 8 --warmup 2
exit_code=0
stdout[13] D,S,R,O_i,B_i,rows_per_worker,bytes_per_worker,mode,variant,S_tile,iterations,timed_repetitions,warmup,worker_count,worker_list,affinity,affinity_error,affinity_succeeded,timed_repetitions_exact,avx2_supported,kernel_used,eviction_bytes,eviction_checksum,elapsed_seconds,mac_total,mac_per_second,checksum
512,1,8,"1816,1705,1023,1600","929792,872960,523776,819200","1816,1705,1023,1600","929792,872960,523776,819200",fused,A,8,1,8,2,4,"0,2,4,6","true,true,true,true","0,0,0,0",true,true,true,avx2,0,0,0.0174423,201326592,1.15424e+10,18446744073656903484
stderr[13] T0-M correction passed: every Y[S x O_i] cell, fused/repeat/reference, A/B/C, S_tile=2/4/8, four shards, and one/four-worker accounting gate
invocation[14] label=size=768 R=8 variant=B
command[14] "D:\Install\Dev\Projects\IA\Ejercise\cpu-native-arch\build\t0m_int8_probe.exe" --D 512 --S 1 --R 8 --mode fused --variant B --S-tile 8 --workers 4 --cpus 0,2,4,6 --rows-per-worker 1816,1705,1023,1600 --iterations 1 --timed-repetitions 8 --warmup 2
exit_code=0
stdout[14] D,S,R,O_i,B_i,rows_per_worker,bytes_per_worker,mode,variant,S_tile,iterations,timed_repetitions,warmup,worker_count,worker_list,affinity,affinity_error,affinity_succeeded,timed_repetitions_exact,avx2_supported,kernel_used,eviction_bytes,eviction_checksum,elapsed_seconds,mac_total,mac_per_second,checksum
512,1,8,"1816,1705,1023,1600","7438336,6983680,4190208,6553600","1816,1705,1023,1600","7438336,6983680,4190208,6553600",fused,B,8,1,8,2,4,"0,2,4,6","true,true,true,true","0,0,0,0",true,true,true,avx2,0,0,0.0218981,201326592,9.19379e+09,18446744072251431697
stderr[14] T0-M correction passed: every Y[S x O_i] cell, fused/repeat/reference, A/B/C, S_tile=2/4/8, four shards, and one/four-worker accounting gate
invocation[15] label=size=768 R=16 variant=A
command[15] "D:\Install\Dev\Projects\IA\Ejercise\cpu-native-arch\build\t0m_int8_probe.exe" --D 512 --S 1 --R 16 --mode fused --variant A --S-tile 8 --workers 4 --cpus 0,2,4,6 --rows-per-worker 1816,1705,1023,1600 --iterations 1 --timed-repetitions 8 --warmup 2
exit_code=0
stdout[15] D,S,R,O_i,B_i,rows_per_worker,bytes_per_worker,mode,variant,S_tile,iterations,timed_repetitions,warmup,worker_count,worker_list,affinity,affinity_error,affinity_succeeded,timed_repetitions_exact,avx2_supported,kernel_used,eviction_bytes,eviction_checksum,elapsed_seconds,mac_total,mac_per_second,checksum
512,1,16,"1816,1705,1023,1600","929792,872960,523776,819200","1816,1705,1023,1600","929792,872960,523776,819200",fused,A,8,1,8,2,4,"0,2,4,6","true,true,true,true","0,0,0,0",true,true,true,avx2,0,0,0.0387335,402653184,1.03955e+10,18446744073656903484
stderr[15] T0-M correction passed: every Y[S x O_i] cell, fused/repeat/reference, A/B/C, S_tile=2/4/8, four shards, and one/four-worker accounting gate
invocation[16] label=size=768 R=16 variant=B
command[16] "D:\Install\Dev\Projects\IA\Ejercise\cpu-native-arch\build\t0m_int8_probe.exe" --D 512 --S 1 --R 16 --mode fused --variant B --S-tile 8 --workers 4 --cpus 0,2,4,6 --rows-per-worker 1816,1705,1023,1600 --iterations 1 --timed-repetitions 8 --warmup 2
exit_code=0
stdout[16] D,S,R,O_i,B_i,rows_per_worker,bytes_per_worker,mode,variant,S_tile,iterations,timed_repetitions,warmup,worker_count,worker_list,affinity,affinity_error,affinity_succeeded,timed_repetitions_exact,avx2_supported,kernel_used,eviction_bytes,eviction_checksum,elapsed_seconds,mac_total,mac_per_second,checksum
512,1,16,"1816,1705,1023,1600","14876672,13967360,8380416,13107200","1816,1705,1023,1600","14876672,13967360,8380416,13107200",fused,B,8,1,8,2,4,"0,2,4,6","true,true,true,true","0,0,0,0",true,true,true,avx2,0,0,0.0732622,402653184,5.49606e+09,18446744072675525801
stderr[16] T0-M correction passed: every Y[S x O_i] cell, fused/repeat/reference, A/B/C, S_tile=2/4/8, four shards, and one/four-worker accounting gate
