T0-M R16 combined compare diagnostic; measurement-only
started=2026-09-03T04:19:13.6114775-07:00
executable=D:\Install\Dev\Projects\IA\Ejercise\cpu-native-arch\build\t0m_int8_probe.exe
executable_sha256=43B25A70438ACFF9039F978630FEB848434BA873837DE4DA64361CCE37C0B7CB
self_test=not rerun per instruction
correction_self_test=already passed before run
mode_order=legacy,repeat,fused within each process
shared_workload_and_output_buffers=true
workers=4; cpus=0,2,4,6; iterations=1; timed-repetitions=8; warmup=2
invocation[1] target_kib=512 sample=1 variant=A
command[1] "D:\Install\Dev\Projects\IA\Ejercise\cpu-native-arch\build\t0m_int8_probe.exe" --D 512 --S 1 --R 16 --mode compare --variant A --S-tile 8 --workers 4 --cpus "0,2,4,6" --rows-per-worker "1211,1136,683,1066" --iterations 1 --timed-repetitions 8 --warmup 2
exit_code[1]=0 wall_seconds=1.032924
invocation[2] target_kib=512 sample=2 variant=A
command[2] "D:\Install\Dev\Projects\IA\Ejercise\cpu-native-arch\build\t0m_int8_probe.exe" --D 512 --S 1 --R 16 --mode compare --variant A --S-tile 8 --workers 4 --cpus "0,2,4,6" --rows-per-worker "1211,1136,683,1066" --iterations 1 --timed-repetitions 8 --warmup 2
exit_code[2]=0 wall_seconds=1.006579
invocation[3] target_kib=512 sample=3 variant=A
command[3] "D:\Install\Dev\Projects\IA\Ejercise\cpu-native-arch\build\t0m_int8_probe.exe" --D 512 --S 1 --R 16 --mode compare --variant A --S-tile 8 --workers 4 --cpus "0,2,4,6" --rows-per-worker "1211,1136,683,1066" --iterations 1 --timed-repetitions 8 --warmup 2
exit_code[3]=0 wall_seconds=1.012392
invocation[4] target_kib=512 sample=4 variant=A
command[4] "D:\Install\Dev\Projects\IA\Ejercise\cpu-native-arch\build\t0m_int8_probe.exe" --D 512 --S 1 --R 16 --mode compare --variant A --S-tile 8 --workers 4 --cpus "0,2,4,6" --rows-per-worker "1211,1136,683,1066" --iterations 1 --timed-repetitions 8 --warmup 2
exit_code[4]=0 wall_seconds=1.009922
invocation[5] target_kib=512 sample=5 variant=A
command[5] "D:\Install\Dev\Projects\IA\Ejercise\cpu-native-arch\build\t0m_int8_probe.exe" --D 512 --S 1 --R 16 --mode compare --variant A --S-tile 8 --workers 4 --cpus "0,2,4,6" --rows-per-worker "1211,1136,683,1066" --iterations 1 --timed-repetitions 8 --warmup 2
exit_code[5]=0 wall_seconds=1.02073
invocation[6] target_kib=512 sample=6 variant=A
command[6] "D:\Install\Dev\Projects\IA\Ejercise\cpu-native-arch\build\t0m_int8_probe.exe" --D 512 --S 1 --R 16 --mode compare --variant A --S-tile 8 --workers 4 --cpus "0,2,4,6" --rows-per-worker "1211,1136,683,1066" --iterations 1 --timed-repetitions 8 --warmup 2
exit_code[6]=0 wall_seconds=1.024435
invocation[7] target_kib=512 sample=7 variant=A
command[7] "D:\Install\Dev\Projects\IA\Ejercise\cpu-native-arch\build\t0m_int8_probe.exe" --D 512 --S 1 --R 16 --mode compare --variant A --S-tile 8 --workers 4 --cpus "0,2,4,6" --rows-per-worker "1211,1136,683,1066" --iterations 1 --timed-repetitions 8 --warmup 2
exit_code[7]=0 wall_seconds=1.02028
invocation[8] target_kib=512 sample=8 variant=A
command[8] "D:\Install\Dev\Projects\IA\Ejercise\cpu-native-arch\build\t0m_int8_probe.exe" --D 512 --S 1 --R 16 --mode compare --variant A --S-tile 8 --workers 4 --cpus "0,2,4,6" --rows-per-worker "1211,1136,683,1066" --iterations 1 --timed-repetitions 8 --warmup 2
exit_code[8]=0 wall_seconds=1.013593
invocation[9] target_kib=512 sample=9 variant=A
command[9] "D:\Install\Dev\Projects\IA\Ejercise\cpu-native-arch\build\t0m_int8_probe.exe" --D 512 --S 1 --R 16 --mode compare --variant A --S-tile 8 --workers 4 --cpus "0,2,4,6" --rows-per-worker "1211,1136,683,1066" --iterations 1 --timed-repetitions 8 --warmup 2
exit_code[9]=0 wall_seconds=1.01546
invocation[10] target_kib=512 sample=10 variant=A
command[10] "D:\Install\Dev\Projects\IA\Ejercise\cpu-native-arch\build\t0m_int8_probe.exe" --D 512 --S 1 --R 16 --mode compare --variant A --S-tile 8 --workers 4 --cpus "0,2,4,6" --rows-per-worker "1211,1136,683,1066" --iterations 1 --timed-repetitions 8 --warmup 2
exit_code[10]=0 wall_seconds=1.014684
invocation[11] target_kib=512 sample=1 variant=B
command[11] "D:\Install\Dev\Projects\IA\Ejercise\cpu-native-arch\build\t0m_int8_probe.exe" --D 512 --S 1 --R 16 --mode compare --variant B --S-tile 8 --workers 4 --cpus "0,2,4,6" --rows-per-worker "1211,1136,683,1066" --iterations 1 --timed-repetitions 8 --warmup 2
exit_code[11]=0 wall_seconds=1.012202
invocation[12] target_kib=512 sample=2 variant=B
command[12] "D:\Install\Dev\Projects\IA\Ejercise\cpu-native-arch\build\t0m_int8_probe.exe" --D 512 --S 1 --R 16 --mode compare --variant B --S-tile 8 --workers 4 --cpus "0,2,4,6" --rows-per-worker "1211,1136,683,1066" --iterations 1 --timed-repetitions 8 --warmup 2
exit_code[12]=0 wall_seconds=1.013645
invocation[13] target_kib=512 sample=3 variant=B
command[13] "D:\Install\Dev\Projects\IA\Ejercise\cpu-native-arch\build\t0m_int8_probe.exe" --D 512 --S 1 --R 16 --mode compare --variant B --S-tile 8 --workers 4 --cpus "0,2,4,6" --rows-per-worker "1211,1136,683,1066" --iterations 1 --timed-repetitions 8 --warmup 2
exit_code[13]=0 wall_seconds=1.0145
invocation[14] target_kib=512 sample=4 variant=B
command[14] "D:\Install\Dev\Projects\IA\Ejercise\cpu-native-arch\build\t0m_int8_probe.exe" --D 512 --S 1 --R 16 --mode compare --variant B --S-tile 8 --workers 4 --cpus "0,2,4,6" --rows-per-worker "1211,1136,683,1066" --iterations 1 --timed-repetitions 8 --warmup 2
exit_code[14]=0 wall_seconds=1.010914
invocation[15] target_kib=512 sample=5 variant=B
command[15] "D:\Install\Dev\Projects\IA\Ejercise\cpu-native-arch\build\t0m_int8_probe.exe" --D 512 --S 1 --R 16 --mode compare --variant B --S-tile 8 --workers 4 --cpus "0,2,4,6" --rows-per-worker "1211,1136,683,1066" --iterations 1 --timed-repetitions 8 --warmup 2
exit_code[15]=0 wall_seconds=1.014038
invocation[16] target_kib=512 sample=6 variant=B
command[16] "D:\Install\Dev\Projects\IA\Ejercise\cpu-native-arch\build\t0m_int8_probe.exe" --D 512 --S 1 --R 16 --mode compare --variant B --S-tile 8 --workers 4 --cpus "0,2,4,6" --rows-per-worker "1211,1136,683,1066" --iterations 1 --timed-repetitions 8 --warmup 2
exit_code[16]=0 wall_seconds=1.009607
invocation[17] target_kib=512 sample=7 variant=B
command[17] "D:\Install\Dev\Projects\IA\Ejercise\cpu-native-arch\build\t0m_int8_probe.exe" --D 512 --S 1 --R 16 --mode compare --variant B --S-tile 8 --workers 4 --cpus "0,2,4,6" --rows-per-worker "1211,1136,683,1066" --iterations 1 --timed-repetitions 8 --warmup 2
exit_code[17]=0 wall_seconds=1.011335
invocation[18] target_kib=512 sample=8 variant=B
command[18] "D:\Install\Dev\Projects\IA\Ejercise\cpu-native-arch\build\t0m_int8_probe.exe" --D 512 --S 1 --R 16 --mode compare --variant B --S-tile 8 --workers 4 --cpus "0,2,4,6" --rows-per-worker "1211,1136,683,1066" --iterations 1 --timed-repetitions 8 --warmup 2
exit_code[18]=0 wall_seconds=1.009483
invocation[19] target_kib=512 sample=9 variant=B
command[19] "D:\Install\Dev\Projects\IA\Ejercise\cpu-native-arch\build\t0m_int8_probe.exe" --D 512 --S 1 --R 16 --mode compare --variant B --S-tile 8 --workers 4 --cpus "0,2,4,6" --rows-per-worker "1211,1136,683,1066" --iterations 1 --timed-repetitions 8 --warmup 2
exit_code[19]=0 wall_seconds=1.016951
invocation[20] target_kib=512 sample=10 variant=B
command[20] "D:\Install\Dev\Projects\IA\Ejercise\cpu-native-arch\build\t0m_int8_probe.exe" --D 512 --S 1 --R 16 --mode compare --variant B --S-tile 8 --workers 4 --cpus "0,2,4,6" --rows-per-worker "1211,1136,683,1066" --iterations 1 --timed-repetitions 8 --warmup 2
exit_code[20]=0 wall_seconds=1.010134
invocation[21] target_kib=768 sample=1 variant=A
command[21] "D:\Install\Dev\Projects\IA\Ejercise\cpu-native-arch\build\t0m_int8_probe.exe" --D 512 --S 1 --R 16 --mode compare --variant A --S-tile 8 --workers 4 --cpus "0,2,4,6" --rows-per-worker "1816,1705,1023,1600" --iterations 1 --timed-repetitions 8 --warmup 2
exit_code[21]=0 wall_seconds=1.007942
invocation[22] target_kib=768 sample=2 variant=A
command[22] "D:\Install\Dev\Projects\IA\Ejercise\cpu-native-arch\build\t0m_int8_probe.exe" --D 512 --S 1 --R 16 --mode compare --variant A --S-tile 8 --workers 4 --cpus "0,2,4,6" --rows-per-worker "1816,1705,1023,1600" --iterations 1 --timed-repetitions 8 --warmup 2
exit_code[22]=0 wall_seconds=1.011848
invocation[23] target_kib=768 sample=3 variant=A
command[23] "D:\Install\Dev\Projects\IA\Ejercise\cpu-native-arch\build\t0m_int8_probe.exe" --D 512 --S 1 --R 16 --mode compare --variant A --S-tile 8 --workers 4 --cpus "0,2,4,6" --rows-per-worker "1816,1705,1023,1600" --iterations 1 --timed-repetitions 8 --warmup 2
exit_code[23]=0 wall_seconds=1.016271
invocation[24] target_kib=768 sample=4 variant=A
command[24] "D:\Install\Dev\Projects\IA\Ejercise\cpu-native-arch\build\t0m_int8_probe.exe" --D 512 --S 1 --R 16 --mode compare --variant A --S-tile 8 --workers 4 --cpus "0,2,4,6" --rows-per-worker "1816,1705,1023,1600" --iterations 1 --timed-repetitions 8 --warmup 2
exit_code[24]=0 wall_seconds=1.006456
invocation[25] target_kib=768 sample=5 variant=A
command[25] "D:\Install\Dev\Projects\IA\Ejercise\cpu-native-arch\build\t0m_int8_probe.exe" --D 512 --S 1 --R 16 --mode compare --variant A --S-tile 8 --workers 4 --cpus "0,2,4,6" --rows-per-worker "1816,1705,1023,1600" --iterations 1 --timed-repetitions 8 --warmup 2
exit_code[25]=0 wall_seconds=1.013684
invocation[26] target_kib=768 sample=6 variant=A
command[26] "D:\Install\Dev\Projects\IA\Ejercise\cpu-native-arch\build\t0m_int8_probe.exe" --D 512 --S 1 --R 16 --mode compare --variant A --S-tile 8 --workers 4 --cpus "0,2,4,6" --rows-per-worker "1816,1705,1023,1600" --iterations 1 --timed-repetitions 8 --warmup 2
exit_code[26]=0 wall_seconds=1.015941
invocation[27] target_kib=768 sample=7 variant=A
command[27] "D:\Install\Dev\Projects\IA\Ejercise\cpu-native-arch\build\t0m_int8_probe.exe" --D 512 --S 1 --R 16 --mode compare --variant A --S-tile 8 --workers 4 --cpus "0,2,4,6" --rows-per-worker "1816,1705,1023,1600" --iterations 1 --timed-repetitions 8 --warmup 2
exit_code[27]=0 wall_seconds=1.012869
invocation[28] target_kib=768 sample=8 variant=A
command[28] "D:\Install\Dev\Projects\IA\Ejercise\cpu-native-arch\build\t0m_int8_probe.exe" --D 512 --S 1 --R 16 --mode compare --variant A --S-tile 8 --workers 4 --cpus "0,2,4,6" --rows-per-worker "1816,1705,1023,1600" --iterations 1 --timed-repetitions 8 --warmup 2
exit_code[28]=0 wall_seconds=1.012386
invocation[29] target_kib=768 sample=9 variant=A
command[29] "D:\Install\Dev\Projects\IA\Ejercise\cpu-native-arch\build\t0m_int8_probe.exe" --D 512 --S 1 --R 16 --mode compare --variant A --S-tile 8 --workers 4 --cpus "0,2,4,6" --rows-per-worker "1816,1705,1023,1600" --iterations 1 --timed-repetitions 8 --warmup 2
exit_code[29]=0 wall_seconds=1.01075
invocation[30] target_kib=768 sample=10 variant=A
command[30] "D:\Install\Dev\Projects\IA\Ejercise\cpu-native-arch\build\t0m_int8_probe.exe" --D 512 --S 1 --R 16 --mode compare --variant A --S-tile 8 --workers 4 --cpus "0,2,4,6" --rows-per-worker "1816,1705,1023,1600" --iterations 1 --timed-repetitions 8 --warmup 2
exit_code[30]=0 wall_seconds=1.011678
invocation[31] target_kib=768 sample=1 variant=B
command[31] "D:\Install\Dev\Projects\IA\Ejercise\cpu-native-arch\build\t0m_int8_probe.exe" --D 512 --S 1 --R 16 --mode compare --variant B --S-tile 8 --workers 4 --cpus "0,2,4,6" --rows-per-worker "1816,1705,1023,1600" --iterations 1 --timed-repetitions 8 --warmup 2
exit_code[31]=0 wall_seconds=1.024231
invocation[32] target_kib=768 sample=2 variant=B
command[32] "D:\Install\Dev\Projects\IA\Ejercise\cpu-native-arch\build\t0m_int8_probe.exe" --D 512 --S 1 --R 16 --mode compare --variant B --S-tile 8 --workers 4 --cpus "0,2,4,6" --rows-per-worker "1816,1705,1023,1600" --iterations 1 --timed-repetitions 8 --warmup 2
exit_code[32]=0 wall_seconds=1.010283
invocation[33] target_kib=768 sample=3 variant=B
command[33] "D:\Install\Dev\Projects\IA\Ejercise\cpu-native-arch\build\t0m_int8_probe.exe" --D 512 --S 1 --R 16 --mode compare --variant B --S-tile 8 --workers 4 --cpus "0,2,4,6" --rows-per-worker "1816,1705,1023,1600" --iterations 1 --timed-repetitions 8 --warmup 2
exit_code[33]=0 wall_seconds=1.016766
invocation[34] target_kib=768 sample=4 variant=B
command[34] "D:\Install\Dev\Projects\IA\Ejercise\cpu-native-arch\build\t0m_int8_probe.exe" --D 512 --S 1 --R 16 --mode compare --variant B --S-tile 8 --workers 4 --cpus "0,2,4,6" --rows-per-worker "1816,1705,1023,1600" --iterations 1 --timed-repetitions 8 --warmup 2
exit_code[34]=0 wall_seconds=1.009228
invocation[35] target_kib=768 sample=5 variant=B
command[35] "D:\Install\Dev\Projects\IA\Ejercise\cpu-native-arch\build\t0m_int8_probe.exe" --D 512 --S 1 --R 16 --mode compare --variant B --S-tile 8 --workers 4 --cpus "0,2,4,6" --rows-per-worker "1816,1705,1023,1600" --iterations 1 --timed-repetitions 8 --warmup 2
exit_code[35]=0 wall_seconds=1.010848
invocation[36] target_kib=768 sample=6 variant=B
command[36] "D:\Install\Dev\Projects\IA\Ejercise\cpu-native-arch\build\t0m_int8_probe.exe" --D 512 --S 1 --R 16 --mode compare --variant B --S-tile 8 --workers 4 --cpus "0,2,4,6" --rows-per-worker "1816,1705,1023,1600" --iterations 1 --timed-repetitions 8 --warmup 2
exit_code[36]=0 wall_seconds=1.013404
invocation[37] target_kib=768 sample=7 variant=B
command[37] "D:\Install\Dev\Projects\IA\Ejercise\cpu-native-arch\build\t0m_int8_probe.exe" --D 512 --S 1 --R 16 --mode compare --variant B --S-tile 8 --workers 4 --cpus "0,2,4,6" --rows-per-worker "1816,1705,1023,1600" --iterations 1 --timed-repetitions 8 --warmup 2
exit_code[37]=0 wall_seconds=1.013427
invocation[38] target_kib=768 sample=8 variant=B
command[38] "D:\Install\Dev\Projects\IA\Ejercise\cpu-native-arch\build\t0m_int8_probe.exe" --D 512 --S 1 --R 16 --mode compare --variant B --S-tile 8 --workers 4 --cpus "0,2,4,6" --rows-per-worker "1816,1705,1023,1600" --iterations 1 --timed-repetitions 8 --warmup 2
exit_code[38]=0 wall_seconds=1.009551
invocation[39] target_kib=768 sample=9 variant=B
command[39] "D:\Install\Dev\Projects\IA\Ejercise\cpu-native-arch\build\t0m_int8_probe.exe" --D 512 --S 1 --R 16 --mode compare --variant B --S-tile 8 --workers 4 --cpus "0,2,4,6" --rows-per-worker "1816,1705,1023,1600" --iterations 1 --timed-repetitions 8 --warmup 2
exit_code[39]=0 wall_seconds=1.00911
invocation[40] target_kib=768 sample=10 variant=B
command[40] "D:\Install\Dev\Projects\IA\Ejercise\cpu-native-arch\build\t0m_int8_probe.exe" --D 512 --S 1 --R 16 --mode compare --variant B --S-tile 8 --workers 4 --cpus "0,2,4,6" --rows-per-worker "1816,1705,1023,1600" --iterations 1 --timed-repetitions 8 --warmup 2
exit_code[40]=0 wall_seconds=1.015045
finished=2026-09-03T04:19:54.3699000-07:00
measurement_invocations=40
self_test_invocations=0
phase3_invocations=0
phase4_invocations=0
