T0-R block timing diagnostic stderr
boundaries=QPC immediately before and after make_data block-construction loop; input fill and all code outside loop excluded
bclone_first=first WeightBlock copy plus push_back operation only; clone_copy_elapsed_seconds=sum of each clone copy operation; remaining=total-first
diagnostic_enabled=True
invocation=1 block_timing variant=A worker=0 cpu=0 row=1332 block_loop_elapsed_seconds=0.0017221 first_clone_copy_elapsed_seconds=0 clone_copy_elapsed_seconds=0 remaining_clone_copy_elapsed_seconds=0
invocation=1 block_timing variant=A worker=1 cpu=2 row=807 block_loop_elapsed_seconds=0.0011565 first_clone_copy_elapsed_seconds=0 clone_copy_elapsed_seconds=0 remaining_clone_copy_elapsed_seconds=0
invocation=1 block_timing variant=A worker=2 cpu=4 row=965 block_loop_elapsed_seconds=0.00134 first_clone_copy_elapsed_seconds=0 clone_copy_elapsed_seconds=0 remaining_clone_copy_elapsed_seconds=0
invocation=1 block_timing variant=A worker=3 cpu=6 row=992 block_loop_elapsed_seconds=0.0013945 first_clone_copy_elapsed_seconds=0 clone_copy_elapsed_seconds=0 remaining_clone_copy_elapsed_seconds=0
invocation=2 block_timing variant=B worker=0 cpu=0 row=1332 block_loop_elapsed_seconds=0.0194158 first_clone_copy_elapsed_seconds=0 clone_copy_elapsed_seconds=0 remaining_clone_copy_elapsed_seconds=0
invocation=2 block_timing variant=B worker=1 cpu=2 row=807 block_loop_elapsed_seconds=0.0120855 first_clone_copy_elapsed_seconds=0 clone_copy_elapsed_seconds=0 remaining_clone_copy_elapsed_seconds=0
invocation=2 block_timing variant=B worker=2 cpu=4 row=965 block_loop_elapsed_seconds=0.0164048 first_clone_copy_elapsed_seconds=0 clone_copy_elapsed_seconds=0 remaining_clone_copy_elapsed_seconds=0
invocation=2 block_timing variant=B worker=3 cpu=6 row=992 block_loop_elapsed_seconds=0.0157977 first_clone_copy_elapsed_seconds=0 clone_copy_elapsed_seconds=0 remaining_clone_copy_elapsed_seconds=0
invocation=3 block_timing variant=Bclone worker=0 cpu=0 row=1332 block_loop_elapsed_seconds=0.0047842 first_clone_copy_elapsed_seconds=0.0003282 clone_copy_elapsed_seconds=0.0036906 remaining_clone_copy_elapsed_seconds=0.0033624
invocation=3 block_timing variant=Bclone worker=1 cpu=2 row=807 block_loop_elapsed_seconds=0.0037138 first_clone_copy_elapsed_seconds=0.0001262 clone_copy_elapsed_seconds=0.002792 remaining_clone_copy_elapsed_seconds=0.0026658
invocation=3 block_timing variant=Bclone worker=2 cpu=4 row=965 block_loop_elapsed_seconds=0.0035384 first_clone_copy_elapsed_seconds=8.27e-05 clone_copy_elapsed_seconds=0.0027336 remaining_clone_copy_elapsed_seconds=0.0026509
invocation=3 block_timing variant=Bclone worker=3 cpu=6 row=992 block_loop_elapsed_seconds=0.0040349 first_clone_copy_elapsed_seconds=0.0001798 clone_copy_elapsed_seconds=0.0029378 remaining_clone_copy_elapsed_seconds=0.002758
invocation=4 block_timing variant=Bclone worker=0 cpu=0 row=1332 block_loop_elapsed_seconds=0.0045232 first_clone_copy_elapsed_seconds=0.0001867 clone_copy_elapsed_seconds=0.0031503 remaining_clone_copy_elapsed_seconds=0.0029636
invocation=4 block_timing variant=Bclone worker=1 cpu=2 row=807 block_loop_elapsed_seconds=0.0027082 first_clone_copy_elapsed_seconds=8.2e-05 clone_copy_elapsed_seconds=0.0018116 remaining_clone_copy_elapsed_seconds=0.0017296
invocation=4 block_timing variant=Bclone worker=2 cpu=4 row=965 block_loop_elapsed_seconds=0.002775 first_clone_copy_elapsed_seconds=7.51e-05 clone_copy_elapsed_seconds=0.0020022 remaining_clone_copy_elapsed_seconds=0.0019271
invocation=4 block_timing variant=Bclone worker=3 cpu=6 row=992 block_loop_elapsed_seconds=0.003315 first_clone_copy_elapsed_seconds=8.9e-05 clone_copy_elapsed_seconds=0.0022601 remaining_clone_copy_elapsed_seconds=0.0021711
invocation=5 block_timing variant=B worker=0 cpu=0 row=1332 block_loop_elapsed_seconds=0.0202375 first_clone_copy_elapsed_seconds=0 clone_copy_elapsed_seconds=0 remaining_clone_copy_elapsed_seconds=0
invocation=5 block_timing variant=B worker=1 cpu=2 row=807 block_loop_elapsed_seconds=0.0137101 first_clone_copy_elapsed_seconds=0 clone_copy_elapsed_seconds=0 remaining_clone_copy_elapsed_seconds=0
invocation=5 block_timing variant=B worker=2 cpu=4 row=965 block_loop_elapsed_seconds=0.0164912 first_clone_copy_elapsed_seconds=0 clone_copy_elapsed_seconds=0 remaining_clone_copy_elapsed_seconds=0
invocation=5 block_timing variant=B worker=3 cpu=6 row=992 block_loop_elapsed_seconds=0.0162645 first_clone_copy_elapsed_seconds=0 clone_copy_elapsed_seconds=0 remaining_clone_copy_elapsed_seconds=0
invocation=6 block_timing variant=A worker=0 cpu=0 row=1332 block_loop_elapsed_seconds=0.001419 first_clone_copy_elapsed_seconds=0 clone_copy_elapsed_seconds=0 remaining_clone_copy_elapsed_seconds=0
invocation=6 block_timing variant=A worker=1 cpu=2 row=807 block_loop_elapsed_seconds=0.0009149 first_clone_copy_elapsed_seconds=0 clone_copy_elapsed_seconds=0 remaining_clone_copy_elapsed_seconds=0
invocation=6 block_timing variant=A worker=2 cpu=4 row=965 block_loop_elapsed_seconds=0.000796 first_clone_copy_elapsed_seconds=0 clone_copy_elapsed_seconds=0 remaining_clone_copy_elapsed_seconds=0
invocation=6 block_timing variant=A worker=3 cpu=6 row=992 block_loop_elapsed_seconds=0.0011005 first_clone_copy_elapsed_seconds=0 clone_copy_elapsed_seconds=0 remaining_clone_copy_elapsed_seconds=0
invocation=7 block_timing variant=A worker=0 cpu=0 row=1332 block_loop_elapsed_seconds=0.0014111 first_clone_copy_elapsed_seconds=0 clone_copy_elapsed_seconds=0 remaining_clone_copy_elapsed_seconds=0
invocation=7 block_timing variant=A worker=1 cpu=2 row=807 block_loop_elapsed_seconds=0.0006306 first_clone_copy_elapsed_seconds=0 clone_copy_elapsed_seconds=0 remaining_clone_copy_elapsed_seconds=0
invocation=7 block_timing variant=A worker=2 cpu=4 row=965 block_loop_elapsed_seconds=0.0009923 first_clone_copy_elapsed_seconds=0 clone_copy_elapsed_seconds=0 remaining_clone_copy_elapsed_seconds=0
invocation=7 block_timing variant=A worker=3 cpu=6 row=992 block_loop_elapsed_seconds=0.0011119 first_clone_copy_elapsed_seconds=0 clone_copy_elapsed_seconds=0 remaining_clone_copy_elapsed_seconds=0
invocation=8 block_timing variant=B worker=0 cpu=0 row=1332 block_loop_elapsed_seconds=0.019153 first_clone_copy_elapsed_seconds=0 clone_copy_elapsed_seconds=0 remaining_clone_copy_elapsed_seconds=0
invocation=8 block_timing variant=B worker=1 cpu=2 row=807 block_loop_elapsed_seconds=0.0124775 first_clone_copy_elapsed_seconds=0 clone_copy_elapsed_seconds=0 remaining_clone_copy_elapsed_seconds=0
invocation=8 block_timing variant=B worker=2 cpu=4 row=965 block_loop_elapsed_seconds=0.0144938 first_clone_copy_elapsed_seconds=0 clone_copy_elapsed_seconds=0 remaining_clone_copy_elapsed_seconds=0
invocation=8 block_timing variant=B worker=3 cpu=6 row=992 block_loop_elapsed_seconds=0.0159079 first_clone_copy_elapsed_seconds=0 clone_copy_elapsed_seconds=0 remaining_clone_copy_elapsed_seconds=0
invocation=9 block_timing variant=Bclone worker=0 cpu=0 row=1332 block_loop_elapsed_seconds=0.006156 first_clone_copy_elapsed_seconds=0.0002716 clone_copy_elapsed_seconds=0.0045649 remaining_clone_copy_elapsed_seconds=0.0042933
invocation=9 block_timing variant=Bclone worker=1 cpu=2 row=807 block_loop_elapsed_seconds=0.003624 first_clone_copy_elapsed_seconds=0.0001181 clone_copy_elapsed_seconds=0.0026546 remaining_clone_copy_elapsed_seconds=0.0025365
invocation=9 block_timing variant=Bclone worker=2 cpu=4 row=965 block_loop_elapsed_seconds=0.0038298 first_clone_copy_elapsed_seconds=0.0001566 clone_copy_elapsed_seconds=0.0028348 remaining_clone_copy_elapsed_seconds=0.0026782
invocation=9 block_timing variant=Bclone worker=3 cpu=6 row=992 block_loop_elapsed_seconds=0.0048886 first_clone_copy_elapsed_seconds=0.0002482 clone_copy_elapsed_seconds=0.0036274 remaining_clone_copy_elapsed_seconds=0.0033792
invocation=10 block_timing variant=Bclone worker=0 cpu=0 row=1332 block_loop_elapsed_seconds=0.0041731 first_clone_copy_elapsed_seconds=0.000176 clone_copy_elapsed_seconds=0.0030902 remaining_clone_copy_elapsed_seconds=0.0029142
invocation=10 block_timing variant=Bclone worker=1 cpu=2 row=807 block_loop_elapsed_seconds=0.0028825 first_clone_copy_elapsed_seconds=8.39e-05 clone_copy_elapsed_seconds=0.0020284 remaining_clone_copy_elapsed_seconds=0.0019445
invocation=10 block_timing variant=Bclone worker=2 cpu=4 row=965 block_loop_elapsed_seconds=0.0033389 first_clone_copy_elapsed_seconds=9.48e-05 clone_copy_elapsed_seconds=0.0025597 remaining_clone_copy_elapsed_seconds=0.0024649
invocation=10 block_timing variant=Bclone worker=3 cpu=6 row=992 block_loop_elapsed_seconds=0.0035534 first_clone_copy_elapsed_seconds=0.0002129 clone_copy_elapsed_seconds=0.0024419 remaining_clone_copy_elapsed_seconds=0.002229
invocation=11 block_timing variant=B worker=0 cpu=0 row=1332 block_loop_elapsed_seconds=0.0214111 first_clone_copy_elapsed_seconds=0 clone_copy_elapsed_seconds=0 remaining_clone_copy_elapsed_seconds=0
invocation=11 block_timing variant=B worker=1 cpu=2 row=807 block_loop_elapsed_seconds=0.0123589 first_clone_copy_elapsed_seconds=0 clone_copy_elapsed_seconds=0 remaining_clone_copy_elapsed_seconds=0
invocation=11 block_timing variant=B worker=2 cpu=4 row=965 block_loop_elapsed_seconds=0.0159698 first_clone_copy_elapsed_seconds=0 clone_copy_elapsed_seconds=0 remaining_clone_copy_elapsed_seconds=0
invocation=11 block_timing variant=B worker=3 cpu=6 row=992 block_loop_elapsed_seconds=0.0167409 first_clone_copy_elapsed_seconds=0 clone_copy_elapsed_seconds=0 remaining_clone_copy_elapsed_seconds=0
invocation=12 block_timing variant=A worker=0 cpu=0 row=1332 block_loop_elapsed_seconds=0.0010776 first_clone_copy_elapsed_seconds=0 clone_copy_elapsed_seconds=0 remaining_clone_copy_elapsed_seconds=0
invocation=12 block_timing variant=A worker=1 cpu=2 row=807 block_loop_elapsed_seconds=0.0008612 first_clone_copy_elapsed_seconds=0 clone_copy_elapsed_seconds=0 remaining_clone_copy_elapsed_seconds=0
invocation=12 block_timing variant=A worker=2 cpu=4 row=965 block_loop_elapsed_seconds=0.0008038 first_clone_copy_elapsed_seconds=0 clone_copy_elapsed_seconds=0 remaining_clone_copy_elapsed_seconds=0
invocation=12 block_timing variant=A worker=3 cpu=6 row=992 block_loop_elapsed_seconds=0.0010574 first_clone_copy_elapsed_seconds=0 clone_copy_elapsed_seconds=0 remaining_clone_copy_elapsed_seconds=0
invocation=13 block_timing variant=A worker=0 cpu=0 row=1332 block_loop_elapsed_seconds=0.0010409 first_clone_copy_elapsed_seconds=0 clone_copy_elapsed_seconds=0 remaining_clone_copy_elapsed_seconds=0
invocation=13 block_timing variant=A worker=1 cpu=2 row=807 block_loop_elapsed_seconds=0.0008224 first_clone_copy_elapsed_seconds=0 clone_copy_elapsed_seconds=0 remaining_clone_copy_elapsed_seconds=0
invocation=13 block_timing variant=A worker=2 cpu=4 row=965 block_loop_elapsed_seconds=0.0010327 first_clone_copy_elapsed_seconds=0 clone_copy_elapsed_seconds=0 remaining_clone_copy_elapsed_seconds=0
invocation=13 block_timing variant=A worker=3 cpu=6 row=992 block_loop_elapsed_seconds=0.0008629 first_clone_copy_elapsed_seconds=0 clone_copy_elapsed_seconds=0 remaining_clone_copy_elapsed_seconds=0
invocation=14 block_timing variant=B worker=0 cpu=0 row=1332 block_loop_elapsed_seconds=0.0206594 first_clone_copy_elapsed_seconds=0 clone_copy_elapsed_seconds=0 remaining_clone_copy_elapsed_seconds=0
invocation=14 block_timing variant=B worker=1 cpu=2 row=807 block_loop_elapsed_seconds=0.0134333 first_clone_copy_elapsed_seconds=0 clone_copy_elapsed_seconds=0 remaining_clone_copy_elapsed_seconds=0
invocation=14 block_timing variant=B worker=2 cpu=4 row=965 block_loop_elapsed_seconds=0.0161544 first_clone_copy_elapsed_seconds=0 clone_copy_elapsed_seconds=0 remaining_clone_copy_elapsed_seconds=0
invocation=14 block_timing variant=B worker=3 cpu=6 row=992 block_loop_elapsed_seconds=0.0167814 first_clone_copy_elapsed_seconds=0 clone_copy_elapsed_seconds=0 remaining_clone_copy_elapsed_seconds=0
invocation=15 block_timing variant=Bclone worker=0 cpu=0 row=1332 block_loop_elapsed_seconds=0.00488 first_clone_copy_elapsed_seconds=0.0001722 clone_copy_elapsed_seconds=0.0038295 remaining_clone_copy_elapsed_seconds=0.0036573
invocation=15 block_timing variant=Bclone worker=1 cpu=2 row=807 block_loop_elapsed_seconds=0.0028922 first_clone_copy_elapsed_seconds=6.04e-05 clone_copy_elapsed_seconds=0.0022179 remaining_clone_copy_elapsed_seconds=0.0021575
invocation=15 block_timing variant=Bclone worker=2 cpu=4 row=965 block_loop_elapsed_seconds=0.0045776 first_clone_copy_elapsed_seconds=0.0002758 clone_copy_elapsed_seconds=0.0035074 remaining_clone_copy_elapsed_seconds=0.0032316
invocation=15 block_timing variant=Bclone worker=3 cpu=6 row=992 block_loop_elapsed_seconds=0.0043274 first_clone_copy_elapsed_seconds=0.0002418 clone_copy_elapsed_seconds=0.0031211 remaining_clone_copy_elapsed_seconds=0.0028793
invocation=16 block_timing variant=Bclone worker=0 cpu=0 row=1332 block_loop_elapsed_seconds=0.0046391 first_clone_copy_elapsed_seconds=0.0001393 clone_copy_elapsed_seconds=0.0036498 remaining_clone_copy_elapsed_seconds=0.0035105
invocation=16 block_timing variant=Bclone worker=1 cpu=2 row=807 block_loop_elapsed_seconds=0.0027533 first_clone_copy_elapsed_seconds=4.98e-05 clone_copy_elapsed_seconds=0.0019243 remaining_clone_copy_elapsed_seconds=0.0018745
invocation=16 block_timing variant=Bclone worker=2 cpu=4 row=965 block_loop_elapsed_seconds=0.0037628 first_clone_copy_elapsed_seconds=0.0001313 clone_copy_elapsed_seconds=0.0027086 remaining_clone_copy_elapsed_seconds=0.0025773
invocation=16 block_timing variant=Bclone worker=3 cpu=6 row=992 block_loop_elapsed_seconds=0.0036435 first_clone_copy_elapsed_seconds=0.000155 clone_copy_elapsed_seconds=0.0025554 remaining_clone_copy_elapsed_seconds=0.0024004
invocation=17 block_timing variant=B worker=0 cpu=0 row=1332 block_loop_elapsed_seconds=0.0198056 first_clone_copy_elapsed_seconds=0 clone_copy_elapsed_seconds=0 remaining_clone_copy_elapsed_seconds=0
invocation=17 block_timing variant=B worker=1 cpu=2 row=807 block_loop_elapsed_seconds=0.0120866 first_clone_copy_elapsed_seconds=0 clone_copy_elapsed_seconds=0 remaining_clone_copy_elapsed_seconds=0
invocation=17 block_timing variant=B worker=2 cpu=4 row=965 block_loop_elapsed_seconds=0.0152488 first_clone_copy_elapsed_seconds=0 clone_copy_elapsed_seconds=0 remaining_clone_copy_elapsed_seconds=0
invocation=17 block_timing variant=B worker=3 cpu=6 row=992 block_loop_elapsed_seconds=0.0172491 first_clone_copy_elapsed_seconds=0 clone_copy_elapsed_seconds=0 remaining_clone_copy_elapsed_seconds=0
invocation=18 block_timing variant=A worker=0 cpu=0 row=1332 block_loop_elapsed_seconds=0.0013413 first_clone_copy_elapsed_seconds=0 clone_copy_elapsed_seconds=0 remaining_clone_copy_elapsed_seconds=0
invocation=18 block_timing variant=A worker=1 cpu=2 row=807 block_loop_elapsed_seconds=0.0008778 first_clone_copy_elapsed_seconds=0 clone_copy_elapsed_seconds=0 remaining_clone_copy_elapsed_seconds=0
invocation=18 block_timing variant=A worker=2 cpu=4 row=965 block_loop_elapsed_seconds=0.0010653 first_clone_copy_elapsed_seconds=0 clone_copy_elapsed_seconds=0 remaining_clone_copy_elapsed_seconds=0
invocation=18 block_timing variant=A worker=3 cpu=6 row=992 block_loop_elapsed_seconds=0.0012409 first_clone_copy_elapsed_seconds=0 clone_copy_elapsed_seconds=0 remaining_clone_copy_elapsed_seconds=0
invocation=19 block_timing variant=A worker=0 cpu=0 row=1332 block_loop_elapsed_seconds=0.0014432 first_clone_copy_elapsed_seconds=0 clone_copy_elapsed_seconds=0 remaining_clone_copy_elapsed_seconds=0
invocation=19 block_timing variant=A worker=1 cpu=2 row=807 block_loop_elapsed_seconds=0.0006313 first_clone_copy_elapsed_seconds=0 clone_copy_elapsed_seconds=0 remaining_clone_copy_elapsed_seconds=0
invocation=19 block_timing variant=A worker=2 cpu=4 row=965 block_loop_elapsed_seconds=0.0010377 first_clone_copy_elapsed_seconds=0 clone_copy_elapsed_seconds=0 remaining_clone_copy_elapsed_seconds=0
invocation=19 block_timing variant=A worker=3 cpu=6 row=992 block_loop_elapsed_seconds=0.0010935 first_clone_copy_elapsed_seconds=0 clone_copy_elapsed_seconds=0 remaining_clone_copy_elapsed_seconds=0
invocation=20 block_timing variant=B worker=0 cpu=0 row=1332 block_loop_elapsed_seconds=0.0193417 first_clone_copy_elapsed_seconds=0 clone_copy_elapsed_seconds=0 remaining_clone_copy_elapsed_seconds=0
invocation=20 block_timing variant=B worker=1 cpu=2 row=807 block_loop_elapsed_seconds=0.0131445 first_clone_copy_elapsed_seconds=0 clone_copy_elapsed_seconds=0 remaining_clone_copy_elapsed_seconds=0
invocation=20 block_timing variant=B worker=2 cpu=4 row=965 block_loop_elapsed_seconds=0.0160598 first_clone_copy_elapsed_seconds=0 clone_copy_elapsed_seconds=0 remaining_clone_copy_elapsed_seconds=0
invocation=20 block_timing variant=B worker=3 cpu=6 row=992 block_loop_elapsed_seconds=0.0147531 first_clone_copy_elapsed_seconds=0 clone_copy_elapsed_seconds=0 remaining_clone_copy_elapsed_seconds=0
invocation=21 block_timing variant=Bclone worker=0 cpu=0 row=1332 block_loop_elapsed_seconds=0.004883 first_clone_copy_elapsed_seconds=0.0002325 clone_copy_elapsed_seconds=0.0034704 remaining_clone_copy_elapsed_seconds=0.0032379
invocation=21 block_timing variant=Bclone worker=1 cpu=2 row=807 block_loop_elapsed_seconds=0.0031087 first_clone_copy_elapsed_seconds=9.95e-05 clone_copy_elapsed_seconds=0.0021896 remaining_clone_copy_elapsed_seconds=0.0020901
invocation=21 block_timing variant=Bclone worker=2 cpu=4 row=965 block_loop_elapsed_seconds=0.0030674 first_clone_copy_elapsed_seconds=7.43e-05 clone_copy_elapsed_seconds=0.0023038 remaining_clone_copy_elapsed_seconds=0.0022295
invocation=21 block_timing variant=Bclone worker=3 cpu=6 row=992 block_loop_elapsed_seconds=0.0038412 first_clone_copy_elapsed_seconds=0.0001665 clone_copy_elapsed_seconds=0.0027813 remaining_clone_copy_elapsed_seconds=0.0026148
invocation=22 block_timing variant=Bclone worker=0 cpu=0 row=1332 block_loop_elapsed_seconds=0.0055422 first_clone_copy_elapsed_seconds=0.0002303 clone_copy_elapsed_seconds=0.0037388 remaining_clone_copy_elapsed_seconds=0.0035085
invocation=22 block_timing variant=Bclone worker=1 cpu=2 row=807 block_loop_elapsed_seconds=0.0026853 first_clone_copy_elapsed_seconds=0.0001001 clone_copy_elapsed_seconds=0.0020096 remaining_clone_copy_elapsed_seconds=0.0019095
invocation=22 block_timing variant=Bclone worker=2 cpu=4 row=965 block_loop_elapsed_seconds=0.0026726 first_clone_copy_elapsed_seconds=0.0001083 clone_copy_elapsed_seconds=0.0018975 remaining_clone_copy_elapsed_seconds=0.0017892
invocation=22 block_timing variant=Bclone worker=3 cpu=6 row=992 block_loop_elapsed_seconds=0.0039109 first_clone_copy_elapsed_seconds=0.0001787 clone_copy_elapsed_seconds=0.0028561 remaining_clone_copy_elapsed_seconds=0.0026774
invocation=23 block_timing variant=B worker=0 cpu=0 row=1332 block_loop_elapsed_seconds=0.0224077 first_clone_copy_elapsed_seconds=0 clone_copy_elapsed_seconds=0 remaining_clone_copy_elapsed_seconds=0
invocation=23 block_timing variant=B worker=1 cpu=2 row=807 block_loop_elapsed_seconds=0.0138724 first_clone_copy_elapsed_seconds=0 clone_copy_elapsed_seconds=0 remaining_clone_copy_elapsed_seconds=0
invocation=23 block_timing variant=B worker=2 cpu=4 row=965 block_loop_elapsed_seconds=0.0160083 first_clone_copy_elapsed_seconds=0 clone_copy_elapsed_seconds=0 remaining_clone_copy_elapsed_seconds=0
invocation=23 block_timing variant=B worker=3 cpu=6 row=992 block_loop_elapsed_seconds=0.0170724 first_clone_copy_elapsed_seconds=0 clone_copy_elapsed_seconds=0 remaining_clone_copy_elapsed_seconds=0
invocation=24 block_timing variant=A worker=0 cpu=0 row=1332 block_loop_elapsed_seconds=0.0014247 first_clone_copy_elapsed_seconds=0 clone_copy_elapsed_seconds=0 remaining_clone_copy_elapsed_seconds=0
invocation=24 block_timing variant=A worker=1 cpu=2 row=807 block_loop_elapsed_seconds=0.0007014 first_clone_copy_elapsed_seconds=0 clone_copy_elapsed_seconds=0 remaining_clone_copy_elapsed_seconds=0
invocation=24 block_timing variant=A worker=2 cpu=4 row=965 block_loop_elapsed_seconds=0.0010223 first_clone_copy_elapsed_seconds=0 clone_copy_elapsed_seconds=0 remaining_clone_copy_elapsed_seconds=0
invocation=24 block_timing variant=A worker=3 cpu=6 row=992 block_loop_elapsed_seconds=0.0011559 first_clone_copy_elapsed_seconds=0 clone_copy_elapsed_seconds=0 remaining_clone_copy_elapsed_seconds=0
invocation=25 block_timing variant=A worker=0 cpu=0 row=1332 block_loop_elapsed_seconds=0.0014853 first_clone_copy_elapsed_seconds=0 clone_copy_elapsed_seconds=0 remaining_clone_copy_elapsed_seconds=0
invocation=25 block_timing variant=A worker=1 cpu=2 row=807 block_loop_elapsed_seconds=0.0008716 first_clone_copy_elapsed_seconds=0 clone_copy_elapsed_seconds=0 remaining_clone_copy_elapsed_seconds=0
invocation=25 block_timing variant=A worker=2 cpu=4 row=965 block_loop_elapsed_seconds=0.0011774 first_clone_copy_elapsed_seconds=0 clone_copy_elapsed_seconds=0 remaining_clone_copy_elapsed_seconds=0
invocation=25 block_timing variant=A worker=3 cpu=6 row=992 block_loop_elapsed_seconds=0.0011389 first_clone_copy_elapsed_seconds=0 clone_copy_elapsed_seconds=0 remaining_clone_copy_elapsed_seconds=0
invocation=26 block_timing variant=B worker=0 cpu=0 row=1332 block_loop_elapsed_seconds=0.0231529 first_clone_copy_elapsed_seconds=0 clone_copy_elapsed_seconds=0 remaining_clone_copy_elapsed_seconds=0
invocation=26 block_timing variant=B worker=1 cpu=2 row=807 block_loop_elapsed_seconds=0.0134917 first_clone_copy_elapsed_seconds=0 clone_copy_elapsed_seconds=0 remaining_clone_copy_elapsed_seconds=0
invocation=26 block_timing variant=B worker=2 cpu=4 row=965 block_loop_elapsed_seconds=0.0179245 first_clone_copy_elapsed_seconds=0 clone_copy_elapsed_seconds=0 remaining_clone_copy_elapsed_seconds=0
invocation=26 block_timing variant=B worker=3 cpu=6 row=992 block_loop_elapsed_seconds=0.0177469 first_clone_copy_elapsed_seconds=0 clone_copy_elapsed_seconds=0 remaining_clone_copy_elapsed_seconds=0
invocation=27 block_timing variant=Bclone worker=0 cpu=0 row=1332 block_loop_elapsed_seconds=0.0038475 first_clone_copy_elapsed_seconds=0.000129 clone_copy_elapsed_seconds=0.002843 remaining_clone_copy_elapsed_seconds=0.002714
invocation=27 block_timing variant=Bclone worker=1 cpu=2 row=807 block_loop_elapsed_seconds=0.0027681 first_clone_copy_elapsed_seconds=5.26e-05 clone_copy_elapsed_seconds=0.001921 remaining_clone_copy_elapsed_seconds=0.0018684
invocation=27 block_timing variant=Bclone worker=2 cpu=4 row=965 block_loop_elapsed_seconds=0.0033913 first_clone_copy_elapsed_seconds=0.0001438 clone_copy_elapsed_seconds=0.0023917 remaining_clone_copy_elapsed_seconds=0.0022479
invocation=27 block_timing variant=Bclone worker=3 cpu=6 row=992 block_loop_elapsed_seconds=0.0039161 first_clone_copy_elapsed_seconds=0.0001237 clone_copy_elapsed_seconds=0.0028771 remaining_clone_copy_elapsed_seconds=0.0027534
invocation=28 block_timing variant=Bclone worker=0 cpu=0 row=1332 block_loop_elapsed_seconds=0.0045552 first_clone_copy_elapsed_seconds=0.0001655 clone_copy_elapsed_seconds=0.0031836 remaining_clone_copy_elapsed_seconds=0.0030181
invocation=28 block_timing variant=Bclone worker=1 cpu=2 row=807 block_loop_elapsed_seconds=0.0030904 first_clone_copy_elapsed_seconds=0.0001307 clone_copy_elapsed_seconds=0.002225 remaining_clone_copy_elapsed_seconds=0.0020943
invocation=28 block_timing variant=Bclone worker=2 cpu=4 row=965 block_loop_elapsed_seconds=0.0036332 first_clone_copy_elapsed_seconds=0.0001185 clone_copy_elapsed_seconds=0.0026518 remaining_clone_copy_elapsed_seconds=0.0025333
invocation=28 block_timing variant=Bclone worker=3 cpu=6 row=992 block_loop_elapsed_seconds=0.0029783 first_clone_copy_elapsed_seconds=6.27e-05 clone_copy_elapsed_seconds=0.0021599 remaining_clone_copy_elapsed_seconds=0.0020972
invocation=29 block_timing variant=B worker=0 cpu=0 row=1332 block_loop_elapsed_seconds=0.0198264 first_clone_copy_elapsed_seconds=0 clone_copy_elapsed_seconds=0 remaining_clone_copy_elapsed_seconds=0
invocation=29 block_timing variant=B worker=1 cpu=2 row=807 block_loop_elapsed_seconds=0.0132181 first_clone_copy_elapsed_seconds=0 clone_copy_elapsed_seconds=0 remaining_clone_copy_elapsed_seconds=0
invocation=29 block_timing variant=B worker=2 cpu=4 row=965 block_loop_elapsed_seconds=0.0131042 first_clone_copy_elapsed_seconds=0 clone_copy_elapsed_seconds=0 remaining_clone_copy_elapsed_seconds=0
invocation=29 block_timing variant=B worker=3 cpu=6 row=992 block_loop_elapsed_seconds=0.0137381 first_clone_copy_elapsed_seconds=0 clone_copy_elapsed_seconds=0 remaining_clone_copy_elapsed_seconds=0
invocation=30 block_timing variant=A worker=0 cpu=0 row=1332 block_loop_elapsed_seconds=0.001329 first_clone_copy_elapsed_seconds=0 clone_copy_elapsed_seconds=0 remaining_clone_copy_elapsed_seconds=0
invocation=30 block_timing variant=A worker=1 cpu=2 row=807 block_loop_elapsed_seconds=0.0006725 first_clone_copy_elapsed_seconds=0 clone_copy_elapsed_seconds=0 remaining_clone_copy_elapsed_seconds=0
invocation=30 block_timing variant=A worker=2 cpu=4 row=965 block_loop_elapsed_seconds=0.0010582 first_clone_copy_elapsed_seconds=0 clone_copy_elapsed_seconds=0 remaining_clone_copy_elapsed_seconds=0
invocation=30 block_timing variant=A worker=3 cpu=6 row=992 block_loop_elapsed_seconds=0.0010755 first_clone_copy_elapsed_seconds=0 clone_copy_elapsed_seconds=0 remaining_clone_copy_elapsed_seconds=0
