script=D:\Install\Dev\Projects\IA\Ejercise\cpu-native-arch\scripts\run_t0r_int8_sharded_sweep.ps1
executable=.\build\int8_probe.exe
target_kib=512; depths=16; variants=A,B,Bclone; repeat_count=10; repetitions=8; warmup=2
cpus=0,2,4,6
ready_timing_diagnostic=True
warmup_affinity_timing_diagnostic=True
preflight_command=.\build\int8_probe.exe --self-test
command[1/30]=.\build\int8_probe.exe --K 512 --target-kib 512 --depth 16 --variant A --kernel avx2 --parallel-cpus 0,2,4,6 --parallel-rows 1332,807,965,992 --iterations 1 --repetitions 8 --warmup 2 --ready-timing-diagnostic --warmup-affinity-timing-diagnostic
command[2/30]=.\build\int8_probe.exe --K 512 --target-kib 512 --depth 16 --variant B --kernel avx2 --parallel-cpus 0,2,4,6 --parallel-rows 1332,807,965,992 --iterations 1 --repetitions 8 --warmup 2 --ready-timing-diagnostic --warmup-affinity-timing-diagnostic
command[3/30]=.\build\int8_probe.exe --K 512 --target-kib 512 --depth 16 --variant Bclone --kernel avx2 --parallel-cpus 0,2,4,6 --parallel-rows 1332,807,965,992 --iterations 1 --repetitions 8 --warmup 2 --ready-timing-diagnostic --warmup-affinity-timing-diagnostic
command[4/30]=.\build\int8_probe.exe --K 512 --target-kib 512 --depth 16 --variant Bclone --kernel avx2 --parallel-cpus 0,2,4,6 --parallel-rows 1332,807,965,992 --iterations 1 --repetitions 8 --warmup 2 --ready-timing-diagnostic --warmup-affinity-timing-diagnostic
command[5/30]=.\build\int8_probe.exe --K 512 --target-kib 512 --depth 16 --variant B --kernel avx2 --parallel-cpus 0,2,4,6 --parallel-rows 1332,807,965,992 --iterations 1 --repetitions 8 --warmup 2 --ready-timing-diagnostic --warmup-affinity-timing-diagnostic
command[6/30]=.\build\int8_probe.exe --K 512 --target-kib 512 --depth 16 --variant A --kernel avx2 --parallel-cpus 0,2,4,6 --parallel-rows 1332,807,965,992 --iterations 1 --repetitions 8 --warmup 2 --ready-timing-diagnostic --warmup-affinity-timing-diagnostic
command[7/30]=.\build\int8_probe.exe --K 512 --target-kib 512 --depth 16 --variant A --kernel avx2 --parallel-cpus 0,2,4,6 --parallel-rows 1332,807,965,992 --iterations 1 --repetitions 8 --warmup 2 --ready-timing-diagnostic --warmup-affinity-timing-diagnostic
command[8/30]=.\build\int8_probe.exe --K 512 --target-kib 512 --depth 16 --variant B --kernel avx2 --parallel-cpus 0,2,4,6 --parallel-rows 1332,807,965,992 --iterations 1 --repetitions 8 --warmup 2 --ready-timing-diagnostic --warmup-affinity-timing-diagnostic
command[9/30]=.\build\int8_probe.exe --K 512 --target-kib 512 --depth 16 --variant Bclone --kernel avx2 --parallel-cpus 0,2,4,6 --parallel-rows 1332,807,965,992 --iterations 1 --repetitions 8 --warmup 2 --ready-timing-diagnostic --warmup-affinity-timing-diagnostic
command[10/30]=.\build\int8_probe.exe --K 512 --target-kib 512 --depth 16 --variant Bclone --kernel avx2 --parallel-cpus 0,2,4,6 --parallel-rows 1332,807,965,992 --iterations 1 --repetitions 8 --warmup 2 --ready-timing-diagnostic --warmup-affinity-timing-diagnostic
command[11/30]=.\build\int8_probe.exe --K 512 --target-kib 512 --depth 16 --variant B --kernel avx2 --parallel-cpus 0,2,4,6 --parallel-rows 1332,807,965,992 --iterations 1 --repetitions 8 --warmup 2 --ready-timing-diagnostic --warmup-affinity-timing-diagnostic
command[12/30]=.\build\int8_probe.exe --K 512 --target-kib 512 --depth 16 --variant A --kernel avx2 --parallel-cpus 0,2,4,6 --parallel-rows 1332,807,965,992 --iterations 1 --repetitions 8 --warmup 2 --ready-timing-diagnostic --warmup-affinity-timing-diagnostic
command[13/30]=.\build\int8_probe.exe --K 512 --target-kib 512 --depth 16 --variant A --kernel avx2 --parallel-cpus 0,2,4,6 --parallel-rows 1332,807,965,992 --iterations 1 --repetitions 8 --warmup 2 --ready-timing-diagnostic --warmup-affinity-timing-diagnostic
command[14/30]=.\build\int8_probe.exe --K 512 --target-kib 512 --depth 16 --variant B --kernel avx2 --parallel-cpus 0,2,4,6 --parallel-rows 1332,807,965,992 --iterations 1 --repetitions 8 --warmup 2 --ready-timing-diagnostic --warmup-affinity-timing-diagnostic
command[15/30]=.\build\int8_probe.exe --K 512 --target-kib 512 --depth 16 --variant Bclone --kernel avx2 --parallel-cpus 0,2,4,6 --parallel-rows 1332,807,965,992 --iterations 1 --repetitions 8 --warmup 2 --ready-timing-diagnostic --warmup-affinity-timing-diagnostic
command[16/30]=.\build\int8_probe.exe --K 512 --target-kib 512 --depth 16 --variant Bclone --kernel avx2 --parallel-cpus 0,2,4,6 --parallel-rows 1332,807,965,992 --iterations 1 --repetitions 8 --warmup 2 --ready-timing-diagnostic --warmup-affinity-timing-diagnostic
command[17/30]=.\build\int8_probe.exe --K 512 --target-kib 512 --depth 16 --variant B --kernel avx2 --parallel-cpus 0,2,4,6 --parallel-rows 1332,807,965,992 --iterations 1 --repetitions 8 --warmup 2 --ready-timing-diagnostic --warmup-affinity-timing-diagnostic
command[18/30]=.\build\int8_probe.exe --K 512 --target-kib 512 --depth 16 --variant A --kernel avx2 --parallel-cpus 0,2,4,6 --parallel-rows 1332,807,965,992 --iterations 1 --repetitions 8 --warmup 2 --ready-timing-diagnostic --warmup-affinity-timing-diagnostic
command[19/30]=.\build\int8_probe.exe --K 512 --target-kib 512 --depth 16 --variant A --kernel avx2 --parallel-cpus 0,2,4,6 --parallel-rows 1332,807,965,992 --iterations 1 --repetitions 8 --warmup 2 --ready-timing-diagnostic --warmup-affinity-timing-diagnostic
command[20/30]=.\build\int8_probe.exe --K 512 --target-kib 512 --depth 16 --variant B --kernel avx2 --parallel-cpus 0,2,4,6 --parallel-rows 1332,807,965,992 --iterations 1 --repetitions 8 --warmup 2 --ready-timing-diagnostic --warmup-affinity-timing-diagnostic
command[21/30]=.\build\int8_probe.exe --K 512 --target-kib 512 --depth 16 --variant Bclone --kernel avx2 --parallel-cpus 0,2,4,6 --parallel-rows 1332,807,965,992 --iterations 1 --repetitions 8 --warmup 2 --ready-timing-diagnostic --warmup-affinity-timing-diagnostic
command[22/30]=.\build\int8_probe.exe --K 512 --target-kib 512 --depth 16 --variant Bclone --kernel avx2 --parallel-cpus 0,2,4,6 --parallel-rows 1332,807,965,992 --iterations 1 --repetitions 8 --warmup 2 --ready-timing-diagnostic --warmup-affinity-timing-diagnostic
command[23/30]=.\build\int8_probe.exe --K 512 --target-kib 512 --depth 16 --variant B --kernel avx2 --parallel-cpus 0,2,4,6 --parallel-rows 1332,807,965,992 --iterations 1 --repetitions 8 --warmup 2 --ready-timing-diagnostic --warmup-affinity-timing-diagnostic
command[24/30]=.\build\int8_probe.exe --K 512 --target-kib 512 --depth 16 --variant A --kernel avx2 --parallel-cpus 0,2,4,6 --parallel-rows 1332,807,965,992 --iterations 1 --repetitions 8 --warmup 2 --ready-timing-diagnostic --warmup-affinity-timing-diagnostic
command[25/30]=.\build\int8_probe.exe --K 512 --target-kib 512 --depth 16 --variant A --kernel avx2 --parallel-cpus 0,2,4,6 --parallel-rows 1332,807,965,992 --iterations 1 --repetitions 8 --warmup 2 --ready-timing-diagnostic --warmup-affinity-timing-diagnostic
command[26/30]=.\build\int8_probe.exe --K 512 --target-kib 512 --depth 16 --variant B --kernel avx2 --parallel-cpus 0,2,4,6 --parallel-rows 1332,807,965,992 --iterations 1 --repetitions 8 --warmup 2 --ready-timing-diagnostic --warmup-affinity-timing-diagnostic
command[27/30]=.\build\int8_probe.exe --K 512 --target-kib 512 --depth 16 --variant Bclone --kernel avx2 --parallel-cpus 0,2,4,6 --parallel-rows 1332,807,965,992 --iterations 1 --repetitions 8 --warmup 2 --ready-timing-diagnostic --warmup-affinity-timing-diagnostic
command[28/30]=.\build\int8_probe.exe --K 512 --target-kib 512 --depth 16 --variant Bclone --kernel avx2 --parallel-cpus 0,2,4,6 --parallel-rows 1332,807,965,992 --iterations 1 --repetitions 8 --warmup 2 --ready-timing-diagnostic --warmup-affinity-timing-diagnostic
command[29/30]=.\build\int8_probe.exe --K 512 --target-kib 512 --depth 16 --variant B --kernel avx2 --parallel-cpus 0,2,4,6 --parallel-rows 1332,807,965,992 --iterations 1 --repetitions 8 --warmup 2 --ready-timing-diagnostic --warmup-affinity-timing-diagnostic
command[30/30]=.\build\int8_probe.exe --K 512 --target-kib 512 --depth 16 --variant A --kernel avx2 --parallel-cpus 0,2,4,6 --parallel-rows 1332,807,965,992 --iterations 1 --repetitions 8 --warmup 2 --ready-timing-diagnostic --warmup-affinity-timing-diagnostic
