T0-R ready timing diagnostic stderr
boundaries=worker lambda entry through immediate QPC after existing ready.arrive_and_wait returns; includes make_data, output allocation, eviction allocation, AffinityGuard, warmup, and wait for coordinator ready arrival
diagnostic_enabled=True
invocation=1 ready_timing variant=A worker=0 cpu=0 row=1332 ready_elapsed_seconds=0.0041655
invocation=1 ready_timing variant=A worker=1 cpu=2 row=807 ready_elapsed_seconds=0.0044912
invocation=1 ready_timing variant=A worker=2 cpu=4 row=965 ready_elapsed_seconds=0.0044899
invocation=1 ready_timing variant=A worker=3 cpu=6 row=992 ready_elapsed_seconds=0.0042206
invocation=1 ready_timing_aggregate variant=A min_seconds=0.0041655 max_seconds=0.0044912 mean_seconds=0.0043418
invocation=1 coordinator_kernel_elapsed variant=A kernel_elapsed_seconds=0.019112
invocation=2 ready_timing variant=B worker=0 cpu=0 row=1332 ready_elapsed_seconds=0.0207504
invocation=2 ready_timing variant=B worker=1 cpu=2 row=807 ready_elapsed_seconds=0.0207546
invocation=2 ready_timing variant=B worker=2 cpu=4 row=965 ready_elapsed_seconds=0.0215784
invocation=2 ready_timing variant=B worker=3 cpu=6 row=992 ready_elapsed_seconds=0.020772
invocation=2 ready_timing_aggregate variant=B min_seconds=0.0207504 max_seconds=0.0215784 mean_seconds=0.0209638
invocation=2 coordinator_kernel_elapsed variant=B kernel_elapsed_seconds=0.0129427
invocation=3 ready_timing variant=Bclone worker=0 cpu=0 row=1332 ready_elapsed_seconds=0.2656
invocation=3 ready_timing variant=Bclone worker=1 cpu=2 row=807 ready_elapsed_seconds=0.265596
invocation=3 ready_timing variant=Bclone worker=2 cpu=4 row=965 ready_elapsed_seconds=0.2656
invocation=3 ready_timing variant=Bclone worker=3 cpu=6 row=992 ready_elapsed_seconds=0.265754
invocation=3 ready_timing_aggregate variant=Bclone min_seconds=0.265596 max_seconds=0.265754 mean_seconds=0.265638
invocation=3 coordinator_kernel_elapsed variant=Bclone kernel_elapsed_seconds=0.0301302
invocation=4 ready_timing variant=Bclone worker=0 cpu=0 row=1332 ready_elapsed_seconds=0.25002
invocation=4 ready_timing variant=Bclone worker=1 cpu=2 row=807 ready_elapsed_seconds=0.250019
invocation=4 ready_timing variant=Bclone worker=2 cpu=4 row=965 ready_elapsed_seconds=0.250021
invocation=4 ready_timing variant=Bclone worker=3 cpu=6 row=992 ready_elapsed_seconds=0.250025
invocation=4 ready_timing_aggregate variant=Bclone min_seconds=0.250019 max_seconds=0.250025 mean_seconds=0.250021
invocation=4 coordinator_kernel_elapsed variant=Bclone kernel_elapsed_seconds=0.0430835
invocation=5 ready_timing variant=B worker=0 cpu=0 row=1332 ready_elapsed_seconds=0.0209246
invocation=5 ready_timing variant=B worker=1 cpu=2 row=807 ready_elapsed_seconds=0.0209273
invocation=5 ready_timing variant=B worker=2 cpu=4 row=965 ready_elapsed_seconds=0.020925
invocation=5 ready_timing variant=B worker=3 cpu=6 row=992 ready_elapsed_seconds=0.0209286
invocation=5 ready_timing_aggregate variant=B min_seconds=0.0209246 max_seconds=0.0209286 mean_seconds=0.0209264
invocation=5 coordinator_kernel_elapsed variant=B kernel_elapsed_seconds=0.0104219
invocation=6 ready_timing variant=A worker=0 cpu=0 row=1332 ready_elapsed_seconds=0.002358
invocation=6 ready_timing variant=A worker=1 cpu=2 row=807 ready_elapsed_seconds=0.0023614
invocation=6 ready_timing variant=A worker=2 cpu=4 row=965 ready_elapsed_seconds=0.0023598
invocation=6 ready_timing variant=A worker=3 cpu=6 row=992 ready_elapsed_seconds=0.0026462
invocation=6 ready_timing_aggregate variant=A min_seconds=0.002358 max_seconds=0.0026462 mean_seconds=0.00243135
invocation=6 coordinator_kernel_elapsed variant=A kernel_elapsed_seconds=0.0129668
invocation=7 ready_timing variant=A worker=0 cpu=0 row=1332 ready_elapsed_seconds=0.0029946
invocation=7 ready_timing variant=A worker=1 cpu=2 row=807 ready_elapsed_seconds=0.0030177
invocation=7 ready_timing variant=A worker=2 cpu=4 row=965 ready_elapsed_seconds=0.0032916
invocation=7 ready_timing variant=A worker=3 cpu=6 row=992 ready_elapsed_seconds=0.0029973
invocation=7 ready_timing_aggregate variant=A min_seconds=0.0029946 max_seconds=0.0032916 mean_seconds=0.0030753
invocation=7 coordinator_kernel_elapsed variant=A kernel_elapsed_seconds=0.0127167
invocation=8 ready_timing variant=B worker=0 cpu=0 row=1332 ready_elapsed_seconds=0.0198857
invocation=8 ready_timing variant=B worker=1 cpu=2 row=807 ready_elapsed_seconds=0.019781
invocation=8 ready_timing variant=B worker=2 cpu=4 row=965 ready_elapsed_seconds=0.0198665
invocation=8 ready_timing variant=B worker=3 cpu=6 row=992 ready_elapsed_seconds=0.0198104
invocation=8 ready_timing_aggregate variant=B min_seconds=0.019781 max_seconds=0.0198857 mean_seconds=0.0198359
invocation=8 coordinator_kernel_elapsed variant=B kernel_elapsed_seconds=0.0120196
invocation=9 ready_timing variant=Bclone worker=0 cpu=0 row=1332 ready_elapsed_seconds=0.273849
invocation=9 ready_timing variant=Bclone worker=1 cpu=2 row=807 ready_elapsed_seconds=0.273854
invocation=9 ready_timing variant=Bclone worker=2 cpu=4 row=965 ready_elapsed_seconds=0.273857
invocation=9 ready_timing variant=Bclone worker=3 cpu=6 row=992 ready_elapsed_seconds=0.273862
invocation=9 ready_timing_aggregate variant=Bclone min_seconds=0.273849 max_seconds=0.273862 mean_seconds=0.273855
invocation=9 coordinator_kernel_elapsed variant=Bclone kernel_elapsed_seconds=0.0228322
invocation=10 ready_timing variant=Bclone worker=0 cpu=0 row=1332 ready_elapsed_seconds=0.255681
invocation=10 ready_timing variant=Bclone worker=1 cpu=2 row=807 ready_elapsed_seconds=0.255681
invocation=10 ready_timing variant=Bclone worker=2 cpu=4 row=965 ready_elapsed_seconds=0.255681
invocation=10 ready_timing variant=Bclone worker=3 cpu=6 row=992 ready_elapsed_seconds=0.255683
invocation=10 ready_timing_aggregate variant=Bclone min_seconds=0.255681 max_seconds=0.255683 mean_seconds=0.255681
invocation=10 coordinator_kernel_elapsed variant=Bclone kernel_elapsed_seconds=0.0408919
invocation=11 ready_timing variant=B worker=0 cpu=0 row=1332 ready_elapsed_seconds=0.0222803
invocation=11 ready_timing variant=B worker=1 cpu=2 row=807 ready_elapsed_seconds=0.0222689
invocation=11 ready_timing variant=B worker=2 cpu=4 row=965 ready_elapsed_seconds=0.0222662
invocation=11 ready_timing variant=B worker=3 cpu=6 row=992 ready_elapsed_seconds=0.0222518
invocation=11 ready_timing_aggregate variant=B min_seconds=0.0222518 max_seconds=0.0222803 mean_seconds=0.0222668
invocation=11 coordinator_kernel_elapsed variant=B kernel_elapsed_seconds=0.0099915
invocation=12 ready_timing variant=A worker=0 cpu=0 row=1332 ready_elapsed_seconds=0.0017345
invocation=12 ready_timing variant=A worker=1 cpu=2 row=807 ready_elapsed_seconds=0.0017224
invocation=12 ready_timing variant=A worker=2 cpu=4 row=965 ready_elapsed_seconds=0.0017377
invocation=12 ready_timing variant=A worker=3 cpu=6 row=992 ready_elapsed_seconds=0.0017297
invocation=12 ready_timing_aggregate variant=A min_seconds=0.0017224 max_seconds=0.0017377 mean_seconds=0.00173107
invocation=12 coordinator_kernel_elapsed variant=A kernel_elapsed_seconds=0.0061169
invocation=13 ready_timing variant=A worker=0 cpu=0 row=1332 ready_elapsed_seconds=0.0016019
invocation=13 ready_timing variant=A worker=1 cpu=2 row=807 ready_elapsed_seconds=0.0017364
invocation=13 ready_timing variant=A worker=2 cpu=4 row=965 ready_elapsed_seconds=0.0015592
invocation=13 ready_timing variant=A worker=3 cpu=6 row=992 ready_elapsed_seconds=0.0016013
invocation=13 ready_timing_aggregate variant=A min_seconds=0.0015592 max_seconds=0.0017364 mean_seconds=0.0016247
invocation=13 coordinator_kernel_elapsed variant=A kernel_elapsed_seconds=0.0045472
invocation=14 ready_timing variant=B worker=0 cpu=0 row=1332 ready_elapsed_seconds=0.0223709
invocation=14 ready_timing variant=B worker=1 cpu=2 row=807 ready_elapsed_seconds=0.0223384
invocation=14 ready_timing variant=B worker=2 cpu=4 row=965 ready_elapsed_seconds=0.0227881
invocation=14 ready_timing variant=B worker=3 cpu=6 row=992 ready_elapsed_seconds=0.0223569
invocation=14 ready_timing_aggregate variant=B min_seconds=0.0223384 max_seconds=0.0227881 mean_seconds=0.0224636
invocation=14 coordinator_kernel_elapsed variant=B kernel_elapsed_seconds=0.0132811
invocation=15 ready_timing variant=Bclone worker=0 cpu=0 row=1332 ready_elapsed_seconds=0.248666
invocation=15 ready_timing variant=Bclone worker=1 cpu=2 row=807 ready_elapsed_seconds=0.248666
invocation=15 ready_timing variant=Bclone worker=2 cpu=4 row=965 ready_elapsed_seconds=0.248665
invocation=15 ready_timing variant=Bclone worker=3 cpu=6 row=992 ready_elapsed_seconds=0.248828
invocation=15 ready_timing_aggregate variant=Bclone min_seconds=0.248665 max_seconds=0.248828 mean_seconds=0.248706
invocation=15 coordinator_kernel_elapsed variant=Bclone kernel_elapsed_seconds=0.035118
invocation=16 ready_timing variant=Bclone worker=0 cpu=0 row=1332 ready_elapsed_seconds=0.247558
invocation=16 ready_timing variant=Bclone worker=1 cpu=2 row=807 ready_elapsed_seconds=0.247559
invocation=16 ready_timing variant=Bclone worker=2 cpu=4 row=965 ready_elapsed_seconds=0.247551
invocation=16 ready_timing variant=Bclone worker=3 cpu=6 row=992 ready_elapsed_seconds=0.247576
invocation=16 ready_timing_aggregate variant=Bclone min_seconds=0.247551 max_seconds=0.247576 mean_seconds=0.247561
invocation=16 coordinator_kernel_elapsed variant=Bclone kernel_elapsed_seconds=0.07047
invocation=17 ready_timing variant=B worker=0 cpu=0 row=1332 ready_elapsed_seconds=0.0204871
invocation=17 ready_timing variant=B worker=1 cpu=2 row=807 ready_elapsed_seconds=0.0212807
invocation=17 ready_timing variant=B worker=2 cpu=4 row=965 ready_elapsed_seconds=0.0204867
invocation=17 ready_timing variant=B worker=3 cpu=6 row=992 ready_elapsed_seconds=0.020485
invocation=17 ready_timing_aggregate variant=B min_seconds=0.020485 max_seconds=0.0212807 mean_seconds=0.0206849
invocation=17 coordinator_kernel_elapsed variant=B kernel_elapsed_seconds=0.0070297
invocation=18 ready_timing variant=A worker=0 cpu=0 row=1332 ready_elapsed_seconds=0.0063199
invocation=18 ready_timing variant=A worker=1 cpu=2 row=807 ready_elapsed_seconds=0.006313
invocation=18 ready_timing variant=A worker=2 cpu=4 row=965 ready_elapsed_seconds=0.0063069
invocation=18 ready_timing variant=A worker=3 cpu=6 row=992 ready_elapsed_seconds=0.0075678
invocation=18 ready_timing_aggregate variant=A min_seconds=0.0063069 max_seconds=0.0075678 mean_seconds=0.0066269
invocation=18 coordinator_kernel_elapsed variant=A kernel_elapsed_seconds=0.0147156
invocation=19 ready_timing variant=A worker=0 cpu=0 row=1332 ready_elapsed_seconds=0.0026149
invocation=19 ready_timing variant=A worker=1 cpu=2 row=807 ready_elapsed_seconds=0.0034326
invocation=19 ready_timing variant=A worker=2 cpu=4 row=965 ready_elapsed_seconds=0.0026049
invocation=19 ready_timing variant=A worker=3 cpu=6 row=992 ready_elapsed_seconds=0.0026036
invocation=19 ready_timing_aggregate variant=A min_seconds=0.0026036 max_seconds=0.0034326 mean_seconds=0.002814
invocation=19 coordinator_kernel_elapsed variant=A kernel_elapsed_seconds=0.0089266
invocation=20 ready_timing variant=B worker=0 cpu=0 row=1332 ready_elapsed_seconds=0.0200048
invocation=20 ready_timing variant=B worker=1 cpu=2 row=807 ready_elapsed_seconds=0.0200063
invocation=20 ready_timing variant=B worker=2 cpu=4 row=965 ready_elapsed_seconds=0.0200036
invocation=20 ready_timing variant=B worker=3 cpu=6 row=992 ready_elapsed_seconds=0.0199998
invocation=20 ready_timing_aggregate variant=B min_seconds=0.0199998 max_seconds=0.0200063 mean_seconds=0.0200036
invocation=20 coordinator_kernel_elapsed variant=B kernel_elapsed_seconds=0.0121746
invocation=21 ready_timing variant=Bclone worker=0 cpu=0 row=1332 ready_elapsed_seconds=0.268985
invocation=21 ready_timing variant=Bclone worker=1 cpu=2 row=807 ready_elapsed_seconds=0.268982
invocation=21 ready_timing variant=Bclone worker=2 cpu=4 row=965 ready_elapsed_seconds=0.268984
invocation=21 ready_timing variant=Bclone worker=3 cpu=6 row=992 ready_elapsed_seconds=0.26897
invocation=21 ready_timing_aggregate variant=Bclone min_seconds=0.26897 max_seconds=0.268985 mean_seconds=0.26898
invocation=21 coordinator_kernel_elapsed variant=Bclone kernel_elapsed_seconds=0.0556953
invocation=22 ready_timing variant=Bclone worker=0 cpu=0 row=1332 ready_elapsed_seconds=0.309221
invocation=22 ready_timing variant=Bclone worker=1 cpu=2 row=807 ready_elapsed_seconds=0.309206
invocation=22 ready_timing variant=Bclone worker=2 cpu=4 row=965 ready_elapsed_seconds=0.309262
invocation=22 ready_timing variant=Bclone worker=3 cpu=6 row=992 ready_elapsed_seconds=0.309164
invocation=22 ready_timing_aggregate variant=Bclone min_seconds=0.309164 max_seconds=0.309262 mean_seconds=0.309213
invocation=22 coordinator_kernel_elapsed variant=Bclone kernel_elapsed_seconds=0.0750971
invocation=23 ready_timing variant=B worker=0 cpu=0 row=1332 ready_elapsed_seconds=0.0267169
invocation=23 ready_timing variant=B worker=1 cpu=2 row=807 ready_elapsed_seconds=0.0266797
invocation=23 ready_timing variant=B worker=2 cpu=4 row=965 ready_elapsed_seconds=0.0266772
invocation=23 ready_timing variant=B worker=3 cpu=6 row=992 ready_elapsed_seconds=0.0266772
invocation=23 ready_timing_aggregate variant=B min_seconds=0.0266772 max_seconds=0.0267169 mean_seconds=0.0266877
invocation=23 coordinator_kernel_elapsed variant=B kernel_elapsed_seconds=0.0303126
invocation=24 ready_timing variant=A worker=0 cpu=0 row=1332 ready_elapsed_seconds=0.0028324
invocation=24 ready_timing variant=A worker=1 cpu=2 row=807 ready_elapsed_seconds=0.0027932
invocation=24 ready_timing variant=A worker=2 cpu=4 row=965 ready_elapsed_seconds=0.0028237
invocation=24 ready_timing variant=A worker=3 cpu=6 row=992 ready_elapsed_seconds=0.0028257
invocation=24 ready_timing_aggregate variant=A min_seconds=0.0027932 max_seconds=0.0028324 mean_seconds=0.00281875
invocation=24 coordinator_kernel_elapsed variant=A kernel_elapsed_seconds=0.0210741
invocation=25 ready_timing variant=A worker=0 cpu=0 row=1332 ready_elapsed_seconds=0.0031643
invocation=25 ready_timing variant=A worker=1 cpu=2 row=807 ready_elapsed_seconds=0.0031674
invocation=25 ready_timing variant=A worker=2 cpu=4 row=965 ready_elapsed_seconds=0.0031924
invocation=25 ready_timing variant=A worker=3 cpu=6 row=992 ready_elapsed_seconds=0.0031911
invocation=25 ready_timing_aggregate variant=A min_seconds=0.0031643 max_seconds=0.0031924 mean_seconds=0.0031788
invocation=25 coordinator_kernel_elapsed variant=A kernel_elapsed_seconds=0.0275766
invocation=26 ready_timing variant=B worker=0 cpu=0 row=1332 ready_elapsed_seconds=0.0245231
invocation=26 ready_timing variant=B worker=1 cpu=2 row=807 ready_elapsed_seconds=0.0245134
invocation=26 ready_timing variant=B worker=2 cpu=4 row=965 ready_elapsed_seconds=0.0245065
invocation=26 ready_timing variant=B worker=3 cpu=6 row=992 ready_elapsed_seconds=0.024505
invocation=26 ready_timing_aggregate variant=B min_seconds=0.024505 max_seconds=0.0245231 mean_seconds=0.024512
invocation=26 coordinator_kernel_elapsed variant=B kernel_elapsed_seconds=0.0185542
invocation=27 ready_timing variant=Bclone worker=0 cpu=0 row=1332 ready_elapsed_seconds=0.250756
invocation=27 ready_timing variant=Bclone worker=1 cpu=2 row=807 ready_elapsed_seconds=0.250745
invocation=27 ready_timing variant=Bclone worker=2 cpu=4 row=965 ready_elapsed_seconds=0.250803
invocation=27 ready_timing variant=Bclone worker=3 cpu=6 row=992 ready_elapsed_seconds=0.250711
invocation=27 ready_timing_aggregate variant=Bclone min_seconds=0.250711 max_seconds=0.250803 mean_seconds=0.250754
invocation=27 coordinator_kernel_elapsed variant=Bclone kernel_elapsed_seconds=0.0660491
invocation=28 ready_timing variant=Bclone worker=0 cpu=0 row=1332 ready_elapsed_seconds=0.257092
invocation=28 ready_timing variant=Bclone worker=1 cpu=2 row=807 ready_elapsed_seconds=0.257213
invocation=28 ready_timing variant=Bclone worker=2 cpu=4 row=965 ready_elapsed_seconds=0.257522
invocation=28 ready_timing variant=Bclone worker=3 cpu=6 row=992 ready_elapsed_seconds=0.257095
invocation=28 ready_timing_aggregate variant=Bclone min_seconds=0.257092 max_seconds=0.257522 mean_seconds=0.257231
invocation=28 coordinator_kernel_elapsed variant=Bclone kernel_elapsed_seconds=0.0385351
invocation=29 ready_timing variant=B worker=0 cpu=0 row=1332 ready_elapsed_seconds=0.0204563
invocation=29 ready_timing variant=B worker=1 cpu=2 row=807 ready_elapsed_seconds=0.0204559
invocation=29 ready_timing variant=B worker=2 cpu=4 row=965 ready_elapsed_seconds=0.0204581
invocation=29 ready_timing variant=B worker=3 cpu=6 row=992 ready_elapsed_seconds=0.0204585
invocation=29 ready_timing_aggregate variant=B min_seconds=0.0204559 max_seconds=0.0204585 mean_seconds=0.0204572
invocation=29 coordinator_kernel_elapsed variant=B kernel_elapsed_seconds=0.0072281
invocation=30 ready_timing variant=A worker=0 cpu=0 row=1332 ready_elapsed_seconds=0.0018582
invocation=30 ready_timing variant=A worker=1 cpu=2 row=807 ready_elapsed_seconds=0.0018254
invocation=30 ready_timing variant=A worker=2 cpu=4 row=965 ready_elapsed_seconds=0.0018142
invocation=30 ready_timing variant=A worker=3 cpu=6 row=992 ready_elapsed_seconds=0.0018588
invocation=30 ready_timing_aggregate variant=A min_seconds=0.0018142 max_seconds=0.0018588 mean_seconds=0.00183915
invocation=30 coordinator_kernel_elapsed variant=A kernel_elapsed_seconds=0.0033802
