literal fused three-way rectangular campaign process log
[1] variant=A run=1 order_index=1 exit=0
stdout:
D,S,R,O_i,B_i,rows_per_worker,bytes_per_worker,mode,variant,S_tile,iterations,timed_repetitions,warmup,worker_count,worker_list,affinity,affinity_error,affinity_succeeded,timed_repetitions_exact,avx2_supported,kernel_used,eviction_bytes,eviction_checksum,elapsed_seconds,mac_total,mac_per_second,checksum
512,1,16,"1332,807,965,992","681984,413184,494080,507904","1332,807,965,992","681984,413184,494080,507904",fused,A,8,1,8,2,4,"0,2,4,6","true,true,true,true","0,0,0,0",true,true,true,avx2,0,0,0.0230733,268435456,1.1634e+10,342599379
stderr:

[2] variant=Bclone run=1 order_index=2 exit=0
stdout:
D,S,R,O_i,B_i,rows_per_worker,bytes_per_worker,mode,variant,S_tile,iterations,timed_repetitions,warmup,worker_count,worker_list,affinity,affinity_error,affinity_succeeded,timed_repetitions_exact,avx2_supported,kernel_used,eviction_bytes,eviction_checksum,elapsed_seconds,mac_total,mac_per_second,checksum
512,1,16,"1332,807,965,992","10911744,6610944,7905280,8126464","1332,807,965,992","10911744,6610944,7905280,8126464",fused,Bclone,8,1,8,2,4,"0,2,4,6","true,true,true,true","0,0,0,0",true,true,true,avx2,0,0,0.0169043,268435456,1.58797e+10,342599379
stderr:

[3] variant=B_real run=1 order_index=3 exit=0
stdout:
D,S,R,O_i,B_i,rows_per_worker,bytes_per_worker,mode,variant,S_tile,iterations,timed_repetitions,warmup,worker_count,worker_list,affinity,affinity_error,affinity_succeeded,timed_repetitions_exact,avx2_supported,kernel_used,eviction_bytes,eviction_checksum,elapsed_seconds,mac_total,mac_per_second,checksum
512,1,16,"1332,807,965,992","10911744,6610944,7905280,8126464","1332,807,965,992","10911744,6610944,7905280,8126464",fused,B_real,8,1,8,2,4,"0,2,4,6","true,true,true,true","0,0,0,0",true,true,true,avx2,0,0,0.0107638,268435456,2.49387e+10,18446744073654555548
stderr:

[4] variant=B_real run=2 order_index=1 exit=0
stdout:
D,S,R,O_i,B_i,rows_per_worker,bytes_per_worker,mode,variant,S_tile,iterations,timed_repetitions,warmup,worker_count,worker_list,affinity,affinity_error,affinity_succeeded,timed_repetitions_exact,avx2_supported,kernel_used,eviction_bytes,eviction_checksum,elapsed_seconds,mac_total,mac_per_second,checksum
512,1,16,"1332,807,965,992","10911744,6610944,7905280,8126464","1332,807,965,992","10911744,6610944,7905280,8126464",fused,B_real,8,1,8,2,4,"0,2,4,6","true,true,true,true","0,0,0,0",true,true,true,avx2,0,0,0.024077,268435456,1.1149e+10,18446744073654555548
stderr:

[5] variant=Bclone run=2 order_index=2 exit=0
stdout:
D,S,R,O_i,B_i,rows_per_worker,bytes_per_worker,mode,variant,S_tile,iterations,timed_repetitions,warmup,worker_count,worker_list,affinity,affinity_error,affinity_succeeded,timed_repetitions_exact,avx2_supported,kernel_used,eviction_bytes,eviction_checksum,elapsed_seconds,mac_total,mac_per_second,checksum
512,1,16,"1332,807,965,992","10911744,6610944,7905280,8126464","1332,807,965,992","10911744,6610944,7905280,8126464",fused,Bclone,8,1,8,2,4,"0,2,4,6","true,true,true,true","0,0,0,0",true,true,true,avx2,0,0,0.0139663,268435456,1.92202e+10,342599379
stderr:

[6] variant=A run=2 order_index=3 exit=0
stdout:
D,S,R,O_i,B_i,rows_per_worker,bytes_per_worker,mode,variant,S_tile,iterations,timed_repetitions,warmup,worker_count,worker_list,affinity,affinity_error,affinity_succeeded,timed_repetitions_exact,avx2_supported,kernel_used,eviction_bytes,eviction_checksum,elapsed_seconds,mac_total,mac_per_second,checksum
512,1,16,"1332,807,965,992","681984,413184,494080,507904","1332,807,965,992","681984,413184,494080,507904",fused,A,8,1,8,2,4,"0,2,4,6","true,true,true,true","0,0,0,0",true,true,true,avx2,0,0,0.0107547,268435456,2.49598e+10,342599379
stderr:

[7] variant=Bclone run=3 order_index=1 exit=0
stdout:
D,S,R,O_i,B_i,rows_per_worker,bytes_per_worker,mode,variant,S_tile,iterations,timed_repetitions,warmup,worker_count,worker_list,affinity,affinity_error,affinity_succeeded,timed_repetitions_exact,avx2_supported,kernel_used,eviction_bytes,eviction_checksum,elapsed_seconds,mac_total,mac_per_second,checksum
512,1,16,"1332,807,965,992","10911744,6610944,7905280,8126464","1332,807,965,992","10911744,6610944,7905280,8126464",fused,Bclone,8,1,8,2,4,"0,2,4,6","true,true,true,true","0,0,0,0",true,true,true,avx2,0,0,0.0185129,268435456,1.44999e+10,342599379
stderr:

[8] variant=A run=3 order_index=2 exit=0
stdout:
D,S,R,O_i,B_i,rows_per_worker,bytes_per_worker,mode,variant,S_tile,iterations,timed_repetitions,warmup,worker_count,worker_list,affinity,affinity_error,affinity_succeeded,timed_repetitions_exact,avx2_supported,kernel_used,eviction_bytes,eviction_checksum,elapsed_seconds,mac_total,mac_per_second,checksum
512,1,16,"1332,807,965,992","681984,413184,494080,507904","1332,807,965,992","681984,413184,494080,507904",fused,A,8,1,8,2,4,"0,2,4,6","true,true,true,true","0,0,0,0",true,true,true,avx2,0,0,0.0172121,268435456,1.55957e+10,342599379
stderr:

[9] variant=B_real run=3 order_index=3 exit=0
stdout:
D,S,R,O_i,B_i,rows_per_worker,bytes_per_worker,mode,variant,S_tile,iterations,timed_repetitions,warmup,worker_count,worker_list,affinity,affinity_error,affinity_succeeded,timed_repetitions_exact,avx2_supported,kernel_used,eviction_bytes,eviction_checksum,elapsed_seconds,mac_total,mac_per_second,checksum
512,1,16,"1332,807,965,992","10911744,6610944,7905280,8126464","1332,807,965,992","10911744,6610944,7905280,8126464",fused,B_real,8,1,8,2,4,"0,2,4,6","true,true,true,true","0,0,0,0",true,true,true,avx2,0,0,0.0098923,268435456,2.71358e+10,18446744073654555548
stderr:

[10] variant=B_real run=4 order_index=1 exit=0
stdout:
D,S,R,O_i,B_i,rows_per_worker,bytes_per_worker,mode,variant,S_tile,iterations,timed_repetitions,warmup,worker_count,worker_list,affinity,affinity_error,affinity_succeeded,timed_repetitions_exact,avx2_supported,kernel_used,eviction_bytes,eviction_checksum,elapsed_seconds,mac_total,mac_per_second,checksum
512,1,16,"1332,807,965,992","10911744,6610944,7905280,8126464","1332,807,965,992","10911744,6610944,7905280,8126464",fused,B_real,8,1,8,2,4,"0,2,4,6","true,true,true,true","0,0,0,0",true,true,true,avx2,0,0,0.0083516,268435456,3.21418e+10,18446744073654555548
stderr:

[11] variant=A run=4 order_index=2 exit=0
stdout:
D,S,R,O_i,B_i,rows_per_worker,bytes_per_worker,mode,variant,S_tile,iterations,timed_repetitions,warmup,worker_count,worker_list,affinity,affinity_error,affinity_succeeded,timed_repetitions_exact,avx2_supported,kernel_used,eviction_bytes,eviction_checksum,elapsed_seconds,mac_total,mac_per_second,checksum
512,1,16,"1332,807,965,992","681984,413184,494080,507904","1332,807,965,992","681984,413184,494080,507904",fused,A,8,1,8,2,4,"0,2,4,6","true,true,true,true","0,0,0,0",true,true,true,avx2,0,0,0.0104087,268435456,2.57895e+10,342599379
stderr:

[12] variant=Bclone run=4 order_index=3 exit=0
stdout:
D,S,R,O_i,B_i,rows_per_worker,bytes_per_worker,mode,variant,S_tile,iterations,timed_repetitions,warmup,worker_count,worker_list,affinity,affinity_error,affinity_succeeded,timed_repetitions_exact,avx2_supported,kernel_used,eviction_bytes,eviction_checksum,elapsed_seconds,mac_total,mac_per_second,checksum
512,1,16,"1332,807,965,992","10911744,6610944,7905280,8126464","1332,807,965,992","10911744,6610944,7905280,8126464",fused,Bclone,8,1,8,2,4,"0,2,4,6","true,true,true,true","0,0,0,0",true,true,true,avx2,0,0,0.013431,268435456,1.99863e+10,342599379
stderr:

[13] variant=A run=5 order_index=1 exit=0
stdout:
D,S,R,O_i,B_i,rows_per_worker,bytes_per_worker,mode,variant,S_tile,iterations,timed_repetitions,warmup,worker_count,worker_list,affinity,affinity_error,affinity_succeeded,timed_repetitions_exact,avx2_supported,kernel_used,eviction_bytes,eviction_checksum,elapsed_seconds,mac_total,mac_per_second,checksum
512,1,16,"1332,807,965,992","681984,413184,494080,507904","1332,807,965,992","681984,413184,494080,507904",fused,A,8,1,8,2,4,"0,2,4,6","true,true,true,true","0,0,0,0",true,true,true,avx2,0,0,0.0090656,268435456,2.96103e+10,342599379
stderr:

[14] variant=B_real run=5 order_index=2 exit=0
stdout:
D,S,R,O_i,B_i,rows_per_worker,bytes_per_worker,mode,variant,S_tile,iterations,timed_repetitions,warmup,worker_count,worker_list,affinity,affinity_error,affinity_succeeded,timed_repetitions_exact,avx2_supported,kernel_used,eviction_bytes,eviction_checksum,elapsed_seconds,mac_total,mac_per_second,checksum
512,1,16,"1332,807,965,992","10911744,6610944,7905280,8126464","1332,807,965,992","10911744,6610944,7905280,8126464",fused,B_real,8,1,8,2,4,"0,2,4,6","true,true,true,true","0,0,0,0",true,true,true,avx2,0,0,0.0103919,268435456,2.58312e+10,18446744073654555548
stderr:

[15] variant=Bclone run=5 order_index=3 exit=0
stdout:
D,S,R,O_i,B_i,rows_per_worker,bytes_per_worker,mode,variant,S_tile,iterations,timed_repetitions,warmup,worker_count,worker_list,affinity,affinity_error,affinity_succeeded,timed_repetitions_exact,avx2_supported,kernel_used,eviction_bytes,eviction_checksum,elapsed_seconds,mac_total,mac_per_second,checksum
512,1,16,"1332,807,965,992","10911744,6610944,7905280,8126464","1332,807,965,992","10911744,6610944,7905280,8126464",fused,Bclone,8,1,8,2,4,"0,2,4,6","true,true,true,true","0,0,0,0",true,true,true,avx2,0,0,0.0163222,268435456,1.6446e+10,342599379
stderr:

[16] variant=Bclone run=6 order_index=1 exit=0
stdout:
D,S,R,O_i,B_i,rows_per_worker,bytes_per_worker,mode,variant,S_tile,iterations,timed_repetitions,warmup,worker_count,worker_list,affinity,affinity_error,affinity_succeeded,timed_repetitions_exact,avx2_supported,kernel_used,eviction_bytes,eviction_checksum,elapsed_seconds,mac_total,mac_per_second,checksum
512,1,16,"1332,807,965,992","10911744,6610944,7905280,8126464","1332,807,965,992","10911744,6610944,7905280,8126464",fused,Bclone,8,1,8,2,4,"0,2,4,6","true,true,true,true","0,0,0,0",true,true,true,avx2,0,0,0.011052,268435456,2.42884e+10,342599379
stderr:

[17] variant=B_real run=6 order_index=2 exit=0
stdout:
D,S,R,O_i,B_i,rows_per_worker,bytes_per_worker,mode,variant,S_tile,iterations,timed_repetitions,warmup,worker_count,worker_list,affinity,affinity_error,affinity_succeeded,timed_repetitions_exact,avx2_supported,kernel_used,eviction_bytes,eviction_checksum,elapsed_seconds,mac_total,mac_per_second,checksum
512,1,16,"1332,807,965,992","10911744,6610944,7905280,8126464","1332,807,965,992","10911744,6610944,7905280,8126464",fused,B_real,8,1,8,2,4,"0,2,4,6","true,true,true,true","0,0,0,0",true,true,true,avx2,0,0,0.0103585,268435456,2.59145e+10,18446744073654555548
stderr:

[18] variant=A run=6 order_index=3 exit=0
stdout:
D,S,R,O_i,B_i,rows_per_worker,bytes_per_worker,mode,variant,S_tile,iterations,timed_repetitions,warmup,worker_count,worker_list,affinity,affinity_error,affinity_succeeded,timed_repetitions_exact,avx2_supported,kernel_used,eviction_bytes,eviction_checksum,elapsed_seconds,mac_total,mac_per_second,checksum
512,1,16,"1332,807,965,992","681984,413184,494080,507904","1332,807,965,992","681984,413184,494080,507904",fused,A,8,1,8,2,4,"0,2,4,6","true,true,true,true","0,0,0,0",true,true,true,avx2,0,0,0.0094092,268435456,2.8529e+10,342599379
stderr:

[19] variant=A run=7 order_index=1 exit=0
stdout:
D,S,R,O_i,B_i,rows_per_worker,bytes_per_worker,mode,variant,S_tile,iterations,timed_repetitions,warmup,worker_count,worker_list,affinity,affinity_error,affinity_succeeded,timed_repetitions_exact,avx2_supported,kernel_used,eviction_bytes,eviction_checksum,elapsed_seconds,mac_total,mac_per_second,checksum
512,1,16,"1332,807,965,992","681984,413184,494080,507904","1332,807,965,992","681984,413184,494080,507904",fused,A,8,1,8,2,4,"0,2,4,6","true,true,true,true","0,0,0,0",true,true,true,avx2,0,0,0.0121298,268435456,2.21302e+10,342599379
stderr:

[20] variant=Bclone run=7 order_index=2 exit=0
stdout:
D,S,R,O_i,B_i,rows_per_worker,bytes_per_worker,mode,variant,S_tile,iterations,timed_repetitions,warmup,worker_count,worker_list,affinity,affinity_error,affinity_succeeded,timed_repetitions_exact,avx2_supported,kernel_used,eviction_bytes,eviction_checksum,elapsed_seconds,mac_total,mac_per_second,checksum
512,1,16,"1332,807,965,992","10911744,6610944,7905280,8126464","1332,807,965,992","10911744,6610944,7905280,8126464",fused,Bclone,8,1,8,2,4,"0,2,4,6","true,true,true,true","0,0,0,0",true,true,true,avx2,0,0,0.0117394,268435456,2.28662e+10,342599379
stderr:

[21] variant=B_real run=7 order_index=3 exit=0
stdout:
D,S,R,O_i,B_i,rows_per_worker,bytes_per_worker,mode,variant,S_tile,iterations,timed_repetitions,warmup,worker_count,worker_list,affinity,affinity_error,affinity_succeeded,timed_repetitions_exact,avx2_supported,kernel_used,eviction_bytes,eviction_checksum,elapsed_seconds,mac_total,mac_per_second,checksum
512,1,16,"1332,807,965,992","10911744,6610944,7905280,8126464","1332,807,965,992","10911744,6610944,7905280,8126464",fused,B_real,8,1,8,2,4,"0,2,4,6","true,true,true,true","0,0,0,0",true,true,true,avx2,0,0,0.0149718,268435456,1.79294e+10,18446744073654555548
stderr:

[22] variant=B_real run=8 order_index=1 exit=0
stdout:
D,S,R,O_i,B_i,rows_per_worker,bytes_per_worker,mode,variant,S_tile,iterations,timed_repetitions,warmup,worker_count,worker_list,affinity,affinity_error,affinity_succeeded,timed_repetitions_exact,avx2_supported,kernel_used,eviction_bytes,eviction_checksum,elapsed_seconds,mac_total,mac_per_second,checksum
512,1,16,"1332,807,965,992","10911744,6610944,7905280,8126464","1332,807,965,992","10911744,6610944,7905280,8126464",fused,B_real,8,1,8,2,4,"0,2,4,6","true,true,true,true","0,0,0,0",true,true,true,avx2,0,0,0.0129751,268435456,2.06885e+10,18446744073654555548
stderr:

[23] variant=Bclone run=8 order_index=2 exit=0
stdout:
D,S,R,O_i,B_i,rows_per_worker,bytes_per_worker,mode,variant,S_tile,iterations,timed_repetitions,warmup,worker_count,worker_list,affinity,affinity_error,affinity_succeeded,timed_repetitions_exact,avx2_supported,kernel_used,eviction_bytes,eviction_checksum,elapsed_seconds,mac_total,mac_per_second,checksum
512,1,16,"1332,807,965,992","10911744,6610944,7905280,8126464","1332,807,965,992","10911744,6610944,7905280,8126464",fused,Bclone,8,1,8,2,4,"0,2,4,6","true,true,true,true","0,0,0,0",true,true,true,avx2,0,0,0.0157477,268435456,1.7046e+10,342599379
stderr:

[24] variant=A run=8 order_index=3 exit=0
stdout:
D,S,R,O_i,B_i,rows_per_worker,bytes_per_worker,mode,variant,S_tile,iterations,timed_repetitions,warmup,worker_count,worker_list,affinity,affinity_error,affinity_succeeded,timed_repetitions_exact,avx2_supported,kernel_used,eviction_bytes,eviction_checksum,elapsed_seconds,mac_total,mac_per_second,checksum
512,1,16,"1332,807,965,992","681984,413184,494080,507904","1332,807,965,992","681984,413184,494080,507904",fused,A,8,1,8,2,4,"0,2,4,6","true,true,true,true","0,0,0,0",true,true,true,avx2,0,0,0.004659,268435456,5.76165e+10,342599379
stderr:

[25] variant=Bclone run=9 order_index=1 exit=0
stdout:
D,S,R,O_i,B_i,rows_per_worker,bytes_per_worker,mode,variant,S_tile,iterations,timed_repetitions,warmup,worker_count,worker_list,affinity,affinity_error,affinity_succeeded,timed_repetitions_exact,avx2_supported,kernel_used,eviction_bytes,eviction_checksum,elapsed_seconds,mac_total,mac_per_second,checksum
512,1,16,"1332,807,965,992","10911744,6610944,7905280,8126464","1332,807,965,992","10911744,6610944,7905280,8126464",fused,Bclone,8,1,8,2,4,"0,2,4,6","true,true,true,true","0,0,0,0",true,true,true,avx2,0,0,0.0116232,268435456,2.30948e+10,342599379
stderr:

[26] variant=A run=9 order_index=2 exit=0
stdout:
D,S,R,O_i,B_i,rows_per_worker,bytes_per_worker,mode,variant,S_tile,iterations,timed_repetitions,warmup,worker_count,worker_list,affinity,affinity_error,affinity_succeeded,timed_repetitions_exact,avx2_supported,kernel_used,eviction_bytes,eviction_checksum,elapsed_seconds,mac_total,mac_per_second,checksum
512,1,16,"1332,807,965,992","681984,413184,494080,507904","1332,807,965,992","681984,413184,494080,507904",fused,A,8,1,8,2,4,"0,2,4,6","true,true,true,true","0,0,0,0",true,true,true,avx2,0,0,0.0052808,268435456,5.08323e+10,342599379
stderr:

[27] variant=B_real run=9 order_index=3 exit=0
stdout:
D,S,R,O_i,B_i,rows_per_worker,bytes_per_worker,mode,variant,S_tile,iterations,timed_repetitions,warmup,worker_count,worker_list,affinity,affinity_error,affinity_succeeded,timed_repetitions_exact,avx2_supported,kernel_used,eviction_bytes,eviction_checksum,elapsed_seconds,mac_total,mac_per_second,checksum
512,1,16,"1332,807,965,992","10911744,6610944,7905280,8126464","1332,807,965,992","10911744,6610944,7905280,8126464",fused,B_real,8,1,8,2,4,"0,2,4,6","true,true,true,true","0,0,0,0",true,true,true,avx2,0,0,0.0099971,268435456,2.68513e+10,18446744073654555548
stderr:

[28] variant=B_real run=10 order_index=1 exit=0
stdout:
D,S,R,O_i,B_i,rows_per_worker,bytes_per_worker,mode,variant,S_tile,iterations,timed_repetitions,warmup,worker_count,worker_list,affinity,affinity_error,affinity_succeeded,timed_repetitions_exact,avx2_supported,kernel_used,eviction_bytes,eviction_checksum,elapsed_seconds,mac_total,mac_per_second,checksum
512,1,16,"1332,807,965,992","10911744,6610944,7905280,8126464","1332,807,965,992","10911744,6610944,7905280,8126464",fused,B_real,8,1,8,2,4,"0,2,4,6","true,true,true,true","0,0,0,0",true,true,true,avx2,0,0,0.0094412,268435456,2.84323e+10,18446744073654555548
stderr:

[29] variant=A run=10 order_index=2 exit=0
stdout:
D,S,R,O_i,B_i,rows_per_worker,bytes_per_worker,mode,variant,S_tile,iterations,timed_repetitions,warmup,worker_count,worker_list,affinity,affinity_error,affinity_succeeded,timed_repetitions_exact,avx2_supported,kernel_used,eviction_bytes,eviction_checksum,elapsed_seconds,mac_total,mac_per_second,checksum
512,1,16,"1332,807,965,992","681984,413184,494080,507904","1332,807,965,992","681984,413184,494080,507904",fused,A,8,1,8,2,4,"0,2,4,6","true,true,true,true","0,0,0,0",true,true,true,avx2,0,0,0.0071372,268435456,3.76108e+10,342599379
stderr:

[30] variant=Bclone run=10 order_index=3 exit=0
stdout:
D,S,R,O_i,B_i,rows_per_worker,bytes_per_worker,mode,variant,S_tile,iterations,timed_repetitions,warmup,worker_count,worker_list,affinity,affinity_error,affinity_succeeded,timed_repetitions_exact,avx2_supported,kernel_used,eviction_bytes,eviction_checksum,elapsed_seconds,mac_total,mac_per_second,checksum
512,1,16,"1332,807,965,992","10911744,6610944,7905280,8126464","1332,807,965,992","10911744,6610944,7905280,8126464",fused,Bclone,8,1,8,2,4,"0,2,4,6","true,true,true,true","0,0,0,0",true,true,true,avx2,0,0,0.0098202,268435456,2.7335e+10,342599379
stderr:

