T0-R AffinityGuard construction timing diagnostic stderr
boundaries=QPC immediately before AffinityGuard declaration through immediately after constructor returns; excludes make_data, output allocation, eviction allocation, warmup, barriers, and result assignment
diagnostic_enabled=True
invocation=1 affinity_timing variant=A worker=0 cpu=0 row=1332 affinity_guard_elapsed_seconds=7.18e-05
invocation=1 affinity_timing variant=A worker=1 cpu=2 row=807 affinity_guard_elapsed_seconds=0.0006482
invocation=1 affinity_timing variant=A worker=2 cpu=4 row=965 affinity_guard_elapsed_seconds=0.0023823
invocation=1 affinity_timing variant=A worker=3 cpu=6 row=992 affinity_guard_elapsed_seconds=0.0003961
invocation=2 affinity_timing variant=B worker=0 cpu=0 row=1332 affinity_guard_elapsed_seconds=0.0005165
invocation=2 affinity_timing variant=B worker=1 cpu=2 row=807 affinity_guard_elapsed_seconds=2.46e-05
invocation=2 affinity_timing variant=B worker=2 cpu=4 row=965 affinity_guard_elapsed_seconds=1.54e-05
invocation=2 affinity_timing variant=B worker=3 cpu=6 row=992 affinity_guard_elapsed_seconds=1.79e-05
invocation=3 affinity_timing variant=Bclone worker=0 cpu=0 row=1332 affinity_guard_elapsed_seconds=6.6e-06
invocation=3 affinity_timing variant=Bclone worker=1 cpu=2 row=807 affinity_guard_elapsed_seconds=0.0003141
invocation=3 affinity_timing variant=Bclone worker=2 cpu=4 row=965 affinity_guard_elapsed_seconds=2.24e-05
invocation=3 affinity_timing variant=Bclone worker=3 cpu=6 row=992 affinity_guard_elapsed_seconds=3.18e-05
invocation=4 affinity_timing variant=Bclone worker=0 cpu=0 row=1332 affinity_guard_elapsed_seconds=0.0001893
invocation=4 affinity_timing variant=Bclone worker=1 cpu=2 row=807 affinity_guard_elapsed_seconds=1.81e-05
invocation=4 affinity_timing variant=Bclone worker=2 cpu=4 row=965 affinity_guard_elapsed_seconds=0.0001141
invocation=4 affinity_timing variant=Bclone worker=3 cpu=6 row=992 affinity_guard_elapsed_seconds=2.17e-05
invocation=5 affinity_timing variant=B worker=0 cpu=0 row=1332 affinity_guard_elapsed_seconds=7.8e-06
invocation=5 affinity_timing variant=B worker=1 cpu=2 row=807 affinity_guard_elapsed_seconds=0.000323
invocation=5 affinity_timing variant=B worker=2 cpu=4 row=965 affinity_guard_elapsed_seconds=0.0007712
invocation=5 affinity_timing variant=B worker=3 cpu=6 row=992 affinity_guard_elapsed_seconds=0.0002719
invocation=6 affinity_timing variant=A worker=0 cpu=0 row=1332 affinity_guard_elapsed_seconds=0.0003794
invocation=6 affinity_timing variant=A worker=1 cpu=2 row=807 affinity_guard_elapsed_seconds=0.0001964
invocation=6 affinity_timing variant=A worker=2 cpu=4 row=965 affinity_guard_elapsed_seconds=0.0001352
invocation=6 affinity_timing variant=A worker=3 cpu=6 row=992 affinity_guard_elapsed_seconds=1.64e-05
invocation=7 affinity_timing variant=A worker=0 cpu=0 row=1332 affinity_guard_elapsed_seconds=4.6e-06
invocation=7 affinity_timing variant=A worker=1 cpu=2 row=807 affinity_guard_elapsed_seconds=0.0004424
invocation=7 affinity_timing variant=A worker=2 cpu=4 row=965 affinity_guard_elapsed_seconds=0.0002335
invocation=7 affinity_timing variant=A worker=3 cpu=6 row=992 affinity_guard_elapsed_seconds=1.57e-05
invocation=8 affinity_timing variant=B worker=0 cpu=0 row=1332 affinity_guard_elapsed_seconds=1.41e-05
invocation=8 affinity_timing variant=B worker=1 cpu=2 row=807 affinity_guard_elapsed_seconds=1.6e-05
invocation=8 affinity_timing variant=B worker=2 cpu=4 row=965 affinity_guard_elapsed_seconds=2.14e-05
invocation=8 affinity_timing variant=B worker=3 cpu=6 row=992 affinity_guard_elapsed_seconds=1.74e-05
invocation=9 affinity_timing variant=Bclone worker=0 cpu=0 row=1332 affinity_guard_elapsed_seconds=7.4e-06
invocation=9 affinity_timing variant=Bclone worker=1 cpu=2 row=807 affinity_guard_elapsed_seconds=0.0008778
invocation=9 affinity_timing variant=Bclone worker=2 cpu=4 row=965 affinity_guard_elapsed_seconds=1.78e-05
invocation=9 affinity_timing variant=Bclone worker=3 cpu=6 row=992 affinity_guard_elapsed_seconds=0.0013595
invocation=10 affinity_timing variant=Bclone worker=0 cpu=0 row=1332 affinity_guard_elapsed_seconds=1.56e-05
invocation=10 affinity_timing variant=Bclone worker=1 cpu=2 row=807 affinity_guard_elapsed_seconds=1.11e-05
invocation=10 affinity_timing variant=Bclone worker=2 cpu=4 row=965 affinity_guard_elapsed_seconds=3.27e-05
invocation=10 affinity_timing variant=Bclone worker=3 cpu=6 row=992 affinity_guard_elapsed_seconds=2.79e-05
invocation=11 affinity_timing variant=B worker=0 cpu=0 row=1332 affinity_guard_elapsed_seconds=7.7e-06
invocation=11 affinity_timing variant=B worker=1 cpu=2 row=807 affinity_guard_elapsed_seconds=0.0006107
invocation=11 affinity_timing variant=B worker=2 cpu=4 row=965 affinity_guard_elapsed_seconds=0.0014221
invocation=11 affinity_timing variant=B worker=3 cpu=6 row=992 affinity_guard_elapsed_seconds=0.0009443
invocation=12 affinity_timing variant=A worker=0 cpu=0 row=1332 affinity_guard_elapsed_seconds=9.9e-06
invocation=12 affinity_timing variant=A worker=1 cpu=2 row=807 affinity_guard_elapsed_seconds=0.0002221
invocation=12 affinity_timing variant=A worker=2 cpu=4 row=965 affinity_guard_elapsed_seconds=1.42e-05
invocation=12 affinity_timing variant=A worker=3 cpu=6 row=992 affinity_guard_elapsed_seconds=1.61e-05
invocation=13 affinity_timing variant=A worker=0 cpu=0 row=1332 affinity_guard_elapsed_seconds=1.57e-05
invocation=13 affinity_timing variant=A worker=1 cpu=2 row=807 affinity_guard_elapsed_seconds=2.12e-05
invocation=13 affinity_timing variant=A worker=2 cpu=4 row=965 affinity_guard_elapsed_seconds=1.4e-05
invocation=13 affinity_timing variant=A worker=3 cpu=6 row=992 affinity_guard_elapsed_seconds=2.19e-05
invocation=14 affinity_timing variant=B worker=0 cpu=0 row=1332 affinity_guard_elapsed_seconds=0.0008696
invocation=14 affinity_timing variant=B worker=1 cpu=2 row=807 affinity_guard_elapsed_seconds=0.0005181
invocation=14 affinity_timing variant=B worker=2 cpu=4 row=965 affinity_guard_elapsed_seconds=0.0003262
invocation=14 affinity_timing variant=B worker=3 cpu=6 row=992 affinity_guard_elapsed_seconds=9.1e-06
invocation=15 affinity_timing variant=Bclone worker=0 cpu=0 row=1332 affinity_guard_elapsed_seconds=5.3e-06
invocation=15 affinity_timing variant=Bclone worker=1 cpu=2 row=807 affinity_guard_elapsed_seconds=0.0054209
invocation=15 affinity_timing variant=Bclone worker=2 cpu=4 row=965 affinity_guard_elapsed_seconds=1.37e-05
invocation=15 affinity_timing variant=Bclone worker=3 cpu=6 row=992 affinity_guard_elapsed_seconds=1.45e-05
invocation=16 affinity_timing variant=Bclone worker=0 cpu=0 row=1332 affinity_guard_elapsed_seconds=4.53e-05
invocation=16 affinity_timing variant=Bclone worker=1 cpu=2 row=807 affinity_guard_elapsed_seconds=0.0002151
invocation=16 affinity_timing variant=Bclone worker=2 cpu=4 row=965 affinity_guard_elapsed_seconds=0.0001158
invocation=16 affinity_timing variant=Bclone worker=3 cpu=6 row=992 affinity_guard_elapsed_seconds=1.24e-05
invocation=17 affinity_timing variant=B worker=0 cpu=0 row=1332 affinity_guard_elapsed_seconds=1.17e-05
invocation=17 affinity_timing variant=B worker=1 cpu=2 row=807 affinity_guard_elapsed_seconds=0.000163
invocation=17 affinity_timing variant=B worker=2 cpu=4 row=965 affinity_guard_elapsed_seconds=2.03e-05
invocation=17 affinity_timing variant=B worker=3 cpu=6 row=992 affinity_guard_elapsed_seconds=1.27e-05
invocation=18 affinity_timing variant=A worker=0 cpu=0 row=1332 affinity_guard_elapsed_seconds=0.0043667
invocation=18 affinity_timing variant=A worker=1 cpu=2 row=807 affinity_guard_elapsed_seconds=0.0003825
invocation=18 affinity_timing variant=A worker=2 cpu=4 row=965 affinity_guard_elapsed_seconds=0.0002823
invocation=18 affinity_timing variant=A worker=3 cpu=6 row=992 affinity_guard_elapsed_seconds=1.46e-05
invocation=19 affinity_timing variant=A worker=0 cpu=0 row=1332 affinity_guard_elapsed_seconds=0.0005269
invocation=19 affinity_timing variant=A worker=1 cpu=2 row=807 affinity_guard_elapsed_seconds=0.0008625
invocation=19 affinity_timing variant=A worker=2 cpu=4 row=965 affinity_guard_elapsed_seconds=0.0001296
invocation=19 affinity_timing variant=A worker=3 cpu=6 row=992 affinity_guard_elapsed_seconds=1.28e-05
invocation=20 affinity_timing variant=B worker=0 cpu=0 row=1332 affinity_guard_elapsed_seconds=1.28e-05
invocation=20 affinity_timing variant=B worker=1 cpu=2 row=807 affinity_guard_elapsed_seconds=2.11e-05
invocation=20 affinity_timing variant=B worker=2 cpu=4 row=965 affinity_guard_elapsed_seconds=5.92e-05
invocation=20 affinity_timing variant=B worker=3 cpu=6 row=992 affinity_guard_elapsed_seconds=0.0017024
invocation=21 affinity_timing variant=Bclone worker=0 cpu=0 row=1332 affinity_guard_elapsed_seconds=0.0010542
invocation=21 affinity_timing variant=Bclone worker=1 cpu=2 row=807 affinity_guard_elapsed_seconds=0.0002179
invocation=21 affinity_timing variant=Bclone worker=2 cpu=4 row=965 affinity_guard_elapsed_seconds=0.0016942
invocation=21 affinity_timing variant=Bclone worker=3 cpu=6 row=992 affinity_guard_elapsed_seconds=0.0009628
invocation=22 affinity_timing variant=Bclone worker=0 cpu=0 row=1332 affinity_guard_elapsed_seconds=1.14e-05
invocation=22 affinity_timing variant=Bclone worker=1 cpu=2 row=807 affinity_guard_elapsed_seconds=0.0001816
invocation=22 affinity_timing variant=Bclone worker=2 cpu=4 row=965 affinity_guard_elapsed_seconds=0.0013727
invocation=22 affinity_timing variant=Bclone worker=3 cpu=6 row=992 affinity_guard_elapsed_seconds=0.0005994
invocation=23 affinity_timing variant=B worker=0 cpu=0 row=1332 affinity_guard_elapsed_seconds=1.64e-05
invocation=23 affinity_timing variant=B worker=1 cpu=2 row=807 affinity_guard_elapsed_seconds=3.63e-05
invocation=23 affinity_timing variant=B worker=2 cpu=4 row=965 affinity_guard_elapsed_seconds=1.02e-05
invocation=23 affinity_timing variant=B worker=3 cpu=6 row=992 affinity_guard_elapsed_seconds=0.0013895
invocation=24 affinity_timing variant=A worker=0 cpu=0 row=1332 affinity_guard_elapsed_seconds=0.0003768
invocation=24 affinity_timing variant=A worker=1 cpu=2 row=807 affinity_guard_elapsed_seconds=0.0010062
invocation=24 affinity_timing variant=A worker=2 cpu=4 row=965 affinity_guard_elapsed_seconds=0.0004304
invocation=24 affinity_timing variant=A worker=3 cpu=6 row=992 affinity_guard_elapsed_seconds=7.1e-06
invocation=25 affinity_timing variant=A worker=0 cpu=0 row=1332 affinity_guard_elapsed_seconds=0.0009298
invocation=25 affinity_timing variant=A worker=1 cpu=2 row=807 affinity_guard_elapsed_seconds=1.93e-05
invocation=25 affinity_timing variant=A worker=2 cpu=4 row=965 affinity_guard_elapsed_seconds=0.0003239
invocation=25 affinity_timing variant=A worker=3 cpu=6 row=992 affinity_guard_elapsed_seconds=1.65e-05
invocation=26 affinity_timing variant=B worker=0 cpu=0 row=1332 affinity_guard_elapsed_seconds=0.0005178
invocation=26 affinity_timing variant=B worker=1 cpu=2 row=807 affinity_guard_elapsed_seconds=1.87e-05
invocation=26 affinity_timing variant=B worker=2 cpu=4 row=965 affinity_guard_elapsed_seconds=0.0033024
invocation=26 affinity_timing variant=B worker=3 cpu=6 row=992 affinity_guard_elapsed_seconds=0.0004384
invocation=27 affinity_timing variant=Bclone worker=0 cpu=0 row=1332 affinity_guard_elapsed_seconds=2.45e-05
invocation=27 affinity_timing variant=Bclone worker=1 cpu=2 row=807 affinity_guard_elapsed_seconds=0.0005251
invocation=27 affinity_timing variant=Bclone worker=2 cpu=4 row=965 affinity_guard_elapsed_seconds=0.0003151
invocation=27 affinity_timing variant=Bclone worker=3 cpu=6 row=992 affinity_guard_elapsed_seconds=8.1e-06
invocation=28 affinity_timing variant=Bclone worker=0 cpu=0 row=1332 affinity_guard_elapsed_seconds=0.0001412
invocation=28 affinity_timing variant=Bclone worker=1 cpu=2 row=807 affinity_guard_elapsed_seconds=1.38e-05
invocation=28 affinity_timing variant=Bclone worker=2 cpu=4 row=965 affinity_guard_elapsed_seconds=7.41e-05
invocation=28 affinity_timing variant=Bclone worker=3 cpu=6 row=992 affinity_guard_elapsed_seconds=8.7e-05
invocation=29 affinity_timing variant=B worker=0 cpu=0 row=1332 affinity_guard_elapsed_seconds=1.78e-05
invocation=29 affinity_timing variant=B worker=1 cpu=2 row=807 affinity_guard_elapsed_seconds=1.89e-05
invocation=29 affinity_timing variant=B worker=2 cpu=4 row=965 affinity_guard_elapsed_seconds=2.1e-05
invocation=29 affinity_timing variant=B worker=3 cpu=6 row=992 affinity_guard_elapsed_seconds=5.67e-05
invocation=30 affinity_timing variant=A worker=0 cpu=0 row=1332 affinity_guard_elapsed_seconds=1.03e-05
invocation=30 affinity_timing variant=A worker=1 cpu=2 row=807 affinity_guard_elapsed_seconds=1.81e-05
invocation=30 affinity_timing variant=A worker=2 cpu=4 row=965 affinity_guard_elapsed_seconds=1.2e-05
invocation=30 affinity_timing variant=A worker=3 cpu=6 row=992 affinity_guard_elapsed_seconds=5.3e-06
