T0-R int8 sharded sweep stderr and command log
executable=.\build\int8_probe.exe
physical_cpus=0,2,4,6; dram_gbps_measured=32.9295
target_kib=512; depths=16; variants=A,B,Bclone; repeat_count=10; repetitions=8; warmup=2
ready_timing_diagnostic=True
warmup_affinity_timing_diagnostic=True
int8 AVX2 correction test passed; scalar_checksum=320040, avx2_checksum=320040, difference=0
int8 AVX2 correction test passed; scalar_checksum=320040, avx2_checksum=320040, difference=0
int8 AVX2 correction test passed; scalar_checksum=320040, avx2_checksum=320040, difference=0
int8 AVX2 correction test passed; scalar_checksum=320040, avx2_checksum=320040, difference=0
command[1/30]=.\build\int8_probe.exe --K 512 --target-kib 512 --depth 16 --variant A --kernel avx2 --parallel-cpus 0,2,4,6 --parallel-rows 1332,807,965,992 --iterations 1 --repetitions 8 --warmup 2 --ready-timing-diagnostic --warmup-affinity-timing-diagnostic
int8 AVX2 correction test passed; scalar_checksum=320040, avx2_checksum=320040, difference=0
ready_timing variant=A worker=0 cpu=0 row=1332 ready_elapsed_seconds=0.0041655
ready_timing variant=A worker=1 cpu=2 row=807 ready_elapsed_seconds=0.0044912
ready_timing variant=A worker=2 cpu=4 row=965 ready_elapsed_seconds=0.0044899
ready_timing variant=A worker=3 cpu=6 row=992 ready_elapsed_seconds=0.0042206
ready_timing_aggregate variant=A min_seconds=0.0041655 max_seconds=0.0044912 mean_seconds=0.0043418
coordinator_kernel_elapsed variant=A kernel_elapsed_seconds=0.019112
block_timing variant=A worker=0 cpu=0 row=1332 block_loop_elapsed_seconds=0.0017221 first_clone_copy_elapsed_seconds=0 clone_copy_elapsed_seconds=0 remaining_clone_copy_elapsed_seconds=0
block_timing variant=A worker=1 cpu=2 row=807 block_loop_elapsed_seconds=0.0011565 first_clone_copy_elapsed_seconds=0 clone_copy_elapsed_seconds=0 remaining_clone_copy_elapsed_seconds=0
block_timing variant=A worker=2 cpu=4 row=965 block_loop_elapsed_seconds=0.00134 first_clone_copy_elapsed_seconds=0 clone_copy_elapsed_seconds=0 remaining_clone_copy_elapsed_seconds=0
block_timing variant=A worker=3 cpu=6 row=992 block_loop_elapsed_seconds=0.0013945 first_clone_copy_elapsed_seconds=0 clone_copy_elapsed_seconds=0 remaining_clone_copy_elapsed_seconds=0
warmup_timing variant=A worker=0 cpu=0 row=1332 warmup_elapsed_seconds=0.0019543
affinity_timing variant=A worker=0 cpu=0 row=1332 affinity_guard_elapsed_seconds=7.18e-05
warmup_timing variant=A worker=1 cpu=2 row=807 warmup_elapsed_seconds=0.0013154
affinity_timing variant=A worker=1 cpu=2 row=807 affinity_guard_elapsed_seconds=0.0006482
warmup_timing variant=A worker=2 cpu=4 row=965 warmup_elapsed_seconds=0.0007452
affinity_timing variant=A worker=2 cpu=4 row=965 affinity_guard_elapsed_seconds=0.0023823
warmup_timing variant=A worker=3 cpu=6 row=992 warmup_elapsed_seconds=0.0007148
affinity_timing variant=A worker=3 cpu=6 row=992 affinity_guard_elapsed_seconds=0.0003961
command[2/30]=.\build\int8_probe.exe --K 512 --target-kib 512 --depth 16 --variant B --kernel avx2 --parallel-cpus 0,2,4,6 --parallel-rows 1332,807,965,992 --iterations 1 --repetitions 8 --warmup 2 --ready-timing-diagnostic --warmup-affinity-timing-diagnostic
int8 AVX2 correction test passed; scalar_checksum=320040, avx2_checksum=320040, difference=0
ready_timing variant=B worker=0 cpu=0 row=1332 ready_elapsed_seconds=0.0207504
ready_timing variant=B worker=1 cpu=2 row=807 ready_elapsed_seconds=0.0207546
ready_timing variant=B worker=2 cpu=4 row=965 ready_elapsed_seconds=0.0215784
ready_timing variant=B worker=3 cpu=6 row=992 ready_elapsed_seconds=0.020772
ready_timing_aggregate variant=B min_seconds=0.0207504 max_seconds=0.0215784 mean_seconds=0.0209638
coordinator_kernel_elapsed variant=B kernel_elapsed_seconds=0.0129427
block_timing variant=B worker=0 cpu=0 row=1332 block_loop_elapsed_seconds=0.0194158 first_clone_copy_elapsed_seconds=0 clone_copy_elapsed_seconds=0 remaining_clone_copy_elapsed_seconds=0
block_timing variant=B worker=1 cpu=2 row=807 block_loop_elapsed_seconds=0.0120855 first_clone_copy_elapsed_seconds=0 clone_copy_elapsed_seconds=0 remaining_clone_copy_elapsed_seconds=0
block_timing variant=B worker=2 cpu=4 row=965 block_loop_elapsed_seconds=0.0164048 first_clone_copy_elapsed_seconds=0 clone_copy_elapsed_seconds=0 remaining_clone_copy_elapsed_seconds=0
block_timing variant=B worker=3 cpu=6 row=992 block_loop_elapsed_seconds=0.0157977 first_clone_copy_elapsed_seconds=0 clone_copy_elapsed_seconds=0 remaining_clone_copy_elapsed_seconds=0
warmup_timing variant=B worker=0 cpu=0 row=1332 warmup_elapsed_seconds=0.0007879
affinity_timing variant=B worker=0 cpu=0 row=1332 affinity_guard_elapsed_seconds=0.0005165
warmup_timing variant=B worker=1 cpu=2 row=807 warmup_elapsed_seconds=0.0006641
affinity_timing variant=B worker=1 cpu=2 row=807 affinity_guard_elapsed_seconds=2.46e-05
warmup_timing variant=B worker=2 cpu=4 row=965 warmup_elapsed_seconds=0.0006812
affinity_timing variant=B worker=2 cpu=4 row=965 affinity_guard_elapsed_seconds=1.54e-05
warmup_timing variant=B worker=3 cpu=6 row=992 warmup_elapsed_seconds=0.0008389
affinity_timing variant=B worker=3 cpu=6 row=992 affinity_guard_elapsed_seconds=1.79e-05
command[3/30]=.\build\int8_probe.exe --K 512 --target-kib 512 --depth 16 --variant Bclone --kernel avx2 --parallel-cpus 0,2,4,6 --parallel-rows 1332,807,965,992 --iterations 1 --repetitions 8 --warmup 2 --ready-timing-diagnostic --warmup-affinity-timing-diagnostic
int8 AVX2 correction test passed; scalar_checksum=320040, avx2_checksum=320040, difference=0
ready_timing variant=Bclone worker=0 cpu=0 row=1332 ready_elapsed_seconds=0.2656
ready_timing variant=Bclone worker=1 cpu=2 row=807 ready_elapsed_seconds=0.265596
ready_timing variant=Bclone worker=2 cpu=4 row=965 ready_elapsed_seconds=0.2656
ready_timing variant=Bclone worker=3 cpu=6 row=992 ready_elapsed_seconds=0.265754
ready_timing_aggregate variant=Bclone min_seconds=0.265596 max_seconds=0.265754 mean_seconds=0.265638
coordinator_kernel_elapsed variant=Bclone kernel_elapsed_seconds=0.0301302
block_timing variant=Bclone worker=0 cpu=0 row=1332 block_loop_elapsed_seconds=0.0047842 first_clone_copy_elapsed_seconds=0.0003282 clone_copy_elapsed_seconds=0.0036906 remaining_clone_copy_elapsed_seconds=0.0033624
block_timing variant=Bclone worker=1 cpu=2 row=807 block_loop_elapsed_seconds=0.0037138 first_clone_copy_elapsed_seconds=0.0001262 clone_copy_elapsed_seconds=0.002792 remaining_clone_copy_elapsed_seconds=0.0026658
block_timing variant=Bclone worker=2 cpu=4 row=965 block_loop_elapsed_seconds=0.0035384 first_clone_copy_elapsed_seconds=8.27e-05 clone_copy_elapsed_seconds=0.0027336 remaining_clone_copy_elapsed_seconds=0.0026509
block_timing variant=Bclone worker=3 cpu=6 row=992 block_loop_elapsed_seconds=0.0040349 first_clone_copy_elapsed_seconds=0.0001798 clone_copy_elapsed_seconds=0.0029378 remaining_clone_copy_elapsed_seconds=0.002758
warmup_timing variant=Bclone worker=0 cpu=0 row=1332 warmup_elapsed_seconds=0.250016
affinity_timing variant=Bclone worker=0 cpu=0 row=1332 affinity_guard_elapsed_seconds=6.6e-06
warmup_timing variant=Bclone worker=1 cpu=2 row=807 warmup_elapsed_seconds=0.244643
affinity_timing variant=Bclone worker=1 cpu=2 row=807 affinity_guard_elapsed_seconds=0.0003141
warmup_timing variant=Bclone worker=2 cpu=4 row=965 warmup_elapsed_seconds=0.209278
affinity_timing variant=Bclone worker=2 cpu=4 row=965 affinity_guard_elapsed_seconds=2.24e-05
warmup_timing variant=Bclone worker=3 cpu=6 row=992 warmup_elapsed_seconds=0.19738
affinity_timing variant=Bclone worker=3 cpu=6 row=992 affinity_guard_elapsed_seconds=3.18e-05
command[4/30]=.\build\int8_probe.exe --K 512 --target-kib 512 --depth 16 --variant Bclone --kernel avx2 --parallel-cpus 0,2,4,6 --parallel-rows 1332,807,965,992 --iterations 1 --repetitions 8 --warmup 2 --ready-timing-diagnostic --warmup-affinity-timing-diagnostic
int8 AVX2 correction test passed; scalar_checksum=320040, avx2_checksum=320040, difference=0
ready_timing variant=Bclone worker=0 cpu=0 row=1332 ready_elapsed_seconds=0.25002
ready_timing variant=Bclone worker=1 cpu=2 row=807 ready_elapsed_seconds=0.250019
ready_timing variant=Bclone worker=2 cpu=4 row=965 ready_elapsed_seconds=0.250021
ready_timing variant=Bclone worker=3 cpu=6 row=992 ready_elapsed_seconds=0.250025
ready_timing_aggregate variant=Bclone min_seconds=0.250019 max_seconds=0.250025 mean_seconds=0.250021
coordinator_kernel_elapsed variant=Bclone kernel_elapsed_seconds=0.0430835
block_timing variant=Bclone worker=0 cpu=0 row=1332 block_loop_elapsed_seconds=0.0045232 first_clone_copy_elapsed_seconds=0.0001867 clone_copy_elapsed_seconds=0.0031503 remaining_clone_copy_elapsed_seconds=0.0029636
block_timing variant=Bclone worker=1 cpu=2 row=807 block_loop_elapsed_seconds=0.0027082 first_clone_copy_elapsed_seconds=8.2e-05 clone_copy_elapsed_seconds=0.0018116 remaining_clone_copy_elapsed_seconds=0.0017296
block_timing variant=Bclone worker=2 cpu=4 row=965 block_loop_elapsed_seconds=0.002775 first_clone_copy_elapsed_seconds=7.51e-05 clone_copy_elapsed_seconds=0.0020022 remaining_clone_copy_elapsed_seconds=0.0019271
block_timing variant=Bclone worker=3 cpu=6 row=992 block_loop_elapsed_seconds=0.003315 first_clone_copy_elapsed_seconds=8.9e-05 clone_copy_elapsed_seconds=0.0022601 remaining_clone_copy_elapsed_seconds=0.0021711
warmup_timing variant=Bclone worker=0 cpu=0 row=1332 warmup_elapsed_seconds=0.232752
affinity_timing variant=Bclone worker=0 cpu=0 row=1332 affinity_guard_elapsed_seconds=0.0001893
warmup_timing variant=Bclone worker=1 cpu=2 row=807 warmup_elapsed_seconds=0.221928
affinity_timing variant=Bclone worker=1 cpu=2 row=807 affinity_guard_elapsed_seconds=1.81e-05
warmup_timing variant=Bclone worker=2 cpu=4 row=965 warmup_elapsed_seconds=0.207947
affinity_timing variant=Bclone worker=2 cpu=4 row=965 affinity_guard_elapsed_seconds=0.0001141
warmup_timing variant=Bclone worker=3 cpu=6 row=992 warmup_elapsed_seconds=0.19958
affinity_timing variant=Bclone worker=3 cpu=6 row=992 affinity_guard_elapsed_seconds=2.17e-05
command[5/30]=.\build\int8_probe.exe --K 512 --target-kib 512 --depth 16 --variant B --kernel avx2 --parallel-cpus 0,2,4,6 --parallel-rows 1332,807,965,992 --iterations 1 --repetitions 8 --warmup 2 --ready-timing-diagnostic --warmup-affinity-timing-diagnostic
int8 AVX2 correction test passed; scalar_checksum=320040, avx2_checksum=320040, difference=0
ready_timing variant=B worker=0 cpu=0 row=1332 ready_elapsed_seconds=0.0209246
ready_timing variant=B worker=1 cpu=2 row=807 ready_elapsed_seconds=0.0209273
ready_timing variant=B worker=2 cpu=4 row=965 ready_elapsed_seconds=0.020925
ready_timing variant=B worker=3 cpu=6 row=992 ready_elapsed_seconds=0.0209286
ready_timing_aggregate variant=B min_seconds=0.0209246 max_seconds=0.0209286 mean_seconds=0.0209264
coordinator_kernel_elapsed variant=B kernel_elapsed_seconds=0.0104219
block_timing variant=B worker=0 cpu=0 row=1332 block_loop_elapsed_seconds=0.0202375 first_clone_copy_elapsed_seconds=0 clone_copy_elapsed_seconds=0 remaining_clone_copy_elapsed_seconds=0
block_timing variant=B worker=1 cpu=2 row=807 block_loop_elapsed_seconds=0.0137101 first_clone_copy_elapsed_seconds=0 clone_copy_elapsed_seconds=0 remaining_clone_copy_elapsed_seconds=0
block_timing variant=B worker=2 cpu=4 row=965 block_loop_elapsed_seconds=0.0164912 first_clone_copy_elapsed_seconds=0 clone_copy_elapsed_seconds=0 remaining_clone_copy_elapsed_seconds=0
block_timing variant=B worker=3 cpu=6 row=992 block_loop_elapsed_seconds=0.0162645 first_clone_copy_elapsed_seconds=0 clone_copy_elapsed_seconds=0 remaining_clone_copy_elapsed_seconds=0
warmup_timing variant=B worker=0 cpu=0 row=1332 warmup_elapsed_seconds=0.000663
affinity_timing variant=B worker=0 cpu=0 row=1332 affinity_guard_elapsed_seconds=7.8e-06
warmup_timing variant=B worker=1 cpu=2 row=807 warmup_elapsed_seconds=0.0007567
affinity_timing variant=B worker=1 cpu=2 row=807 affinity_guard_elapsed_seconds=0.000323
warmup_timing variant=B worker=2 cpu=4 row=965 warmup_elapsed_seconds=0.0007138
affinity_timing variant=B worker=2 cpu=4 row=965 affinity_guard_elapsed_seconds=0.0007712
warmup_timing variant=B worker=3 cpu=6 row=992 warmup_elapsed_seconds=0.0006421
affinity_timing variant=B worker=3 cpu=6 row=992 affinity_guard_elapsed_seconds=0.0002719
command[6/30]=.\build\int8_probe.exe --K 512 --target-kib 512 --depth 16 --variant A --kernel avx2 --parallel-cpus 0,2,4,6 --parallel-rows 1332,807,965,992 --iterations 1 --repetitions 8 --warmup 2 --ready-timing-diagnostic --warmup-affinity-timing-diagnostic
int8 AVX2 correction test passed; scalar_checksum=320040, avx2_checksum=320040, difference=0
ready_timing variant=A worker=0 cpu=0 row=1332 ready_elapsed_seconds=0.002358
ready_timing variant=A worker=1 cpu=2 row=807 ready_elapsed_seconds=0.0023614
ready_timing variant=A worker=2 cpu=4 row=965 ready_elapsed_seconds=0.0023598
ready_timing variant=A worker=3 cpu=6 row=992 ready_elapsed_seconds=0.0026462
ready_timing_aggregate variant=A min_seconds=0.002358 max_seconds=0.0026462 mean_seconds=0.00243135
coordinator_kernel_elapsed variant=A kernel_elapsed_seconds=0.0129668
block_timing variant=A worker=0 cpu=0 row=1332 block_loop_elapsed_seconds=0.001419 first_clone_copy_elapsed_seconds=0 clone_copy_elapsed_seconds=0 remaining_clone_copy_elapsed_seconds=0
block_timing variant=A worker=1 cpu=2 row=807 block_loop_elapsed_seconds=0.0009149 first_clone_copy_elapsed_seconds=0 clone_copy_elapsed_seconds=0 remaining_clone_copy_elapsed_seconds=0
block_timing variant=A worker=2 cpu=4 row=965 block_loop_elapsed_seconds=0.000796 first_clone_copy_elapsed_seconds=0 clone_copy_elapsed_seconds=0 remaining_clone_copy_elapsed_seconds=0
block_timing variant=A worker=3 cpu=6 row=992 block_loop_elapsed_seconds=0.0011005 first_clone_copy_elapsed_seconds=0 clone_copy_elapsed_seconds=0 remaining_clone_copy_elapsed_seconds=0
warmup_timing variant=A worker=0 cpu=0 row=1332 warmup_elapsed_seconds=0.0004863
affinity_timing variant=A worker=0 cpu=0 row=1332 affinity_guard_elapsed_seconds=0.0003794
warmup_timing variant=A worker=1 cpu=2 row=807 warmup_elapsed_seconds=0.0004313
affinity_timing variant=A worker=1 cpu=2 row=807 affinity_guard_elapsed_seconds=0.0001964
warmup_timing variant=A worker=2 cpu=4 row=965 warmup_elapsed_seconds=0.0007385
affinity_timing variant=A worker=2 cpu=4 row=965 affinity_guard_elapsed_seconds=0.0001352
warmup_timing variant=A worker=3 cpu=6 row=992 warmup_elapsed_seconds=0.0005886
affinity_timing variant=A worker=3 cpu=6 row=992 affinity_guard_elapsed_seconds=1.64e-05
command[7/30]=.\build\int8_probe.exe --K 512 --target-kib 512 --depth 16 --variant A --kernel avx2 --parallel-cpus 0,2,4,6 --parallel-rows 1332,807,965,992 --iterations 1 --repetitions 8 --warmup 2 --ready-timing-diagnostic --warmup-affinity-timing-diagnostic
int8 AVX2 correction test passed; scalar_checksum=320040, avx2_checksum=320040, difference=0
ready_timing variant=A worker=0 cpu=0 row=1332 ready_elapsed_seconds=0.0029946
ready_timing variant=A worker=1 cpu=2 row=807 ready_elapsed_seconds=0.0030177
ready_timing variant=A worker=2 cpu=4 row=965 ready_elapsed_seconds=0.0032916
ready_timing variant=A worker=3 cpu=6 row=992 ready_elapsed_seconds=0.0029973
ready_timing_aggregate variant=A min_seconds=0.0029946 max_seconds=0.0032916 mean_seconds=0.0030753
coordinator_kernel_elapsed variant=A kernel_elapsed_seconds=0.0127167
block_timing variant=A worker=0 cpu=0 row=1332 block_loop_elapsed_seconds=0.0014111 first_clone_copy_elapsed_seconds=0 clone_copy_elapsed_seconds=0 remaining_clone_copy_elapsed_seconds=0
block_timing variant=A worker=1 cpu=2 row=807 block_loop_elapsed_seconds=0.0006306 first_clone_copy_elapsed_seconds=0 clone_copy_elapsed_seconds=0 remaining_clone_copy_elapsed_seconds=0
block_timing variant=A worker=2 cpu=4 row=965 block_loop_elapsed_seconds=0.0009923 first_clone_copy_elapsed_seconds=0 clone_copy_elapsed_seconds=0 remaining_clone_copy_elapsed_seconds=0
block_timing variant=A worker=3 cpu=6 row=992 block_loop_elapsed_seconds=0.0011119 first_clone_copy_elapsed_seconds=0 clone_copy_elapsed_seconds=0 remaining_clone_copy_elapsed_seconds=0
warmup_timing variant=A worker=0 cpu=0 row=1332 warmup_elapsed_seconds=0.0015512
affinity_timing variant=A worker=0 cpu=0 row=1332 affinity_guard_elapsed_seconds=4.6e-06
warmup_timing variant=A worker=1 cpu=2 row=807 warmup_elapsed_seconds=0.0008202
affinity_timing variant=A worker=1 cpu=2 row=807 affinity_guard_elapsed_seconds=0.0004424
warmup_timing variant=A worker=2 cpu=4 row=965 warmup_elapsed_seconds=0.0007306
affinity_timing variant=A worker=2 cpu=4 row=965 affinity_guard_elapsed_seconds=0.0002335
warmup_timing variant=A worker=3 cpu=6 row=992 warmup_elapsed_seconds=0.0007789
affinity_timing variant=A worker=3 cpu=6 row=992 affinity_guard_elapsed_seconds=1.57e-05
command[8/30]=.\build\int8_probe.exe --K 512 --target-kib 512 --depth 16 --variant B --kernel avx2 --parallel-cpus 0,2,4,6 --parallel-rows 1332,807,965,992 --iterations 1 --repetitions 8 --warmup 2 --ready-timing-diagnostic --warmup-affinity-timing-diagnostic
int8 AVX2 correction test passed; scalar_checksum=320040, avx2_checksum=320040, difference=0
ready_timing variant=B worker=0 cpu=0 row=1332 ready_elapsed_seconds=0.0198857
ready_timing variant=B worker=1 cpu=2 row=807 ready_elapsed_seconds=0.019781
ready_timing variant=B worker=2 cpu=4 row=965 ready_elapsed_seconds=0.0198665
ready_timing variant=B worker=3 cpu=6 row=992 ready_elapsed_seconds=0.0198104
ready_timing_aggregate variant=B min_seconds=0.019781 max_seconds=0.0198857 mean_seconds=0.0198359
coordinator_kernel_elapsed variant=B kernel_elapsed_seconds=0.0120196
block_timing variant=B worker=0 cpu=0 row=1332 block_loop_elapsed_seconds=0.019153 first_clone_copy_elapsed_seconds=0 clone_copy_elapsed_seconds=0 remaining_clone_copy_elapsed_seconds=0
block_timing variant=B worker=1 cpu=2 row=807 block_loop_elapsed_seconds=0.0124775 first_clone_copy_elapsed_seconds=0 clone_copy_elapsed_seconds=0 remaining_clone_copy_elapsed_seconds=0
block_timing variant=B worker=2 cpu=4 row=965 block_loop_elapsed_seconds=0.0144938 first_clone_copy_elapsed_seconds=0 clone_copy_elapsed_seconds=0 remaining_clone_copy_elapsed_seconds=0
block_timing variant=B worker=3 cpu=6 row=992 block_loop_elapsed_seconds=0.0159079 first_clone_copy_elapsed_seconds=0 clone_copy_elapsed_seconds=0 remaining_clone_copy_elapsed_seconds=0
warmup_timing variant=B worker=0 cpu=0 row=1332 warmup_elapsed_seconds=0.0007038
affinity_timing variant=B worker=0 cpu=0 row=1332 affinity_guard_elapsed_seconds=1.41e-05
warmup_timing variant=B worker=1 cpu=2 row=807 warmup_elapsed_seconds=0.0006755
affinity_timing variant=B worker=1 cpu=2 row=807 affinity_guard_elapsed_seconds=1.6e-05
warmup_timing variant=B worker=2 cpu=4 row=965 warmup_elapsed_seconds=0.000774
affinity_timing variant=B worker=2 cpu=4 row=965 affinity_guard_elapsed_seconds=2.14e-05
warmup_timing variant=B worker=3 cpu=6 row=992 warmup_elapsed_seconds=0.0006136
affinity_timing variant=B worker=3 cpu=6 row=992 affinity_guard_elapsed_seconds=1.74e-05
command[9/30]=.\build\int8_probe.exe --K 512 --target-kib 512 --depth 16 --variant Bclone --kernel avx2 --parallel-cpus 0,2,4,6 --parallel-rows 1332,807,965,992 --iterations 1 --repetitions 8 --warmup 2 --ready-timing-diagnostic --warmup-affinity-timing-diagnostic
int8 AVX2 correction test passed; scalar_checksum=320040, avx2_checksum=320040, difference=0
ready_timing variant=Bclone worker=0 cpu=0 row=1332 ready_elapsed_seconds=0.273849
ready_timing variant=Bclone worker=1 cpu=2 row=807 ready_elapsed_seconds=0.273854
ready_timing variant=Bclone worker=2 cpu=4 row=965 ready_elapsed_seconds=0.273857
ready_timing variant=Bclone worker=3 cpu=6 row=992 ready_elapsed_seconds=0.273862
ready_timing_aggregate variant=Bclone min_seconds=0.273849 max_seconds=0.273862 mean_seconds=0.273855
coordinator_kernel_elapsed variant=Bclone kernel_elapsed_seconds=0.0228322
block_timing variant=Bclone worker=0 cpu=0 row=1332 block_loop_elapsed_seconds=0.006156 first_clone_copy_elapsed_seconds=0.0002716 clone_copy_elapsed_seconds=0.0045649 remaining_clone_copy_elapsed_seconds=0.0042933
block_timing variant=Bclone worker=1 cpu=2 row=807 block_loop_elapsed_seconds=0.003624 first_clone_copy_elapsed_seconds=0.0001181 clone_copy_elapsed_seconds=0.0026546 remaining_clone_copy_elapsed_seconds=0.0025365
block_timing variant=Bclone worker=2 cpu=4 row=965 block_loop_elapsed_seconds=0.0038298 first_clone_copy_elapsed_seconds=0.0001566 clone_copy_elapsed_seconds=0.0028348 remaining_clone_copy_elapsed_seconds=0.0026782
block_timing variant=Bclone worker=3 cpu=6 row=992 block_loop_elapsed_seconds=0.0048886 first_clone_copy_elapsed_seconds=0.0002482 clone_copy_elapsed_seconds=0.0036274 remaining_clone_copy_elapsed_seconds=0.0033792
warmup_timing variant=Bclone worker=0 cpu=0 row=1332 warmup_elapsed_seconds=0.250337
affinity_timing variant=Bclone worker=0 cpu=0 row=1332 affinity_guard_elapsed_seconds=7.4e-06
warmup_timing variant=Bclone worker=1 cpu=2 row=807 warmup_elapsed_seconds=0.254824
affinity_timing variant=Bclone worker=1 cpu=2 row=807 affinity_guard_elapsed_seconds=0.0008778
warmup_timing variant=Bclone worker=2 cpu=4 row=965 warmup_elapsed_seconds=0.205448
affinity_timing variant=Bclone worker=2 cpu=4 row=965 affinity_guard_elapsed_seconds=1.78e-05
warmup_timing variant=Bclone worker=3 cpu=6 row=992 warmup_elapsed_seconds=0.193873
affinity_timing variant=Bclone worker=3 cpu=6 row=992 affinity_guard_elapsed_seconds=0.0013595
command[10/30]=.\build\int8_probe.exe --K 512 --target-kib 512 --depth 16 --variant Bclone --kernel avx2 --parallel-cpus 0,2,4,6 --parallel-rows 1332,807,965,992 --iterations 1 --repetitions 8 --warmup 2 --ready-timing-diagnostic --warmup-affinity-timing-diagnostic
int8 AVX2 correction test passed; scalar_checksum=320040, avx2_checksum=320040, difference=0
ready_timing variant=Bclone worker=0 cpu=0 row=1332 ready_elapsed_seconds=0.255681
ready_timing variant=Bclone worker=1 cpu=2 row=807 ready_elapsed_seconds=0.255681
ready_timing variant=Bclone worker=2 cpu=4 row=965 ready_elapsed_seconds=0.255681
ready_timing variant=Bclone worker=3 cpu=6 row=992 ready_elapsed_seconds=0.255683
ready_timing_aggregate variant=Bclone min_seconds=0.255681 max_seconds=0.255683 mean_seconds=0.255681
coordinator_kernel_elapsed variant=Bclone kernel_elapsed_seconds=0.0408919
block_timing variant=Bclone worker=0 cpu=0 row=1332 block_loop_elapsed_seconds=0.0041731 first_clone_copy_elapsed_seconds=0.000176 clone_copy_elapsed_seconds=0.0030902 remaining_clone_copy_elapsed_seconds=0.0029142
block_timing variant=Bclone worker=1 cpu=2 row=807 block_loop_elapsed_seconds=0.0028825 first_clone_copy_elapsed_seconds=8.39e-05 clone_copy_elapsed_seconds=0.0020284 remaining_clone_copy_elapsed_seconds=0.0019445
block_timing variant=Bclone worker=2 cpu=4 row=965 block_loop_elapsed_seconds=0.0033389 first_clone_copy_elapsed_seconds=9.48e-05 clone_copy_elapsed_seconds=0.0025597 remaining_clone_copy_elapsed_seconds=0.0024649
block_timing variant=Bclone worker=3 cpu=6 row=992 block_loop_elapsed_seconds=0.0035534 first_clone_copy_elapsed_seconds=0.0002129 clone_copy_elapsed_seconds=0.0024419 remaining_clone_copy_elapsed_seconds=0.002229
warmup_timing variant=Bclone worker=0 cpu=0 row=1332 warmup_elapsed_seconds=0.239296
affinity_timing variant=Bclone worker=0 cpu=0 row=1332 affinity_guard_elapsed_seconds=1.56e-05
warmup_timing variant=Bclone worker=1 cpu=2 row=807 warmup_elapsed_seconds=0.230887
affinity_timing variant=Bclone worker=1 cpu=2 row=807 affinity_guard_elapsed_seconds=1.11e-05
warmup_timing variant=Bclone worker=2 cpu=4 row=965 warmup_elapsed_seconds=0.212016
affinity_timing variant=Bclone worker=2 cpu=4 row=965 affinity_guard_elapsed_seconds=3.27e-05
warmup_timing variant=Bclone worker=3 cpu=6 row=992 warmup_elapsed_seconds=0.199514
affinity_timing variant=Bclone worker=3 cpu=6 row=992 affinity_guard_elapsed_seconds=2.79e-05
command[11/30]=.\build\int8_probe.exe --K 512 --target-kib 512 --depth 16 --variant B --kernel avx2 --parallel-cpus 0,2,4,6 --parallel-rows 1332,807,965,992 --iterations 1 --repetitions 8 --warmup 2 --ready-timing-diagnostic --warmup-affinity-timing-diagnostic
int8 AVX2 correction test passed; scalar_checksum=320040, avx2_checksum=320040, difference=0
ready_timing variant=B worker=0 cpu=0 row=1332 ready_elapsed_seconds=0.0222803
ready_timing variant=B worker=1 cpu=2 row=807 ready_elapsed_seconds=0.0222689
ready_timing variant=B worker=2 cpu=4 row=965 ready_elapsed_seconds=0.0222662
ready_timing variant=B worker=3 cpu=6 row=992 ready_elapsed_seconds=0.0222518
ready_timing_aggregate variant=B min_seconds=0.0222518 max_seconds=0.0222803 mean_seconds=0.0222668
coordinator_kernel_elapsed variant=B kernel_elapsed_seconds=0.0099915
block_timing variant=B worker=0 cpu=0 row=1332 block_loop_elapsed_seconds=0.0214111 first_clone_copy_elapsed_seconds=0 clone_copy_elapsed_seconds=0 remaining_clone_copy_elapsed_seconds=0
block_timing variant=B worker=1 cpu=2 row=807 block_loop_elapsed_seconds=0.0123589 first_clone_copy_elapsed_seconds=0 clone_copy_elapsed_seconds=0 remaining_clone_copy_elapsed_seconds=0
block_timing variant=B worker=2 cpu=4 row=965 block_loop_elapsed_seconds=0.0159698 first_clone_copy_elapsed_seconds=0 clone_copy_elapsed_seconds=0 remaining_clone_copy_elapsed_seconds=0
block_timing variant=B worker=3 cpu=6 row=992 block_loop_elapsed_seconds=0.0167409 first_clone_copy_elapsed_seconds=0 clone_copy_elapsed_seconds=0 remaining_clone_copy_elapsed_seconds=0
warmup_timing variant=B worker=0 cpu=0 row=1332 warmup_elapsed_seconds=0.0008178
affinity_timing variant=B worker=0 cpu=0 row=1332 affinity_guard_elapsed_seconds=7.7e-06
warmup_timing variant=B worker=1 cpu=2 row=807 warmup_elapsed_seconds=0.0005929
affinity_timing variant=B worker=1 cpu=2 row=807 affinity_guard_elapsed_seconds=0.0006107
warmup_timing variant=B worker=2 cpu=4 row=965 warmup_elapsed_seconds=0.0009313
affinity_timing variant=B worker=2 cpu=4 row=965 affinity_guard_elapsed_seconds=0.0014221
warmup_timing variant=B worker=3 cpu=6 row=992 warmup_elapsed_seconds=0.0008699
affinity_timing variant=B worker=3 cpu=6 row=992 affinity_guard_elapsed_seconds=0.0009443
command[12/30]=.\build\int8_probe.exe --K 512 --target-kib 512 --depth 16 --variant A --kernel avx2 --parallel-cpus 0,2,4,6 --parallel-rows 1332,807,965,992 --iterations 1 --repetitions 8 --warmup 2 --ready-timing-diagnostic --warmup-affinity-timing-diagnostic
int8 AVX2 correction test passed; scalar_checksum=320040, avx2_checksum=320040, difference=0
ready_timing variant=A worker=0 cpu=0 row=1332 ready_elapsed_seconds=0.0017345
ready_timing variant=A worker=1 cpu=2 row=807 ready_elapsed_seconds=0.0017224
ready_timing variant=A worker=2 cpu=4 row=965 ready_elapsed_seconds=0.0017377
ready_timing variant=A worker=3 cpu=6 row=992 ready_elapsed_seconds=0.0017297
ready_timing_aggregate variant=A min_seconds=0.0017224 max_seconds=0.0017377 mean_seconds=0.00173107
coordinator_kernel_elapsed variant=A kernel_elapsed_seconds=0.0061169
block_timing variant=A worker=0 cpu=0 row=1332 block_loop_elapsed_seconds=0.0010776 first_clone_copy_elapsed_seconds=0 clone_copy_elapsed_seconds=0 remaining_clone_copy_elapsed_seconds=0
block_timing variant=A worker=1 cpu=2 row=807 block_loop_elapsed_seconds=0.0008612 first_clone_copy_elapsed_seconds=0 clone_copy_elapsed_seconds=0 remaining_clone_copy_elapsed_seconds=0
block_timing variant=A worker=2 cpu=4 row=965 block_loop_elapsed_seconds=0.0008038 first_clone_copy_elapsed_seconds=0 clone_copy_elapsed_seconds=0 remaining_clone_copy_elapsed_seconds=0
block_timing variant=A worker=3 cpu=6 row=992 block_loop_elapsed_seconds=0.0010574 first_clone_copy_elapsed_seconds=0 clone_copy_elapsed_seconds=0 remaining_clone_copy_elapsed_seconds=0
warmup_timing variant=A worker=0 cpu=0 row=1332 warmup_elapsed_seconds=0.0005132
affinity_timing variant=A worker=0 cpu=0 row=1332 affinity_guard_elapsed_seconds=9.9e-06
warmup_timing variant=A worker=1 cpu=2 row=807 warmup_elapsed_seconds=0.0006097
affinity_timing variant=A worker=1 cpu=2 row=807 affinity_guard_elapsed_seconds=0.0002221
warmup_timing variant=A worker=2 cpu=4 row=965 warmup_elapsed_seconds=0.0004311
affinity_timing variant=A worker=2 cpu=4 row=965 affinity_guard_elapsed_seconds=1.42e-05
warmup_timing variant=A worker=3 cpu=6 row=992 warmup_elapsed_seconds=0.0004656
affinity_timing variant=A worker=3 cpu=6 row=992 affinity_guard_elapsed_seconds=1.61e-05
command[13/30]=.\build\int8_probe.exe --K 512 --target-kib 512 --depth 16 --variant A --kernel avx2 --parallel-cpus 0,2,4,6 --parallel-rows 1332,807,965,992 --iterations 1 --repetitions 8 --warmup 2 --ready-timing-diagnostic --warmup-affinity-timing-diagnostic
int8 AVX2 correction test passed; scalar_checksum=320040, avx2_checksum=320040, difference=0
ready_timing variant=A worker=0 cpu=0 row=1332 ready_elapsed_seconds=0.0016019
ready_timing variant=A worker=1 cpu=2 row=807 ready_elapsed_seconds=0.0017364
ready_timing variant=A worker=2 cpu=4 row=965 ready_elapsed_seconds=0.0015592
ready_timing variant=A worker=3 cpu=6 row=992 ready_elapsed_seconds=0.0016013
ready_timing_aggregate variant=A min_seconds=0.0015592 max_seconds=0.0017364 mean_seconds=0.0016247
coordinator_kernel_elapsed variant=A kernel_elapsed_seconds=0.0045472
block_timing variant=A worker=0 cpu=0 row=1332 block_loop_elapsed_seconds=0.0010409 first_clone_copy_elapsed_seconds=0 clone_copy_elapsed_seconds=0 remaining_clone_copy_elapsed_seconds=0
block_timing variant=A worker=1 cpu=2 row=807 block_loop_elapsed_seconds=0.0008224 first_clone_copy_elapsed_seconds=0 clone_copy_elapsed_seconds=0 remaining_clone_copy_elapsed_seconds=0
block_timing variant=A worker=2 cpu=4 row=965 block_loop_elapsed_seconds=0.0010327 first_clone_copy_elapsed_seconds=0 clone_copy_elapsed_seconds=0 remaining_clone_copy_elapsed_seconds=0
block_timing variant=A worker=3 cpu=6 row=992 block_loop_elapsed_seconds=0.0008629 first_clone_copy_elapsed_seconds=0 clone_copy_elapsed_seconds=0 remaining_clone_copy_elapsed_seconds=0
warmup_timing variant=A worker=0 cpu=0 row=1332 warmup_elapsed_seconds=0.000531
affinity_timing variant=A worker=0 cpu=0 row=1332 affinity_guard_elapsed_seconds=1.57e-05
warmup_timing variant=A worker=1 cpu=2 row=807 warmup_elapsed_seconds=0.0003839
affinity_timing variant=A worker=1 cpu=2 row=807 affinity_guard_elapsed_seconds=2.12e-05
warmup_timing variant=A worker=2 cpu=4 row=965 warmup_elapsed_seconds=0.0004782
affinity_timing variant=A worker=2 cpu=4 row=965 affinity_guard_elapsed_seconds=1.4e-05
warmup_timing variant=A worker=3 cpu=6 row=992 warmup_elapsed_seconds=0.000557
affinity_timing variant=A worker=3 cpu=6 row=992 affinity_guard_elapsed_seconds=2.19e-05
command[14/30]=.\build\int8_probe.exe --K 512 --target-kib 512 --depth 16 --variant B --kernel avx2 --parallel-cpus 0,2,4,6 --parallel-rows 1332,807,965,992 --iterations 1 --repetitions 8 --warmup 2 --ready-timing-diagnostic --warmup-affinity-timing-diagnostic
int8 AVX2 correction test passed; scalar_checksum=320040, avx2_checksum=320040, difference=0
ready_timing variant=B worker=0 cpu=0 row=1332 ready_elapsed_seconds=0.0223709
ready_timing variant=B worker=1 cpu=2 row=807 ready_elapsed_seconds=0.0223384
ready_timing variant=B worker=2 cpu=4 row=965 ready_elapsed_seconds=0.0227881
ready_timing variant=B worker=3 cpu=6 row=992 ready_elapsed_seconds=0.0223569
ready_timing_aggregate variant=B min_seconds=0.0223384 max_seconds=0.0227881 mean_seconds=0.0224636
coordinator_kernel_elapsed variant=B kernel_elapsed_seconds=0.0132811
block_timing variant=B worker=0 cpu=0 row=1332 block_loop_elapsed_seconds=0.0206594 first_clone_copy_elapsed_seconds=0 clone_copy_elapsed_seconds=0 remaining_clone_copy_elapsed_seconds=0
block_timing variant=B worker=1 cpu=2 row=807 block_loop_elapsed_seconds=0.0134333 first_clone_copy_elapsed_seconds=0 clone_copy_elapsed_seconds=0 remaining_clone_copy_elapsed_seconds=0
block_timing variant=B worker=2 cpu=4 row=965 block_loop_elapsed_seconds=0.0161544 first_clone_copy_elapsed_seconds=0 clone_copy_elapsed_seconds=0 remaining_clone_copy_elapsed_seconds=0
block_timing variant=B worker=3 cpu=6 row=992 block_loop_elapsed_seconds=0.0167814 first_clone_copy_elapsed_seconds=0 clone_copy_elapsed_seconds=0 remaining_clone_copy_elapsed_seconds=0
warmup_timing variant=B worker=0 cpu=0 row=1332 warmup_elapsed_seconds=0.0008129
affinity_timing variant=B worker=0 cpu=0 row=1332 affinity_guard_elapsed_seconds=0.0008696
warmup_timing variant=B worker=1 cpu=2 row=807 warmup_elapsed_seconds=0.0008557
affinity_timing variant=B worker=1 cpu=2 row=807 affinity_guard_elapsed_seconds=0.0005181
warmup_timing variant=B worker=2 cpu=4 row=965 warmup_elapsed_seconds=0.0008706
affinity_timing variant=B worker=2 cpu=4 row=965 affinity_guard_elapsed_seconds=0.0003262
warmup_timing variant=B worker=3 cpu=6 row=992 warmup_elapsed_seconds=0.0009733
affinity_timing variant=B worker=3 cpu=6 row=992 affinity_guard_elapsed_seconds=9.1e-06
command[15/30]=.\build\int8_probe.exe --K 512 --target-kib 512 --depth 16 --variant Bclone --kernel avx2 --parallel-cpus 0,2,4,6 --parallel-rows 1332,807,965,992 --iterations 1 --repetitions 8 --warmup 2 --ready-timing-diagnostic --warmup-affinity-timing-diagnostic
int8 AVX2 correction test passed; scalar_checksum=320040, avx2_checksum=320040, difference=0
ready_timing variant=Bclone worker=0 cpu=0 row=1332 ready_elapsed_seconds=0.248666
ready_timing variant=Bclone worker=1 cpu=2 row=807 ready_elapsed_seconds=0.248666
ready_timing variant=Bclone worker=2 cpu=4 row=965 ready_elapsed_seconds=0.248665
ready_timing variant=Bclone worker=3 cpu=6 row=992 ready_elapsed_seconds=0.248828
ready_timing_aggregate variant=Bclone min_seconds=0.248665 max_seconds=0.248828 mean_seconds=0.248706
coordinator_kernel_elapsed variant=Bclone kernel_elapsed_seconds=0.035118
block_timing variant=Bclone worker=0 cpu=0 row=1332 block_loop_elapsed_seconds=0.00488 first_clone_copy_elapsed_seconds=0.0001722 clone_copy_elapsed_seconds=0.0038295 remaining_clone_copy_elapsed_seconds=0.0036573
block_timing variant=Bclone worker=1 cpu=2 row=807 block_loop_elapsed_seconds=0.0028922 first_clone_copy_elapsed_seconds=6.04e-05 clone_copy_elapsed_seconds=0.0022179 remaining_clone_copy_elapsed_seconds=0.0021575
block_timing variant=Bclone worker=2 cpu=4 row=965 block_loop_elapsed_seconds=0.0045776 first_clone_copy_elapsed_seconds=0.0002758 clone_copy_elapsed_seconds=0.0035074 remaining_clone_copy_elapsed_seconds=0.0032316
block_timing variant=Bclone worker=3 cpu=6 row=992 block_loop_elapsed_seconds=0.0043274 first_clone_copy_elapsed_seconds=0.0002418 clone_copy_elapsed_seconds=0.0031211 remaining_clone_copy_elapsed_seconds=0.0028793
warmup_timing variant=Bclone worker=0 cpu=0 row=1332 warmup_elapsed_seconds=0.231826
affinity_timing variant=Bclone worker=0 cpu=0 row=1332 affinity_guard_elapsed_seconds=5.3e-06
warmup_timing variant=Bclone worker=1 cpu=2 row=807 warmup_elapsed_seconds=0.22073
affinity_timing variant=Bclone worker=1 cpu=2 row=807 affinity_guard_elapsed_seconds=0.0054209
warmup_timing variant=Bclone worker=2 cpu=4 row=965 warmup_elapsed_seconds=0.197505
affinity_timing variant=Bclone worker=2 cpu=4 row=965 affinity_guard_elapsed_seconds=1.37e-05
warmup_timing variant=Bclone worker=3 cpu=6 row=992 warmup_elapsed_seconds=0.18121
affinity_timing variant=Bclone worker=3 cpu=6 row=992 affinity_guard_elapsed_seconds=1.45e-05
command[16/30]=.\build\int8_probe.exe --K 512 --target-kib 512 --depth 16 --variant Bclone --kernel avx2 --parallel-cpus 0,2,4,6 --parallel-rows 1332,807,965,992 --iterations 1 --repetitions 8 --warmup 2 --ready-timing-diagnostic --warmup-affinity-timing-diagnostic
int8 AVX2 correction test passed; scalar_checksum=320040, avx2_checksum=320040, difference=0
ready_timing variant=Bclone worker=0 cpu=0 row=1332 ready_elapsed_seconds=0.247558
ready_timing variant=Bclone worker=1 cpu=2 row=807 ready_elapsed_seconds=0.247559
ready_timing variant=Bclone worker=2 cpu=4 row=965 ready_elapsed_seconds=0.247551
ready_timing variant=Bclone worker=3 cpu=6 row=992 ready_elapsed_seconds=0.247576
ready_timing_aggregate variant=Bclone min_seconds=0.247551 max_seconds=0.247576 mean_seconds=0.247561
coordinator_kernel_elapsed variant=Bclone kernel_elapsed_seconds=0.07047
block_timing variant=Bclone worker=0 cpu=0 row=1332 block_loop_elapsed_seconds=0.0046391 first_clone_copy_elapsed_seconds=0.0001393 clone_copy_elapsed_seconds=0.0036498 remaining_clone_copy_elapsed_seconds=0.0035105
block_timing variant=Bclone worker=1 cpu=2 row=807 block_loop_elapsed_seconds=0.0027533 first_clone_copy_elapsed_seconds=4.98e-05 clone_copy_elapsed_seconds=0.0019243 remaining_clone_copy_elapsed_seconds=0.0018745
block_timing variant=Bclone worker=2 cpu=4 row=965 block_loop_elapsed_seconds=0.0037628 first_clone_copy_elapsed_seconds=0.0001313 clone_copy_elapsed_seconds=0.0027086 remaining_clone_copy_elapsed_seconds=0.0025773
block_timing variant=Bclone worker=3 cpu=6 row=992 block_loop_elapsed_seconds=0.0036435 first_clone_copy_elapsed_seconds=0.000155 clone_copy_elapsed_seconds=0.0025554 remaining_clone_copy_elapsed_seconds=0.0024004
warmup_timing variant=Bclone worker=0 cpu=0 row=1332 warmup_elapsed_seconds=0.229234
affinity_timing variant=Bclone worker=0 cpu=0 row=1332 affinity_guard_elapsed_seconds=4.53e-05
warmup_timing variant=Bclone worker=1 cpu=2 row=807 warmup_elapsed_seconds=0.223521
affinity_timing variant=Bclone worker=1 cpu=2 row=807 affinity_guard_elapsed_seconds=0.0002151
warmup_timing variant=Bclone worker=2 cpu=4 row=965 warmup_elapsed_seconds=0.19407
affinity_timing variant=Bclone worker=2 cpu=4 row=965 affinity_guard_elapsed_seconds=0.0001158
warmup_timing variant=Bclone worker=3 cpu=6 row=992 warmup_elapsed_seconds=0.172431
affinity_timing variant=Bclone worker=3 cpu=6 row=992 affinity_guard_elapsed_seconds=1.24e-05
command[17/30]=.\build\int8_probe.exe --K 512 --target-kib 512 --depth 16 --variant B --kernel avx2 --parallel-cpus 0,2,4,6 --parallel-rows 1332,807,965,992 --iterations 1 --repetitions 8 --warmup 2 --ready-timing-diagnostic --warmup-affinity-timing-diagnostic
int8 AVX2 correction test passed; scalar_checksum=320040, avx2_checksum=320040, difference=0
ready_timing variant=B worker=0 cpu=0 row=1332 ready_elapsed_seconds=0.0204871
ready_timing variant=B worker=1 cpu=2 row=807 ready_elapsed_seconds=0.0212807
ready_timing variant=B worker=2 cpu=4 row=965 ready_elapsed_seconds=0.0204867
ready_timing variant=B worker=3 cpu=6 row=992 ready_elapsed_seconds=0.020485
ready_timing_aggregate variant=B min_seconds=0.020485 max_seconds=0.0212807 mean_seconds=0.0206849
coordinator_kernel_elapsed variant=B kernel_elapsed_seconds=0.0070297
block_timing variant=B worker=0 cpu=0 row=1332 block_loop_elapsed_seconds=0.0198056 first_clone_copy_elapsed_seconds=0 clone_copy_elapsed_seconds=0 remaining_clone_copy_elapsed_seconds=0
block_timing variant=B worker=1 cpu=2 row=807 block_loop_elapsed_seconds=0.0120866 first_clone_copy_elapsed_seconds=0 clone_copy_elapsed_seconds=0 remaining_clone_copy_elapsed_seconds=0
block_timing variant=B worker=2 cpu=4 row=965 block_loop_elapsed_seconds=0.0152488 first_clone_copy_elapsed_seconds=0 clone_copy_elapsed_seconds=0 remaining_clone_copy_elapsed_seconds=0
block_timing variant=B worker=3 cpu=6 row=992 block_loop_elapsed_seconds=0.0172491 first_clone_copy_elapsed_seconds=0 clone_copy_elapsed_seconds=0 remaining_clone_copy_elapsed_seconds=0
warmup_timing variant=B worker=0 cpu=0 row=1332 warmup_elapsed_seconds=0.0006518
affinity_timing variant=B worker=0 cpu=0 row=1332 affinity_guard_elapsed_seconds=1.17e-05
warmup_timing variant=B worker=1 cpu=2 row=807 warmup_elapsed_seconds=0.0007388
affinity_timing variant=B worker=1 cpu=2 row=807 affinity_guard_elapsed_seconds=0.000163
warmup_timing variant=B worker=2 cpu=4 row=965 warmup_elapsed_seconds=0.000741
affinity_timing variant=B worker=2 cpu=4 row=965 affinity_guard_elapsed_seconds=2.03e-05
warmup_timing variant=B worker=3 cpu=6 row=992 warmup_elapsed_seconds=0.0005654
affinity_timing variant=B worker=3 cpu=6 row=992 affinity_guard_elapsed_seconds=1.27e-05
command[18/30]=.\build\int8_probe.exe --K 512 --target-kib 512 --depth 16 --variant A --kernel avx2 --parallel-cpus 0,2,4,6 --parallel-rows 1332,807,965,992 --iterations 1 --repetitions 8 --warmup 2 --ready-timing-diagnostic --warmup-affinity-timing-diagnostic
int8 AVX2 correction test passed; scalar_checksum=320040, avx2_checksum=320040, difference=0
ready_timing variant=A worker=0 cpu=0 row=1332 ready_elapsed_seconds=0.0063199
ready_timing variant=A worker=1 cpu=2 row=807 ready_elapsed_seconds=0.006313
ready_timing variant=A worker=2 cpu=4 row=965 ready_elapsed_seconds=0.0063069
ready_timing variant=A worker=3 cpu=6 row=992 ready_elapsed_seconds=0.0075678
ready_timing_aggregate variant=A min_seconds=0.0063069 max_seconds=0.0075678 mean_seconds=0.0066269
coordinator_kernel_elapsed variant=A kernel_elapsed_seconds=0.0147156
block_timing variant=A worker=0 cpu=0 row=1332 block_loop_elapsed_seconds=0.0013413 first_clone_copy_elapsed_seconds=0 clone_copy_elapsed_seconds=0 remaining_clone_copy_elapsed_seconds=0
block_timing variant=A worker=1 cpu=2 row=807 block_loop_elapsed_seconds=0.0008778 first_clone_copy_elapsed_seconds=0 clone_copy_elapsed_seconds=0 remaining_clone_copy_elapsed_seconds=0
block_timing variant=A worker=2 cpu=4 row=965 block_loop_elapsed_seconds=0.0010653 first_clone_copy_elapsed_seconds=0 clone_copy_elapsed_seconds=0 remaining_clone_copy_elapsed_seconds=0
block_timing variant=A worker=3 cpu=6 row=992 block_loop_elapsed_seconds=0.0012409 first_clone_copy_elapsed_seconds=0 clone_copy_elapsed_seconds=0 remaining_clone_copy_elapsed_seconds=0
warmup_timing variant=A worker=0 cpu=0 row=1332 warmup_elapsed_seconds=0.0005753
affinity_timing variant=A worker=0 cpu=0 row=1332 affinity_guard_elapsed_seconds=0.0043667
warmup_timing variant=A worker=1 cpu=2 row=807 warmup_elapsed_seconds=0.0005984
affinity_timing variant=A worker=1 cpu=2 row=807 affinity_guard_elapsed_seconds=0.0003825
warmup_timing variant=A worker=2 cpu=4 row=965 warmup_elapsed_seconds=0.000737
affinity_timing variant=A worker=2 cpu=4 row=965 affinity_guard_elapsed_seconds=0.0002823
warmup_timing variant=A worker=3 cpu=6 row=992 warmup_elapsed_seconds=0.0007172
affinity_timing variant=A worker=3 cpu=6 row=992 affinity_guard_elapsed_seconds=1.46e-05
command[19/30]=.\build\int8_probe.exe --K 512 --target-kib 512 --depth 16 --variant A --kernel avx2 --parallel-cpus 0,2,4,6 --parallel-rows 1332,807,965,992 --iterations 1 --repetitions 8 --warmup 2 --ready-timing-diagnostic --warmup-affinity-timing-diagnostic
int8 AVX2 correction test passed; scalar_checksum=320040, avx2_checksum=320040, difference=0
ready_timing variant=A worker=0 cpu=0 row=1332 ready_elapsed_seconds=0.0026149
ready_timing variant=A worker=1 cpu=2 row=807 ready_elapsed_seconds=0.0034326
ready_timing variant=A worker=2 cpu=4 row=965 ready_elapsed_seconds=0.0026049
ready_timing variant=A worker=3 cpu=6 row=992 ready_elapsed_seconds=0.0026036
ready_timing_aggregate variant=A min_seconds=0.0026036 max_seconds=0.0034326 mean_seconds=0.002814
coordinator_kernel_elapsed variant=A kernel_elapsed_seconds=0.0089266
block_timing variant=A worker=0 cpu=0 row=1332 block_loop_elapsed_seconds=0.0014432 first_clone_copy_elapsed_seconds=0 clone_copy_elapsed_seconds=0 remaining_clone_copy_elapsed_seconds=0
block_timing variant=A worker=1 cpu=2 row=807 block_loop_elapsed_seconds=0.0006313 first_clone_copy_elapsed_seconds=0 clone_copy_elapsed_seconds=0 remaining_clone_copy_elapsed_seconds=0
block_timing variant=A worker=2 cpu=4 row=965 block_loop_elapsed_seconds=0.0010377 first_clone_copy_elapsed_seconds=0 clone_copy_elapsed_seconds=0 remaining_clone_copy_elapsed_seconds=0
block_timing variant=A worker=3 cpu=6 row=992 block_loop_elapsed_seconds=0.0010935 first_clone_copy_elapsed_seconds=0 clone_copy_elapsed_seconds=0 remaining_clone_copy_elapsed_seconds=0
warmup_timing variant=A worker=0 cpu=0 row=1332 warmup_elapsed_seconds=0.0005777
affinity_timing variant=A worker=0 cpu=0 row=1332 affinity_guard_elapsed_seconds=0.0005269
warmup_timing variant=A worker=1 cpu=2 row=807 warmup_elapsed_seconds=0.0004651
affinity_timing variant=A worker=1 cpu=2 row=807 affinity_guard_elapsed_seconds=0.0008625
warmup_timing variant=A worker=2 cpu=4 row=965 warmup_elapsed_seconds=0.0007382
affinity_timing variant=A worker=2 cpu=4 row=965 affinity_guard_elapsed_seconds=0.0001296
warmup_timing variant=A worker=3 cpu=6 row=992 warmup_elapsed_seconds=0.0006427
affinity_timing variant=A worker=3 cpu=6 row=992 affinity_guard_elapsed_seconds=1.28e-05
command[20/30]=.\build\int8_probe.exe --K 512 --target-kib 512 --depth 16 --variant B --kernel avx2 --parallel-cpus 0,2,4,6 --parallel-rows 1332,807,965,992 --iterations 1 --repetitions 8 --warmup 2 --ready-timing-diagnostic --warmup-affinity-timing-diagnostic
int8 AVX2 correction test passed; scalar_checksum=320040, avx2_checksum=320040, difference=0
ready_timing variant=B worker=0 cpu=0 row=1332 ready_elapsed_seconds=0.0200048
ready_timing variant=B worker=1 cpu=2 row=807 ready_elapsed_seconds=0.0200063
ready_timing variant=B worker=2 cpu=4 row=965 ready_elapsed_seconds=0.0200036
ready_timing variant=B worker=3 cpu=6 row=992 ready_elapsed_seconds=0.0199998
ready_timing_aggregate variant=B min_seconds=0.0199998 max_seconds=0.0200063 mean_seconds=0.0200036
coordinator_kernel_elapsed variant=B kernel_elapsed_seconds=0.0121746
block_timing variant=B worker=0 cpu=0 row=1332 block_loop_elapsed_seconds=0.0193417 first_clone_copy_elapsed_seconds=0 clone_copy_elapsed_seconds=0 remaining_clone_copy_elapsed_seconds=0
block_timing variant=B worker=1 cpu=2 row=807 block_loop_elapsed_seconds=0.0131445 first_clone_copy_elapsed_seconds=0 clone_copy_elapsed_seconds=0 remaining_clone_copy_elapsed_seconds=0
block_timing variant=B worker=2 cpu=4 row=965 block_loop_elapsed_seconds=0.0160598 first_clone_copy_elapsed_seconds=0 clone_copy_elapsed_seconds=0 remaining_clone_copy_elapsed_seconds=0
block_timing variant=B worker=3 cpu=6 row=992 block_loop_elapsed_seconds=0.0147531 first_clone_copy_elapsed_seconds=0 clone_copy_elapsed_seconds=0 remaining_clone_copy_elapsed_seconds=0
warmup_timing variant=B worker=0 cpu=0 row=1332 warmup_elapsed_seconds=0.000631
affinity_timing variant=B worker=0 cpu=0 row=1332 affinity_guard_elapsed_seconds=1.28e-05
warmup_timing variant=B worker=1 cpu=2 row=807 warmup_elapsed_seconds=0.0006277
affinity_timing variant=B worker=1 cpu=2 row=807 affinity_guard_elapsed_seconds=2.11e-05
warmup_timing variant=B worker=2 cpu=4 row=965 warmup_elapsed_seconds=0.0007163
affinity_timing variant=B worker=2 cpu=4 row=965 affinity_guard_elapsed_seconds=5.92e-05
warmup_timing variant=B worker=3 cpu=6 row=992 warmup_elapsed_seconds=0.0006839
affinity_timing variant=B worker=3 cpu=6 row=992 affinity_guard_elapsed_seconds=0.0017024
command[21/30]=.\build\int8_probe.exe --K 512 --target-kib 512 --depth 16 --variant Bclone --kernel avx2 --parallel-cpus 0,2,4,6 --parallel-rows 1332,807,965,992 --iterations 1 --repetitions 8 --warmup 2 --ready-timing-diagnostic --warmup-affinity-timing-diagnostic
int8 AVX2 correction test passed; scalar_checksum=320040, avx2_checksum=320040, difference=0
ready_timing variant=Bclone worker=0 cpu=0 row=1332 ready_elapsed_seconds=0.268985
ready_timing variant=Bclone worker=1 cpu=2 row=807 ready_elapsed_seconds=0.268982
ready_timing variant=Bclone worker=2 cpu=4 row=965 ready_elapsed_seconds=0.268984
ready_timing variant=Bclone worker=3 cpu=6 row=992 ready_elapsed_seconds=0.26897
ready_timing_aggregate variant=Bclone min_seconds=0.26897 max_seconds=0.268985 mean_seconds=0.26898
coordinator_kernel_elapsed variant=Bclone kernel_elapsed_seconds=0.0556953
block_timing variant=Bclone worker=0 cpu=0 row=1332 block_loop_elapsed_seconds=0.004883 first_clone_copy_elapsed_seconds=0.0002325 clone_copy_elapsed_seconds=0.0034704 remaining_clone_copy_elapsed_seconds=0.0032379
block_timing variant=Bclone worker=1 cpu=2 row=807 block_loop_elapsed_seconds=0.0031087 first_clone_copy_elapsed_seconds=9.95e-05 clone_copy_elapsed_seconds=0.0021896 remaining_clone_copy_elapsed_seconds=0.0020901
block_timing variant=Bclone worker=2 cpu=4 row=965 block_loop_elapsed_seconds=0.0030674 first_clone_copy_elapsed_seconds=7.43e-05 clone_copy_elapsed_seconds=0.0023038 remaining_clone_copy_elapsed_seconds=0.0022295
block_timing variant=Bclone worker=3 cpu=6 row=992 block_loop_elapsed_seconds=0.0038412 first_clone_copy_elapsed_seconds=0.0001665 clone_copy_elapsed_seconds=0.0027813 remaining_clone_copy_elapsed_seconds=0.0026148
warmup_timing variant=Bclone worker=0 cpu=0 row=1332 warmup_elapsed_seconds=0.252873
affinity_timing variant=Bclone worker=0 cpu=0 row=1332 affinity_guard_elapsed_seconds=0.0010542
warmup_timing variant=Bclone worker=1 cpu=2 row=807 warmup_elapsed_seconds=0.241585
affinity_timing variant=Bclone worker=1 cpu=2 row=807 affinity_guard_elapsed_seconds=0.0002179
warmup_timing variant=Bclone worker=2 cpu=4 row=965 warmup_elapsed_seconds=0.209839
affinity_timing variant=Bclone worker=2 cpu=4 row=965 affinity_guard_elapsed_seconds=0.0016942
warmup_timing variant=Bclone worker=3 cpu=6 row=992 warmup_elapsed_seconds=0.18487
affinity_timing variant=Bclone worker=3 cpu=6 row=992 affinity_guard_elapsed_seconds=0.0009628
command[22/30]=.\build\int8_probe.exe --K 512 --target-kib 512 --depth 16 --variant Bclone --kernel avx2 --parallel-cpus 0,2,4,6 --parallel-rows 1332,807,965,992 --iterations 1 --repetitions 8 --warmup 2 --ready-timing-diagnostic --warmup-affinity-timing-diagnostic
int8 AVX2 correction test passed; scalar_checksum=320040, avx2_checksum=320040, difference=0
ready_timing variant=Bclone worker=0 cpu=0 row=1332 ready_elapsed_seconds=0.309221
ready_timing variant=Bclone worker=1 cpu=2 row=807 ready_elapsed_seconds=0.309206
ready_timing variant=Bclone worker=2 cpu=4 row=965 ready_elapsed_seconds=0.309262
ready_timing variant=Bclone worker=3 cpu=6 row=992 ready_elapsed_seconds=0.309164
ready_timing_aggregate variant=Bclone min_seconds=0.309164 max_seconds=0.309262 mean_seconds=0.309213
coordinator_kernel_elapsed variant=Bclone kernel_elapsed_seconds=0.0750971
block_timing variant=Bclone worker=0 cpu=0 row=1332 block_loop_elapsed_seconds=0.0055422 first_clone_copy_elapsed_seconds=0.0002303 clone_copy_elapsed_seconds=0.0037388 remaining_clone_copy_elapsed_seconds=0.0035085
block_timing variant=Bclone worker=1 cpu=2 row=807 block_loop_elapsed_seconds=0.0026853 first_clone_copy_elapsed_seconds=0.0001001 clone_copy_elapsed_seconds=0.0020096 remaining_clone_copy_elapsed_seconds=0.0019095
block_timing variant=Bclone worker=2 cpu=4 row=965 block_loop_elapsed_seconds=0.0026726 first_clone_copy_elapsed_seconds=0.0001083 clone_copy_elapsed_seconds=0.0018975 remaining_clone_copy_elapsed_seconds=0.0017892
block_timing variant=Bclone worker=3 cpu=6 row=992 block_loop_elapsed_seconds=0.0039109 first_clone_copy_elapsed_seconds=0.0001787 clone_copy_elapsed_seconds=0.0028561 remaining_clone_copy_elapsed_seconds=0.0026774
warmup_timing variant=Bclone worker=0 cpu=0 row=1332 warmup_elapsed_seconds=0.291146
affinity_timing variant=Bclone worker=0 cpu=0 row=1332 affinity_guard_elapsed_seconds=1.14e-05
warmup_timing variant=Bclone worker=1 cpu=2 row=807 warmup_elapsed_seconds=0.288539
affinity_timing variant=Bclone worker=1 cpu=2 row=807 affinity_guard_elapsed_seconds=0.0001816
warmup_timing variant=Bclone worker=2 cpu=4 row=965 warmup_elapsed_seconds=0.220093
affinity_timing variant=Bclone worker=2 cpu=4 row=965 affinity_guard_elapsed_seconds=0.0013727
warmup_timing variant=Bclone worker=3 cpu=6 row=992 warmup_elapsed_seconds=0.169268
affinity_timing variant=Bclone worker=3 cpu=6 row=992 affinity_guard_elapsed_seconds=0.0005994
command[23/30]=.\build\int8_probe.exe --K 512 --target-kib 512 --depth 16 --variant B --kernel avx2 --parallel-cpus 0,2,4,6 --parallel-rows 1332,807,965,992 --iterations 1 --repetitions 8 --warmup 2 --ready-timing-diagnostic --warmup-affinity-timing-diagnostic
int8 AVX2 correction test passed; scalar_checksum=320040, avx2_checksum=320040, difference=0
ready_timing variant=B worker=0 cpu=0 row=1332 ready_elapsed_seconds=0.0267169
ready_timing variant=B worker=1 cpu=2 row=807 ready_elapsed_seconds=0.0266797
ready_timing variant=B worker=2 cpu=4 row=965 ready_elapsed_seconds=0.0266772
ready_timing variant=B worker=3 cpu=6 row=992 ready_elapsed_seconds=0.0266772
ready_timing_aggregate variant=B min_seconds=0.0266772 max_seconds=0.0267169 mean_seconds=0.0266877
coordinator_kernel_elapsed variant=B kernel_elapsed_seconds=0.0303126
block_timing variant=B worker=0 cpu=0 row=1332 block_loop_elapsed_seconds=0.0224077 first_clone_copy_elapsed_seconds=0 clone_copy_elapsed_seconds=0 remaining_clone_copy_elapsed_seconds=0
block_timing variant=B worker=1 cpu=2 row=807 block_loop_elapsed_seconds=0.0138724 first_clone_copy_elapsed_seconds=0 clone_copy_elapsed_seconds=0 remaining_clone_copy_elapsed_seconds=0
block_timing variant=B worker=2 cpu=4 row=965 block_loop_elapsed_seconds=0.0160083 first_clone_copy_elapsed_seconds=0 clone_copy_elapsed_seconds=0 remaining_clone_copy_elapsed_seconds=0
block_timing variant=B worker=3 cpu=6 row=992 block_loop_elapsed_seconds=0.0170724 first_clone_copy_elapsed_seconds=0 clone_copy_elapsed_seconds=0 remaining_clone_copy_elapsed_seconds=0
warmup_timing variant=B worker=0 cpu=0 row=1332 warmup_elapsed_seconds=0.0042136
affinity_timing variant=B worker=0 cpu=0 row=1332 affinity_guard_elapsed_seconds=1.64e-05
warmup_timing variant=B worker=1 cpu=2 row=807 warmup_elapsed_seconds=0.0007746
affinity_timing variant=B worker=1 cpu=2 row=807 affinity_guard_elapsed_seconds=3.63e-05
warmup_timing variant=B worker=2 cpu=4 row=965 warmup_elapsed_seconds=0.0008712
affinity_timing variant=B worker=2 cpu=4 row=965 affinity_guard_elapsed_seconds=1.02e-05
warmup_timing variant=B worker=3 cpu=6 row=992 warmup_elapsed_seconds=0.0008185
affinity_timing variant=B worker=3 cpu=6 row=992 affinity_guard_elapsed_seconds=0.0013895
command[24/30]=.\build\int8_probe.exe --K 512 --target-kib 512 --depth 16 --variant A --kernel avx2 --parallel-cpus 0,2,4,6 --parallel-rows 1332,807,965,992 --iterations 1 --repetitions 8 --warmup 2 --ready-timing-diagnostic --warmup-affinity-timing-diagnostic
int8 AVX2 correction test passed; scalar_checksum=320040, avx2_checksum=320040, difference=0
ready_timing variant=A worker=0 cpu=0 row=1332 ready_elapsed_seconds=0.0028324
ready_timing variant=A worker=1 cpu=2 row=807 ready_elapsed_seconds=0.0027932
ready_timing variant=A worker=2 cpu=4 row=965 ready_elapsed_seconds=0.0028237
ready_timing variant=A worker=3 cpu=6 row=992 ready_elapsed_seconds=0.0028257
ready_timing_aggregate variant=A min_seconds=0.0027932 max_seconds=0.0028324 mean_seconds=0.00281875
coordinator_kernel_elapsed variant=A kernel_elapsed_seconds=0.0210741
block_timing variant=A worker=0 cpu=0 row=1332 block_loop_elapsed_seconds=0.0014247 first_clone_copy_elapsed_seconds=0 clone_copy_elapsed_seconds=0 remaining_clone_copy_elapsed_seconds=0
block_timing variant=A worker=1 cpu=2 row=807 block_loop_elapsed_seconds=0.0007014 first_clone_copy_elapsed_seconds=0 clone_copy_elapsed_seconds=0 remaining_clone_copy_elapsed_seconds=0
block_timing variant=A worker=2 cpu=4 row=965 block_loop_elapsed_seconds=0.0010223 first_clone_copy_elapsed_seconds=0 clone_copy_elapsed_seconds=0 remaining_clone_copy_elapsed_seconds=0
block_timing variant=A worker=3 cpu=6 row=992 block_loop_elapsed_seconds=0.0011559 first_clone_copy_elapsed_seconds=0 clone_copy_elapsed_seconds=0 remaining_clone_copy_elapsed_seconds=0
warmup_timing variant=A worker=0 cpu=0 row=1332 warmup_elapsed_seconds=0.0009911
affinity_timing variant=A worker=0 cpu=0 row=1332 affinity_guard_elapsed_seconds=0.0003768
warmup_timing variant=A worker=1 cpu=2 row=807 warmup_elapsed_seconds=0.0005835
affinity_timing variant=A worker=1 cpu=2 row=807 affinity_guard_elapsed_seconds=0.0010062
warmup_timing variant=A worker=2 cpu=4 row=965 warmup_elapsed_seconds=0.000694
affinity_timing variant=A worker=2 cpu=4 row=965 affinity_guard_elapsed_seconds=0.0004304
warmup_timing variant=A worker=3 cpu=6 row=992 warmup_elapsed_seconds=0.0007169
affinity_timing variant=A worker=3 cpu=6 row=992 affinity_guard_elapsed_seconds=7.1e-06
command[25/30]=.\build\int8_probe.exe --K 512 --target-kib 512 --depth 16 --variant A --kernel avx2 --parallel-cpus 0,2,4,6 --parallel-rows 1332,807,965,992 --iterations 1 --repetitions 8 --warmup 2 --ready-timing-diagnostic --warmup-affinity-timing-diagnostic
int8 AVX2 correction test passed; scalar_checksum=320040, avx2_checksum=320040, difference=0
ready_timing variant=A worker=0 cpu=0 row=1332 ready_elapsed_seconds=0.0031643
ready_timing variant=A worker=1 cpu=2 row=807 ready_elapsed_seconds=0.0031674
ready_timing variant=A worker=2 cpu=4 row=965 ready_elapsed_seconds=0.0031924
ready_timing variant=A worker=3 cpu=6 row=992 ready_elapsed_seconds=0.0031911
ready_timing_aggregate variant=A min_seconds=0.0031643 max_seconds=0.0031924 mean_seconds=0.0031788
coordinator_kernel_elapsed variant=A kernel_elapsed_seconds=0.0275766
block_timing variant=A worker=0 cpu=0 row=1332 block_loop_elapsed_seconds=0.0014853 first_clone_copy_elapsed_seconds=0 clone_copy_elapsed_seconds=0 remaining_clone_copy_elapsed_seconds=0
block_timing variant=A worker=1 cpu=2 row=807 block_loop_elapsed_seconds=0.0008716 first_clone_copy_elapsed_seconds=0 clone_copy_elapsed_seconds=0 remaining_clone_copy_elapsed_seconds=0
block_timing variant=A worker=2 cpu=4 row=965 block_loop_elapsed_seconds=0.0011774 first_clone_copy_elapsed_seconds=0 clone_copy_elapsed_seconds=0 remaining_clone_copy_elapsed_seconds=0
block_timing variant=A worker=3 cpu=6 row=992 block_loop_elapsed_seconds=0.0011389 first_clone_copy_elapsed_seconds=0 clone_copy_elapsed_seconds=0 remaining_clone_copy_elapsed_seconds=0
warmup_timing variant=A worker=0 cpu=0 row=1332 warmup_elapsed_seconds=0.0007285
affinity_timing variant=A worker=0 cpu=0 row=1332 affinity_guard_elapsed_seconds=0.0009298
warmup_timing variant=A worker=1 cpu=2 row=807 warmup_elapsed_seconds=0.0006019
affinity_timing variant=A worker=1 cpu=2 row=807 affinity_guard_elapsed_seconds=1.93e-05
warmup_timing variant=A worker=2 cpu=4 row=965 warmup_elapsed_seconds=0.0006745
affinity_timing variant=A worker=2 cpu=4 row=965 affinity_guard_elapsed_seconds=0.0003239
warmup_timing variant=A worker=3 cpu=6 row=992 warmup_elapsed_seconds=0.0007877
affinity_timing variant=A worker=3 cpu=6 row=992 affinity_guard_elapsed_seconds=1.65e-05
command[26/30]=.\build\int8_probe.exe --K 512 --target-kib 512 --depth 16 --variant B --kernel avx2 --parallel-cpus 0,2,4,6 --parallel-rows 1332,807,965,992 --iterations 1 --repetitions 8 --warmup 2 --ready-timing-diagnostic --warmup-affinity-timing-diagnostic
int8 AVX2 correction test passed; scalar_checksum=320040, avx2_checksum=320040, difference=0
ready_timing variant=B worker=0 cpu=0 row=1332 ready_elapsed_seconds=0.0245231
ready_timing variant=B worker=1 cpu=2 row=807 ready_elapsed_seconds=0.0245134
ready_timing variant=B worker=2 cpu=4 row=965 ready_elapsed_seconds=0.0245065
ready_timing variant=B worker=3 cpu=6 row=992 ready_elapsed_seconds=0.024505
ready_timing_aggregate variant=B min_seconds=0.024505 max_seconds=0.0245231 mean_seconds=0.024512
coordinator_kernel_elapsed variant=B kernel_elapsed_seconds=0.0185542
block_timing variant=B worker=0 cpu=0 row=1332 block_loop_elapsed_seconds=0.0231529 first_clone_copy_elapsed_seconds=0 clone_copy_elapsed_seconds=0 remaining_clone_copy_elapsed_seconds=0
block_timing variant=B worker=1 cpu=2 row=807 block_loop_elapsed_seconds=0.0134917 first_clone_copy_elapsed_seconds=0 clone_copy_elapsed_seconds=0 remaining_clone_copy_elapsed_seconds=0
block_timing variant=B worker=2 cpu=4 row=965 block_loop_elapsed_seconds=0.0179245 first_clone_copy_elapsed_seconds=0 clone_copy_elapsed_seconds=0 remaining_clone_copy_elapsed_seconds=0
block_timing variant=B worker=3 cpu=6 row=992 block_loop_elapsed_seconds=0.0177469 first_clone_copy_elapsed_seconds=0 clone_copy_elapsed_seconds=0 remaining_clone_copy_elapsed_seconds=0
warmup_timing variant=B worker=0 cpu=0 row=1332 warmup_elapsed_seconds=0.0007671
affinity_timing variant=B worker=0 cpu=0 row=1332 affinity_guard_elapsed_seconds=0.0005178
warmup_timing variant=B worker=1 cpu=2 row=807 warmup_elapsed_seconds=0.0012016
affinity_timing variant=B worker=1 cpu=2 row=807 affinity_guard_elapsed_seconds=1.87e-05
warmup_timing variant=B worker=2 cpu=4 row=965 warmup_elapsed_seconds=0.0007144
affinity_timing variant=B worker=2 cpu=4 row=965 affinity_guard_elapsed_seconds=0.0033024
warmup_timing variant=B worker=3 cpu=6 row=992 warmup_elapsed_seconds=0.0008187
affinity_timing variant=B worker=3 cpu=6 row=992 affinity_guard_elapsed_seconds=0.0004384
command[27/30]=.\build\int8_probe.exe --K 512 --target-kib 512 --depth 16 --variant Bclone --kernel avx2 --parallel-cpus 0,2,4,6 --parallel-rows 1332,807,965,992 --iterations 1 --repetitions 8 --warmup 2 --ready-timing-diagnostic --warmup-affinity-timing-diagnostic
int8 AVX2 correction test passed; scalar_checksum=320040, avx2_checksum=320040, difference=0
ready_timing variant=Bclone worker=0 cpu=0 row=1332 ready_elapsed_seconds=0.250756
ready_timing variant=Bclone worker=1 cpu=2 row=807 ready_elapsed_seconds=0.250745
ready_timing variant=Bclone worker=2 cpu=4 row=965 ready_elapsed_seconds=0.250803
ready_timing variant=Bclone worker=3 cpu=6 row=992 ready_elapsed_seconds=0.250711
ready_timing_aggregate variant=Bclone min_seconds=0.250711 max_seconds=0.250803 mean_seconds=0.250754
coordinator_kernel_elapsed variant=Bclone kernel_elapsed_seconds=0.0660491
block_timing variant=Bclone worker=0 cpu=0 row=1332 block_loop_elapsed_seconds=0.0038475 first_clone_copy_elapsed_seconds=0.000129 clone_copy_elapsed_seconds=0.002843 remaining_clone_copy_elapsed_seconds=0.002714
block_timing variant=Bclone worker=1 cpu=2 row=807 block_loop_elapsed_seconds=0.0027681 first_clone_copy_elapsed_seconds=5.26e-05 clone_copy_elapsed_seconds=0.001921 remaining_clone_copy_elapsed_seconds=0.0018684
block_timing variant=Bclone worker=2 cpu=4 row=965 block_loop_elapsed_seconds=0.0033913 first_clone_copy_elapsed_seconds=0.0001438 clone_copy_elapsed_seconds=0.0023917 remaining_clone_copy_elapsed_seconds=0.0022479
block_timing variant=Bclone worker=3 cpu=6 row=992 block_loop_elapsed_seconds=0.0039161 first_clone_copy_elapsed_seconds=0.0001237 clone_copy_elapsed_seconds=0.0028771 remaining_clone_copy_elapsed_seconds=0.0027534
warmup_timing variant=Bclone worker=0 cpu=0 row=1332 warmup_elapsed_seconds=0.236102
affinity_timing variant=Bclone worker=0 cpu=0 row=1332 affinity_guard_elapsed_seconds=2.45e-05
warmup_timing variant=Bclone worker=1 cpu=2 row=807 warmup_elapsed_seconds=0.229038
affinity_timing variant=Bclone worker=1 cpu=2 row=807 affinity_guard_elapsed_seconds=0.0005251
warmup_timing variant=Bclone worker=2 cpu=4 row=965 warmup_elapsed_seconds=0.194499
affinity_timing variant=Bclone worker=2 cpu=4 row=965 affinity_guard_elapsed_seconds=0.0003151
warmup_timing variant=Bclone worker=3 cpu=6 row=992 warmup_elapsed_seconds=0.175428
affinity_timing variant=Bclone worker=3 cpu=6 row=992 affinity_guard_elapsed_seconds=8.1e-06
command[28/30]=.\build\int8_probe.exe --K 512 --target-kib 512 --depth 16 --variant Bclone --kernel avx2 --parallel-cpus 0,2,4,6 --parallel-rows 1332,807,965,992 --iterations 1 --repetitions 8 --warmup 2 --ready-timing-diagnostic --warmup-affinity-timing-diagnostic
int8 AVX2 correction test passed; scalar_checksum=320040, avx2_checksum=320040, difference=0
ready_timing variant=Bclone worker=0 cpu=0 row=1332 ready_elapsed_seconds=0.257092
ready_timing variant=Bclone worker=1 cpu=2 row=807 ready_elapsed_seconds=0.257213
ready_timing variant=Bclone worker=2 cpu=4 row=965 ready_elapsed_seconds=0.257522
ready_timing variant=Bclone worker=3 cpu=6 row=992 ready_elapsed_seconds=0.257095
ready_timing_aggregate variant=Bclone min_seconds=0.257092 max_seconds=0.257522 mean_seconds=0.257231
coordinator_kernel_elapsed variant=Bclone kernel_elapsed_seconds=0.0385351
block_timing variant=Bclone worker=0 cpu=0 row=1332 block_loop_elapsed_seconds=0.0045552 first_clone_copy_elapsed_seconds=0.0001655 clone_copy_elapsed_seconds=0.0031836 remaining_clone_copy_elapsed_seconds=0.0030181
block_timing variant=Bclone worker=1 cpu=2 row=807 block_loop_elapsed_seconds=0.0030904 first_clone_copy_elapsed_seconds=0.0001307 clone_copy_elapsed_seconds=0.002225 remaining_clone_copy_elapsed_seconds=0.0020943
block_timing variant=Bclone worker=2 cpu=4 row=965 block_loop_elapsed_seconds=0.0036332 first_clone_copy_elapsed_seconds=0.0001185 clone_copy_elapsed_seconds=0.0026518 remaining_clone_copy_elapsed_seconds=0.0025333
block_timing variant=Bclone worker=3 cpu=6 row=992 block_loop_elapsed_seconds=0.0029783 first_clone_copy_elapsed_seconds=6.27e-05 clone_copy_elapsed_seconds=0.0021599 remaining_clone_copy_elapsed_seconds=0.0020972
warmup_timing variant=Bclone worker=0 cpu=0 row=1332 warmup_elapsed_seconds=0.241161
affinity_timing variant=Bclone worker=0 cpu=0 row=1332 affinity_guard_elapsed_seconds=0.0001412
warmup_timing variant=Bclone worker=1 cpu=2 row=807 warmup_elapsed_seconds=0.240687
affinity_timing variant=Bclone worker=1 cpu=2 row=807 affinity_guard_elapsed_seconds=1.38e-05
warmup_timing variant=Bclone worker=2 cpu=4 row=965 warmup_elapsed_seconds=0.211706
affinity_timing variant=Bclone worker=2 cpu=4 row=965 affinity_guard_elapsed_seconds=7.41e-05
warmup_timing variant=Bclone worker=3 cpu=6 row=992 warmup_elapsed_seconds=0.181162
affinity_timing variant=Bclone worker=3 cpu=6 row=992 affinity_guard_elapsed_seconds=8.7e-05
command[29/30]=.\build\int8_probe.exe --K 512 --target-kib 512 --depth 16 --variant B --kernel avx2 --parallel-cpus 0,2,4,6 --parallel-rows 1332,807,965,992 --iterations 1 --repetitions 8 --warmup 2 --ready-timing-diagnostic --warmup-affinity-timing-diagnostic
int8 AVX2 correction test passed; scalar_checksum=320040, avx2_checksum=320040, difference=0
ready_timing variant=B worker=0 cpu=0 row=1332 ready_elapsed_seconds=0.0204563
ready_timing variant=B worker=1 cpu=2 row=807 ready_elapsed_seconds=0.0204559
ready_timing variant=B worker=2 cpu=4 row=965 ready_elapsed_seconds=0.0204581
ready_timing variant=B worker=3 cpu=6 row=992 ready_elapsed_seconds=0.0204585
ready_timing_aggregate variant=B min_seconds=0.0204559 max_seconds=0.0204585 mean_seconds=0.0204572
coordinator_kernel_elapsed variant=B kernel_elapsed_seconds=0.0072281
block_timing variant=B worker=0 cpu=0 row=1332 block_loop_elapsed_seconds=0.0198264 first_clone_copy_elapsed_seconds=0 clone_copy_elapsed_seconds=0 remaining_clone_copy_elapsed_seconds=0
block_timing variant=B worker=1 cpu=2 row=807 block_loop_elapsed_seconds=0.0132181 first_clone_copy_elapsed_seconds=0 clone_copy_elapsed_seconds=0 remaining_clone_copy_elapsed_seconds=0
block_timing variant=B worker=2 cpu=4 row=965 block_loop_elapsed_seconds=0.0131042 first_clone_copy_elapsed_seconds=0 clone_copy_elapsed_seconds=0 remaining_clone_copy_elapsed_seconds=0
block_timing variant=B worker=3 cpu=6 row=992 block_loop_elapsed_seconds=0.0137381 first_clone_copy_elapsed_seconds=0 clone_copy_elapsed_seconds=0 remaining_clone_copy_elapsed_seconds=0
warmup_timing variant=B worker=0 cpu=0 row=1332 warmup_elapsed_seconds=0.0005954
affinity_timing variant=B worker=0 cpu=0 row=1332 affinity_guard_elapsed_seconds=1.78e-05
warmup_timing variant=B worker=1 cpu=2 row=807 warmup_elapsed_seconds=0.001458
affinity_timing variant=B worker=1 cpu=2 row=807 affinity_guard_elapsed_seconds=1.89e-05
warmup_timing variant=B worker=2 cpu=4 row=965 warmup_elapsed_seconds=0.0009816
affinity_timing variant=B worker=2 cpu=4 row=965 affinity_guard_elapsed_seconds=2.1e-05
warmup_timing variant=B worker=3 cpu=6 row=992 warmup_elapsed_seconds=0.0009123
affinity_timing variant=B worker=3 cpu=6 row=992 affinity_guard_elapsed_seconds=5.67e-05
command[30/30]=.\build\int8_probe.exe --K 512 --target-kib 512 --depth 16 --variant A --kernel avx2 --parallel-cpus 0,2,4,6 --parallel-rows 1332,807,965,992 --iterations 1 --repetitions 8 --warmup 2 --ready-timing-diagnostic --warmup-affinity-timing-diagnostic
int8 AVX2 correction test passed; scalar_checksum=320040, avx2_checksum=320040, difference=0
ready_timing variant=A worker=0 cpu=0 row=1332 ready_elapsed_seconds=0.0018582
ready_timing variant=A worker=1 cpu=2 row=807 ready_elapsed_seconds=0.0018254
ready_timing variant=A worker=2 cpu=4 row=965 ready_elapsed_seconds=0.0018142
ready_timing variant=A worker=3 cpu=6 row=992 ready_elapsed_seconds=0.0018588
ready_timing_aggregate variant=A min_seconds=0.0018142 max_seconds=0.0018588 mean_seconds=0.00183915
coordinator_kernel_elapsed variant=A kernel_elapsed_seconds=0.0033802
block_timing variant=A worker=0 cpu=0 row=1332 block_loop_elapsed_seconds=0.001329 first_clone_copy_elapsed_seconds=0 clone_copy_elapsed_seconds=0 remaining_clone_copy_elapsed_seconds=0
block_timing variant=A worker=1 cpu=2 row=807 block_loop_elapsed_seconds=0.0006725 first_clone_copy_elapsed_seconds=0 clone_copy_elapsed_seconds=0 remaining_clone_copy_elapsed_seconds=0
block_timing variant=A worker=2 cpu=4 row=965 block_loop_elapsed_seconds=0.0010582 first_clone_copy_elapsed_seconds=0 clone_copy_elapsed_seconds=0 remaining_clone_copy_elapsed_seconds=0
block_timing variant=A worker=3 cpu=6 row=992 block_loop_elapsed_seconds=0.0010755 first_clone_copy_elapsed_seconds=0 clone_copy_elapsed_seconds=0 remaining_clone_copy_elapsed_seconds=0
warmup_timing variant=A worker=0 cpu=0 row=1332 warmup_elapsed_seconds=0.0005013
affinity_timing variant=A worker=0 cpu=0 row=1332 affinity_guard_elapsed_seconds=1.03e-05
warmup_timing variant=A worker=1 cpu=2 row=807 warmup_elapsed_seconds=0.0004621
affinity_timing variant=A worker=1 cpu=2 row=807 affinity_guard_elapsed_seconds=1.81e-05
warmup_timing variant=A worker=2 cpu=4 row=965 warmup_elapsed_seconds=0.0005059
affinity_timing variant=A worker=2 cpu=4 row=965 affinity_guard_elapsed_seconds=1.2e-05
warmup_timing variant=A worker=3 cpu=6 row=992 warmup_elapsed_seconds=0.0004988
affinity_timing variant=A worker=3 cpu=6 row=992 affinity_guard_elapsed_seconds=5.3e-06
