T0-R warmup timing diagnostic stderr
boundaries=QPC immediately before first existing warmup-loop iteration through immediately after last existing warmup-loop iteration; includes only warmup loop pass_function calls and variant C preparation
diagnostic_enabled=True
invocation=1 warmup_timing variant=A worker=0 cpu=0 row=1332 warmup_elapsed_seconds=0.0019543
invocation=1 warmup_timing variant=A worker=1 cpu=2 row=807 warmup_elapsed_seconds=0.0013154
invocation=1 warmup_timing variant=A worker=2 cpu=4 row=965 warmup_elapsed_seconds=0.0007452
invocation=1 warmup_timing variant=A worker=3 cpu=6 row=992 warmup_elapsed_seconds=0.0007148
invocation=2 warmup_timing variant=B worker=0 cpu=0 row=1332 warmup_elapsed_seconds=0.0007879
invocation=2 warmup_timing variant=B worker=1 cpu=2 row=807 warmup_elapsed_seconds=0.0006641
invocation=2 warmup_timing variant=B worker=2 cpu=4 row=965 warmup_elapsed_seconds=0.0006812
invocation=2 warmup_timing variant=B worker=3 cpu=6 row=992 warmup_elapsed_seconds=0.0008389
invocation=3 warmup_timing variant=Bclone worker=0 cpu=0 row=1332 warmup_elapsed_seconds=0.250016
invocation=3 warmup_timing variant=Bclone worker=1 cpu=2 row=807 warmup_elapsed_seconds=0.244643
invocation=3 warmup_timing variant=Bclone worker=2 cpu=4 row=965 warmup_elapsed_seconds=0.209278
invocation=3 warmup_timing variant=Bclone worker=3 cpu=6 row=992 warmup_elapsed_seconds=0.19738
invocation=4 warmup_timing variant=Bclone worker=0 cpu=0 row=1332 warmup_elapsed_seconds=0.232752
invocation=4 warmup_timing variant=Bclone worker=1 cpu=2 row=807 warmup_elapsed_seconds=0.221928
invocation=4 warmup_timing variant=Bclone worker=2 cpu=4 row=965 warmup_elapsed_seconds=0.207947
invocation=4 warmup_timing variant=Bclone worker=3 cpu=6 row=992 warmup_elapsed_seconds=0.19958
invocation=5 warmup_timing variant=B worker=0 cpu=0 row=1332 warmup_elapsed_seconds=0.000663
invocation=5 warmup_timing variant=B worker=1 cpu=2 row=807 warmup_elapsed_seconds=0.0007567
invocation=5 warmup_timing variant=B worker=2 cpu=4 row=965 warmup_elapsed_seconds=0.0007138
invocation=5 warmup_timing variant=B worker=3 cpu=6 row=992 warmup_elapsed_seconds=0.0006421
invocation=6 warmup_timing variant=A worker=0 cpu=0 row=1332 warmup_elapsed_seconds=0.0004863
invocation=6 warmup_timing variant=A worker=1 cpu=2 row=807 warmup_elapsed_seconds=0.0004313
invocation=6 warmup_timing variant=A worker=2 cpu=4 row=965 warmup_elapsed_seconds=0.0007385
invocation=6 warmup_timing variant=A worker=3 cpu=6 row=992 warmup_elapsed_seconds=0.0005886
invocation=7 warmup_timing variant=A worker=0 cpu=0 row=1332 warmup_elapsed_seconds=0.0015512
invocation=7 warmup_timing variant=A worker=1 cpu=2 row=807 warmup_elapsed_seconds=0.0008202
invocation=7 warmup_timing variant=A worker=2 cpu=4 row=965 warmup_elapsed_seconds=0.0007306
invocation=7 warmup_timing variant=A worker=3 cpu=6 row=992 warmup_elapsed_seconds=0.0007789
invocation=8 warmup_timing variant=B worker=0 cpu=0 row=1332 warmup_elapsed_seconds=0.0007038
invocation=8 warmup_timing variant=B worker=1 cpu=2 row=807 warmup_elapsed_seconds=0.0006755
invocation=8 warmup_timing variant=B worker=2 cpu=4 row=965 warmup_elapsed_seconds=0.000774
invocation=8 warmup_timing variant=B worker=3 cpu=6 row=992 warmup_elapsed_seconds=0.0006136
invocation=9 warmup_timing variant=Bclone worker=0 cpu=0 row=1332 warmup_elapsed_seconds=0.250337
invocation=9 warmup_timing variant=Bclone worker=1 cpu=2 row=807 warmup_elapsed_seconds=0.254824
invocation=9 warmup_timing variant=Bclone worker=2 cpu=4 row=965 warmup_elapsed_seconds=0.205448
invocation=9 warmup_timing variant=Bclone worker=3 cpu=6 row=992 warmup_elapsed_seconds=0.193873
invocation=10 warmup_timing variant=Bclone worker=0 cpu=0 row=1332 warmup_elapsed_seconds=0.239296
invocation=10 warmup_timing variant=Bclone worker=1 cpu=2 row=807 warmup_elapsed_seconds=0.230887
invocation=10 warmup_timing variant=Bclone worker=2 cpu=4 row=965 warmup_elapsed_seconds=0.212016
invocation=10 warmup_timing variant=Bclone worker=3 cpu=6 row=992 warmup_elapsed_seconds=0.199514
invocation=11 warmup_timing variant=B worker=0 cpu=0 row=1332 warmup_elapsed_seconds=0.0008178
invocation=11 warmup_timing variant=B worker=1 cpu=2 row=807 warmup_elapsed_seconds=0.0005929
invocation=11 warmup_timing variant=B worker=2 cpu=4 row=965 warmup_elapsed_seconds=0.0009313
invocation=11 warmup_timing variant=B worker=3 cpu=6 row=992 warmup_elapsed_seconds=0.0008699
invocation=12 warmup_timing variant=A worker=0 cpu=0 row=1332 warmup_elapsed_seconds=0.0005132
invocation=12 warmup_timing variant=A worker=1 cpu=2 row=807 warmup_elapsed_seconds=0.0006097
invocation=12 warmup_timing variant=A worker=2 cpu=4 row=965 warmup_elapsed_seconds=0.0004311
invocation=12 warmup_timing variant=A worker=3 cpu=6 row=992 warmup_elapsed_seconds=0.0004656
invocation=13 warmup_timing variant=A worker=0 cpu=0 row=1332 warmup_elapsed_seconds=0.000531
invocation=13 warmup_timing variant=A worker=1 cpu=2 row=807 warmup_elapsed_seconds=0.0003839
invocation=13 warmup_timing variant=A worker=2 cpu=4 row=965 warmup_elapsed_seconds=0.0004782
invocation=13 warmup_timing variant=A worker=3 cpu=6 row=992 warmup_elapsed_seconds=0.000557
invocation=14 warmup_timing variant=B worker=0 cpu=0 row=1332 warmup_elapsed_seconds=0.0008129
invocation=14 warmup_timing variant=B worker=1 cpu=2 row=807 warmup_elapsed_seconds=0.0008557
invocation=14 warmup_timing variant=B worker=2 cpu=4 row=965 warmup_elapsed_seconds=0.0008706
invocation=14 warmup_timing variant=B worker=3 cpu=6 row=992 warmup_elapsed_seconds=0.0009733
invocation=15 warmup_timing variant=Bclone worker=0 cpu=0 row=1332 warmup_elapsed_seconds=0.231826
invocation=15 warmup_timing variant=Bclone worker=1 cpu=2 row=807 warmup_elapsed_seconds=0.22073
invocation=15 warmup_timing variant=Bclone worker=2 cpu=4 row=965 warmup_elapsed_seconds=0.197505
invocation=15 warmup_timing variant=Bclone worker=3 cpu=6 row=992 warmup_elapsed_seconds=0.18121
invocation=16 warmup_timing variant=Bclone worker=0 cpu=0 row=1332 warmup_elapsed_seconds=0.229234
invocation=16 warmup_timing variant=Bclone worker=1 cpu=2 row=807 warmup_elapsed_seconds=0.223521
invocation=16 warmup_timing variant=Bclone worker=2 cpu=4 row=965 warmup_elapsed_seconds=0.19407
invocation=16 warmup_timing variant=Bclone worker=3 cpu=6 row=992 warmup_elapsed_seconds=0.172431
invocation=17 warmup_timing variant=B worker=0 cpu=0 row=1332 warmup_elapsed_seconds=0.0006518
invocation=17 warmup_timing variant=B worker=1 cpu=2 row=807 warmup_elapsed_seconds=0.0007388
invocation=17 warmup_timing variant=B worker=2 cpu=4 row=965 warmup_elapsed_seconds=0.000741
invocation=17 warmup_timing variant=B worker=3 cpu=6 row=992 warmup_elapsed_seconds=0.0005654
invocation=18 warmup_timing variant=A worker=0 cpu=0 row=1332 warmup_elapsed_seconds=0.0005753
invocation=18 warmup_timing variant=A worker=1 cpu=2 row=807 warmup_elapsed_seconds=0.0005984
invocation=18 warmup_timing variant=A worker=2 cpu=4 row=965 warmup_elapsed_seconds=0.000737
invocation=18 warmup_timing variant=A worker=3 cpu=6 row=992 warmup_elapsed_seconds=0.0007172
invocation=19 warmup_timing variant=A worker=0 cpu=0 row=1332 warmup_elapsed_seconds=0.0005777
invocation=19 warmup_timing variant=A worker=1 cpu=2 row=807 warmup_elapsed_seconds=0.0004651
invocation=19 warmup_timing variant=A worker=2 cpu=4 row=965 warmup_elapsed_seconds=0.0007382
invocation=19 warmup_timing variant=A worker=3 cpu=6 row=992 warmup_elapsed_seconds=0.0006427
invocation=20 warmup_timing variant=B worker=0 cpu=0 row=1332 warmup_elapsed_seconds=0.000631
invocation=20 warmup_timing variant=B worker=1 cpu=2 row=807 warmup_elapsed_seconds=0.0006277
invocation=20 warmup_timing variant=B worker=2 cpu=4 row=965 warmup_elapsed_seconds=0.0007163
invocation=20 warmup_timing variant=B worker=3 cpu=6 row=992 warmup_elapsed_seconds=0.0006839
invocation=21 warmup_timing variant=Bclone worker=0 cpu=0 row=1332 warmup_elapsed_seconds=0.252873
invocation=21 warmup_timing variant=Bclone worker=1 cpu=2 row=807 warmup_elapsed_seconds=0.241585
invocation=21 warmup_timing variant=Bclone worker=2 cpu=4 row=965 warmup_elapsed_seconds=0.209839
invocation=21 warmup_timing variant=Bclone worker=3 cpu=6 row=992 warmup_elapsed_seconds=0.18487
invocation=22 warmup_timing variant=Bclone worker=0 cpu=0 row=1332 warmup_elapsed_seconds=0.291146
invocation=22 warmup_timing variant=Bclone worker=1 cpu=2 row=807 warmup_elapsed_seconds=0.288539
invocation=22 warmup_timing variant=Bclone worker=2 cpu=4 row=965 warmup_elapsed_seconds=0.220093
invocation=22 warmup_timing variant=Bclone worker=3 cpu=6 row=992 warmup_elapsed_seconds=0.169268
invocation=23 warmup_timing variant=B worker=0 cpu=0 row=1332 warmup_elapsed_seconds=0.0042136
invocation=23 warmup_timing variant=B worker=1 cpu=2 row=807 warmup_elapsed_seconds=0.0007746
invocation=23 warmup_timing variant=B worker=2 cpu=4 row=965 warmup_elapsed_seconds=0.0008712
invocation=23 warmup_timing variant=B worker=3 cpu=6 row=992 warmup_elapsed_seconds=0.0008185
invocation=24 warmup_timing variant=A worker=0 cpu=0 row=1332 warmup_elapsed_seconds=0.0009911
invocation=24 warmup_timing variant=A worker=1 cpu=2 row=807 warmup_elapsed_seconds=0.0005835
invocation=24 warmup_timing variant=A worker=2 cpu=4 row=965 warmup_elapsed_seconds=0.000694
invocation=24 warmup_timing variant=A worker=3 cpu=6 row=992 warmup_elapsed_seconds=0.0007169
invocation=25 warmup_timing variant=A worker=0 cpu=0 row=1332 warmup_elapsed_seconds=0.0007285
invocation=25 warmup_timing variant=A worker=1 cpu=2 row=807 warmup_elapsed_seconds=0.0006019
invocation=25 warmup_timing variant=A worker=2 cpu=4 row=965 warmup_elapsed_seconds=0.0006745
invocation=25 warmup_timing variant=A worker=3 cpu=6 row=992 warmup_elapsed_seconds=0.0007877
invocation=26 warmup_timing variant=B worker=0 cpu=0 row=1332 warmup_elapsed_seconds=0.0007671
invocation=26 warmup_timing variant=B worker=1 cpu=2 row=807 warmup_elapsed_seconds=0.0012016
invocation=26 warmup_timing variant=B worker=2 cpu=4 row=965 warmup_elapsed_seconds=0.0007144
invocation=26 warmup_timing variant=B worker=3 cpu=6 row=992 warmup_elapsed_seconds=0.0008187
invocation=27 warmup_timing variant=Bclone worker=0 cpu=0 row=1332 warmup_elapsed_seconds=0.236102
invocation=27 warmup_timing variant=Bclone worker=1 cpu=2 row=807 warmup_elapsed_seconds=0.229038
invocation=27 warmup_timing variant=Bclone worker=2 cpu=4 row=965 warmup_elapsed_seconds=0.194499
invocation=27 warmup_timing variant=Bclone worker=3 cpu=6 row=992 warmup_elapsed_seconds=0.175428
invocation=28 warmup_timing variant=Bclone worker=0 cpu=0 row=1332 warmup_elapsed_seconds=0.241161
invocation=28 warmup_timing variant=Bclone worker=1 cpu=2 row=807 warmup_elapsed_seconds=0.240687
invocation=28 warmup_timing variant=Bclone worker=2 cpu=4 row=965 warmup_elapsed_seconds=0.211706
invocation=28 warmup_timing variant=Bclone worker=3 cpu=6 row=992 warmup_elapsed_seconds=0.181162
invocation=29 warmup_timing variant=B worker=0 cpu=0 row=1332 warmup_elapsed_seconds=0.0005954
invocation=29 warmup_timing variant=B worker=1 cpu=2 row=807 warmup_elapsed_seconds=0.001458
invocation=29 warmup_timing variant=B worker=2 cpu=4 row=965 warmup_elapsed_seconds=0.0009816
invocation=29 warmup_timing variant=B worker=3 cpu=6 row=992 warmup_elapsed_seconds=0.0009123
invocation=30 warmup_timing variant=A worker=0 cpu=0 row=1332 warmup_elapsed_seconds=0.0005013
invocation=30 warmup_timing variant=A worker=1 cpu=2 row=807 warmup_elapsed_seconds=0.0004621
invocation=30 warmup_timing variant=A worker=2 cpu=4 row=965 warmup_elapsed_seconds=0.0005059
invocation=30 warmup_timing variant=A worker=3 cpu=6 row=992 warmup_elapsed_seconds=0.0004988
