T0-R int8 sharded sweep stderr and command log
executable=build\int8_probe.exe
physical_cpus=0,2,4,6; dram_gbps_measured=32.9295
target_kib=512; depths=16; variants=A,B,Bclone; repeat_count=10; repetitions=8; warmup=2
int8 AVX2 correction test passed; scalar_checksum=320040, avx2_checksum=320040, difference=0
int8 AVX2 correction test passed; scalar_checksum=320040, avx2_checksum=320040, difference=0
int8 AVX2 correction test passed; scalar_checksum=320040, avx2_checksum=320040, difference=0
int8 AVX2 correction test passed; scalar_checksum=320040, avx2_checksum=320040, difference=0
command[1/30]=build\int8_probe.exe --K 512 --target-kib 512 --depth 16 --variant A --kernel avx2 --parallel-cpus 0,2,4,6 --parallel-rows 1332,807,965,992 --iterations 1 --repetitions 8 --warmup 2
int8 AVX2 correction test passed; scalar_checksum=320040, avx2_checksum=320040, difference=0
command[2/30]=build\int8_probe.exe --K 512 --target-kib 512 --depth 16 --variant B --kernel avx2 --parallel-cpus 0,2,4,6 --parallel-rows 1332,807,965,992 --iterations 1 --repetitions 8 --warmup 2
int8 AVX2 correction test passed; scalar_checksum=320040, avx2_checksum=320040, difference=0
command[3/30]=build\int8_probe.exe --K 512 --target-kib 512 --depth 16 --variant Bclone --kernel avx2 --parallel-cpus 0,2,4,6 --parallel-rows 1332,807,965,992 --iterations 1 --repetitions 8 --warmup 2
int8 AVX2 correction test passed; scalar_checksum=320040, avx2_checksum=320040, difference=0
command[4/30]=build\int8_probe.exe --K 512 --target-kib 512 --depth 16 --variant Bclone --kernel avx2 --parallel-cpus 0,2,4,6 --parallel-rows 1332,807,965,992 --iterations 1 --repetitions 8 --warmup 2
int8 AVX2 correction test passed; scalar_checksum=320040, avx2_checksum=320040, difference=0
command[5/30]=build\int8_probe.exe --K 512 --target-kib 512 --depth 16 --variant B --kernel avx2 --parallel-cpus 0,2,4,6 --parallel-rows 1332,807,965,992 --iterations 1 --repetitions 8 --warmup 2
int8 AVX2 correction test passed; scalar_checksum=320040, avx2_checksum=320040, difference=0
command[6/30]=build\int8_probe.exe --K 512 --target-kib 512 --depth 16 --variant A --kernel avx2 --parallel-cpus 0,2,4,6 --parallel-rows 1332,807,965,992 --iterations 1 --repetitions 8 --warmup 2
int8 AVX2 correction test passed; scalar_checksum=320040, avx2_checksum=320040, difference=0
command[7/30]=build\int8_probe.exe --K 512 --target-kib 512 --depth 16 --variant A --kernel avx2 --parallel-cpus 0,2,4,6 --parallel-rows 1332,807,965,992 --iterations 1 --repetitions 8 --warmup 2
int8 AVX2 correction test passed; scalar_checksum=320040, avx2_checksum=320040, difference=0
command[8/30]=build\int8_probe.exe --K 512 --target-kib 512 --depth 16 --variant B --kernel avx2 --parallel-cpus 0,2,4,6 --parallel-rows 1332,807,965,992 --iterations 1 --repetitions 8 --warmup 2
int8 AVX2 correction test passed; scalar_checksum=320040, avx2_checksum=320040, difference=0
command[9/30]=build\int8_probe.exe --K 512 --target-kib 512 --depth 16 --variant Bclone --kernel avx2 --parallel-cpus 0,2,4,6 --parallel-rows 1332,807,965,992 --iterations 1 --repetitions 8 --warmup 2
int8 AVX2 correction test passed; scalar_checksum=320040, avx2_checksum=320040, difference=0
command[10/30]=build\int8_probe.exe --K 512 --target-kib 512 --depth 16 --variant Bclone --kernel avx2 --parallel-cpus 0,2,4,6 --parallel-rows 1332,807,965,992 --iterations 1 --repetitions 8 --warmup 2
int8 AVX2 correction test passed; scalar_checksum=320040, avx2_checksum=320040, difference=0
command[11/30]=build\int8_probe.exe --K 512 --target-kib 512 --depth 16 --variant B --kernel avx2 --parallel-cpus 0,2,4,6 --parallel-rows 1332,807,965,992 --iterations 1 --repetitions 8 --warmup 2
int8 AVX2 correction test passed; scalar_checksum=320040, avx2_checksum=320040, difference=0
command[12/30]=build\int8_probe.exe --K 512 --target-kib 512 --depth 16 --variant A --kernel avx2 --parallel-cpus 0,2,4,6 --parallel-rows 1332,807,965,992 --iterations 1 --repetitions 8 --warmup 2
int8 AVX2 correction test passed; scalar_checksum=320040, avx2_checksum=320040, difference=0
command[13/30]=build\int8_probe.exe --K 512 --target-kib 512 --depth 16 --variant A --kernel avx2 --parallel-cpus 0,2,4,6 --parallel-rows 1332,807,965,992 --iterations 1 --repetitions 8 --warmup 2
int8 AVX2 correction test passed; scalar_checksum=320040, avx2_checksum=320040, difference=0
command[14/30]=build\int8_probe.exe --K 512 --target-kib 512 --depth 16 --variant B --kernel avx2 --parallel-cpus 0,2,4,6 --parallel-rows 1332,807,965,992 --iterations 1 --repetitions 8 --warmup 2
int8 AVX2 correction test passed; scalar_checksum=320040, avx2_checksum=320040, difference=0
command[15/30]=build\int8_probe.exe --K 512 --target-kib 512 --depth 16 --variant Bclone --kernel avx2 --parallel-cpus 0,2,4,6 --parallel-rows 1332,807,965,992 --iterations 1 --repetitions 8 --warmup 2
int8 AVX2 correction test passed; scalar_checksum=320040, avx2_checksum=320040, difference=0
command[16/30]=build\int8_probe.exe --K 512 --target-kib 512 --depth 16 --variant Bclone --kernel avx2 --parallel-cpus 0,2,4,6 --parallel-rows 1332,807,965,992 --iterations 1 --repetitions 8 --warmup 2
int8 AVX2 correction test passed; scalar_checksum=320040, avx2_checksum=320040, difference=0
command[17/30]=build\int8_probe.exe --K 512 --target-kib 512 --depth 16 --variant B --kernel avx2 --parallel-cpus 0,2,4,6 --parallel-rows 1332,807,965,992 --iterations 1 --repetitions 8 --warmup 2
int8 AVX2 correction test passed; scalar_checksum=320040, avx2_checksum=320040, difference=0
command[18/30]=build\int8_probe.exe --K 512 --target-kib 512 --depth 16 --variant A --kernel avx2 --parallel-cpus 0,2,4,6 --parallel-rows 1332,807,965,992 --iterations 1 --repetitions 8 --warmup 2
int8 AVX2 correction test passed; scalar_checksum=320040, avx2_checksum=320040, difference=0
command[19/30]=build\int8_probe.exe --K 512 --target-kib 512 --depth 16 --variant A --kernel avx2 --parallel-cpus 0,2,4,6 --parallel-rows 1332,807,965,992 --iterations 1 --repetitions 8 --warmup 2
int8 AVX2 correction test passed; scalar_checksum=320040, avx2_checksum=320040, difference=0
command[20/30]=build\int8_probe.exe --K 512 --target-kib 512 --depth 16 --variant B --kernel avx2 --parallel-cpus 0,2,4,6 --parallel-rows 1332,807,965,992 --iterations 1 --repetitions 8 --warmup 2
int8 AVX2 correction test passed; scalar_checksum=320040, avx2_checksum=320040, difference=0
command[21/30]=build\int8_probe.exe --K 512 --target-kib 512 --depth 16 --variant Bclone --kernel avx2 --parallel-cpus 0,2,4,6 --parallel-rows 1332,807,965,992 --iterations 1 --repetitions 8 --warmup 2
int8 AVX2 correction test passed; scalar_checksum=320040, avx2_checksum=320040, difference=0
command[22/30]=build\int8_probe.exe --K 512 --target-kib 512 --depth 16 --variant Bclone --kernel avx2 --parallel-cpus 0,2,4,6 --parallel-rows 1332,807,965,992 --iterations 1 --repetitions 8 --warmup 2
int8 AVX2 correction test passed; scalar_checksum=320040, avx2_checksum=320040, difference=0
command[23/30]=build\int8_probe.exe --K 512 --target-kib 512 --depth 16 --variant B --kernel avx2 --parallel-cpus 0,2,4,6 --parallel-rows 1332,807,965,992 --iterations 1 --repetitions 8 --warmup 2
int8 AVX2 correction test passed; scalar_checksum=320040, avx2_checksum=320040, difference=0
command[24/30]=build\int8_probe.exe --K 512 --target-kib 512 --depth 16 --variant A --kernel avx2 --parallel-cpus 0,2,4,6 --parallel-rows 1332,807,965,992 --iterations 1 --repetitions 8 --warmup 2
int8 AVX2 correction test passed; scalar_checksum=320040, avx2_checksum=320040, difference=0
command[25/30]=build\int8_probe.exe --K 512 --target-kib 512 --depth 16 --variant A --kernel avx2 --parallel-cpus 0,2,4,6 --parallel-rows 1332,807,965,992 --iterations 1 --repetitions 8 --warmup 2
int8 AVX2 correction test passed; scalar_checksum=320040, avx2_checksum=320040, difference=0
command[26/30]=build\int8_probe.exe --K 512 --target-kib 512 --depth 16 --variant B --kernel avx2 --parallel-cpus 0,2,4,6 --parallel-rows 1332,807,965,992 --iterations 1 --repetitions 8 --warmup 2
int8 AVX2 correction test passed; scalar_checksum=320040, avx2_checksum=320040, difference=0
command[27/30]=build\int8_probe.exe --K 512 --target-kib 512 --depth 16 --variant Bclone --kernel avx2 --parallel-cpus 0,2,4,6 --parallel-rows 1332,807,965,992 --iterations 1 --repetitions 8 --warmup 2
int8 AVX2 correction test passed; scalar_checksum=320040, avx2_checksum=320040, difference=0
command[28/30]=build\int8_probe.exe --K 512 --target-kib 512 --depth 16 --variant Bclone --kernel avx2 --parallel-cpus 0,2,4,6 --parallel-rows 1332,807,965,992 --iterations 1 --repetitions 8 --warmup 2
int8 AVX2 correction test passed; scalar_checksum=320040, avx2_checksum=320040, difference=0
command[29/30]=build\int8_probe.exe --K 512 --target-kib 512 --depth 16 --variant B --kernel avx2 --parallel-cpus 0,2,4,6 --parallel-rows 1332,807,965,992 --iterations 1 --repetitions 8 --warmup 2
int8 AVX2 correction test passed; scalar_checksum=320040, avx2_checksum=320040, difference=0
command[30/30]=build\int8_probe.exe --K 512 --target-kib 512 --depth 16 --variant A --kernel avx2 --parallel-cpus 0,2,4,6 --parallel-rows 1332,807,965,992 --iterations 1 --repetitions 8 --warmup 2
int8 AVX2 correction test passed; scalar_checksum=320040, avx2_checksum=320040, difference=0
