T0-R ready timing diagnostic stderr
boundaries=worker lambda entry through immediate QPC after existing ready.arrive_and_wait returns; includes make_data, output allocation, eviction allocation, AffinityGuard, warmup, and wait for coordinator ready arrival
diagnostic_enabled=True
invocation=1 ready_timing variant=A worker=0 cpu=0 row=1332 ready_elapsed_seconds=0.0017869
invocation=1 ready_timing variant=A worker=1 cpu=2 row=807 ready_elapsed_seconds=0.0017965
invocation=1 ready_timing variant=A worker=2 cpu=4 row=965 ready_elapsed_seconds=0.0017704
invocation=1 ready_timing variant=A worker=3 cpu=6 row=992 ready_elapsed_seconds=0.0017907
invocation=1 ready_timing_aggregate variant=A min_seconds=0.0017704 max_seconds=0.0017965 mean_seconds=0.00178612
invocation=1 coordinator_kernel_elapsed variant=A kernel_elapsed_seconds=0.0038405
invocation=2 ready_timing variant=B worker=0 cpu=0 row=1332 ready_elapsed_seconds=0.0213956
invocation=2 ready_timing variant=B worker=1 cpu=2 row=807 ready_elapsed_seconds=0.0213973
invocation=2 ready_timing variant=B worker=2 cpu=4 row=965 ready_elapsed_seconds=0.0214166
invocation=2 ready_timing variant=B worker=3 cpu=6 row=992 ready_elapsed_seconds=0.0213923
invocation=2 ready_timing_aggregate variant=B min_seconds=0.0213923 max_seconds=0.0214166 mean_seconds=0.0214005
invocation=2 coordinator_kernel_elapsed variant=B kernel_elapsed_seconds=0.0075464
invocation=3 ready_timing variant=Bclone worker=0 cpu=0 row=1332 ready_elapsed_seconds=0.23519
invocation=3 ready_timing variant=Bclone worker=1 cpu=2 row=807 ready_elapsed_seconds=0.23515
invocation=3 ready_timing variant=Bclone worker=2 cpu=4 row=965 ready_elapsed_seconds=0.235149
invocation=3 ready_timing variant=Bclone worker=3 cpu=6 row=992 ready_elapsed_seconds=0.235177
invocation=3 ready_timing_aggregate variant=Bclone min_seconds=0.235149 max_seconds=0.23519 mean_seconds=0.235166
invocation=3 coordinator_kernel_elapsed variant=Bclone kernel_elapsed_seconds=0.0307043
invocation=4 ready_timing variant=Bclone worker=0 cpu=0 row=1332 ready_elapsed_seconds=0.264828
invocation=4 ready_timing variant=Bclone worker=1 cpu=2 row=807 ready_elapsed_seconds=0.264828
invocation=4 ready_timing variant=Bclone worker=2 cpu=4 row=965 ready_elapsed_seconds=0.264825
invocation=4 ready_timing variant=Bclone worker=3 cpu=6 row=992 ready_elapsed_seconds=0.264817
invocation=4 ready_timing_aggregate variant=Bclone min_seconds=0.264817 max_seconds=0.264828 mean_seconds=0.264824
invocation=4 coordinator_kernel_elapsed variant=Bclone kernel_elapsed_seconds=0.0222383
invocation=5 ready_timing variant=B worker=0 cpu=0 row=1332 ready_elapsed_seconds=0.0188625
invocation=5 ready_timing variant=B worker=1 cpu=2 row=807 ready_elapsed_seconds=0.0188668
invocation=5 ready_timing variant=B worker=2 cpu=4 row=965 ready_elapsed_seconds=0.019176
invocation=5 ready_timing variant=B worker=3 cpu=6 row=992 ready_elapsed_seconds=0.0188591
invocation=5 ready_timing_aggregate variant=B min_seconds=0.0188591 max_seconds=0.019176 mean_seconds=0.0189411
invocation=5 coordinator_kernel_elapsed variant=B kernel_elapsed_seconds=0.0072426
invocation=6 ready_timing variant=A worker=0 cpu=0 row=1332 ready_elapsed_seconds=0.0018924
invocation=6 ready_timing variant=A worker=1 cpu=2 row=807 ready_elapsed_seconds=0.001893
invocation=6 ready_timing variant=A worker=2 cpu=4 row=965 ready_elapsed_seconds=0.0018949
invocation=6 ready_timing variant=A worker=3 cpu=6 row=992 ready_elapsed_seconds=0.0018922
invocation=6 ready_timing_aggregate variant=A min_seconds=0.0018922 max_seconds=0.0018949 mean_seconds=0.00189313
invocation=6 coordinator_kernel_elapsed variant=A kernel_elapsed_seconds=0.0034515
invocation=7 ready_timing variant=A worker=0 cpu=0 row=1332 ready_elapsed_seconds=0.0019995
invocation=7 ready_timing variant=A worker=1 cpu=2 row=807 ready_elapsed_seconds=0.0018884
invocation=7 ready_timing variant=A worker=2 cpu=4 row=965 ready_elapsed_seconds=0.0018888
invocation=7 ready_timing variant=A worker=3 cpu=6 row=992 ready_elapsed_seconds=0.0018873
invocation=7 ready_timing_aggregate variant=A min_seconds=0.0018873 max_seconds=0.0019995 mean_seconds=0.001916
invocation=7 coordinator_kernel_elapsed variant=A kernel_elapsed_seconds=0.0053019
invocation=8 ready_timing variant=B worker=0 cpu=0 row=1332 ready_elapsed_seconds=0.0195961
invocation=8 ready_timing variant=B worker=1 cpu=2 row=807 ready_elapsed_seconds=0.0195971
invocation=8 ready_timing variant=B worker=2 cpu=4 row=965 ready_elapsed_seconds=0.0195961
invocation=8 ready_timing variant=B worker=3 cpu=6 row=992 ready_elapsed_seconds=0.0195866
invocation=8 ready_timing_aggregate variant=B min_seconds=0.0195866 max_seconds=0.0195971 mean_seconds=0.019594
invocation=8 coordinator_kernel_elapsed variant=B kernel_elapsed_seconds=0.0082327
invocation=9 ready_timing variant=Bclone worker=0 cpu=0 row=1332 ready_elapsed_seconds=0.251447
invocation=9 ready_timing variant=Bclone worker=1 cpu=2 row=807 ready_elapsed_seconds=0.251443
invocation=9 ready_timing variant=Bclone worker=2 cpu=4 row=965 ready_elapsed_seconds=0.25145
invocation=9 ready_timing variant=Bclone worker=3 cpu=6 row=992 ready_elapsed_seconds=0.251449
invocation=9 ready_timing_aggregate variant=Bclone min_seconds=0.251443 max_seconds=0.25145 mean_seconds=0.251447
invocation=9 coordinator_kernel_elapsed variant=Bclone kernel_elapsed_seconds=0.0463605
invocation=10 ready_timing variant=Bclone worker=0 cpu=0 row=1332 ready_elapsed_seconds=0.242959
invocation=10 ready_timing variant=Bclone worker=1 cpu=2 row=807 ready_elapsed_seconds=0.242958
invocation=10 ready_timing variant=Bclone worker=2 cpu=4 row=965 ready_elapsed_seconds=0.242962
invocation=10 ready_timing variant=Bclone worker=3 cpu=6 row=992 ready_elapsed_seconds=0.242963
invocation=10 ready_timing_aggregate variant=Bclone min_seconds=0.242958 max_seconds=0.242963 mean_seconds=0.242961
invocation=10 coordinator_kernel_elapsed variant=Bclone kernel_elapsed_seconds=0.0311326
invocation=11 ready_timing variant=B worker=0 cpu=0 row=1332 ready_elapsed_seconds=0.0198048
invocation=11 ready_timing variant=B worker=1 cpu=2 row=807 ready_elapsed_seconds=0.019802
invocation=11 ready_timing variant=B worker=2 cpu=4 row=965 ready_elapsed_seconds=0.0198097
invocation=11 ready_timing variant=B worker=3 cpu=6 row=992 ready_elapsed_seconds=0.0198014
invocation=11 ready_timing_aggregate variant=B min_seconds=0.0198014 max_seconds=0.0198097 mean_seconds=0.0198045
invocation=11 coordinator_kernel_elapsed variant=B kernel_elapsed_seconds=0.0087735
invocation=12 ready_timing variant=A worker=0 cpu=0 row=1332 ready_elapsed_seconds=0.0019831
invocation=12 ready_timing variant=A worker=1 cpu=2 row=807 ready_elapsed_seconds=0.0019841
invocation=12 ready_timing variant=A worker=2 cpu=4 row=965 ready_elapsed_seconds=0.0019852
invocation=12 ready_timing variant=A worker=3 cpu=6 row=992 ready_elapsed_seconds=0.0019849
invocation=12 ready_timing_aggregate variant=A min_seconds=0.0019831 max_seconds=0.0019852 mean_seconds=0.00198432
invocation=12 coordinator_kernel_elapsed variant=A kernel_elapsed_seconds=0.0038123
invocation=13 ready_timing variant=A worker=0 cpu=0 row=1332 ready_elapsed_seconds=0.0021641
invocation=13 ready_timing variant=A worker=1 cpu=2 row=807 ready_elapsed_seconds=0.0021655
invocation=13 ready_timing variant=A worker=2 cpu=4 row=965 ready_elapsed_seconds=0.0021647
invocation=13 ready_timing variant=A worker=3 cpu=6 row=992 ready_elapsed_seconds=0.0021563
invocation=13 ready_timing_aggregate variant=A min_seconds=0.0021563 max_seconds=0.0021655 mean_seconds=0.00216265
invocation=13 coordinator_kernel_elapsed variant=A kernel_elapsed_seconds=0.0041406
invocation=14 ready_timing variant=B worker=0 cpu=0 row=1332 ready_elapsed_seconds=0.0229517
invocation=14 ready_timing variant=B worker=1 cpu=2 row=807 ready_elapsed_seconds=0.0229581
invocation=14 ready_timing variant=B worker=2 cpu=4 row=965 ready_elapsed_seconds=0.0229446
invocation=14 ready_timing variant=B worker=3 cpu=6 row=992 ready_elapsed_seconds=0.0229382
invocation=14 ready_timing_aggregate variant=B min_seconds=0.0229382 max_seconds=0.0229581 mean_seconds=0.0229482
invocation=14 coordinator_kernel_elapsed variant=B kernel_elapsed_seconds=0.0074675
invocation=15 ready_timing variant=Bclone worker=0 cpu=0 row=1332 ready_elapsed_seconds=0.277123
invocation=15 ready_timing variant=Bclone worker=1 cpu=2 row=807 ready_elapsed_seconds=0.27457
invocation=15 ready_timing variant=Bclone worker=2 cpu=4 row=965 ready_elapsed_seconds=0.274557
invocation=15 ready_timing variant=Bclone worker=3 cpu=6 row=992 ready_elapsed_seconds=0.276043
invocation=15 ready_timing_aggregate variant=Bclone min_seconds=0.274557 max_seconds=0.277123 mean_seconds=0.275573
invocation=15 coordinator_kernel_elapsed variant=Bclone kernel_elapsed_seconds=0.0266083
invocation=16 ready_timing variant=Bclone worker=0 cpu=0 row=1332 ready_elapsed_seconds=0.265288
invocation=16 ready_timing variant=Bclone worker=1 cpu=2 row=807 ready_elapsed_seconds=0.26529
invocation=16 ready_timing variant=Bclone worker=2 cpu=4 row=965 ready_elapsed_seconds=0.26529
invocation=16 ready_timing variant=Bclone worker=3 cpu=6 row=992 ready_elapsed_seconds=0.265255
invocation=16 ready_timing_aggregate variant=Bclone min_seconds=0.265255 max_seconds=0.26529 mean_seconds=0.26528
invocation=16 coordinator_kernel_elapsed variant=Bclone kernel_elapsed_seconds=0.0289949
invocation=17 ready_timing variant=B worker=0 cpu=0 row=1332 ready_elapsed_seconds=0.0210698
invocation=17 ready_timing variant=B worker=1 cpu=2 row=807 ready_elapsed_seconds=0.021063
invocation=17 ready_timing variant=B worker=2 cpu=4 row=965 ready_elapsed_seconds=0.0210619
invocation=17 ready_timing variant=B worker=3 cpu=6 row=992 ready_elapsed_seconds=0.0210546
invocation=17 ready_timing_aggregate variant=B min_seconds=0.0210546 max_seconds=0.0210698 mean_seconds=0.0210623
invocation=17 coordinator_kernel_elapsed variant=B kernel_elapsed_seconds=0.0142359
invocation=18 ready_timing variant=A worker=0 cpu=0 row=1332 ready_elapsed_seconds=0.0035286
invocation=18 ready_timing variant=A worker=1 cpu=2 row=807 ready_elapsed_seconds=0.0037264
invocation=18 ready_timing variant=A worker=2 cpu=4 row=965 ready_elapsed_seconds=0.0030411
invocation=18 ready_timing variant=A worker=3 cpu=6 row=992 ready_elapsed_seconds=0.0030435
invocation=18 ready_timing_aggregate variant=A min_seconds=0.0030411 max_seconds=0.0037264 mean_seconds=0.0033349
invocation=18 coordinator_kernel_elapsed variant=A kernel_elapsed_seconds=0.0102059
invocation=19 ready_timing variant=A worker=0 cpu=0 row=1332 ready_elapsed_seconds=0.0019167
invocation=19 ready_timing variant=A worker=1 cpu=2 row=807 ready_elapsed_seconds=0.0035216
invocation=19 ready_timing variant=A worker=2 cpu=4 row=965 ready_elapsed_seconds=0.0019078
invocation=19 ready_timing variant=A worker=3 cpu=6 row=992 ready_elapsed_seconds=0.0018549
invocation=19 ready_timing_aggregate variant=A min_seconds=0.0018549 max_seconds=0.0035216 mean_seconds=0.00230025
invocation=19 coordinator_kernel_elapsed variant=A kernel_elapsed_seconds=0.0047803
invocation=20 ready_timing variant=B worker=0 cpu=0 row=1332 ready_elapsed_seconds=0.0198501
invocation=20 ready_timing variant=B worker=1 cpu=2 row=807 ready_elapsed_seconds=0.0198549
invocation=20 ready_timing variant=B worker=2 cpu=4 row=965 ready_elapsed_seconds=0.0198556
invocation=20 ready_timing variant=B worker=3 cpu=6 row=992 ready_elapsed_seconds=0.0198491
invocation=20 ready_timing_aggregate variant=B min_seconds=0.0198491 max_seconds=0.0198556 mean_seconds=0.0198524
invocation=20 coordinator_kernel_elapsed variant=B kernel_elapsed_seconds=0.0078314
invocation=21 ready_timing variant=Bclone worker=0 cpu=0 row=1332 ready_elapsed_seconds=0.25548
invocation=21 ready_timing variant=Bclone worker=1 cpu=2 row=807 ready_elapsed_seconds=0.255482
invocation=21 ready_timing variant=Bclone worker=2 cpu=4 row=965 ready_elapsed_seconds=0.255483
invocation=21 ready_timing variant=Bclone worker=3 cpu=6 row=992 ready_elapsed_seconds=0.255474
invocation=21 ready_timing_aggregate variant=Bclone min_seconds=0.255474 max_seconds=0.255483 mean_seconds=0.25548
invocation=21 coordinator_kernel_elapsed variant=Bclone kernel_elapsed_seconds=0.0373719
invocation=22 ready_timing variant=Bclone worker=0 cpu=0 row=1332 ready_elapsed_seconds=0.263769
invocation=22 ready_timing variant=Bclone worker=1 cpu=2 row=807 ready_elapsed_seconds=0.263745
invocation=22 ready_timing variant=Bclone worker=2 cpu=4 row=965 ready_elapsed_seconds=0.263749
invocation=22 ready_timing variant=Bclone worker=3 cpu=6 row=992 ready_elapsed_seconds=0.263775
invocation=22 ready_timing_aggregate variant=Bclone min_seconds=0.263745 max_seconds=0.263775 mean_seconds=0.263759
invocation=22 coordinator_kernel_elapsed variant=Bclone kernel_elapsed_seconds=0.048369
invocation=23 ready_timing variant=B worker=0 cpu=0 row=1332 ready_elapsed_seconds=0.0238425
invocation=23 ready_timing variant=B worker=1 cpu=2 row=807 ready_elapsed_seconds=0.0239121
invocation=23 ready_timing variant=B worker=2 cpu=4 row=965 ready_elapsed_seconds=0.0238297
invocation=23 ready_timing variant=B worker=3 cpu=6 row=992 ready_elapsed_seconds=0.0238314
invocation=23 ready_timing_aggregate variant=B min_seconds=0.0238297 max_seconds=0.0239121 mean_seconds=0.0238539
invocation=23 coordinator_kernel_elapsed variant=B kernel_elapsed_seconds=0.0083416
invocation=24 ready_timing variant=A worker=0 cpu=0 row=1332 ready_elapsed_seconds=0.0033228
invocation=24 ready_timing variant=A worker=1 cpu=2 row=807 ready_elapsed_seconds=0.0033253
invocation=24 ready_timing variant=A worker=2 cpu=4 row=965 ready_elapsed_seconds=0.0033249
invocation=24 ready_timing variant=A worker=3 cpu=6 row=992 ready_elapsed_seconds=0.0040495
invocation=24 ready_timing_aggregate variant=A min_seconds=0.0033228 max_seconds=0.0040495 mean_seconds=0.00350563
invocation=24 coordinator_kernel_elapsed variant=A kernel_elapsed_seconds=0.0107514
invocation=25 ready_timing variant=A worker=0 cpu=0 row=1332 ready_elapsed_seconds=0.0091658
invocation=25 ready_timing variant=A worker=1 cpu=2 row=807 ready_elapsed_seconds=0.0091711
invocation=25 ready_timing variant=A worker=2 cpu=4 row=965 ready_elapsed_seconds=0.0091745
invocation=25 ready_timing variant=A worker=3 cpu=6 row=992 ready_elapsed_seconds=0.0091699
invocation=25 ready_timing_aggregate variant=A min_seconds=0.0091658 max_seconds=0.0091745 mean_seconds=0.00917033
invocation=25 coordinator_kernel_elapsed variant=A kernel_elapsed_seconds=0.0042961
invocation=26 ready_timing variant=B worker=0 cpu=0 row=1332 ready_elapsed_seconds=0.027153
invocation=26 ready_timing variant=B worker=1 cpu=2 row=807 ready_elapsed_seconds=0.0271052
invocation=26 ready_timing variant=B worker=2 cpu=4 row=965 ready_elapsed_seconds=0.0271062
invocation=26 ready_timing variant=B worker=3 cpu=6 row=992 ready_elapsed_seconds=0.0271055
invocation=26 ready_timing_aggregate variant=B min_seconds=0.0271052 max_seconds=0.027153 mean_seconds=0.0271175
invocation=26 coordinator_kernel_elapsed variant=B kernel_elapsed_seconds=0.0117022
invocation=27 ready_timing variant=Bclone worker=0 cpu=0 row=1332 ready_elapsed_seconds=0.265354
invocation=27 ready_timing variant=Bclone worker=1 cpu=2 row=807 ready_elapsed_seconds=0.265358
invocation=27 ready_timing variant=Bclone worker=2 cpu=4 row=965 ready_elapsed_seconds=0.265355
invocation=27 ready_timing variant=Bclone worker=3 cpu=6 row=992 ready_elapsed_seconds=0.265362
invocation=27 ready_timing_aggregate variant=Bclone min_seconds=0.265354 max_seconds=0.265362 mean_seconds=0.265357
invocation=27 coordinator_kernel_elapsed variant=Bclone kernel_elapsed_seconds=0.0365188
invocation=28 ready_timing variant=Bclone worker=0 cpu=0 row=1332 ready_elapsed_seconds=0.275007
invocation=28 ready_timing variant=Bclone worker=1 cpu=2 row=807 ready_elapsed_seconds=0.274997
invocation=28 ready_timing variant=Bclone worker=2 cpu=4 row=965 ready_elapsed_seconds=0.274997
invocation=28 ready_timing variant=Bclone worker=3 cpu=6 row=992 ready_elapsed_seconds=0.27499
invocation=28 ready_timing_aggregate variant=Bclone min_seconds=0.27499 max_seconds=0.275007 mean_seconds=0.274998
invocation=28 coordinator_kernel_elapsed variant=Bclone kernel_elapsed_seconds=0.0285096
invocation=29 ready_timing variant=B worker=0 cpu=0 row=1332 ready_elapsed_seconds=0.0205334
invocation=29 ready_timing variant=B worker=1 cpu=2 row=807 ready_elapsed_seconds=0.0205368
invocation=29 ready_timing variant=B worker=2 cpu=4 row=965 ready_elapsed_seconds=0.0205325
invocation=29 ready_timing variant=B worker=3 cpu=6 row=992 ready_elapsed_seconds=0.0205198
invocation=29 ready_timing_aggregate variant=B min_seconds=0.0205198 max_seconds=0.0205368 mean_seconds=0.0205306
invocation=29 coordinator_kernel_elapsed variant=B kernel_elapsed_seconds=0.0080126
invocation=30 ready_timing variant=A worker=0 cpu=0 row=1332 ready_elapsed_seconds=0.0019449
invocation=30 ready_timing variant=A worker=1 cpu=2 row=807 ready_elapsed_seconds=0.0019492
invocation=30 ready_timing variant=A worker=2 cpu=4 row=965 ready_elapsed_seconds=0.0019472
invocation=30 ready_timing variant=A worker=3 cpu=6 row=992 ready_elapsed_seconds=0.0019479
invocation=30 ready_timing_aggregate variant=A min_seconds=0.0019449 max_seconds=0.0019492 mean_seconds=0.0019473
invocation=30 coordinator_kernel_elapsed variant=A kernel_elapsed_seconds=0.0038842
