T0-M proportional sharding diagnostic exact commands
command[1] "D:\Install\Dev\Projects\IA\Ejercise\cpu-native-arch\archive\t0r\int8_probe.exe" --K 512 --target-kib 512 --depth 1 --variant A --kernel avx2 --parallel-cpus 0,2,4,6 --parallel-rows 1211,1136,683,1066 --iterations 1 --repetitions 8 --warmup 2
command[2] "D:\Install\Dev\Projects\IA\Ejercise\cpu-native-arch\build\t0m_int8_probe.exe" --D 512 --S 1 --R 1 --mode fused --variant A --S-tile 8 --workers 4 --cpus 0,2,4,6 --rows-per-worker 1211,1136,683,1066 --iterations 1 --timed-repetitions 8 --warmup 2
command[3] "D:\Install\Dev\Projects\IA\Ejercise\cpu-native-arch\archive\t0r\int8_probe.exe" --K 512 --target-kib 512 --depth 1 --variant B --kernel avx2 --parallel-cpus 0,2,4,6 --parallel-rows 1211,1136,683,1066 --iterations 1 --repetitions 8 --warmup 2
command[4] "D:\Install\Dev\Projects\IA\Ejercise\cpu-native-arch\build\t0m_int8_probe.exe" --D 512 --S 1 --R 1 --mode fused --variant B --S-tile 8 --workers 4 --cpus 0,2,4,6 --rows-per-worker 1211,1136,683,1066 --iterations 1 --timed-repetitions 8 --warmup 2
command[5] "D:\Install\Dev\Projects\IA\Ejercise\cpu-native-arch\archive\t0r\int8_probe.exe" --K 512 --target-kib 512 --depth 4 --variant A --kernel avx2 --parallel-cpus 0,2,4,6 --parallel-rows 1211,1136,683,1066 --iterations 1 --repetitions 8 --warmup 2
command[6] "D:\Install\Dev\Projects\IA\Ejercise\cpu-native-arch\build\t0m_int8_probe.exe" --D 512 --S 1 --R 4 --mode fused --variant A --S-tile 8 --workers 4 --cpus 0,2,4,6 --rows-per-worker 1211,1136,683,1066 --iterations 1 --timed-repetitions 8 --warmup 2
command[7] "D:\Install\Dev\Projects\IA\Ejercise\cpu-native-arch\archive\t0r\int8_probe.exe" --K 512 --target-kib 512 --depth 4 --variant B --kernel avx2 --parallel-cpus 0,2,4,6 --parallel-rows 1211,1136,683,1066 --iterations 1 --repetitions 8 --warmup 2
command[8] "D:\Install\Dev\Projects\IA\Ejercise\cpu-native-arch\build\t0m_int8_probe.exe" --D 512 --S 1 --R 4 --mode fused --variant B --S-tile 8 --workers 4 --cpus 0,2,4,6 --rows-per-worker 1211,1136,683,1066 --iterations 1 --timed-repetitions 8 --warmup 2
command[9] "D:\Install\Dev\Projects\IA\Ejercise\cpu-native-arch\archive\t0r\int8_probe.exe" --K 512 --target-kib 512 --depth 8 --variant A --kernel avx2 --parallel-cpus 0,2,4,6 --parallel-rows 1211,1136,683,1066 --iterations 1 --repetitions 8 --warmup 2
command[10] "D:\Install\Dev\Projects\IA\Ejercise\cpu-native-arch\build\t0m_int8_probe.exe" --D 512 --S 1 --R 8 --mode fused --variant A --S-tile 8 --workers 4 --cpus 0,2,4,6 --rows-per-worker 1211,1136,683,1066 --iterations 1 --timed-repetitions 8 --warmup 2
command[11] "D:\Install\Dev\Projects\IA\Ejercise\cpu-native-arch\archive\t0r\int8_probe.exe" --K 512 --target-kib 512 --depth 8 --variant B --kernel avx2 --parallel-cpus 0,2,4,6 --parallel-rows 1211,1136,683,1066 --iterations 1 --repetitions 8 --warmup 2
command[12] "D:\Install\Dev\Projects\IA\Ejercise\cpu-native-arch\build\t0m_int8_probe.exe" --D 512 --S 1 --R 8 --mode fused --variant B --S-tile 8 --workers 4 --cpus 0,2,4,6 --rows-per-worker 1211,1136,683,1066 --iterations 1 --timed-repetitions 8 --warmup 2
command[13] "D:\Install\Dev\Projects\IA\Ejercise\cpu-native-arch\archive\t0r\int8_probe.exe" --K 512 --target-kib 512 --depth 16 --variant A --kernel avx2 --parallel-cpus 0,2,4,6 --parallel-rows 1211,1136,683,1066 --iterations 1 --repetitions 8 --warmup 2
command[14] "D:\Install\Dev\Projects\IA\Ejercise\cpu-native-arch\build\t0m_int8_probe.exe" --D 512 --S 1 --R 16 --mode fused --variant A --S-tile 8 --workers 4 --cpus 0,2,4,6 --rows-per-worker 1211,1136,683,1066 --iterations 1 --timed-repetitions 8 --warmup 2
command[15] "D:\Install\Dev\Projects\IA\Ejercise\cpu-native-arch\archive\t0r\int8_probe.exe" --K 512 --target-kib 512 --depth 16 --variant B --kernel avx2 --parallel-cpus 0,2,4,6 --parallel-rows 1211,1136,683,1066 --iterations 1 --repetitions 8 --warmup 2
command[16] "D:\Install\Dev\Projects\IA\Ejercise\cpu-native-arch\build\t0m_int8_probe.exe" --D 512 --S 1 --R 16 --mode fused --variant B --S-tile 8 --workers 4 --cpus 0,2,4,6 --rows-per-worker 1211,1136,683,1066 --iterations 1 --timed-repetitions 8 --warmup 2
command[17] "D:\Install\Dev\Projects\IA\Ejercise\cpu-native-arch\archive\t0r\int8_probe.exe" --K 512 --target-kib 768 --depth 1 --variant A --kernel avx2 --parallel-cpus 0,2,4,6 --parallel-rows 1816,1705,1023,1600 --iterations 1 --repetitions 8 --warmup 2
command[18] "D:\Install\Dev\Projects\IA\Ejercise\cpu-native-arch\build\t0m_int8_probe.exe" --D 512 --S 1 --R 1 --mode fused --variant A --S-tile 8 --workers 4 --cpus 0,2,4,6 --rows-per-worker 1816,1705,1023,1600 --iterations 1 --timed-repetitions 8 --warmup 2
command[19] "D:\Install\Dev\Projects\IA\Ejercise\cpu-native-arch\archive\t0r\int8_probe.exe" --K 512 --target-kib 768 --depth 1 --variant B --kernel avx2 --parallel-cpus 0,2,4,6 --parallel-rows 1816,1705,1023,1600 --iterations 1 --repetitions 8 --warmup 2
command[20] "D:\Install\Dev\Projects\IA\Ejercise\cpu-native-arch\build\t0m_int8_probe.exe" --D 512 --S 1 --R 1 --mode fused --variant B --S-tile 8 --workers 4 --cpus 0,2,4,6 --rows-per-worker 1816,1705,1023,1600 --iterations 1 --timed-repetitions 8 --warmup 2
command[21] "D:\Install\Dev\Projects\IA\Ejercise\cpu-native-arch\archive\t0r\int8_probe.exe" --K 512 --target-kib 768 --depth 4 --variant A --kernel avx2 --parallel-cpus 0,2,4,6 --parallel-rows 1816,1705,1023,1600 --iterations 1 --repetitions 8 --warmup 2
command[22] "D:\Install\Dev\Projects\IA\Ejercise\cpu-native-arch\build\t0m_int8_probe.exe" --D 512 --S 1 --R 4 --mode fused --variant A --S-tile 8 --workers 4 --cpus 0,2,4,6 --rows-per-worker 1816,1705,1023,1600 --iterations 1 --timed-repetitions 8 --warmup 2
command[23] "D:\Install\Dev\Projects\IA\Ejercise\cpu-native-arch\archive\t0r\int8_probe.exe" --K 512 --target-kib 768 --depth 4 --variant B --kernel avx2 --parallel-cpus 0,2,4,6 --parallel-rows 1816,1705,1023,1600 --iterations 1 --repetitions 8 --warmup 2
command[24] "D:\Install\Dev\Projects\IA\Ejercise\cpu-native-arch\build\t0m_int8_probe.exe" --D 512 --S 1 --R 4 --mode fused --variant B --S-tile 8 --workers 4 --cpus 0,2,4,6 --rows-per-worker 1816,1705,1023,1600 --iterations 1 --timed-repetitions 8 --warmup 2
command[25] "D:\Install\Dev\Projects\IA\Ejercise\cpu-native-arch\archive\t0r\int8_probe.exe" --K 512 --target-kib 768 --depth 8 --variant A --kernel avx2 --parallel-cpus 0,2,4,6 --parallel-rows 1816,1705,1023,1600 --iterations 1 --repetitions 8 --warmup 2
command[26] "D:\Install\Dev\Projects\IA\Ejercise\cpu-native-arch\build\t0m_int8_probe.exe" --D 512 --S 1 --R 8 --mode fused --variant A --S-tile 8 --workers 4 --cpus 0,2,4,6 --rows-per-worker 1816,1705,1023,1600 --iterations 1 --timed-repetitions 8 --warmup 2
command[27] "D:\Install\Dev\Projects\IA\Ejercise\cpu-native-arch\archive\t0r\int8_probe.exe" --K 512 --target-kib 768 --depth 8 --variant B --kernel avx2 --parallel-cpus 0,2,4,6 --parallel-rows 1816,1705,1023,1600 --iterations 1 --repetitions 8 --warmup 2
command[28] "D:\Install\Dev\Projects\IA\Ejercise\cpu-native-arch\build\t0m_int8_probe.exe" --D 512 --S 1 --R 8 --mode fused --variant B --S-tile 8 --workers 4 --cpus 0,2,4,6 --rows-per-worker 1816,1705,1023,1600 --iterations 1 --timed-repetitions 8 --warmup 2
command[29] "D:\Install\Dev\Projects\IA\Ejercise\cpu-native-arch\archive\t0r\int8_probe.exe" --K 512 --target-kib 768 --depth 16 --variant A --kernel avx2 --parallel-cpus 0,2,4,6 --parallel-rows 1816,1705,1023,1600 --iterations 1 --repetitions 8 --warmup 2
command[30] "D:\Install\Dev\Projects\IA\Ejercise\cpu-native-arch\build\t0m_int8_probe.exe" --D 512 --S 1 --R 16 --mode fused --variant A --S-tile 8 --workers 4 --cpus 0,2,4,6 --rows-per-worker 1816,1705,1023,1600 --iterations 1 --timed-repetitions 8 --warmup 2
command[31] "D:\Install\Dev\Projects\IA\Ejercise\cpu-native-arch\archive\t0r\int8_probe.exe" --K 512 --target-kib 768 --depth 16 --variant B --kernel avx2 --parallel-cpus 0,2,4,6 --parallel-rows 1816,1705,1023,1600 --iterations 1 --repetitions 8 --warmup 2
command[32] "D:\Install\Dev\Projects\IA\Ejercise\cpu-native-arch\build\t0m_int8_probe.exe" --D 512 --S 1 --R 16 --mode fused --variant B --S-tile 8 --workers 4 --cpus 0,2,4,6 --rows-per-worker 1816,1705,1023,1600 --iterations 1 --timed-repetitions 8 --warmup 2
