Bridge 1 process diagnostics
[calibration cpu=0 run=1] exit=0
stdout:
D,S,R,variant,rows_per_worker,component,mode,kernel,elapsed_seconds,elapsed_per_timed_step,qpc_ticks_per_timed_step,tsc_cycles_per_timed_step,tsc_supported,mac_total,mac_per_second,checksum_kind,validation_invariant,final_checksum,per_round_checksums,per_round_finite,per_round_overflow,per_round_clipped_cells,per_round_clipping_rates,clipped_cells,clipping_rate,all_rounds_valid,worker_count,cpus,affinity,affinity_errors,affinity_succeeded,timed_repetitions,warmup,timed_repetitions_exact
1472,1,16,A,"1472",gemv-only,fused,avx2_fused,0.1960461,0.00153161015625,15316.1015625,3057489.828125,true,277348352,1414709866.7099218,output,output checksum; GEMV output is deterministic and state remains frozen,14756745233619848255,"14756745233619848255;14756745233619848255;14756745233619848255;14756745233619848255;14756745233619848255;14756745233619848255;14756745233619848255;14756745233619848255;14756745233619848255;14756745233619848255;14756745233619848255;14756745233619848255;14756745233619848255;14756745233619848255;14756745233619848255;14756745233619848255","true;true;true;true;true;true;true;true;true;true;true;true;true;true;true;true","false;false;false;false;false;false;false;false;false;false;false;false;false;false;false;false","0;0;0;0;0;0;0;0;0;0;0;0;0;0;0;0","0;0;0;0;0;0;0;0;0;0;0;0;0;0;0;0",0,0,true,1,"0","1","0",true,8,2,true
stderr:

[calibration cpu=0 run=2] exit=0
stdout:
D,S,R,variant,rows_per_worker,component,mode,kernel,elapsed_seconds,elapsed_per_timed_step,qpc_ticks_per_timed_step,tsc_cycles_per_timed_step,tsc_supported,mac_total,mac_per_second,checksum_kind,validation_invariant,final_checksum,per_round_checksums,per_round_finite,per_round_overflow,per_round_clipped_cells,per_round_clipping_rates,clipped_cells,clipping_rate,all_rounds_valid,worker_count,cpus,affinity,affinity_errors,affinity_succeeded,timed_repetitions,warmup,timed_repetitions_exact
1472,1,16,A,"1472",gemv-only,fused,avx2_fused,0.15055790000000002,0.0011762335937500002,11762.3359375,2348064.6796875,true,277348352,1842137489.9623332,output,output checksum; GEMV output is deterministic and state remains frozen,14756745233619848255,"14756745233619848255;14756745233619848255;14756745233619848255;14756745233619848255;14756745233619848255;14756745233619848255;14756745233619848255;14756745233619848255;14756745233619848255;14756745233619848255;14756745233619848255;14756745233619848255;14756745233619848255;14756745233619848255;14756745233619848255;14756745233619848255","true;true;true;true;true;true;true;true;true;true;true;true;true;true;true;true","false;false;false;false;false;false;false;false;false;false;false;false;false;false;false;false","0;0;0;0;0;0;0;0;0;0;0;0;0;0;0;0","0;0;0;0;0;0;0;0;0;0;0;0;0;0;0;0",0,0,true,1,"0","1","0",true,8,2,true
stderr:

[calibration cpu=0 run=3] exit=0
stdout:
D,S,R,variant,rows_per_worker,component,mode,kernel,elapsed_seconds,elapsed_per_timed_step,qpc_ticks_per_timed_step,tsc_cycles_per_timed_step,tsc_supported,mac_total,mac_per_second,checksum_kind,validation_invariant,final_checksum,per_round_checksums,per_round_finite,per_round_overflow,per_round_clipped_cells,per_round_clipping_rates,clipped_cells,clipping_rate,all_rounds_valid,worker_count,cpus,affinity,affinity_errors,affinity_succeeded,timed_repetitions,warmup,timed_repetitions_exact
1472,1,16,A,"1472",gemv-only,fused,avx2_fused,0.1392216,0.00108766875,10876.6875,2171262.34375,true,277348352,1992135932.9299476,output,output checksum; GEMV output is deterministic and state remains frozen,14756745233619848255,"14756745233619848255;14756745233619848255;14756745233619848255;14756745233619848255;14756745233619848255;14756745233619848255;14756745233619848255;14756745233619848255;14756745233619848255;14756745233619848255;14756745233619848255;14756745233619848255;14756745233619848255;14756745233619848255;14756745233619848255;14756745233619848255","true;true;true;true;true;true;true;true;true;true;true;true;true;true;true;true","false;false;false;false;false;false;false;false;false;false;false;false;false;false;false;false","0;0;0;0;0;0;0;0;0;0;0;0;0;0;0;0","0;0;0;0;0;0;0;0;0;0;0;0;0;0;0;0",0,0,true,1,"0","1","0",true,8,2,true
stderr:

[calibration cpu=0 run=4] exit=0
stdout:
D,S,R,variant,rows_per_worker,component,mode,kernel,elapsed_seconds,elapsed_per_timed_step,qpc_ticks_per_timed_step,tsc_cycles_per_timed_step,tsc_supported,mac_total,mac_per_second,checksum_kind,validation_invariant,final_checksum,per_round_checksums,per_round_finite,per_round_overflow,per_round_clipped_cells,per_round_clipping_rates,clipped_cells,clipping_rate,all_rounds_valid,worker_count,cpus,affinity,affinity_errors,affinity_succeeded,timed_repetitions,warmup,timed_repetitions_exact
1472,1,16,A,"1472",gemv-only,fused,avx2_fused,0.14090230000000001,0.0011007992187500001,11007.9921875,2197482.03125,true,277348352,1968373489.9998083,output,output checksum; GEMV output is deterministic and state remains frozen,14756745233619848255,"14756745233619848255;14756745233619848255;14756745233619848255;14756745233619848255;14756745233619848255;14756745233619848255;14756745233619848255;14756745233619848255;14756745233619848255;14756745233619848255;14756745233619848255;14756745233619848255;14756745233619848255;14756745233619848255;14756745233619848255;14756745233619848255","true;true;true;true;true;true;true;true;true;true;true;true;true;true;true;true","false;false;false;false;false;false;false;false;false;false;false;false;false;false;false;false","0;0;0;0;0;0;0;0;0;0;0;0;0;0;0;0","0;0;0;0;0;0;0;0;0;0;0;0;0;0;0;0",0,0,true,1,"0","1","0",true,8,2,true
stderr:

[calibration cpu=0 run=5] exit=0
stdout:
D,S,R,variant,rows_per_worker,component,mode,kernel,elapsed_seconds,elapsed_per_timed_step,qpc_ticks_per_timed_step,tsc_cycles_per_timed_step,tsc_supported,mac_total,mac_per_second,checksum_kind,validation_invariant,final_checksum,per_round_checksums,per_round_finite,per_round_overflow,per_round_clipped_cells,per_round_clipping_rates,clipped_cells,clipping_rate,all_rounds_valid,worker_count,cpus,affinity,affinity_errors,affinity_succeeded,timed_repetitions,warmup,timed_repetitions_exact
1472,1,16,A,"1472",gemv-only,fused,avx2_fused,0.15047649999999999,0.0011755976562499999,11755.9765625,2346795.7890625,true,277348352,1843133991.0218542,output,output checksum; GEMV output is deterministic and state remains frozen,14756745233619848255,"14756745233619848255;14756745233619848255;14756745233619848255;14756745233619848255;14756745233619848255;14756745233619848255;14756745233619848255;14756745233619848255;14756745233619848255;14756745233619848255;14756745233619848255;14756745233619848255;14756745233619848255;14756745233619848255;14756745233619848255;14756745233619848255","true;true;true;true;true;true;true;true;true;true;true;true;true;true;true;true","false;false;false;false;false;false;false;false;false;false;false;false;false;false;false;false","0;0;0;0;0;0;0;0;0;0;0;0;0;0;0;0","0;0;0;0;0;0;0;0;0;0;0;0;0;0;0;0",0,0,true,1,"0","1","0",true,8,2,true
stderr:

[calibration cpu=2 run=1] exit=0
stdout:
D,S,R,variant,rows_per_worker,component,mode,kernel,elapsed_seconds,elapsed_per_timed_step,qpc_ticks_per_timed_step,tsc_cycles_per_timed_step,tsc_supported,mac_total,mac_per_second,checksum_kind,validation_invariant,final_checksum,per_round_checksums,per_round_finite,per_round_overflow,per_round_clipped_cells,per_round_clipping_rates,clipped_cells,clipping_rate,all_rounds_valid,worker_count,cpus,affinity,affinity_errors,affinity_succeeded,timed_repetitions,warmup,timed_repetitions_exact
1472,1,16,A,"1472",gemv-only,fused,avx2_fused,0.2320199,0.00181265546875,18126.5546875,3618524.671875,true,277348352,1195364501.0621934,output,output checksum; GEMV output is deterministic and state remains frozen,14756745233619848255,"14756745233619848255;14756745233619848255;14756745233619848255;14756745233619848255;14756745233619848255;14756745233619848255;14756745233619848255;14756745233619848255;14756745233619848255;14756745233619848255;14756745233619848255;14756745233619848255;14756745233619848255;14756745233619848255;14756745233619848255;14756745233619848255","true;true;true;true;true;true;true;true;true;true;true;true;true;true;true;true","false;false;false;false;false;false;false;false;false;false;false;false;false;false;false;false","0;0;0;0;0;0;0;0;0;0;0;0;0;0;0;0","0;0;0;0;0;0;0;0;0;0;0;0;0;0;0;0",0,0,true,1,"2","1","0",true,8,2,true
stderr:

[calibration cpu=2 run=2] exit=0
stdout:
D,S,R,variant,rows_per_worker,component,mode,kernel,elapsed_seconds,elapsed_per_timed_step,qpc_ticks_per_timed_step,tsc_cycles_per_timed_step,tsc_supported,mac_total,mac_per_second,checksum_kind,validation_invariant,final_checksum,per_round_checksums,per_round_finite,per_round_overflow,per_round_clipped_cells,per_round_clipping_rates,clipped_cells,clipping_rate,all_rounds_valid,worker_count,cpus,affinity,affinity_errors,affinity_succeeded,timed_repetitions,warmup,timed_repetitions_exact
1472,1,16,A,"1472",gemv-only,fused,avx2_fused,0.22467330000000002,0.0017552601562500002,17552.6015625,3503952.1796875,true,277348352,1234451766.1867251,output,output checksum; GEMV output is deterministic and state remains frozen,14756745233619848255,"14756745233619848255;14756745233619848255;14756745233619848255;14756745233619848255;14756745233619848255;14756745233619848255;14756745233619848255;14756745233619848255;14756745233619848255;14756745233619848255;14756745233619848255;14756745233619848255;14756745233619848255;14756745233619848255;14756745233619848255;14756745233619848255","true;true;true;true;true;true;true;true;true;true;true;true;true;true;true;true","false;false;false;false;false;false;false;false;false;false;false;false;false;false;false;false","0;0;0;0;0;0;0;0;0;0;0;0;0;0;0;0","0;0;0;0;0;0;0;0;0;0;0;0;0;0;0;0",0,0,true,1,"2","1","0",true,8,2,true
stderr:

[calibration cpu=2 run=3] exit=0
stdout:
D,S,R,variant,rows_per_worker,component,mode,kernel,elapsed_seconds,elapsed_per_timed_step,qpc_ticks_per_timed_step,tsc_cycles_per_timed_step,tsc_supported,mac_total,mac_per_second,checksum_kind,validation_invariant,final_checksum,per_round_checksums,per_round_finite,per_round_overflow,per_round_clipped_cells,per_round_clipping_rates,clipped_cells,clipping_rate,all_rounds_valid,worker_count,cpus,affinity,affinity_errors,affinity_succeeded,timed_repetitions,warmup,timed_repetitions_exact
1472,1,16,A,"1472",gemv-only,fused,avx2_fused,0.21900449999999999,0.0017109726562499999,17109.7265625,3415537.65625,true,277348352,1266404809.0336044,output,output checksum; GEMV output is deterministic and state remains frozen,14756745233619848255,"14756745233619848255;14756745233619848255;14756745233619848255;14756745233619848255;14756745233619848255;14756745233619848255;14756745233619848255;14756745233619848255;14756745233619848255;14756745233619848255;14756745233619848255;14756745233619848255;14756745233619848255;14756745233619848255;14756745233619848255;14756745233619848255","true;true;true;true;true;true;true;true;true;true;true;true;true;true;true;true","false;false;false;false;false;false;false;false;false;false;false;false;false;false;false;false","0;0;0;0;0;0;0;0;0;0;0;0;0;0;0;0","0;0;0;0;0;0;0;0;0;0;0;0;0;0;0;0",0,0,true,1,"2","1","0",true,8,2,true
stderr:

[calibration cpu=2 run=4] exit=0
stdout:
D,S,R,variant,rows_per_worker,component,mode,kernel,elapsed_seconds,elapsed_per_timed_step,qpc_ticks_per_timed_step,tsc_cycles_per_timed_step,tsc_supported,mac_total,mac_per_second,checksum_kind,validation_invariant,final_checksum,per_round_checksums,per_round_finite,per_round_overflow,per_round_clipped_cells,per_round_clipping_rates,clipped_cells,clipping_rate,all_rounds_valid,worker_count,cpus,affinity,affinity_errors,affinity_succeeded,timed_repetitions,warmup,timed_repetitions_exact
1472,1,16,A,"1472",gemv-only,fused,avx2_fused,0.23166920000000002,0.0018099156250000002,18099.15625,3613052.6640625,true,277348352,1197174039.5356827,output,output checksum; GEMV output is deterministic and state remains frozen,14756745233619848255,"14756745233619848255;14756745233619848255;14756745233619848255;14756745233619848255;14756745233619848255;14756745233619848255;14756745233619848255;14756745233619848255;14756745233619848255;14756745233619848255;14756745233619848255;14756745233619848255;14756745233619848255;14756745233619848255;14756745233619848255;14756745233619848255","true;true;true;true;true;true;true;true;true;true;true;true;true;true;true;true","false;false;false;false;false;false;false;false;false;false;false;false;false;false;false;false","0;0;0;0;0;0;0;0;0;0;0;0;0;0;0;0","0;0;0;0;0;0;0;0;0;0;0;0;0;0;0;0",0,0,true,1,"2","1","0",true,8,2,true
stderr:

[calibration cpu=2 run=5] exit=0
stdout:
D,S,R,variant,rows_per_worker,component,mode,kernel,elapsed_seconds,elapsed_per_timed_step,qpc_ticks_per_timed_step,tsc_cycles_per_timed_step,tsc_supported,mac_total,mac_per_second,checksum_kind,validation_invariant,final_checksum,per_round_checksums,per_round_finite,per_round_overflow,per_round_clipped_cells,per_round_clipping_rates,clipped_cells,clipping_rate,all_rounds_valid,worker_count,cpus,affinity,affinity_errors,affinity_succeeded,timed_repetitions,warmup,timed_repetitions_exact
1472,1,16,A,"1472",gemv-only,fused,avx2_fused,0.26190089999999999,0.0020461007812499999,20461.0078125,4084542.0234375,true,277348352,1058982050.0807749,output,output checksum; GEMV output is deterministic and state remains frozen,14756745233619848255,"14756745233619848255;14756745233619848255;14756745233619848255;14756745233619848255;14756745233619848255;14756745233619848255;14756745233619848255;14756745233619848255;14756745233619848255;14756745233619848255;14756745233619848255;14756745233619848255;14756745233619848255;14756745233619848255;14756745233619848255;14756745233619848255","true;true;true;true;true;true;true;true;true;true;true;true;true;true;true;true","false;false;false;false;false;false;false;false;false;false;false;false;false;false;false;false","0;0;0;0;0;0;0;0;0;0;0;0;0;0;0;0","0;0;0;0;0;0;0;0;0;0;0;0;0;0;0;0",0,0,true,1,"2","1","0",true,8,2,true
stderr:

[calibration cpu=4 run=1] exit=0
stdout:
D,S,R,variant,rows_per_worker,component,mode,kernel,elapsed_seconds,elapsed_per_timed_step,qpc_ticks_per_timed_step,tsc_cycles_per_timed_step,tsc_supported,mac_total,mac_per_second,checksum_kind,validation_invariant,final_checksum,per_round_checksums,per_round_finite,per_round_overflow,per_round_clipped_cells,per_round_clipping_rates,clipped_cells,clipping_rate,all_rounds_valid,worker_count,cpus,affinity,affinity_errors,affinity_succeeded,timed_repetitions,warmup,timed_repetitions_exact
1472,1,16,A,"1472",gemv-only,fused,avx2_fused,0.19235920000000001,0.0015028062500000001,15028.0625,2999987.1796875,true,277348352,1441825251.9245245,output,output checksum; GEMV output is deterministic and state remains frozen,14756745233619848255,"14756745233619848255;14756745233619848255;14756745233619848255;14756745233619848255;14756745233619848255;14756745233619848255;14756745233619848255;14756745233619848255;14756745233619848255;14756745233619848255;14756745233619848255;14756745233619848255;14756745233619848255;14756745233619848255;14756745233619848255;14756745233619848255","true;true;true;true;true;true;true;true;true;true;true;true;true;true;true;true","false;false;false;false;false;false;false;false;false;false;false;false;false;false;false;false","0;0;0;0;0;0;0;0;0;0;0;0;0;0;0;0","0;0;0;0;0;0;0;0;0;0;0;0;0;0;0;0",0,0,true,1,"4","1","0",true,8,2,true
stderr:

[calibration cpu=4 run=2] exit=0
stdout:
D,S,R,variant,rows_per_worker,component,mode,kernel,elapsed_seconds,elapsed_per_timed_step,qpc_ticks_per_timed_step,tsc_cycles_per_timed_step,tsc_supported,mac_total,mac_per_second,checksum_kind,validation_invariant,final_checksum,per_round_checksums,per_round_finite,per_round_overflow,per_round_clipped_cells,per_round_clipping_rates,clipped_cells,clipping_rate,all_rounds_valid,worker_count,cpus,affinity,affinity_errors,affinity_succeeded,timed_repetitions,warmup,timed_repetitions_exact
1472,1,16,A,"1472",gemv-only,fused,avx2_fused,0.19787969999999996,0.0015459351562499997,15459.3515625,3086085.0078125,true,277348352,1401600831.2120953,output,output checksum; GEMV output is deterministic and state remains frozen,14756745233619848255,"14756745233619848255;14756745233619848255;14756745233619848255;14756745233619848255;14756745233619848255;14756745233619848255;14756745233619848255;14756745233619848255;14756745233619848255;14756745233619848255;14756745233619848255;14756745233619848255;14756745233619848255;14756745233619848255;14756745233619848255;14756745233619848255","true;true;true;true;true;true;true;true;true;true;true;true;true;true;true;true","false;false;false;false;false;false;false;false;false;false;false;false;false;false;false;false","0;0;0;0;0;0;0;0;0;0;0;0;0;0;0;0","0;0;0;0;0;0;0;0;0;0;0;0;0;0;0;0",0,0,true,1,"4","1","0",true,8,2,true
stderr:

[calibration cpu=4 run=3] exit=0
stdout:
D,S,R,variant,rows_per_worker,component,mode,kernel,elapsed_seconds,elapsed_per_timed_step,qpc_ticks_per_timed_step,tsc_cycles_per_timed_step,tsc_supported,mac_total,mac_per_second,checksum_kind,validation_invariant,final_checksum,per_round_checksums,per_round_finite,per_round_overflow,per_round_clipped_cells,per_round_clipping_rates,clipped_cells,clipping_rate,all_rounds_valid,worker_count,cpus,affinity,affinity_errors,affinity_succeeded,timed_repetitions,warmup,timed_repetitions_exact
1472,1,16,A,"1472",gemv-only,fused,avx2_fused,0.21310720000000002,0.0016649000000000002,16649,3323567.34375,true,277348352,1301449936.9331491,output,output checksum; GEMV output is deterministic and state remains frozen,14756745233619848255,"14756745233619848255;14756745233619848255;14756745233619848255;14756745233619848255;14756745233619848255;14756745233619848255;14756745233619848255;14756745233619848255;14756745233619848255;14756745233619848255;14756745233619848255;14756745233619848255;14756745233619848255;14756745233619848255;14756745233619848255;14756745233619848255","true;true;true;true;true;true;true;true;true;true;true;true;true;true;true;true","false;false;false;false;false;false;false;false;false;false;false;false;false;false;false;false","0;0;0;0;0;0;0;0;0;0;0;0;0;0;0;0","0;0;0;0;0;0;0;0;0;0;0;0;0;0;0;0",0,0,true,1,"4","1","0",true,8,2,true
stderr:

[calibration cpu=4 run=4] exit=0
stdout:
D,S,R,variant,rows_per_worker,component,mode,kernel,elapsed_seconds,elapsed_per_timed_step,qpc_ticks_per_timed_step,tsc_cycles_per_timed_step,tsc_supported,mac_total,mac_per_second,checksum_kind,validation_invariant,final_checksum,per_round_checksums,per_round_finite,per_round_overflow,per_round_clipped_cells,per_round_clipping_rates,clipped_cells,clipping_rate,all_rounds_valid,worker_count,cpus,affinity,affinity_errors,affinity_succeeded,timed_repetitions,warmup,timed_repetitions_exact
1472,1,16,A,"1472",gemv-only,fused,avx2_fused,0.20271440000000002,0.0015837062500000001,15837.0625,3161481.875,true,277348352,1368172917.1681931,output,output checksum; GEMV output is deterministic and state remains frozen,14756745233619848255,"14756745233619848255;14756745233619848255;14756745233619848255;14756745233619848255;14756745233619848255;14756745233619848255;14756745233619848255;14756745233619848255;14756745233619848255;14756745233619848255;14756745233619848255;14756745233619848255;14756745233619848255;14756745233619848255;14756745233619848255;14756745233619848255","true;true;true;true;true;true;true;true;true;true;true;true;true;true;true;true","false;false;false;false;false;false;false;false;false;false;false;false;false;false;false;false","0;0;0;0;0;0;0;0;0;0;0;0;0;0;0;0","0;0;0;0;0;0;0;0;0;0;0;0;0;0;0;0",0,0,true,1,"4","1","0",true,8,2,true
stderr:

[calibration cpu=4 run=5] exit=0
stdout:
D,S,R,variant,rows_per_worker,component,mode,kernel,elapsed_seconds,elapsed_per_timed_step,qpc_ticks_per_timed_step,tsc_cycles_per_timed_step,tsc_supported,mac_total,mac_per_second,checksum_kind,validation_invariant,final_checksum,per_round_checksums,per_round_finite,per_round_overflow,per_round_clipped_cells,per_round_clipping_rates,clipped_cells,clipping_rate,all_rounds_valid,worker_count,cpus,affinity,affinity_errors,affinity_succeeded,timed_repetitions,warmup,timed_repetitions_exact
1472,1,16,A,"1472",gemv-only,fused,avx2_fused,0.19735949999999999,0.0015418710937499999,15418.7109375,3077973.734375,true,277348352,1405295169.4749937,output,output checksum; GEMV output is deterministic and state remains frozen,14756745233619848255,"14756745233619848255;14756745233619848255;14756745233619848255;14756745233619848255;14756745233619848255;14756745233619848255;14756745233619848255;14756745233619848255;14756745233619848255;14756745233619848255;14756745233619848255;14756745233619848255;14756745233619848255;14756745233619848255;14756745233619848255;14756745233619848255","true;true;true;true;true;true;true;true;true;true;true;true;true;true;true;true","false;false;false;false;false;false;false;false;false;false;false;false;false;false;false;false","0;0;0;0;0;0;0;0;0;0;0;0;0;0;0;0","0;0;0;0;0;0;0;0;0;0;0;0;0;0;0;0",0,0,true,1,"4","1","0",true,8,2,true
stderr:

[calibration cpu=6 run=1] exit=0
stdout:
D,S,R,variant,rows_per_worker,component,mode,kernel,elapsed_seconds,elapsed_per_timed_step,qpc_ticks_per_timed_step,tsc_cycles_per_timed_step,tsc_supported,mac_total,mac_per_second,checksum_kind,validation_invariant,final_checksum,per_round_checksums,per_round_finite,per_round_overflow,per_round_clipped_cells,per_round_clipping_rates,clipped_cells,clipping_rate,all_rounds_valid,worker_count,cpus,affinity,affinity_errors,affinity_succeeded,timed_repetitions,warmup,timed_repetitions_exact
1472,1,16,A,"1472",gemv-only,fused,avx2_fused,0.19375599999999998,0.0015137187499999999,15137.1875,3021769.0625,true,277348352,1431431036.974339,output,output checksum; GEMV output is deterministic and state remains frozen,14756745233619848255,"14756745233619848255;14756745233619848255;14756745233619848255;14756745233619848255;14756745233619848255;14756745233619848255;14756745233619848255;14756745233619848255;14756745233619848255;14756745233619848255;14756745233619848255;14756745233619848255;14756745233619848255;14756745233619848255;14756745233619848255;14756745233619848255","true;true;true;true;true;true;true;true;true;true;true;true;true;true;true;true","false;false;false;false;false;false;false;false;false;false;false;false;false;false;false;false","0;0;0;0;0;0;0;0;0;0;0;0;0;0;0;0","0;0;0;0;0;0;0;0;0;0;0;0;0;0;0;0",0,0,true,1,"6","1","0",true,8,2,true
stderr:

[calibration cpu=6 run=2] exit=0
stdout:
D,S,R,variant,rows_per_worker,component,mode,kernel,elapsed_seconds,elapsed_per_timed_step,qpc_ticks_per_timed_step,tsc_cycles_per_timed_step,tsc_supported,mac_total,mac_per_second,checksum_kind,validation_invariant,final_checksum,per_round_checksums,per_round_finite,per_round_overflow,per_round_clipped_cells,per_round_clipping_rates,clipped_cells,clipping_rate,all_rounds_valid,worker_count,cpus,affinity,affinity_errors,affinity_succeeded,timed_repetitions,warmup,timed_repetitions_exact
1472,1,16,A,"1472",gemv-only,fused,avx2_fused,0.18430389999999999,0.0014398742187499999,14398.7421875,2874357.34375,true,277348352,1504842556.2345669,output,output checksum; GEMV output is deterministic and state remains frozen,14756745233619848255,"14756745233619848255;14756745233619848255;14756745233619848255;14756745233619848255;14756745233619848255;14756745233619848255;14756745233619848255;14756745233619848255;14756745233619848255;14756745233619848255;14756745233619848255;14756745233619848255;14756745233619848255;14756745233619848255;14756745233619848255;14756745233619848255","true;true;true;true;true;true;true;true;true;true;true;true;true;true;true;true","false;false;false;false;false;false;false;false;false;false;false;false;false;false;false;false","0;0;0;0;0;0;0;0;0;0;0;0;0;0;0;0","0;0;0;0;0;0;0;0;0;0;0;0;0;0;0;0",0,0,true,1,"6","1","0",true,8,2,true
stderr:

[calibration cpu=6 run=3] exit=0
stdout:
D,S,R,variant,rows_per_worker,component,mode,kernel,elapsed_seconds,elapsed_per_timed_step,qpc_ticks_per_timed_step,tsc_cycles_per_timed_step,tsc_supported,mac_total,mac_per_second,checksum_kind,validation_invariant,final_checksum,per_round_checksums,per_round_finite,per_round_overflow,per_round_clipped_cells,per_round_clipping_rates,clipped_cells,clipping_rate,all_rounds_valid,worker_count,cpus,affinity,affinity_errors,affinity_succeeded,timed_repetitions,warmup,timed_repetitions_exact
1472,1,16,A,"1472",gemv-only,fused,avx2_fused,0.17722269999999998,0.0013845523437499999,13845.5234375,2763919.84375,true,277348352,1564970807.9156904,output,output checksum; GEMV output is deterministic and state remains frozen,14756745233619848255,"14756745233619848255;14756745233619848255;14756745233619848255;14756745233619848255;14756745233619848255;14756745233619848255;14756745233619848255;14756745233619848255;14756745233619848255;14756745233619848255;14756745233619848255;14756745233619848255;14756745233619848255;14756745233619848255;14756745233619848255;14756745233619848255","true;true;true;true;true;true;true;true;true;true;true;true;true;true;true;true","false;false;false;false;false;false;false;false;false;false;false;false;false;false;false;false","0;0;0;0;0;0;0;0;0;0;0;0;0;0;0;0","0;0;0;0;0;0;0;0;0;0;0;0;0;0;0;0",0,0,true,1,"6","1","0",true,8,2,true
stderr:

[calibration cpu=6 run=4] exit=0
stdout:
D,S,R,variant,rows_per_worker,component,mode,kernel,elapsed_seconds,elapsed_per_timed_step,qpc_ticks_per_timed_step,tsc_cycles_per_timed_step,tsc_supported,mac_total,mac_per_second,checksum_kind,validation_invariant,final_checksum,per_round_checksums,per_round_finite,per_round_overflow,per_round_clipped_cells,per_round_clipping_rates,clipped_cells,clipping_rate,all_rounds_valid,worker_count,cpus,affinity,affinity_errors,affinity_succeeded,timed_repetitions,warmup,timed_repetitions_exact
1472,1,16,A,"1472",gemv-only,fused,avx2_fused,0.18500470000000002,0.0014453492187500002,14453.4921875,2885284.6796875,true,277348352,1499142194.7658625,output,output checksum; GEMV output is deterministic and state remains frozen,14756745233619848255,"14756745233619848255;14756745233619848255;14756745233619848255;14756745233619848255;14756745233619848255;14756745233619848255;14756745233619848255;14756745233619848255;14756745233619848255;14756745233619848255;14756745233619848255;14756745233619848255;14756745233619848255;14756745233619848255;14756745233619848255;14756745233619848255","true;true;true;true;true;true;true;true;true;true;true;true;true;true;true;true","false;false;false;false;false;false;false;false;false;false;false;false;false;false;false;false","0;0;0;0;0;0;0;0;0;0;0;0;0;0;0;0","0;0;0;0;0;0;0;0;0;0;0;0;0;0;0;0",0,0,true,1,"6","1","0",true,8,2,true
stderr:

[calibration cpu=6 run=5] exit=0
stdout:
D,S,R,variant,rows_per_worker,component,mode,kernel,elapsed_seconds,elapsed_per_timed_step,qpc_ticks_per_timed_step,tsc_cycles_per_timed_step,tsc_supported,mac_total,mac_per_second,checksum_kind,validation_invariant,final_checksum,per_round_checksums,per_round_finite,per_round_overflow,per_round_clipped_cells,per_round_clipping_rates,clipped_cells,clipping_rate,all_rounds_valid,worker_count,cpus,affinity,affinity_errors,affinity_succeeded,timed_repetitions,warmup,timed_repetitions_exact
1472,1,16,A,"1472",gemv-only,fused,avx2_fused,0.19226300000000002,0.0015020546875000001,15020.546875,2998490,true,277348352,1442546678.2480247,output,output checksum; GEMV output is deterministic and state remains frozen,14756745233619848255,"14756745233619848255;14756745233619848255;14756745233619848255;14756745233619848255;14756745233619848255;14756745233619848255;14756745233619848255;14756745233619848255;14756745233619848255;14756745233619848255;14756745233619848255;14756745233619848255;14756745233619848255;14756745233619848255;14756745233619848255;14756745233619848255","true;true;true;true;true;true;true;true;true;true;true;true;true;true;true;true","false;false;false;false;false;false;false;false;false;false;false;false;false;false;false;false","0;0;0;0;0;0;0;0;0;0;0;0;0;0;0;0","0;0;0;0;0;0;0;0;0;0;0;0;0;0;0;0",0,0,true,1,"6","1","0",true,8,2,true
stderr:

[speed variant=A run=1 order_index=1] exit=0
stdout:
D,S,R,variant,rows_per_worker,component,mode,kernel,elapsed_seconds,elapsed_per_timed_step,qpc_ticks_per_timed_step,tsc_cycles_per_timed_step,tsc_supported,mac_total,mac_per_second,checksum_kind,validation_invariant,final_checksum,per_round_checksums,per_round_finite,per_round_overflow,per_round_clipped_cells,per_round_clipping_rates,clipped_cells,clipping_rate,all_rounds_valid,worker_count,cpus,affinity,affinity_errors,affinity_succeeded,timed_repetitions,warmup,timed_repetitions_exact
1472,1,16,A,"457,297,347,371",gemv-only,fused,avx2_fused,0.080891499999999991,0.00063196484374999993,6319.6484375,1261562.0390625,true,277348352,3428646421.4410663,output,output checksum; GEMV output is deterministic and state remains frozen,5378321552073814842,"5378321552073814842;5378321552073814842;5378321552073814842;5378321552073814842;5378321552073814842;5378321552073814842;5378321552073814842;5378321552073814842;5378321552073814842;5378321552073814842;5378321552073814842;5378321552073814842;5378321552073814842;5378321552073814842;5378321552073814842;5378321552073814842","true;true;true;true;true;true;true;true;true;true;true;true;true;true;true;true","false;false;false;false;false;false;false;false;false;false;false;false;false;false;false;false","0;0;0;0;0;0;0;0;0;0;0;0;0;0;0;0","0;0;0;0;0;0;0;0;0;0;0;0;0;0;0;0",0,0,true,4,"0,2,4,6","1,1,1,1","0,0,0,0",true,8,2,true
stderr:

[speed variant=Bclone run=1 order_index=2] exit=0
stdout:
D,S,R,variant,rows_per_worker,component,mode,kernel,elapsed_seconds,elapsed_per_timed_step,qpc_ticks_per_timed_step,tsc_cycles_per_timed_step,tsc_supported,mac_total,mac_per_second,checksum_kind,validation_invariant,final_checksum,per_round_checksums,per_round_finite,per_round_overflow,per_round_clipped_cells,per_round_clipping_rates,clipped_cells,clipping_rate,all_rounds_valid,worker_count,cpus,affinity,affinity_errors,affinity_succeeded,timed_repetitions,warmup,timed_repetitions_exact
1472,1,16,Bclone,"457,297,347,371",gemv-only,fused,avx2_fused,0.073599600000000001,0.00057499687500000001,5749.96875,1147842.9609375,true,277348352,3768340480.1113048,output,output checksum; GEMV output is deterministic and state remains frozen,5378321552073814842,"5378321552073814842;5378321552073814842;5378321552073814842;5378321552073814842;5378321552073814842;5378321552073814842;5378321552073814842;5378321552073814842;5378321552073814842;5378321552073814842;5378321552073814842;5378321552073814842;5378321552073814842;5378321552073814842;5378321552073814842;5378321552073814842","true;true;true;true;true;true;true;true;true;true;true;true;true;true;true;true","false;false;false;false;false;false;false;false;false;false;false;false;false;false;false;false","0;0;0;0;0;0;0;0;0;0;0;0;0;0;0;0","0;0;0;0;0;0;0;0;0;0;0;0;0;0;0;0",0,0,true,4,"0,2,4,6","1,1,1,1","0,0,0,0",true,8,2,true
stderr:

[speed variant=Bclone run=2 order_index=1] exit=0
stdout:
D,S,R,variant,rows_per_worker,component,mode,kernel,elapsed_seconds,elapsed_per_timed_step,qpc_ticks_per_timed_step,tsc_cycles_per_timed_step,tsc_supported,mac_total,mac_per_second,checksum_kind,validation_invariant,final_checksum,per_round_checksums,per_round_finite,per_round_overflow,per_round_clipped_cells,per_round_clipping_rates,clipped_cells,clipping_rate,all_rounds_valid,worker_count,cpus,affinity,affinity_errors,affinity_succeeded,timed_repetitions,warmup,timed_repetitions_exact
1472,1,16,Bclone,"457,297,347,371",gemv-only,fused,avx2_fused,0.051023100000000002,0.00039861796875000001,3986.1796875,795746.40625,true,277348352,5435740909.509614,output,output checksum; GEMV output is deterministic and state remains frozen,5378321552073814842,"5378321552073814842;5378321552073814842;5378321552073814842;5378321552073814842;5378321552073814842;5378321552073814842;5378321552073814842;5378321552073814842;5378321552073814842;5378321552073814842;5378321552073814842;5378321552073814842;5378321552073814842;5378321552073814842;5378321552073814842;5378321552073814842","true;true;true;true;true;true;true;true;true;true;true;true;true;true;true;true","false;false;false;false;false;false;false;false;false;false;false;false;false;false;false;false","0;0;0;0;0;0;0;0;0;0;0;0;0;0;0;0","0;0;0;0;0;0;0;0;0;0;0;0;0;0;0;0",0,0,true,4,"0,2,4,6","1,1,1,1","0,0,0,0",true,8,2,true
stderr:

[speed variant=A run=2 order_index=2] exit=0
stdout:
D,S,R,variant,rows_per_worker,component,mode,kernel,elapsed_seconds,elapsed_per_timed_step,qpc_ticks_per_timed_step,tsc_cycles_per_timed_step,tsc_supported,mac_total,mac_per_second,checksum_kind,validation_invariant,final_checksum,per_round_checksums,per_round_finite,per_round_overflow,per_round_clipped_cells,per_round_clipping_rates,clipped_cells,clipping_rate,all_rounds_valid,worker_count,cpus,affinity,affinity_errors,affinity_succeeded,timed_repetitions,warmup,timed_repetitions_exact
1472,1,16,A,"457,297,347,371",gemv-only,fused,avx2_fused,0.046151400000000002,0.00036055781250000002,3605.578125,719763.1171875,true,277348352,6009532798.5716572,output,output checksum; GEMV output is deterministic and state remains frozen,5378321552073814842,"5378321552073814842;5378321552073814842;5378321552073814842;5378321552073814842;5378321552073814842;5378321552073814842;5378321552073814842;5378321552073814842;5378321552073814842;5378321552073814842;5378321552073814842;5378321552073814842;5378321552073814842;5378321552073814842;5378321552073814842;5378321552073814842","true;true;true;true;true;true;true;true;true;true;true;true;true;true;true;true","false;false;false;false;false;false;false;false;false;false;false;false;false;false;false;false","0;0;0;0;0;0;0;0;0;0;0;0;0;0;0;0","0;0;0;0;0;0;0;0;0;0;0;0;0;0;0;0",0,0,true,4,"0,2,4,6","1,1,1,1","0,0,0,0",true,8,2,true
stderr:

[speed variant=A run=3 order_index=1] exit=0
stdout:
D,S,R,variant,rows_per_worker,component,mode,kernel,elapsed_seconds,elapsed_per_timed_step,qpc_ticks_per_timed_step,tsc_cycles_per_timed_step,tsc_supported,mac_total,mac_per_second,checksum_kind,validation_invariant,final_checksum,per_round_checksums,per_round_finite,per_round_overflow,per_round_clipped_cells,per_round_clipping_rates,clipped_cells,clipping_rate,all_rounds_valid,worker_count,cpus,affinity,affinity_errors,affinity_succeeded,timed_repetitions,warmup,timed_repetitions_exact
1472,1,16,A,"457,297,347,371",gemv-only,fused,avx2_fused,0.059731499999999993,0.00046665234374999994,4666.5234375,931555.3125,true,277348352,4643251081.9249477,output,output checksum; GEMV output is deterministic and state remains frozen,5378321552073814842,"5378321552073814842;5378321552073814842;5378321552073814842;5378321552073814842;5378321552073814842;5378321552073814842;5378321552073814842;5378321552073814842;5378321552073814842;5378321552073814842;5378321552073814842;5378321552073814842;5378321552073814842;5378321552073814842;5378321552073814842;5378321552073814842","true;true;true;true;true;true;true;true;true;true;true;true;true;true;true;true","false;false;false;false;false;false;false;false;false;false;false;false;false;false;false;false","0;0;0;0;0;0;0;0;0;0;0;0;0;0;0;0","0;0;0;0;0;0;0;0;0;0;0;0;0;0;0;0",0,0,true,4,"0,2,4,6","1,1,1,1","0,0,0,0",true,8,2,true
stderr:

[speed variant=Bclone run=3 order_index=2] exit=0
stdout:
D,S,R,variant,rows_per_worker,component,mode,kernel,elapsed_seconds,elapsed_per_timed_step,qpc_ticks_per_timed_step,tsc_cycles_per_timed_step,tsc_supported,mac_total,mac_per_second,checksum_kind,validation_invariant,final_checksum,per_round_checksums,per_round_finite,per_round_overflow,per_round_clipped_cells,per_round_clipping_rates,clipped_cells,clipping_rate,all_rounds_valid,worker_count,cpus,affinity,affinity_errors,affinity_succeeded,timed_repetitions,warmup,timed_repetitions_exact
1472,1,16,Bclone,"457,297,347,371",gemv-only,fused,avx2_fused,0.068213999999999997,0.00053292187499999998,5329.21875,1063848.4296875,true,277348352,4065856744.949717,output,output checksum; GEMV output is deterministic and state remains frozen,5378321552073814842,"5378321552073814842;5378321552073814842;5378321552073814842;5378321552073814842;5378321552073814842;5378321552073814842;5378321552073814842;5378321552073814842;5378321552073814842;5378321552073814842;5378321552073814842;5378321552073814842;5378321552073814842;5378321552073814842;5378321552073814842;5378321552073814842","true;true;true;true;true;true;true;true;true;true;true;true;true;true;true;true","false;false;false;false;false;false;false;false;false;false;false;false;false;false;false;false","0;0;0;0;0;0;0;0;0;0;0;0;0;0;0;0","0;0;0;0;0;0;0;0;0;0;0;0;0;0;0;0",0,0,true,4,"0,2,4,6","1,1,1,1","0,0,0,0",true,8,2,true
stderr:

[speed variant=Bclone run=4 order_index=1] exit=0
stdout:
D,S,R,variant,rows_per_worker,component,mode,kernel,elapsed_seconds,elapsed_per_timed_step,qpc_ticks_per_timed_step,tsc_cycles_per_timed_step,tsc_supported,mac_total,mac_per_second,checksum_kind,validation_invariant,final_checksum,per_round_checksums,per_round_finite,per_round_overflow,per_round_clipped_cells,per_round_clipping_rates,clipped_cells,clipping_rate,all_rounds_valid,worker_count,cpus,affinity,affinity_errors,affinity_succeeded,timed_repetitions,warmup,timed_repetitions_exact
1472,1,16,Bclone,"457,297,347,371",gemv-only,fused,avx2_fused,0.076307200000000006,0.00059615000000000004,5961.5,1190068.578125,true,277348352,3634628868.5733452,output,output checksum; GEMV output is deterministic and state remains frozen,5378321552073814842,"5378321552073814842;5378321552073814842;5378321552073814842;5378321552073814842;5378321552073814842;5378321552073814842;5378321552073814842;5378321552073814842;5378321552073814842;5378321552073814842;5378321552073814842;5378321552073814842;5378321552073814842;5378321552073814842;5378321552073814842;5378321552073814842","true;true;true;true;true;true;true;true;true;true;true;true;true;true;true;true","false;false;false;false;false;false;false;false;false;false;false;false;false;false;false;false","0;0;0;0;0;0;0;0;0;0;0;0;0;0;0;0","0;0;0;0;0;0;0;0;0;0;0;0;0;0;0;0",0,0,true,4,"0,2,4,6","1,1,1,1","0,0,0,0",true,8,2,true
stderr:

[speed variant=A run=4 order_index=2] exit=0
stdout:
D,S,R,variant,rows_per_worker,component,mode,kernel,elapsed_seconds,elapsed_per_timed_step,qpc_ticks_per_timed_step,tsc_cycles_per_timed_step,tsc_supported,mac_total,mac_per_second,checksum_kind,validation_invariant,final_checksum,per_round_checksums,per_round_finite,per_round_overflow,per_round_clipped_cells,per_round_clipping_rates,clipped_cells,clipping_rate,all_rounds_valid,worker_count,cpus,affinity,affinity_errors,affinity_succeeded,timed_repetitions,warmup,timed_repetitions_exact
1472,1,16,A,"457,297,347,371",gemv-only,fused,avx2_fused,0.093958699999999992,0.00073405234374999994,7340.5234375,1465357.1875,true,277348352,2951811295.8140121,output,output checksum; GEMV output is deterministic and state remains frozen,5378321552073814842,"5378321552073814842;5378321552073814842;5378321552073814842;5378321552073814842;5378321552073814842;5378321552073814842;5378321552073814842;5378321552073814842;5378321552073814842;5378321552073814842;5378321552073814842;5378321552073814842;5378321552073814842;5378321552073814842;5378321552073814842;5378321552073814842","true;true;true;true;true;true;true;true;true;true;true;true;true;true;true;true","false;false;false;false;false;false;false;false;false;false;false;false;false;false;false;false","0;0;0;0;0;0;0;0;0;0;0;0;0;0;0;0","0;0;0;0;0;0;0;0;0;0;0;0;0;0;0;0",0,0,true,4,"0,2,4,6","1,1,1,1","0,0,0,0",true,8,2,true
stderr:

[speed variant=A run=5 order_index=1] exit=0
stdout:
D,S,R,variant,rows_per_worker,component,mode,kernel,elapsed_seconds,elapsed_per_timed_step,qpc_ticks_per_timed_step,tsc_cycles_per_timed_step,tsc_supported,mac_total,mac_per_second,checksum_kind,validation_invariant,final_checksum,per_round_checksums,per_round_finite,per_round_overflow,per_round_clipped_cells,per_round_clipping_rates,clipped_cells,clipping_rate,all_rounds_valid,worker_count,cpus,affinity,affinity_errors,affinity_succeeded,timed_repetitions,warmup,timed_repetitions_exact
1472,1,16,A,"457,297,347,371",gemv-only,fused,avx2_fused,0.069579799999999997,0.00054359218749999998,5435.921875,1085148.28125,true,277348352,3986046984.9007902,output,output checksum; GEMV output is deterministic and state remains frozen,5378321552073814842,"5378321552073814842;5378321552073814842;5378321552073814842;5378321552073814842;5378321552073814842;5378321552073814842;5378321552073814842;5378321552073814842;5378321552073814842;5378321552073814842;5378321552073814842;5378321552073814842;5378321552073814842;5378321552073814842;5378321552073814842;5378321552073814842","true;true;true;true;true;true;true;true;true;true;true;true;true;true;true;true","false;false;false;false;false;false;false;false;false;false;false;false;false;false;false;false","0;0;0;0;0;0;0;0;0;0;0;0;0;0;0;0","0;0;0;0;0;0;0;0;0;0;0;0;0;0;0;0",0,0,true,4,"0,2,4,6","1,1,1,1","0,0,0,0",true,8,2,true
stderr:

[speed variant=Bclone run=5 order_index=2] exit=0
stdout:
D,S,R,variant,rows_per_worker,component,mode,kernel,elapsed_seconds,elapsed_per_timed_step,qpc_ticks_per_timed_step,tsc_cycles_per_timed_step,tsc_supported,mac_total,mac_per_second,checksum_kind,validation_invariant,final_checksum,per_round_checksums,per_round_finite,per_round_overflow,per_round_clipped_cells,per_round_clipping_rates,clipped_cells,clipping_rate,all_rounds_valid,worker_count,cpus,affinity,affinity_errors,affinity_succeeded,timed_repetitions,warmup,timed_repetitions_exact
1472,1,16,Bclone,"457,297,347,371",gemv-only,fused,avx2_fused,0.062792199999999992,0.00049056406249999994,4905.640625,979289.84375,true,277348352,4416923630.6420231,output,output checksum; GEMV output is deterministic and state remains frozen,5378321552073814842,"5378321552073814842;5378321552073814842;5378321552073814842;5378321552073814842;5378321552073814842;5378321552073814842;5378321552073814842;5378321552073814842;5378321552073814842;5378321552073814842;5378321552073814842;5378321552073814842;5378321552073814842;5378321552073814842;5378321552073814842;5378321552073814842","true;true;true;true;true;true;true;true;true;true;true;true;true;true;true;true","false;false;false;false;false;false;false;false;false;false;false;false;false;false;false;false","0;0;0;0;0;0;0;0;0;0;0;0;0;0;0;0","0;0;0;0;0;0;0;0;0;0;0;0;0;0;0;0",0,0,true,4,"0,2,4,6","1,1,1,1","0,0,0,0",true,8,2,true
stderr:

[speed variant=Bclone run=6 order_index=1] exit=0
stdout:
D,S,R,variant,rows_per_worker,component,mode,kernel,elapsed_seconds,elapsed_per_timed_step,qpc_ticks_per_timed_step,tsc_cycles_per_timed_step,tsc_supported,mac_total,mac_per_second,checksum_kind,validation_invariant,final_checksum,per_round_checksums,per_round_finite,per_round_overflow,per_round_clipped_cells,per_round_clipping_rates,clipped_cells,clipping_rate,all_rounds_valid,worker_count,cpus,affinity,affinity_errors,affinity_succeeded,timed_repetitions,warmup,timed_repetitions_exact
1472,1,16,Bclone,"457,297,347,371",gemv-only,fused,avx2_fused,0.095357499999999984,0.00074498046874999987,7449.8046875,1487171.8828125,true,277348352,2908511150.1455054,output,output checksum; GEMV output is deterministic and state remains frozen,5378321552073814842,"5378321552073814842;5378321552073814842;5378321552073814842;5378321552073814842;5378321552073814842;5378321552073814842;5378321552073814842;5378321552073814842;5378321552073814842;5378321552073814842;5378321552073814842;5378321552073814842;5378321552073814842;5378321552073814842;5378321552073814842;5378321552073814842","true;true;true;true;true;true;true;true;true;true;true;true;true;true;true;true","false;false;false;false;false;false;false;false;false;false;false;false;false;false;false;false","0;0;0;0;0;0;0;0;0;0;0;0;0;0;0;0","0;0;0;0;0;0;0;0;0;0;0;0;0;0;0;0",0,0,true,4,"0,2,4,6","1,1,1,1","0,0,0,0",true,8,2,true
stderr:

[speed variant=A run=6 order_index=2] exit=0
stdout:
D,S,R,variant,rows_per_worker,component,mode,kernel,elapsed_seconds,elapsed_per_timed_step,qpc_ticks_per_timed_step,tsc_cycles_per_timed_step,tsc_supported,mac_total,mac_per_second,checksum_kind,validation_invariant,final_checksum,per_round_checksums,per_round_finite,per_round_overflow,per_round_clipped_cells,per_round_clipping_rates,clipped_cells,clipping_rate,all_rounds_valid,worker_count,cpus,affinity,affinity_errors,affinity_succeeded,timed_repetitions,warmup,timed_repetitions_exact
1472,1,16,A,"457,297,347,371",gemv-only,fused,avx2_fused,0.098051600000000003,0.00076602812500000002,7660.28125,1529188.4296875,true,277348352,2828595882.1681643,output,output checksum; GEMV output is deterministic and state remains frozen,5378321552073814842,"5378321552073814842;5378321552073814842;5378321552073814842;5378321552073814842;5378321552073814842;5378321552073814842;5378321552073814842;5378321552073814842;5378321552073814842;5378321552073814842;5378321552073814842;5378321552073814842;5378321552073814842;5378321552073814842;5378321552073814842;5378321552073814842","true;true;true;true;true;true;true;true;true;true;true;true;true;true;true;true","false;false;false;false;false;false;false;false;false;false;false;false;false;false;false;false","0;0;0;0;0;0;0;0;0;0;0;0;0;0;0;0","0;0;0;0;0;0;0;0;0;0;0;0;0;0;0;0",0,0,true,4,"0,2,4,6","1,1,1,1","0,0,0,0",true,8,2,true
stderr:

[speed variant=A run=7 order_index=1] exit=0
stdout:
D,S,R,variant,rows_per_worker,component,mode,kernel,elapsed_seconds,elapsed_per_timed_step,qpc_ticks_per_timed_step,tsc_cycles_per_timed_step,tsc_supported,mac_total,mac_per_second,checksum_kind,validation_invariant,final_checksum,per_round_checksums,per_round_finite,per_round_overflow,per_round_clipped_cells,per_round_clipping_rates,clipped_cells,clipping_rate,all_rounds_valid,worker_count,cpus,affinity,affinity_errors,affinity_succeeded,timed_repetitions,warmup,timed_repetitions_exact
1472,1,16,A,"457,297,347,371",gemv-only,fused,avx2_fused,0.099252299999999988,0.0007754085937499999,7754.0859375,1547915.796875,true,277348352,2794377077.4077783,output,output checksum; GEMV output is deterministic and state remains frozen,5378321552073814842,"5378321552073814842;5378321552073814842;5378321552073814842;5378321552073814842;5378321552073814842;5378321552073814842;5378321552073814842;5378321552073814842;5378321552073814842;5378321552073814842;5378321552073814842;5378321552073814842;5378321552073814842;5378321552073814842;5378321552073814842;5378321552073814842","true;true;true;true;true;true;true;true;true;true;true;true;true;true;true;true","false;false;false;false;false;false;false;false;false;false;false;false;false;false;false;false","0;0;0;0;0;0;0;0;0;0;0;0;0;0;0;0","0;0;0;0;0;0;0;0;0;0;0;0;0;0;0;0",0,0,true,4,"0,2,4,6","1,1,1,1","0,0,0,0",true,8,2,true
stderr:

[speed variant=Bclone run=7 order_index=2] exit=0
stdout:
D,S,R,variant,rows_per_worker,component,mode,kernel,elapsed_seconds,elapsed_per_timed_step,qpc_ticks_per_timed_step,tsc_cycles_per_timed_step,tsc_supported,mac_total,mac_per_second,checksum_kind,validation_invariant,final_checksum,per_round_checksums,per_round_finite,per_round_overflow,per_round_clipped_cells,per_round_clipping_rates,clipped_cells,clipping_rate,all_rounds_valid,worker_count,cpus,affinity,affinity_errors,affinity_succeeded,timed_repetitions,warmup,timed_repetitions_exact
1472,1,16,Bclone,"457,297,347,371",gemv-only,fused,avx2_fused,0.091353099999999993,0.00071369609374999994,7136.9609375,1424718.4296875,true,277348352,3036003726.2008624,output,output checksum; GEMV output is deterministic and state remains frozen,5378321552073814842,"5378321552073814842;5378321552073814842;5378321552073814842;5378321552073814842;5378321552073814842;5378321552073814842;5378321552073814842;5378321552073814842;5378321552073814842;5378321552073814842;5378321552073814842;5378321552073814842;5378321552073814842;5378321552073814842;5378321552073814842;5378321552073814842","true;true;true;true;true;true;true;true;true;true;true;true;true;true;true;true","false;false;false;false;false;false;false;false;false;false;false;false;false;false;false;false","0;0;0;0;0;0;0;0;0;0;0;0;0;0;0;0","0;0;0;0;0;0;0;0;0;0;0;0;0;0;0;0",0,0,true,4,"0,2,4,6","1,1,1,1","0,0,0,0",true,8,2,true
stderr:

[speed variant=Bclone run=8 order_index=1] exit=0
stdout:
D,S,R,variant,rows_per_worker,component,mode,kernel,elapsed_seconds,elapsed_per_timed_step,qpc_ticks_per_timed_step,tsc_cycles_per_timed_step,tsc_supported,mac_total,mac_per_second,checksum_kind,validation_invariant,final_checksum,per_round_checksums,per_round_finite,per_round_overflow,per_round_clipped_cells,per_round_clipping_rates,clipped_cells,clipping_rate,all_rounds_valid,worker_count,cpus,affinity,affinity_errors,affinity_succeeded,timed_repetitions,warmup,timed_repetitions_exact
1472,1,16,Bclone,"457,297,347,371",gemv-only,fused,avx2_fused,0.053806499999999993,0.00042036328124999995,4203.6328125,839153.7265625,true,277348352,5154551067.2502403,output,output checksum; GEMV output is deterministic and state remains frozen,5378321552073814842,"5378321552073814842;5378321552073814842;5378321552073814842;5378321552073814842;5378321552073814842;5378321552073814842;5378321552073814842;5378321552073814842;5378321552073814842;5378321552073814842;5378321552073814842;5378321552073814842;5378321552073814842;5378321552073814842;5378321552073814842;5378321552073814842","true;true;true;true;true;true;true;true;true;true;true;true;true;true;true;true","false;false;false;false;false;false;false;false;false;false;false;false;false;false;false;false","0;0;0;0;0;0;0;0;0;0;0;0;0;0;0;0","0;0;0;0;0;0;0;0;0;0;0;0;0;0;0;0",0,0,true,4,"0,2,4,6","1,1,1,1","0,0,0,0",true,8,2,true
stderr:

[speed variant=A run=8 order_index=2] exit=0
stdout:
D,S,R,variant,rows_per_worker,component,mode,kernel,elapsed_seconds,elapsed_per_timed_step,qpc_ticks_per_timed_step,tsc_cycles_per_timed_step,tsc_supported,mac_total,mac_per_second,checksum_kind,validation_invariant,final_checksum,per_round_checksums,per_round_finite,per_round_overflow,per_round_clipped_cells,per_round_clipping_rates,clipped_cells,clipping_rate,all_rounds_valid,worker_count,cpus,affinity,affinity_errors,affinity_succeeded,timed_repetitions,warmup,timed_repetitions_exact
1472,1,16,A,"457,297,347,371",gemv-only,fused,avx2_fused,0.056873099999999996,0.00044432109374999997,4443.2109375,886982.1796875,true,277348352,4876617451.8357544,output,output checksum; GEMV output is deterministic and state remains frozen,5378321552073814842,"5378321552073814842;5378321552073814842;5378321552073814842;5378321552073814842;5378321552073814842;5378321552073814842;5378321552073814842;5378321552073814842;5378321552073814842;5378321552073814842;5378321552073814842;5378321552073814842;5378321552073814842;5378321552073814842;5378321552073814842;5378321552073814842","true;true;true;true;true;true;true;true;true;true;true;true;true;true;true;true","false;false;false;false;false;false;false;false;false;false;false;false;false;false;false;false","0;0;0;0;0;0;0;0;0;0;0;0;0;0;0;0","0;0;0;0;0;0;0;0;0;0;0;0;0;0;0;0",0,0,true,4,"0,2,4,6","1,1,1,1","0,0,0,0",true,8,2,true
stderr:

[speed variant=A run=9 order_index=1] exit=0
stdout:
D,S,R,variant,rows_per_worker,component,mode,kernel,elapsed_seconds,elapsed_per_timed_step,qpc_ticks_per_timed_step,tsc_cycles_per_timed_step,tsc_supported,mac_total,mac_per_second,checksum_kind,validation_invariant,final_checksum,per_round_checksums,per_round_finite,per_round_overflow,per_round_clipped_cells,per_round_clipping_rates,clipped_cells,clipping_rate,all_rounds_valid,worker_count,cpus,affinity,affinity_errors,affinity_succeeded,timed_repetitions,warmup,timed_repetitions_exact
1472,1,16,A,"457,297,347,371",gemv-only,fused,avx2_fused,0.1189027,0.00092892734375,9289.2734375,1854377.1875,true,277348352,2332565635.5995278,output,output checksum; GEMV output is deterministic and state remains frozen,5378321552073814842,"5378321552073814842;5378321552073814842;5378321552073814842;5378321552073814842;5378321552073814842;5378321552073814842;5378321552073814842;5378321552073814842;5378321552073814842;5378321552073814842;5378321552073814842;5378321552073814842;5378321552073814842;5378321552073814842;5378321552073814842;5378321552073814842","true;true;true;true;true;true;true;true;true;true;true;true;true;true;true;true","false;false;false;false;false;false;false;false;false;false;false;false;false;false;false;false","0;0;0;0;0;0;0;0;0;0;0;0;0;0;0;0","0;0;0;0;0;0;0;0;0;0;0;0;0;0;0;0",0,0,true,4,"0,2,4,6","1,1,1,1","0,0,0,0",true,8,2,true
stderr:

[speed variant=Bclone run=9 order_index=2] exit=0
stdout:
D,S,R,variant,rows_per_worker,component,mode,kernel,elapsed_seconds,elapsed_per_timed_step,qpc_ticks_per_timed_step,tsc_cycles_per_timed_step,tsc_supported,mac_total,mac_per_second,checksum_kind,validation_invariant,final_checksum,per_round_checksums,per_round_finite,per_round_overflow,per_round_clipped_cells,per_round_clipping_rates,clipped_cells,clipping_rate,all_rounds_valid,worker_count,cpus,affinity,affinity_errors,affinity_succeeded,timed_repetitions,warmup,timed_repetitions_exact
1472,1,16,Bclone,"457,297,347,371",gemv-only,fused,avx2_fused,0.13211909999999999,0.0010321804687499999,10321.8046875,2060494.0703125,true,277348352,2099229800.9901674,output,output checksum; GEMV output is deterministic and state remains frozen,5378321552073814842,"5378321552073814842;5378321552073814842;5378321552073814842;5378321552073814842;5378321552073814842;5378321552073814842;5378321552073814842;5378321552073814842;5378321552073814842;5378321552073814842;5378321552073814842;5378321552073814842;5378321552073814842;5378321552073814842;5378321552073814842;5378321552073814842","true;true;true;true;true;true;true;true;true;true;true;true;true;true;true;true","false;false;false;false;false;false;false;false;false;false;false;false;false;false;false;false","0;0;0;0;0;0;0;0;0;0;0;0;0;0;0;0","0;0;0;0;0;0;0;0;0;0;0;0;0;0;0;0",0,0,true,4,"0,2,4,6","1,1,1,1","0,0,0,0",true,8,2,true
stderr:

[speed variant=Bclone run=10 order_index=1] exit=0
stdout:
D,S,R,variant,rows_per_worker,component,mode,kernel,elapsed_seconds,elapsed_per_timed_step,qpc_ticks_per_timed_step,tsc_cycles_per_timed_step,tsc_supported,mac_total,mac_per_second,checksum_kind,validation_invariant,final_checksum,per_round_checksums,per_round_finite,per_round_overflow,per_round_clipped_cells,per_round_clipping_rates,clipped_cells,clipping_rate,all_rounds_valid,worker_count,cpus,affinity,affinity_errors,affinity_succeeded,timed_repetitions,warmup,timed_repetitions_exact
1472,1,16,Bclone,"457,297,347,371",gemv-only,fused,avx2_fused,0.18308340000000001,0.0014303390625000001,14303.390625,2855323.1328125,true,277348352,1514874379.6542995,output,output checksum; GEMV output is deterministic and state remains frozen,5378321552073814842,"5378321552073814842;5378321552073814842;5378321552073814842;5378321552073814842;5378321552073814842;5378321552073814842;5378321552073814842;5378321552073814842;5378321552073814842;5378321552073814842;5378321552073814842;5378321552073814842;5378321552073814842;5378321552073814842;5378321552073814842;5378321552073814842","true;true;true;true;true;true;true;true;true;true;true;true;true;true;true;true","false;false;false;false;false;false;false;false;false;false;false;false;false;false;false;false","0;0;0;0;0;0;0;0;0;0;0;0;0;0;0;0","0;0;0;0;0;0;0;0;0;0;0;0;0;0;0;0",0,0,true,4,"0,2,4,6","1,1,1,1","0,0,0,0",true,8,2,true
stderr:

[speed variant=A run=10 order_index=2] exit=0
stdout:
D,S,R,variant,rows_per_worker,component,mode,kernel,elapsed_seconds,elapsed_per_timed_step,qpc_ticks_per_timed_step,tsc_cycles_per_timed_step,tsc_supported,mac_total,mac_per_second,checksum_kind,validation_invariant,final_checksum,per_round_checksums,per_round_finite,per_round_overflow,per_round_clipped_cells,per_round_clipping_rates,clipped_cells,clipping_rate,all_rounds_valid,worker_count,cpus,affinity,affinity_errors,affinity_succeeded,timed_repetitions,warmup,timed_repetitions_exact
1472,1,16,A,"457,297,347,371",gemv-only,fused,avx2_fused,0.1036315,0.00080962109375000001,8096.2109375,1616213.4375,true,277348352,2676293906.7754493,output,output checksum; GEMV output is deterministic and state remains frozen,5378321552073814842,"5378321552073814842;5378321552073814842;5378321552073814842;5378321552073814842;5378321552073814842;5378321552073814842;5378321552073814842;5378321552073814842;5378321552073814842;5378321552073814842;5378321552073814842;5378321552073814842;5378321552073814842;5378321552073814842;5378321552073814842;5378321552073814842","true;true;true;true;true;true;true;true;true;true;true;true;true;true;true;true","false;false;false;false;false;false;false;false;false;false;false;false;false;false;false;false","0;0;0;0;0;0;0;0;0;0;0;0;0;0;0;0","0;0;0;0;0;0;0;0;0;0;0;0;0;0;0;0",0,0,true,4,"0,2,4,6","1,1,1,1","0,0,0,0",true,8,2,true
stderr:

