Bridge 1: T0-R residency control with byte-identical Bclone
scope=D=1472; S=1; R=16; component=gemv-only; mode=fused; workers=4; cpus=0,2,4,6
calibration=one worker per CPU; calibration_runs=5; rows_per_worker=1472; rows derived proportional to median mac_per_second
speed=variants A,Bclone; independent_runs=10 each; odd run A then Bclone; even run Bclone then A; never concurrent
timed_repetitions=8; warmup=2; speed invocations never receive --self-test
A=one weight allocation selected block 0 every round; B=round-dependent distinct blocks; Bclone=16 distinct allocations copied byte-for-byte from A
checksums=post-timing GEMV snapshot; no checksum calculation in timed region
static_reference=T0-R target512 depth16 A/B=2.687600766002487; descriptive only because workload differs
build_command "C:\Program Files (x86)\Microsoft Visual Studio\18\BuildTools\Common7\IDE\CommonExtensions\Microsoft\CMake\CMake\bin\cmake.exe" --build D:\Install\Dev\Projects\IA\Ejercise\cpu-native-arch\build --target t0m_recurrence_probe
ctest_command "C:\Program Files (x86)\Microsoft Visual Studio\18\BuildTools\Common7\IDE\CommonExtensions\Microsoft\CMake\CMake\bin\ctest.exe" --test-dir D:\Install\Dev\Projects\IA\Ejercise\cpu-native-arch\build -R t0m_recurrence_correction --output-on-failure
self_test_command "D:\Install\Dev\Projects\IA\Ejercise\cpu-native-arch\build\t0m_recurrence_probe.exe" --self-test
dumpbin_command "C:\Program Files (x86)\Microsoft Visual Studio\18\BuildTools\VC\Tools\MSVC\14.50.35717\bin\Hostx64\x64\dumpbin.exe" /DISASM /SYMBOLS D:\Install\Dev\Projects\IA\Ejercise\cpu-native-arch\build\t0m_recurrence_probe.exe
[1] calibration cpu=0 run=1 "D:\Install\Dev\Projects\IA\Ejercise\cpu-native-arch\build\t0m_recurrence_probe.exe" --D 1472 --S 1 --R 16 --variant A --component gemv-only --mode fused --workers 1 --cpus 0 --rows-per-worker 1472 --timed-repetitions 8 --warmup 2
[2] calibration cpu=0 run=2 "D:\Install\Dev\Projects\IA\Ejercise\cpu-native-arch\build\t0m_recurrence_probe.exe" --D 1472 --S 1 --R 16 --variant A --component gemv-only --mode fused --workers 1 --cpus 0 --rows-per-worker 1472 --timed-repetitions 8 --warmup 2
[3] calibration cpu=0 run=3 "D:\Install\Dev\Projects\IA\Ejercise\cpu-native-arch\build\t0m_recurrence_probe.exe" --D 1472 --S 1 --R 16 --variant A --component gemv-only --mode fused --workers 1 --cpus 0 --rows-per-worker 1472 --timed-repetitions 8 --warmup 2
[4] calibration cpu=0 run=4 "D:\Install\Dev\Projects\IA\Ejercise\cpu-native-arch\build\t0m_recurrence_probe.exe" --D 1472 --S 1 --R 16 --variant A --component gemv-only --mode fused --workers 1 --cpus 0 --rows-per-worker 1472 --timed-repetitions 8 --warmup 2
[5] calibration cpu=0 run=5 "D:\Install\Dev\Projects\IA\Ejercise\cpu-native-arch\build\t0m_recurrence_probe.exe" --D 1472 --S 1 --R 16 --variant A --component gemv-only --mode fused --workers 1 --cpus 0 --rows-per-worker 1472 --timed-repetitions 8 --warmup 2
[6] calibration cpu=2 run=1 "D:\Install\Dev\Projects\IA\Ejercise\cpu-native-arch\build\t0m_recurrence_probe.exe" --D 1472 --S 1 --R 16 --variant A --component gemv-only --mode fused --workers 1 --cpus 2 --rows-per-worker 1472 --timed-repetitions 8 --warmup 2
[7] calibration cpu=2 run=2 "D:\Install\Dev\Projects\IA\Ejercise\cpu-native-arch\build\t0m_recurrence_probe.exe" --D 1472 --S 1 --R 16 --variant A --component gemv-only --mode fused --workers 1 --cpus 2 --rows-per-worker 1472 --timed-repetitions 8 --warmup 2
[8] calibration cpu=2 run=3 "D:\Install\Dev\Projects\IA\Ejercise\cpu-native-arch\build\t0m_recurrence_probe.exe" --D 1472 --S 1 --R 16 --variant A --component gemv-only --mode fused --workers 1 --cpus 2 --rows-per-worker 1472 --timed-repetitions 8 --warmup 2
[9] calibration cpu=2 run=4 "D:\Install\Dev\Projects\IA\Ejercise\cpu-native-arch\build\t0m_recurrence_probe.exe" --D 1472 --S 1 --R 16 --variant A --component gemv-only --mode fused --workers 1 --cpus 2 --rows-per-worker 1472 --timed-repetitions 8 --warmup 2
[10] calibration cpu=2 run=5 "D:\Install\Dev\Projects\IA\Ejercise\cpu-native-arch\build\t0m_recurrence_probe.exe" --D 1472 --S 1 --R 16 --variant A --component gemv-only --mode fused --workers 1 --cpus 2 --rows-per-worker 1472 --timed-repetitions 8 --warmup 2
[11] calibration cpu=4 run=1 "D:\Install\Dev\Projects\IA\Ejercise\cpu-native-arch\build\t0m_recurrence_probe.exe" --D 1472 --S 1 --R 16 --variant A --component gemv-only --mode fused --workers 1 --cpus 4 --rows-per-worker 1472 --timed-repetitions 8 --warmup 2
[12] calibration cpu=4 run=2 "D:\Install\Dev\Projects\IA\Ejercise\cpu-native-arch\build\t0m_recurrence_probe.exe" --D 1472 --S 1 --R 16 --variant A --component gemv-only --mode fused --workers 1 --cpus 4 --rows-per-worker 1472 --timed-repetitions 8 --warmup 2
[13] calibration cpu=4 run=3 "D:\Install\Dev\Projects\IA\Ejercise\cpu-native-arch\build\t0m_recurrence_probe.exe" --D 1472 --S 1 --R 16 --variant A --component gemv-only --mode fused --workers 1 --cpus 4 --rows-per-worker 1472 --timed-repetitions 8 --warmup 2
[14] calibration cpu=4 run=4 "D:\Install\Dev\Projects\IA\Ejercise\cpu-native-arch\build\t0m_recurrence_probe.exe" --D 1472 --S 1 --R 16 --variant A --component gemv-only --mode fused --workers 1 --cpus 4 --rows-per-worker 1472 --timed-repetitions 8 --warmup 2
[15] calibration cpu=4 run=5 "D:\Install\Dev\Projects\IA\Ejercise\cpu-native-arch\build\t0m_recurrence_probe.exe" --D 1472 --S 1 --R 16 --variant A --component gemv-only --mode fused --workers 1 --cpus 4 --rows-per-worker 1472 --timed-repetitions 8 --warmup 2
[16] calibration cpu=6 run=1 "D:\Install\Dev\Projects\IA\Ejercise\cpu-native-arch\build\t0m_recurrence_probe.exe" --D 1472 --S 1 --R 16 --variant A --component gemv-only --mode fused --workers 1 --cpus 6 --rows-per-worker 1472 --timed-repetitions 8 --warmup 2
[17] calibration cpu=6 run=2 "D:\Install\Dev\Projects\IA\Ejercise\cpu-native-arch\build\t0m_recurrence_probe.exe" --D 1472 --S 1 --R 16 --variant A --component gemv-only --mode fused --workers 1 --cpus 6 --rows-per-worker 1472 --timed-repetitions 8 --warmup 2
[18] calibration cpu=6 run=3 "D:\Install\Dev\Projects\IA\Ejercise\cpu-native-arch\build\t0m_recurrence_probe.exe" --D 1472 --S 1 --R 16 --variant A --component gemv-only --mode fused --workers 1 --cpus 6 --rows-per-worker 1472 --timed-repetitions 8 --warmup 2
[19] calibration cpu=6 run=4 "D:\Install\Dev\Projects\IA\Ejercise\cpu-native-arch\build\t0m_recurrence_probe.exe" --D 1472 --S 1 --R 16 --variant A --component gemv-only --mode fused --workers 1 --cpus 6 --rows-per-worker 1472 --timed-repetitions 8 --warmup 2
[20] calibration cpu=6 run=5 "D:\Install\Dev\Projects\IA\Ejercise\cpu-native-arch\build\t0m_recurrence_probe.exe" --D 1472 --S 1 --R 16 --variant A --component gemv-only --mode fused --workers 1 --cpus 6 --rows-per-worker 1472 --timed-repetitions 8 --warmup 2
derived_rows=457,297,347,371; calibration_medians=0:1843133991.0218542;2:1197174039.5356827;4:1401600831.2120953;6:1499142194.7658625
[21] speed variant=A run=1 order_index=1 "D:\Install\Dev\Projects\IA\Ejercise\cpu-native-arch\build\t0m_recurrence_probe.exe" --D 1472 --S 1 --R 16 --variant A --component gemv-only --mode fused --workers 4 --cpus 0,2,4,6 --rows-per-worker 457,297,347,371 --timed-repetitions 8 --warmup 2
[22] speed variant=Bclone run=1 order_index=2 "D:\Install\Dev\Projects\IA\Ejercise\cpu-native-arch\build\t0m_recurrence_probe.exe" --D 1472 --S 1 --R 16 --variant Bclone --component gemv-only --mode fused --workers 4 --cpus 0,2,4,6 --rows-per-worker 457,297,347,371 --timed-repetitions 8 --warmup 2
[23] speed variant=Bclone run=2 order_index=1 "D:\Install\Dev\Projects\IA\Ejercise\cpu-native-arch\build\t0m_recurrence_probe.exe" --D 1472 --S 1 --R 16 --variant Bclone --component gemv-only --mode fused --workers 4 --cpus 0,2,4,6 --rows-per-worker 457,297,347,371 --timed-repetitions 8 --warmup 2
[24] speed variant=A run=2 order_index=2 "D:\Install\Dev\Projects\IA\Ejercise\cpu-native-arch\build\t0m_recurrence_probe.exe" --D 1472 --S 1 --R 16 --variant A --component gemv-only --mode fused --workers 4 --cpus 0,2,4,6 --rows-per-worker 457,297,347,371 --timed-repetitions 8 --warmup 2
[25] speed variant=A run=3 order_index=1 "D:\Install\Dev\Projects\IA\Ejercise\cpu-native-arch\build\t0m_recurrence_probe.exe" --D 1472 --S 1 --R 16 --variant A --component gemv-only --mode fused --workers 4 --cpus 0,2,4,6 --rows-per-worker 457,297,347,371 --timed-repetitions 8 --warmup 2
[26] speed variant=Bclone run=3 order_index=2 "D:\Install\Dev\Projects\IA\Ejercise\cpu-native-arch\build\t0m_recurrence_probe.exe" --D 1472 --S 1 --R 16 --variant Bclone --component gemv-only --mode fused --workers 4 --cpus 0,2,4,6 --rows-per-worker 457,297,347,371 --timed-repetitions 8 --warmup 2
[27] speed variant=Bclone run=4 order_index=1 "D:\Install\Dev\Projects\IA\Ejercise\cpu-native-arch\build\t0m_recurrence_probe.exe" --D 1472 --S 1 --R 16 --variant Bclone --component gemv-only --mode fused --workers 4 --cpus 0,2,4,6 --rows-per-worker 457,297,347,371 --timed-repetitions 8 --warmup 2
[28] speed variant=A run=4 order_index=2 "D:\Install\Dev\Projects\IA\Ejercise\cpu-native-arch\build\t0m_recurrence_probe.exe" --D 1472 --S 1 --R 16 --variant A --component gemv-only --mode fused --workers 4 --cpus 0,2,4,6 --rows-per-worker 457,297,347,371 --timed-repetitions 8 --warmup 2
[29] speed variant=A run=5 order_index=1 "D:\Install\Dev\Projects\IA\Ejercise\cpu-native-arch\build\t0m_recurrence_probe.exe" --D 1472 --S 1 --R 16 --variant A --component gemv-only --mode fused --workers 4 --cpus 0,2,4,6 --rows-per-worker 457,297,347,371 --timed-repetitions 8 --warmup 2
[30] speed variant=Bclone run=5 order_index=2 "D:\Install\Dev\Projects\IA\Ejercise\cpu-native-arch\build\t0m_recurrence_probe.exe" --D 1472 --S 1 --R 16 --variant Bclone --component gemv-only --mode fused --workers 4 --cpus 0,2,4,6 --rows-per-worker 457,297,347,371 --timed-repetitions 8 --warmup 2
[31] speed variant=Bclone run=6 order_index=1 "D:\Install\Dev\Projects\IA\Ejercise\cpu-native-arch\build\t0m_recurrence_probe.exe" --D 1472 --S 1 --R 16 --variant Bclone --component gemv-only --mode fused --workers 4 --cpus 0,2,4,6 --rows-per-worker 457,297,347,371 --timed-repetitions 8 --warmup 2
[32] speed variant=A run=6 order_index=2 "D:\Install\Dev\Projects\IA\Ejercise\cpu-native-arch\build\t0m_recurrence_probe.exe" --D 1472 --S 1 --R 16 --variant A --component gemv-only --mode fused --workers 4 --cpus 0,2,4,6 --rows-per-worker 457,297,347,371 --timed-repetitions 8 --warmup 2
[33] speed variant=A run=7 order_index=1 "D:\Install\Dev\Projects\IA\Ejercise\cpu-native-arch\build\t0m_recurrence_probe.exe" --D 1472 --S 1 --R 16 --variant A --component gemv-only --mode fused --workers 4 --cpus 0,2,4,6 --rows-per-worker 457,297,347,371 --timed-repetitions 8 --warmup 2
[34] speed variant=Bclone run=7 order_index=2 "D:\Install\Dev\Projects\IA\Ejercise\cpu-native-arch\build\t0m_recurrence_probe.exe" --D 1472 --S 1 --R 16 --variant Bclone --component gemv-only --mode fused --workers 4 --cpus 0,2,4,6 --rows-per-worker 457,297,347,371 --timed-repetitions 8 --warmup 2
[35] speed variant=Bclone run=8 order_index=1 "D:\Install\Dev\Projects\IA\Ejercise\cpu-native-arch\build\t0m_recurrence_probe.exe" --D 1472 --S 1 --R 16 --variant Bclone --component gemv-only --mode fused --workers 4 --cpus 0,2,4,6 --rows-per-worker 457,297,347,371 --timed-repetitions 8 --warmup 2
[36] speed variant=A run=8 order_index=2 "D:\Install\Dev\Projects\IA\Ejercise\cpu-native-arch\build\t0m_recurrence_probe.exe" --D 1472 --S 1 --R 16 --variant A --component gemv-only --mode fused --workers 4 --cpus 0,2,4,6 --rows-per-worker 457,297,347,371 --timed-repetitions 8 --warmup 2
[37] speed variant=A run=9 order_index=1 "D:\Install\Dev\Projects\IA\Ejercise\cpu-native-arch\build\t0m_recurrence_probe.exe" --D 1472 --S 1 --R 16 --variant A --component gemv-only --mode fused --workers 4 --cpus 0,2,4,6 --rows-per-worker 457,297,347,371 --timed-repetitions 8 --warmup 2
[38] speed variant=Bclone run=9 order_index=2 "D:\Install\Dev\Projects\IA\Ejercise\cpu-native-arch\build\t0m_recurrence_probe.exe" --D 1472 --S 1 --R 16 --variant Bclone --component gemv-only --mode fused --workers 4 --cpus 0,2,4,6 --rows-per-worker 457,297,347,371 --timed-repetitions 8 --warmup 2
[39] speed variant=Bclone run=10 order_index=1 "D:\Install\Dev\Projects\IA\Ejercise\cpu-native-arch\build\t0m_recurrence_probe.exe" --D 1472 --S 1 --R 16 --variant Bclone --component gemv-only --mode fused --workers 4 --cpus 0,2,4,6 --rows-per-worker 457,297,347,371 --timed-repetitions 8 --warmup 2
[40] speed variant=A run=10 order_index=2 "D:\Install\Dev\Projects\IA\Ejercise\cpu-native-arch\build\t0m_recurrence_probe.exe" --D 1472 --S 1 --R 16 --variant A --component gemv-only --mode fused --workers 4 --cpus 0,2,4,6 --rows-per-worker 457,297,347,371 --timed-repetitions 8 --warmup 2
