literal fused three-way campaign process log
[1] variant=A run=1 order_index=1 exit=0
stdout:
D,S,R,O_i,B_i,rows_per_worker,bytes_per_worker,mode,variant,S_tile,iterations,timed_repetitions,warmup,worker_count,worker_list,affinity,affinity_error,affinity_succeeded,timed_repetitions_exact,avx2_supported,kernel_used,eviction_bytes,eviction_checksum,elapsed_seconds,mac_total,mac_per_second,checksum
1472,1,16,"457,297,347,371","672704,437184,510784,546112","457,297,347,371","672704,437184,510784,546112",fused,A,8,1,8,2,4,"0,2,4,6","true,true,true,true","0,0,0,0",true,true,true,avx2,0,0,0.0195122,277348352,1.42141e+10,37367653
stderr:

[2] variant=Bclone run=1 order_index=2 exit=0
stdout:
D,S,R,O_i,B_i,rows_per_worker,bytes_per_worker,mode,variant,S_tile,iterations,timed_repetitions,warmup,worker_count,worker_list,affinity,affinity_error,affinity_succeeded,timed_repetitions_exact,avx2_supported,kernel_used,eviction_bytes,eviction_checksum,elapsed_seconds,mac_total,mac_per_second,checksum
1472,1,16,"457,297,347,371","10763264,6994944,8172544,8737792","457,297,347,371","10763264,6994944,8172544,8737792",fused,Bclone,8,1,8,2,4,"0,2,4,6","true,true,true,true","0,0,0,0",true,true,true,avx2,0,0,0.0097545,277348352,2.84329e+10,37367653
stderr:

[3] variant=B_real run=1 order_index=3 exit=0
stdout:
D,S,R,O_i,B_i,rows_per_worker,bytes_per_worker,mode,variant,S_tile,iterations,timed_repetitions,warmup,worker_count,worker_list,affinity,affinity_error,affinity_succeeded,timed_repetitions_exact,avx2_supported,kernel_used,eviction_bytes,eviction_checksum,elapsed_seconds,mac_total,mac_per_second,checksum
1472,1,16,"457,297,347,371","10763264,6994944,8172544,8737792","457,297,347,371","10763264,6994944,8172544,8737792",fused,B_real,8,1,8,2,4,"0,2,4,6","true,true,true,true","0,0,0,0",true,true,true,avx2,0,0,0.0113106,277348352,2.45211e+10,18446744073696714746
stderr:

[4] variant=B_real run=2 order_index=1 exit=0
stdout:
D,S,R,O_i,B_i,rows_per_worker,bytes_per_worker,mode,variant,S_tile,iterations,timed_repetitions,warmup,worker_count,worker_list,affinity,affinity_error,affinity_succeeded,timed_repetitions_exact,avx2_supported,kernel_used,eviction_bytes,eviction_checksum,elapsed_seconds,mac_total,mac_per_second,checksum
1472,1,16,"457,297,347,371","10763264,6994944,8172544,8737792","457,297,347,371","10763264,6994944,8172544,8737792",fused,B_real,8,1,8,2,4,"0,2,4,6","true,true,true,true","0,0,0,0",true,true,true,avx2,0,0,0.0099061,277348352,2.79977e+10,18446744073696714746
stderr:

[5] variant=Bclone run=2 order_index=2 exit=0
stdout:
D,S,R,O_i,B_i,rows_per_worker,bytes_per_worker,mode,variant,S_tile,iterations,timed_repetitions,warmup,worker_count,worker_list,affinity,affinity_error,affinity_succeeded,timed_repetitions_exact,avx2_supported,kernel_used,eviction_bytes,eviction_checksum,elapsed_seconds,mac_total,mac_per_second,checksum
1472,1,16,"457,297,347,371","10763264,6994944,8172544,8737792","457,297,347,371","10763264,6994944,8172544,8737792",fused,Bclone,8,1,8,2,4,"0,2,4,6","true,true,true,true","0,0,0,0",true,true,true,avx2,0,0,0.0090551,277348352,3.0629e+10,37367653
stderr:

[6] variant=A run=2 order_index=3 exit=0
stdout:
D,S,R,O_i,B_i,rows_per_worker,bytes_per_worker,mode,variant,S_tile,iterations,timed_repetitions,warmup,worker_count,worker_list,affinity,affinity_error,affinity_succeeded,timed_repetitions_exact,avx2_supported,kernel_used,eviction_bytes,eviction_checksum,elapsed_seconds,mac_total,mac_per_second,checksum
1472,1,16,"457,297,347,371","672704,437184,510784,546112","457,297,347,371","672704,437184,510784,546112",fused,A,8,1,8,2,4,"0,2,4,6","true,true,true,true","0,0,0,0",true,true,true,avx2,0,0,0.0076855,277348352,3.60872e+10,37367653
stderr:

[7] variant=Bclone run=3 order_index=1 exit=0
stdout:
D,S,R,O_i,B_i,rows_per_worker,bytes_per_worker,mode,variant,S_tile,iterations,timed_repetitions,warmup,worker_count,worker_list,affinity,affinity_error,affinity_succeeded,timed_repetitions_exact,avx2_supported,kernel_used,eviction_bytes,eviction_checksum,elapsed_seconds,mac_total,mac_per_second,checksum
1472,1,16,"457,297,347,371","10763264,6994944,8172544,8737792","457,297,347,371","10763264,6994944,8172544,8737792",fused,Bclone,8,1,8,2,4,"0,2,4,6","true,true,true,true","0,0,0,0",true,true,true,avx2,0,0,0.0088814,277348352,3.1228e+10,37367653
stderr:

[8] variant=A run=3 order_index=2 exit=0
stdout:
D,S,R,O_i,B_i,rows_per_worker,bytes_per_worker,mode,variant,S_tile,iterations,timed_repetitions,warmup,worker_count,worker_list,affinity,affinity_error,affinity_succeeded,timed_repetitions_exact,avx2_supported,kernel_used,eviction_bytes,eviction_checksum,elapsed_seconds,mac_total,mac_per_second,checksum
1472,1,16,"457,297,347,371","672704,437184,510784,546112","457,297,347,371","672704,437184,510784,546112",fused,A,8,1,8,2,4,"0,2,4,6","true,true,true,true","0,0,0,0",true,true,true,avx2,0,0,0.0121176,277348352,2.28881e+10,37367653
stderr:

[9] variant=B_real run=3 order_index=3 exit=0
stdout:
D,S,R,O_i,B_i,rows_per_worker,bytes_per_worker,mode,variant,S_tile,iterations,timed_repetitions,warmup,worker_count,worker_list,affinity,affinity_error,affinity_succeeded,timed_repetitions_exact,avx2_supported,kernel_used,eviction_bytes,eviction_checksum,elapsed_seconds,mac_total,mac_per_second,checksum
1472,1,16,"457,297,347,371","10763264,6994944,8172544,8737792","457,297,347,371","10763264,6994944,8172544,8737792",fused,B_real,8,1,8,2,4,"0,2,4,6","true,true,true,true","0,0,0,0",true,true,true,avx2,0,0,0.0112847,277348352,2.45774e+10,18446744073696714746
stderr:

[10] variant=B_real run=4 order_index=1 exit=0
stdout:
D,S,R,O_i,B_i,rows_per_worker,bytes_per_worker,mode,variant,S_tile,iterations,timed_repetitions,warmup,worker_count,worker_list,affinity,affinity_error,affinity_succeeded,timed_repetitions_exact,avx2_supported,kernel_used,eviction_bytes,eviction_checksum,elapsed_seconds,mac_total,mac_per_second,checksum
1472,1,16,"457,297,347,371","10763264,6994944,8172544,8737792","457,297,347,371","10763264,6994944,8172544,8737792",fused,B_real,8,1,8,2,4,"0,2,4,6","true,true,true,true","0,0,0,0",true,true,true,avx2,0,0,0.009734,277348352,2.84927e+10,18446744073696714746
stderr:

[11] variant=A run=4 order_index=2 exit=0
stdout:
D,S,R,O_i,B_i,rows_per_worker,bytes_per_worker,mode,variant,S_tile,iterations,timed_repetitions,warmup,worker_count,worker_list,affinity,affinity_error,affinity_succeeded,timed_repetitions_exact,avx2_supported,kernel_used,eviction_bytes,eviction_checksum,elapsed_seconds,mac_total,mac_per_second,checksum
1472,1,16,"457,297,347,371","672704,437184,510784,546112","457,297,347,371","672704,437184,510784,546112",fused,A,8,1,8,2,4,"0,2,4,6","true,true,true,true","0,0,0,0",true,true,true,avx2,0,0,0.0070032,277348352,3.96031e+10,37367653
stderr:

[12] variant=Bclone run=4 order_index=3 exit=0
stdout:
D,S,R,O_i,B_i,rows_per_worker,bytes_per_worker,mode,variant,S_tile,iterations,timed_repetitions,warmup,worker_count,worker_list,affinity,affinity_error,affinity_succeeded,timed_repetitions_exact,avx2_supported,kernel_used,eviction_bytes,eviction_checksum,elapsed_seconds,mac_total,mac_per_second,checksum
1472,1,16,"457,297,347,371","10763264,6994944,8172544,8737792","457,297,347,371","10763264,6994944,8172544,8737792",fused,Bclone,8,1,8,2,4,"0,2,4,6","true,true,true,true","0,0,0,0",true,true,true,avx2,0,0,0.0152722,277348352,1.81603e+10,37367653
stderr:

[13] variant=A run=5 order_index=1 exit=0
stdout:
D,S,R,O_i,B_i,rows_per_worker,bytes_per_worker,mode,variant,S_tile,iterations,timed_repetitions,warmup,worker_count,worker_list,affinity,affinity_error,affinity_succeeded,timed_repetitions_exact,avx2_supported,kernel_used,eviction_bytes,eviction_checksum,elapsed_seconds,mac_total,mac_per_second,checksum
1472,1,16,"457,297,347,371","672704,437184,510784,546112","457,297,347,371","672704,437184,510784,546112",fused,A,8,1,8,2,4,"0,2,4,6","true,true,true,true","0,0,0,0",true,true,true,avx2,0,0,0.0370137,277348352,7.49313e+09,37367653
stderr:

[14] variant=B_real run=5 order_index=2 exit=0
stdout:
D,S,R,O_i,B_i,rows_per_worker,bytes_per_worker,mode,variant,S_tile,iterations,timed_repetitions,warmup,worker_count,worker_list,affinity,affinity_error,affinity_succeeded,timed_repetitions_exact,avx2_supported,kernel_used,eviction_bytes,eviction_checksum,elapsed_seconds,mac_total,mac_per_second,checksum
1472,1,16,"457,297,347,371","10763264,6994944,8172544,8737792","457,297,347,371","10763264,6994944,8172544,8737792",fused,B_real,8,1,8,2,4,"0,2,4,6","true,true,true,true","0,0,0,0",true,true,true,avx2,0,0,0.015289,277348352,1.81404e+10,18446744073696714746
stderr:

[15] variant=Bclone run=5 order_index=3 exit=0
stdout:
D,S,R,O_i,B_i,rows_per_worker,bytes_per_worker,mode,variant,S_tile,iterations,timed_repetitions,warmup,worker_count,worker_list,affinity,affinity_error,affinity_succeeded,timed_repetitions_exact,avx2_supported,kernel_used,eviction_bytes,eviction_checksum,elapsed_seconds,mac_total,mac_per_second,checksum
1472,1,16,"457,297,347,371","10763264,6994944,8172544,8737792","457,297,347,371","10763264,6994944,8172544,8737792",fused,Bclone,8,1,8,2,4,"0,2,4,6","true,true,true,true","0,0,0,0",true,true,true,avx2,0,0,0.0143504,277348352,1.93269e+10,37367653
stderr:

[16] variant=Bclone run=6 order_index=1 exit=0
stdout:
D,S,R,O_i,B_i,rows_per_worker,bytes_per_worker,mode,variant,S_tile,iterations,timed_repetitions,warmup,worker_count,worker_list,affinity,affinity_error,affinity_succeeded,timed_repetitions_exact,avx2_supported,kernel_used,eviction_bytes,eviction_checksum,elapsed_seconds,mac_total,mac_per_second,checksum
1472,1,16,"457,297,347,371","10763264,6994944,8172544,8737792","457,297,347,371","10763264,6994944,8172544,8737792",fused,Bclone,8,1,8,2,4,"0,2,4,6","true,true,true,true","0,0,0,0",true,true,true,avx2,0,0,0.0071689,277348352,3.86877e+10,37367653
stderr:

[17] variant=B_real run=6 order_index=2 exit=0
stdout:
D,S,R,O_i,B_i,rows_per_worker,bytes_per_worker,mode,variant,S_tile,iterations,timed_repetitions,warmup,worker_count,worker_list,affinity,affinity_error,affinity_succeeded,timed_repetitions_exact,avx2_supported,kernel_used,eviction_bytes,eviction_checksum,elapsed_seconds,mac_total,mac_per_second,checksum
1472,1,16,"457,297,347,371","10763264,6994944,8172544,8737792","457,297,347,371","10763264,6994944,8172544,8737792",fused,B_real,8,1,8,2,4,"0,2,4,6","true,true,true,true","0,0,0,0",true,true,true,avx2,0,0,0.0101057,277348352,2.74447e+10,18446744073696714746
stderr:

[18] variant=A run=6 order_index=3 exit=0
stdout:
D,S,R,O_i,B_i,rows_per_worker,bytes_per_worker,mode,variant,S_tile,iterations,timed_repetitions,warmup,worker_count,worker_list,affinity,affinity_error,affinity_succeeded,timed_repetitions_exact,avx2_supported,kernel_used,eviction_bytes,eviction_checksum,elapsed_seconds,mac_total,mac_per_second,checksum
1472,1,16,"457,297,347,371","672704,437184,510784,546112","457,297,347,371","672704,437184,510784,546112",fused,A,8,1,8,2,4,"0,2,4,6","true,true,true,true","0,0,0,0",true,true,true,avx2,0,0,0.0069098,277348352,4.01384e+10,37367653
stderr:

[19] variant=A run=7 order_index=1 exit=0
stdout:
D,S,R,O_i,B_i,rows_per_worker,bytes_per_worker,mode,variant,S_tile,iterations,timed_repetitions,warmup,worker_count,worker_list,affinity,affinity_error,affinity_succeeded,timed_repetitions_exact,avx2_supported,kernel_used,eviction_bytes,eviction_checksum,elapsed_seconds,mac_total,mac_per_second,checksum
1472,1,16,"457,297,347,371","672704,437184,510784,546112","457,297,347,371","672704,437184,510784,546112",fused,A,8,1,8,2,4,"0,2,4,6","true,true,true,true","0,0,0,0",true,true,true,avx2,0,0,0.0069275,277348352,4.00359e+10,37367653
stderr:

[20] variant=Bclone run=7 order_index=2 exit=0
stdout:
D,S,R,O_i,B_i,rows_per_worker,bytes_per_worker,mode,variant,S_tile,iterations,timed_repetitions,warmup,worker_count,worker_list,affinity,affinity_error,affinity_succeeded,timed_repetitions_exact,avx2_supported,kernel_used,eviction_bytes,eviction_checksum,elapsed_seconds,mac_total,mac_per_second,checksum
1472,1,16,"457,297,347,371","10763264,6994944,8172544,8737792","457,297,347,371","10763264,6994944,8172544,8737792",fused,Bclone,8,1,8,2,4,"0,2,4,6","true,true,true,true","0,0,0,0",true,true,true,avx2,0,0,0.0090081,277348352,3.07888e+10,37367653
stderr:

[21] variant=B_real run=7 order_index=3 exit=0
stdout:
D,S,R,O_i,B_i,rows_per_worker,bytes_per_worker,mode,variant,S_tile,iterations,timed_repetitions,warmup,worker_count,worker_list,affinity,affinity_error,affinity_succeeded,timed_repetitions_exact,avx2_supported,kernel_used,eviction_bytes,eviction_checksum,elapsed_seconds,mac_total,mac_per_second,checksum
1472,1,16,"457,297,347,371","10763264,6994944,8172544,8737792","457,297,347,371","10763264,6994944,8172544,8737792",fused,B_real,8,1,8,2,4,"0,2,4,6","true,true,true,true","0,0,0,0",true,true,true,avx2,0,0,0.0085046,277348352,3.26116e+10,18446744073696714746
stderr:

[22] variant=B_real run=8 order_index=1 exit=0
stdout:
D,S,R,O_i,B_i,rows_per_worker,bytes_per_worker,mode,variant,S_tile,iterations,timed_repetitions,warmup,worker_count,worker_list,affinity,affinity_error,affinity_succeeded,timed_repetitions_exact,avx2_supported,kernel_used,eviction_bytes,eviction_checksum,elapsed_seconds,mac_total,mac_per_second,checksum
1472,1,16,"457,297,347,371","10763264,6994944,8172544,8737792","457,297,347,371","10763264,6994944,8172544,8737792",fused,B_real,8,1,8,2,4,"0,2,4,6","true,true,true,true","0,0,0,0",true,true,true,avx2,0,0,0.0122656,277348352,2.26119e+10,18446744073696714746
stderr:

[23] variant=Bclone run=8 order_index=2 exit=0
stdout:
D,S,R,O_i,B_i,rows_per_worker,bytes_per_worker,mode,variant,S_tile,iterations,timed_repetitions,warmup,worker_count,worker_list,affinity,affinity_error,affinity_succeeded,timed_repetitions_exact,avx2_supported,kernel_used,eviction_bytes,eviction_checksum,elapsed_seconds,mac_total,mac_per_second,checksum
1472,1,16,"457,297,347,371","10763264,6994944,8172544,8737792","457,297,347,371","10763264,6994944,8172544,8737792",fused,Bclone,8,1,8,2,4,"0,2,4,6","true,true,true,true","0,0,0,0",true,true,true,avx2,0,0,0.0100215,277348352,2.76753e+10,37367653
stderr:

[24] variant=A run=8 order_index=3 exit=0
stdout:
D,S,R,O_i,B_i,rows_per_worker,bytes_per_worker,mode,variant,S_tile,iterations,timed_repetitions,warmup,worker_count,worker_list,affinity,affinity_error,affinity_succeeded,timed_repetitions_exact,avx2_supported,kernel_used,eviction_bytes,eviction_checksum,elapsed_seconds,mac_total,mac_per_second,checksum
1472,1,16,"457,297,347,371","672704,437184,510784,546112","457,297,347,371","672704,437184,510784,546112",fused,A,8,1,8,2,4,"0,2,4,6","true,true,true,true","0,0,0,0",true,true,true,avx2,0,0,0.0079027,277348352,3.50954e+10,37367653
stderr:

[25] variant=Bclone run=9 order_index=1 exit=0
stdout:
D,S,R,O_i,B_i,rows_per_worker,bytes_per_worker,mode,variant,S_tile,iterations,timed_repetitions,warmup,worker_count,worker_list,affinity,affinity_error,affinity_succeeded,timed_repetitions_exact,avx2_supported,kernel_used,eviction_bytes,eviction_checksum,elapsed_seconds,mac_total,mac_per_second,checksum
1472,1,16,"457,297,347,371","10763264,6994944,8172544,8737792","457,297,347,371","10763264,6994944,8172544,8737792",fused,Bclone,8,1,8,2,4,"0,2,4,6","true,true,true,true","0,0,0,0",true,true,true,avx2,0,0,0.0114175,277348352,2.42915e+10,37367653
stderr:

[26] variant=A run=9 order_index=2 exit=0
stdout:
D,S,R,O_i,B_i,rows_per_worker,bytes_per_worker,mode,variant,S_tile,iterations,timed_repetitions,warmup,worker_count,worker_list,affinity,affinity_error,affinity_succeeded,timed_repetitions_exact,avx2_supported,kernel_used,eviction_bytes,eviction_checksum,elapsed_seconds,mac_total,mac_per_second,checksum
1472,1,16,"457,297,347,371","672704,437184,510784,546112","457,297,347,371","672704,437184,510784,546112",fused,A,8,1,8,2,4,"0,2,4,6","true,true,true,true","0,0,0,0",true,true,true,avx2,0,0,0.009601,277348352,2.88874e+10,37367653
stderr:

[27] variant=B_real run=9 order_index=3 exit=0
stdout:
D,S,R,O_i,B_i,rows_per_worker,bytes_per_worker,mode,variant,S_tile,iterations,timed_repetitions,warmup,worker_count,worker_list,affinity,affinity_error,affinity_succeeded,timed_repetitions_exact,avx2_supported,kernel_used,eviction_bytes,eviction_checksum,elapsed_seconds,mac_total,mac_per_second,checksum
1472,1,16,"457,297,347,371","10763264,6994944,8172544,8737792","457,297,347,371","10763264,6994944,8172544,8737792",fused,B_real,8,1,8,2,4,"0,2,4,6","true,true,true,true","0,0,0,0",true,true,true,avx2,0,0,0.0113927,277348352,2.43444e+10,18446744073696714746
stderr:

[28] variant=B_real run=10 order_index=1 exit=0
stdout:
D,S,R,O_i,B_i,rows_per_worker,bytes_per_worker,mode,variant,S_tile,iterations,timed_repetitions,warmup,worker_count,worker_list,affinity,affinity_error,affinity_succeeded,timed_repetitions_exact,avx2_supported,kernel_used,eviction_bytes,eviction_checksum,elapsed_seconds,mac_total,mac_per_second,checksum
1472,1,16,"457,297,347,371","10763264,6994944,8172544,8737792","457,297,347,371","10763264,6994944,8172544,8737792",fused,B_real,8,1,8,2,4,"0,2,4,6","true,true,true,true","0,0,0,0",true,true,true,avx2,0,0,0.0210149,277348352,1.31977e+10,18446744073696714746
stderr:

[29] variant=A run=10 order_index=2 exit=0
stdout:
D,S,R,O_i,B_i,rows_per_worker,bytes_per_worker,mode,variant,S_tile,iterations,timed_repetitions,warmup,worker_count,worker_list,affinity,affinity_error,affinity_succeeded,timed_repetitions_exact,avx2_supported,kernel_used,eviction_bytes,eviction_checksum,elapsed_seconds,mac_total,mac_per_second,checksum
1472,1,16,"457,297,347,371","672704,437184,510784,546112","457,297,347,371","672704,437184,510784,546112",fused,A,8,1,8,2,4,"0,2,4,6","true,true,true,true","0,0,0,0",true,true,true,avx2,0,0,0.0157292,277348352,1.76327e+10,37367653
stderr:

[30] variant=Bclone run=10 order_index=3 exit=0
stdout:
D,S,R,O_i,B_i,rows_per_worker,bytes_per_worker,mode,variant,S_tile,iterations,timed_repetitions,warmup,worker_count,worker_list,affinity,affinity_error,affinity_succeeded,timed_repetitions_exact,avx2_supported,kernel_used,eviction_bytes,eviction_checksum,elapsed_seconds,mac_total,mac_per_second,checksum
1472,1,16,"457,297,347,371","10763264,6994944,8172544,8737792","457,297,347,371","10763264,6994944,8172544,8737792",fused,Bclone,8,1,8,2,4,"0,2,4,6","true,true,true,true","0,0,0,0",true,true,true,avx2,0,0,0.0163168,277348352,1.69977e+10,37367653
stderr:

