T0-M recurrence component breakdown stderr log
speed stderr must contain no correction/autotest/self-test text
[1] preflight_self_test exit=0 stderr=self_test_round,D=37,S=1,R=16,round=1,reference_checksum=650311547126108762,fused_checksum=650311547126108762,repeat_checksum=650311547126108762,reference_finite=true,fused_finite=true,repeat_finite=true,reference_overflow=false,fused_overflow=false,repeat_overflow=false,reference_clipped_cells=1,fused_clipped_cells=1,repeat_clipped_cells=1,total_cells=37,fused_cells_equal_to_reference=37,repeat_cells_equal_to_reference=37,reference_clipping_rate=0.027027027,fused_clipping_rate=0.027027027,repeat_clipping_rate=0.027027027
self_test_round,D=37,S=1,R=16,round=2,reference_checksum=17974429469750960587,fused_checksum=17974429469750960587,repeat_checksum=17974429469750960587,reference_finite=true,fused_finite=true,repeat_finite=true,reference_overflow=false,fused_overflow=false,repeat_overflow=false,reference_clipped_cells=0,fused_clipped_cells=0,repeat_clipped_cells=0,total_cells=37,fused_cells_equal_to_reference=37,repeat_cells_equal_to_reference=37,reference_clipping_rate=0.000000000,fused_clipping_rate=0.000000000,repeat_clipping_rate=0.000000000
self_test_round,D=37,S=1,R=16,round=3,reference_checksum=17948820802098718694,fused_checksum=17948820802098718694,repeat_checksum=17948820802098718694,reference_finite=true,fused_finite=true,repeat_finite=true,reference_overflow=false,fused_overflow=false,repeat_overflow=false,reference_clipped_cells=0,fused_clipped_cells=0,repeat_clipped_cells=0,total_cells=37,fused_cells_equal_to_reference=37,repeat_cells_equal_to_reference=37,reference_clipping_rate=0.000000000,fused_clipping_rate=0.000000000,repeat_clipping_rate=0.000000000
self_test_round,D=37,S=1,R=16,round=4,reference_checksum=8212896939338543897,fused_checksum=8212896939338543897,repeat_checksum=8212896939338543897,reference_finite=true,fused_finite=true,repeat_finite=true,reference_overflow=false,fused_overflow=false,repeat_overflow=false,reference_clipped_cells=0,fused_clipped_cells=0,repeat_clipped_cells=0,total_cells=37,fused_cells_equal_to_reference=37,repeat...[truncated]
[2] speed S=1 component=transition-only run=1 order_index=1 exit=0 stderr=
[3] speed S=1 component=gemv-only run=1 order_index=2 exit=0 stderr=
[4] speed S=1 component=full run=1 order_index=3 exit=0 stderr=
[5] speed S=1 component=full run=2 order_index=1 exit=0 stderr=
[6] speed S=1 component=gemv-only run=2 order_index=2 exit=0 stderr=
[7] speed S=1 component=transition-only run=2 order_index=3 exit=0 stderr=
[8] speed S=1 component=transition-only run=3 order_index=1 exit=0 stderr=
[9] speed S=1 component=gemv-only run=3 order_index=2 exit=0 stderr=
[10] speed S=1 component=full run=3 order_index=3 exit=0 stderr=
[11] speed S=1 component=full run=4 order_index=1 exit=0 stderr=
[12] speed S=1 component=gemv-only run=4 order_index=2 exit=0 stderr=
[13] speed S=1 component=transition-only run=4 order_index=3 exit=0 stderr=
[14] speed S=1 component=transition-only run=5 order_index=1 exit=0 stderr=
[15] speed S=1 component=gemv-only run=5 order_index=2 exit=0 stderr=
[16] speed S=1 component=full run=5 order_index=3 exit=0 stderr=
[17] speed S=1 component=full run=6 order_index=1 exit=0 stderr=
[18] speed S=1 component=gemv-only run=6 order_index=2 exit=0 stderr=
[19] speed S=1 component=transition-only run=6 order_index=3 exit=0 stderr=
[20] speed S=1 component=transition-only run=7 order_index=1 exit=0 stderr=
[21] speed S=1 component=gemv-only run=7 order_index=2 exit=0 stderr=
[22] speed S=1 component=full run=7 order_index=3 exit=0 stderr=
[23] speed S=1 component=full run=8 order_index=1 exit=0 stderr=
[24] speed S=1 component=gemv-only run=8 order_index=2 exit=0 stderr=
[25] speed S=1 component=transition-only run=8 order_index=3 exit=0 stderr=
[26] speed S=1 component=transition-only run=9 order_index=1 exit=0 stderr=
[27] speed S=1 component=gemv-only run=9 order_index=2 exit=0 stderr=
[28] speed S=1 component=full run=9 order_index=3 exit=0 stderr=
[29] speed S=1 component=full run=10 order_index=1 exit=0 stderr=
[30] speed S=1 component=gemv-only run=10 order_index=2 exit=0 stderr=
[31] speed S=1 component=transition-only run=10 order_index=3 exit=0 stderr=
[32] speed S=4 component=transition-only run=1 order_index=1 exit=0 stderr=
[33] speed S=4 component=gemv-only run=1 order_index=2 exit=0 stderr=
[34] speed S=4 component=full run=1 order_index=3 exit=0 stderr=
[35] speed S=4 component=full run=2 order_index=1 exit=0 stderr=
[36] speed S=4 component=gemv-only run=2 order_index=2 exit=0 stderr=
[37] speed S=4 component=transition-only run=2 order_index=3 exit=0 stderr=
[38] speed S=4 component=transition-only run=3 order_index=1 exit=0 stderr=
[39] speed S=4 component=gemv-only run=3 order_index=2 exit=0 stderr=
[40] speed S=4 component=full run=3 order_index=3 exit=0 stderr=
[41] speed S=4 component=full run=4 order_index=1 exit=0 stderr=
[42] speed S=4 component=gemv-only run=4 order_index=2 exit=0 stderr=
[43] speed S=4 component=transition-only run=4 order_index=3 exit=0 stderr=
[44] speed S=4 component=transition-only run=5 order_index=1 exit=0 stderr=
[45] speed S=4 component=gemv-only run=5 order_index=2 exit=0 stderr=
[46] speed S=4 component=full run=5 order_index=3 exit=0 stderr=
[47] speed S=4 component=full run=6 order_index=1 exit=0 stderr=
[48] speed S=4 component=gemv-only run=6 order_index=2 exit=0 stderr=
[49] speed S=4 component=transition-only run=6 order_index=3 exit=0 stderr=
[50] speed S=4 component=transition-only run=7 order_index=1 exit=0 stderr=
[51] speed S=4 component=gemv-only run=7 order_index=2 exit=0 stderr=
[52] speed S=4 component=full run=7 order_index=3 exit=0 stderr=
[53] speed S=4 component=full run=8 order_index=1 exit=0 stderr=
[54] speed S=4 component=gemv-only run=8 order_index=2 exit=0 stderr=
[55] speed S=4 component=transition-only run=8 order_index=3 exit=0 stderr=
[56] speed S=4 component=transition-only run=9 order_index=1 exit=0 stderr=
[57] speed S=4 component=gemv-only run=9 order_index=2 exit=0 stderr=
[58] speed S=4 component=full run=9 order_index=3 exit=0 stderr=
[59] speed S=4 component=full run=10 order_index=1 exit=0 stderr=
[60] speed S=4 component=gemv-only run=10 order_index=2 exit=0 stderr=
[61] speed S=4 component=transition-only run=10 order_index=3 exit=0 stderr=
[62] speed S=8 component=transition-only run=1 order_index=1 exit=0 stderr=
[63] speed S=8 component=gemv-only run=1 order_index=2 exit=0 stderr=
[64] speed S=8 component=full run=1 order_index=3 exit=0 stderr=
[65] speed S=8 component=full run=2 order_index=1 exit=0 stderr=
[66] speed S=8 component=gemv-only run=2 order_index=2 exit=0 stderr=
[67] speed S=8 component=transition-only run=2 order_index=3 exit=0 stderr=
[68] speed S=8 component=transition-only run=3 order_index=1 exit=0 stderr=
[69] speed S=8 component=gemv-only run=3 order_index=2 exit=0 stderr=
[70] speed S=8 component=full run=3 order_index=3 exit=0 stderr=
[71] speed S=8 component=full run=4 order_index=1 exit=0 stderr=
[72] speed S=8 component=gemv-only run=4 order_index=2 exit=0 stderr=
[73] speed S=8 component=transition-only run=4 order_index=3 exit=0 stderr=
[74] speed S=8 component=transition-only run=5 order_index=1 exit=0 stderr=
[75] speed S=8 component=gemv-only run=5 order_index=2 exit=0 stderr=
[76] speed S=8 component=full run=5 order_index=3 exit=0 stderr=
[77] speed S=8 component=full run=6 order_index=1 exit=0 stderr=
[78] speed S=8 component=gemv-only run=6 order_index=2 exit=0 stderr=
[79] speed S=8 component=transition-only run=6 order_index=3 exit=0 stderr=
[80] speed S=8 component=transition-only run=7 order_index=1 exit=0 stderr=
[81] speed S=8 component=gemv-only run=7 order_index=2 exit=0 stderr=
[82] speed S=8 component=full run=7 order_index=3 exit=0 stderr=
[83] speed S=8 component=full run=8 order_index=1 exit=0 stderr=
[84] speed S=8 component=gemv-only run=8 order_index=2 exit=0 stderr=
[85] speed S=8 component=transition-only run=8 order_index=3 exit=0 stderr=
[86] speed S=8 component=transition-only run=9 order_index=1 exit=0 stderr=
[87] speed S=8 component=gemv-only run=9 order_index=2 exit=0 stderr=
[88] speed S=8 component=full run=9 order_index=3 exit=0 stderr=
[89] speed S=8 component=full run=10 order_index=1 exit=0 stderr=
[90] speed S=8 component=gemv-only run=10 order_index=2 exit=0 stderr=
[91] speed S=8 component=transition-only run=10 order_index=3 exit=0 stderr=
[92] speed S=16 component=transition-only run=1 order_index=1 exit=0 stderr=
[93] speed S=16 component=gemv-only run=1 order_index=2 exit=0 stderr=
[94] speed S=16 component=full run=1 order_index=3 exit=0 stderr=
[95] speed S=16 component=full run=2 order_index=1 exit=0 stderr=
[96] speed S=16 component=gemv-only run=2 order_index=2 exit=0 stderr=
[97] speed S=16 component=transition-only run=2 order_index=3 exit=0 stderr=
[98] speed S=16 component=transition-only run=3 order_index=1 exit=0 stderr=
[99] speed S=16 component=gemv-only run=3 order_index=2 exit=0 stderr=
[100] speed S=16 component=full run=3 order_index=3 exit=0 stderr=
[101] speed S=16 component=full run=4 order_index=1 exit=0 stderr=
[102] speed S=16 component=gemv-only run=4 order_index=2 exit=0 stderr=
[103] speed S=16 component=transition-only run=4 order_index=3 exit=0 stderr=
[104] speed S=16 component=transition-only run=5 order_index=1 exit=0 stderr=
[105] speed S=16 component=gemv-only run=5 order_index=2 exit=0 stderr=
[106] speed S=16 component=full run=5 order_index=3 exit=0 stderr=
[107] speed S=16 component=full run=6 order_index=1 exit=0 stderr=
[108] speed S=16 component=gemv-only run=6 order_index=2 exit=0 stderr=
[109] speed S=16 component=transition-only run=6 order_index=3 exit=0 stderr=
[110] speed S=16 component=transition-only run=7 order_index=1 exit=0 stderr=
[111] speed S=16 component=gemv-only run=7 order_index=2 exit=0 stderr=
[112] speed S=16 component=full run=7 order_index=3 exit=0 stderr=
[113] speed S=16 component=full run=8 order_index=1 exit=0 stderr=
[114] speed S=16 component=gemv-only run=8 order_index=2 exit=0 stderr=
[115] speed S=16 component=transition-only run=8 order_index=3 exit=0 stderr=
[116] speed S=16 component=transition-only run=9 order_index=1 exit=0 stderr=
[117] speed S=16 component=gemv-only run=9 order_index=2 exit=0 stderr=
[118] speed S=16 component=full run=9 order_index=3 exit=0 stderr=
[119] speed S=16 component=full run=10 order_index=1 exit=0 stderr=
[120] speed S=16 component=gemv-only run=10 order_index=2 exit=0 stderr=
[121] speed S=16 component=transition-only run=10 order_index=3 exit=0 stderr=
