{
  "checkpoint": "D:\\Install\\Dev\\Projects\\IA\\Ejercise\\t1_trainability_lab_v0.1.0\\campaign\\sequential_update_su4_su5_replication\\seed_303\\su4\\final.pt",
  "elapsed_seconds": 0.09036439983174205,
  "finite": true,
  "modes": {
    "free_running": {
      "accuracy_by_h_and_round": {
        "1": {
          "1": 1.0,
          "2": 1.0,
          "4": 1.0
        },
        "2": {
          "1": 0.0,
          "2": 1.0,
          "4": 1.0
        },
        "3": {
          "1": 0.0364999994635582,
          "2": 0.03500000014901161,
          "4": 1.0
        },
        "4": {
          "1": 0.03750000149011612,
          "2": 0.032499998807907104,
          "4": 1.0
        }
      },
      "one_step_register_accuracy_by_round": {
        "1": 1.0,
        "2": 1.0,
        "3": 1.0,
        "4": 1.0
      }
    },
    "teacher_forcing": {
      "accuracy_by_h_and_round": {
        "1": {
          "1": 1.0,
          "2": 1.0,
          "4": 1.0
        },
        "2": {
          "1": 0.0,
          "2": 1.0,
          "4": 1.0
        },
        "3": {
          "1": 0.0364999994635582,
          "2": 0.03500000014901161,
          "4": 1.0
        },
        "4": {
          "1": 0.03750000149011612,
          "2": 0.032499998807907104,
          "4": 1.0
        }
      },
      "one_step_register_accuracy_by_round": {
        "1": 1.0,
        "2": 1.0,
        "3": 1.0,
        "4": 1.0
      }
    }
  },
  "samples_per_h": 2000,
  "seed": 303,
  "status": "completed"
}
D:\Install\Dev\Projects\IA\Ejercise\t1_trainability_lab_v0.1.0\.venv\Scripts\python.exe D:\Install\Dev\Projects\IA\Ejercise\t1_trainability_lab_v0.1.0\scripts\evaluate_sequential_update_su5.py --seed 303 --checkpoint D:\Install\Dev\Projects\IA\Ejercise\t1_trainability_lab_v0.1.0\campaign\sequential_update_su4_su5_replication\seed_303\su4\final.pt --output-dir D:\Install\Dev\Projects\IA\Ejercise\t1_trainability_lab_v0.1.0\campaign\sequential_update_su4_su5_replication\seed_303\su5 --samples-per-h 2000
