D:\Install\Dev\Projects\IA\Ejercise\t1_trainability_lab_v0.1.0\scripts\train_t1w_workspace.py:132: UserWarning: Converting a tensor with requires_grad=True to a scalar may lead to unexpected behavior.
Consider using tensor.detach() first. (Triggered internally at C:\actions-runner\_work\pytorch\pytorch\pytorch\torch\csrc\autograd\generated\python_variable_methods.cpp:837.)
  metric = {"step": step_index, "loss": float(loss.detach()), "val_cosine": float(val_cosine.mean()), "val_normalized_error": float(val_error.mean()), "gradient_norm": grad_norm}
{
  "dataset_manifest": {
    "test": {
      "h_counts": {
        "2": 1024,
        "4": 1024,
        "6": 1024
      },
      "samples": 3072,
      "seed": 30303,
      "targets_sha256": "186a2392d8d9ff48bfc5513fbac1e9c6c454dabf44fd4cfe547e1213e0bf9965",
      "vectors_sha256": "78dca1e2348f3ae289eeee117230ff47164de6754ec882d25715c8bb7daeec6e"
    },
    "train": {
      "h_counts": {
        "2": 1024,
        "4": 1024,
        "6": 1024
      },
      "samples": 3072,
      "seed": 10101,
      "targets_sha256": "44edb48fc7f2a529d937b235f93634d859bb796c433107492472df2a5c7d5ac2",
      "vectors_sha256": "1026dfb8820fffd44af46a3491ad8d2f2c48baddda32f304422caa73d9654ec6"
    },
    "val": {
      "h_counts": {
        "2": 1024,
        "4": 1024,
        "6": 1024
      },
      "samples": 3072,
      "seed": 20202,
      "targets_sha256": "50096522ca5e79844edfa9f4d425acd518aef3370851b568c1ae1c8b1b289cb6",
      "vectors_sha256": "dc1d11d75f44afa03b4a3b98f418f25c784a1ef03cead533ddc0faa68abdbba6"
    }
  },
  "elapsed_seconds": 39.916989400051534,
  "finite": true,
  "results": {
    "frozen": {
      "2": {
        "1": {
          "cosine": 0.0,
          "normalized_error": 1.0
        },
        "2": {
          "cosine": 0.0,
          "normalized_error": 1.0
        },
        "4": {
          "cosine": 0.0,
          "normalized_error": 1.0
        },
        "6": {
          "cosine": 0.0,
          "normalized_error": 1.0
        }
      },
      "4": {
        "1": {
          "cosine": 0.0,
          "normalized_error": 1.0
        },
        "2": {
          "cosine": 0.0,
          "normalized_error": 1.0
        },
        "4": {
          "cosine": 0.0,
          "normalized_error": 1.0
        },
        "6": {
          "cosine": 0.0,
          "normalized_error": 1.0
        }
      },
      "6": {
        "1": {
          "cosine": 0.0,
          "normalized_error": 1.0
        },
        "2": {
          "cosine": 0.0,
          "normalized_error": 1.0
        },
        "4": {
          "cosine": 0.0,
          "normalized_error": 1.0
        },
        "6": {
          "cosine": 0.0,
          "normalized_error": 1.0
        }
      }
    },
    "replaced": {
      "2": {
        "1": {
          "cosine": 0.7040510773658752,
          "normalized_error": 0.70969158411026
        },
        "2": {
          "cosine": 0.7042856812477112,
          "normalized_error": 0.7099672555923462
        },
        "4": {
          "cosine": 0.7042856812477112,
          "normalized_error": 0.7099672555923462
        },
        "6": {
          "cosine": 0.7042856812477112,
          "normalized_error": 0.7099672555923462
        }
      },
      "4": {
        "1": {
          "cosine": 0.4958134889602661,
          "normalized_error": 0.86886066198349
        },
        "2": {
          "cosine": 0.49944213032722473,
          "normalized_error": 0.8663655519485474
        },
        "4": {
          "cosine": 0.4969513416290283,
          "normalized_error": 0.8682155013084412
        },
        "6": {
          "cosine": 0.4969513416290283,
          "normalized_error": 0.8682155013084412
        }
      },
      "6": {
        "1": {
          "cosine": 0.4094359874725342,
          "normalized_error": 0.9123249053955078
        },
        "2": {
          "cosine": 0.40129417181015015,
          "normalized_error": 0.9159702062606812
        },
        "4": {
          "cosine": 0.4065703749656677,
          "normalized_error": 0.913769543170929
        },
        "6": {
          "cosine": 0.4029603898525238,
          "normalized_error": 0.9153257608413696
        }
      }
    },
    "residual": {
      "2": {
        "1": {
          "cosine": 0.7040510773658752,
          "normalized_error": 0.70969158411026
        },
        "2": {
          "cosine": 1.0,
          "normalized_error": 0.0
        },
        "4": {
          "cosine": 1.0,
          "normalized_error": 0.0
        },
        "6": {
          "cosine": 1.0,
          "normalized_error": 0.0
        }
      },
      "4": {
        "1": {
          "cosine": 0.4958134889602661,
          "normalized_error": 0.86886066198349
        },
        "2": {
          "cosine": 0.7047584056854248,
          "normalized_error": 0.7099208235740662
        },
        "4": {
          "cosine": 1.0,
          "normalized_error": 0.0
        },
        "6": {
          "cosine": 1.0,
          "normalized_error": 0.0
        }
      },
      "6": {
        "1": {
          "cosine": 0.4094359874725342,
          "normalized_error": 0.9123249053955078
        },
        "2": {
          "cosine": 0.5735703110694885,
          "normalized_error": 0.819500744342804
        },
        "4": {
          "cosine": 0.8122893571853638,
          "normalized_error": 0.5834557414054871
        },
        "6": {
          "cosine": 1.0,
          "normalized_error": 0.0
        }
      }
    }
  },
  "seed": 202,
  "status": "completed"
}
D:\Install\Dev\Projects\IA\Ejercise\t1_trainability_lab_v0.1.0\.venv\Scripts\python.exe D:\Install\Dev\Projects\IA\Ejercise\t1_trainability_lab_v0.1.0\scripts\train_t1w_workspace.py --seed 202 --identity-bypass --max-steps 5000 --output-dir D:\Install\Dev\Projects\IA\Ejercise\t1_trainability_lab_v0.1.0\campaign\t1w_identity_replication\seed_202 --dataset-dir datasets\t1w_workspace
