Traceback (most recent call last):
  File "D:\Install\Dev\Projects\IA\Ejercise\t1_trainability_lab_v0.1.0\campaign\omega_readout_cache_survival_audit\run_omega_readout_cache_survival_audit.py", line 364, in <module>
    raise SystemExit(main())
                     ~~~~^^
  File "D:\Install\Dev\Projects\IA\Ejercise\t1_trainability_lab_v0.1.0\campaign\omega_readout_cache_survival_audit\run_omega_readout_cache_survival_audit.py", line 359, in main
    print(json.dumps(run_full(args.output_dir, positive), indent=2, sort_keys=True))
                     ~~~~~~~~^^^^^^^^^^^^^^^^^^^^^^^^^^^
  File "D:\Install\Dev\Projects\IA\Ejercise\t1_trainability_lab_v0.1.0\campaign\omega_readout_cache_survival_audit\run_omega_readout_cache_survival_audit.py", line 307, in run_full
    sample = spawn_block(command, token)
  File "D:\Install\Dev\Projects\IA\Ejercise\t1_trainability_lab_v0.1.0\campaign\omega_readout_cache_survival_audit\run_omega_readout_cache_survival_audit.py", line 272, in spawn_block
    raise RuntimeError(f"cache-survival child failed: {completed.stderr[-1000:]}")
RuntimeError: cache-survival child failed: inability_lab_v0.1.0\campaign\omega_core_lm_0_r1_cpu_fastpath_validation\omega_fast_candidate.py", line 181, in logits_from_states
    return self.logits_from_projected(self.project(states))
                                      ~~~~~~~~~~~~^^^^^^^^
  File "D:\Install\Dev\Projects\IA\Ejercise\t1_trainability_lab_v0.1.0\campaign\omega_core_lm_0_r1_cpu_fastpath_validation\omega_fast_candidate.py", line 175, in project
    return self.output_projection(F.rms_norm(flat, (flat.shape[-1],), self.readout_norm_weight, EPS))
                                  ~~~~~~~~~~^^^^^^^^^^^^^^^^^^^^^^^^^^^^^^^^^^^^^^^^^^^^^^^^^^^^^^^^
  File "C:\Users\danil\AppData\Roaming\Python\Python314\site-packages\torch\nn\functional.py", line 2954, in rms_norm
    return torch.rms_norm(input, normalized_shape, weight, eps)
           ~~~~~~~~~~~~~~^^^^^^^^^^^^^^^^^^^^^^^^^^^^^^^^^^^^^^
RuntimeError: Expected weight to be of same shape as normalized_shape, but got weight of shape [1024] and normalized_shape = [128]

