
[1/60] START D:\Install\Dev\Projects\IA\Ejercise\t1_trainability_lab_v0.1.0\.venv\Scripts\python.exe D:\Install\Dev\Projects\IA\Ejercise\t1_trainability_lab_v0.1.0\scripts\train_run.py --task multi_hop --variant single --dimension 64 --slots 4 --rounds 1 --seed 101 --output-dir campaign\runs\multi_hop\single\D64_S4_R1\seed_101
D:\Install\Dev\Projects\IA\Ejercise\t1_trainability_lab_v0.1.0\scripts\train_run.py:169: UserWarning: Converting a tensor with requires_grad=True to a scalar may lead to unexpected behavior.
Consider using tensor.detach() first. (Triggered internally at C:\actions-runner\_work\pytorch\pytorch\pytorch\torch\csrc\autograd\generated\python_variable_methods.cpp:837.)
  train_loss_sum += float(loss)
{"best_val_accuracy": 0.539, "best_val_loss": 1.0726514616012572, "dimension": 64, "elapsed_seconds": 49.6103963998612, "epochs": 40, "finite": true, "rounds": 1, "seed": 101, "slots": 4, "status": "completed", "steps": 3100, "task": "multi_hop", "test_accuracy": 0.5295, "test_loss": 1.0601287198066711, "variant": "single"}

[2/60] START D:\Install\Dev\Projects\IA\Ejercise\t1_trainability_lab_v0.1.0\.venv\Scripts\python.exe D:\Install\Dev\Projects\IA\Ejercise\t1_trainability_lab_v0.1.0\scripts\train_run.py --task multi_hop --variant shared --dimension 64 --slots 4 --rounds 1 --seed 101 --output-dir campaign\runs\multi_hop\shared\D64_S4_R1\seed_101
D:\Install\Dev\Projects\IA\Ejercise\t1_trainability_lab_v0.1.0\scripts\train_run.py:169: UserWarning: Converting a tensor with requires_grad=True to a scalar may lead to unexpected behavior.
Consider using tensor.detach() first. (Triggered internally at C:\actions-runner\_work\pytorch\pytorch\pytorch\torch\csrc\autograd\generated\python_variable_methods.cpp:837.)
  train_loss_sum += float(loss)
{"best_val_accuracy": 0.539, "best_val_loss": 1.0726514616012572, "dimension": 64, "elapsed_seconds": 49.08314160001464, "epochs": 40, "finite": true, "rounds": 1, "seed": 101, "slots": 4, "status": "completed", "steps": 3100, "task": "multi_hop", "test_accuracy": 0.5295, "test_loss": 1.0601287198066711, "variant": "shared"}

[3/60] START D:\Install\Dev\Projects\IA\Ejercise\t1_trainability_lab_v0.1.0\.venv\Scripts\python.exe D:\Install\Dev\Projects\IA\Ejercise\t1_trainability_lab_v0.1.0\scripts\train_run.py --task multi_hop --variant shared --dimension 64 --slots 4 --rounds 4 --seed 101 --output-dir campaign\runs\multi_hop\shared\D64_S4_R4\seed_101
D:\Install\Dev\Projects\IA\Ejercise\t1_trainability_lab_v0.1.0\scripts\train_run.py:169: UserWarning: Converting a tensor with requires_grad=True to a scalar may lead to unexpected behavior.
Consider using tensor.detach() first. (Triggered internally at C:\actions-runner\_work\pytorch\pytorch\pytorch\torch\csrc\autograd\generated\python_variable_methods.cpp:837.)
  train_loss_sum += float(loss)
{"best_val_accuracy": 0.537, "best_val_loss": 1.0966616230010986, "dimension": 64, "elapsed_seconds": 93.1205973001197, "epochs": 46, "finite": true, "rounds": 4, "seed": 101, "slots": 4, "status": "completed", "steps": 3600, "task": "multi_hop", "test_accuracy": 0.5445, "test_loss": 1.111493522644043, "variant": "shared"}

[4/60] START D:\Install\Dev\Projects\IA\Ejercise\t1_trainability_lab_v0.1.0\.venv\Scripts\python.exe D:\Install\Dev\Projects\IA\Ejercise\t1_trainability_lab_v0.1.0\scripts\train_run.py --task multi_hop --variant shared --dimension 64 --slots 4 --rounds 8 --seed 101 --output-dir campaign\runs\multi_hop\shared\D64_S4_R8\seed_101
D:\Install\Dev\Projects\IA\Ejercise\t1_trainability_lab_v0.1.0\scripts\train_run.py:169: UserWarning: Converting a tensor with requires_grad=True to a scalar may lead to unexpected behavior.
Consider using tensor.detach() first. (Triggered internally at C:\actions-runner\_work\pytorch\pytorch\pytorch\torch\csrc\autograd\generated\python_variable_methods.cpp:837.)
  train_loss_sum += float(loss)
{"best_val_accuracy": 0.5325, "best_val_loss": 1.2246305198669434, "dimension": 64, "elapsed_seconds": 193.93564729997888, "epochs": 64, "finite": true, "rounds": 8, "seed": 101, "slots": 4, "status": "completed", "steps": 5000, "task": "multi_hop", "test_accuracy": 0.5395, "test_loss": 1.22218896818161, "variant": "shared"}

[5/60] START D:\Install\Dev\Projects\IA\Ejercise\t1_trainability_lab_v0.1.0\.venv\Scripts\python.exe D:\Install\Dev\Projects\IA\Ejercise\t1_trainability_lab_v0.1.0\scripts\train_run.py --task multi_hop --variant shared --dimension 64 --slots 1 --rounds 4 --seed 101 --output-dir campaign\runs\multi_hop\shared\D64_S1_R4\seed_101
D:\Install\Dev\Projects\IA\Ejercise\t1_trainability_lab_v0.1.0\scripts\train_run.py:169: UserWarning: Converting a tensor with requires_grad=True to a scalar may lead to unexpected behavior.
Consider using tensor.detach() first. (Triggered internally at C:\actions-runner\_work\pytorch\pytorch\pytorch\torch\csrc\autograd\generated\python_variable_methods.cpp:837.)
  train_loss_sum += float(loss)
{"best_val_accuracy": 0.5295, "best_val_loss": 1.0595054368972778, "dimension": 64, "elapsed_seconds": 53.5660425000824, "epochs": 37, "finite": true, "rounds": 4, "seed": 101, "slots": 1, "status": "completed", "steps": 2900, "task": "multi_hop", "test_accuracy": 0.534, "test_loss": 0.9883278951644897, "variant": "shared"}

[6/60] START D:\Install\Dev\Projects\IA\Ejercise\t1_trainability_lab_v0.1.0\.venv\Scripts\python.exe D:\Install\Dev\Projects\IA\Ejercise\t1_trainability_lab_v0.1.0\scripts\train_run.py --task multi_hop --variant shared --dimension 64 --slots 8 --rounds 4 --seed 101 --output-dir campaign\runs\multi_hop\shared\D64_S8_R4\seed_101
D:\Install\Dev\Projects\IA\Ejercise\t1_trainability_lab_v0.1.0\scripts\train_run.py:169: UserWarning: Converting a tensor with requires_grad=True to a scalar may lead to unexpected behavior.
Consider using tensor.detach() first. (Triggered internally at C:\actions-runner\_work\pytorch\pytorch\pytorch\torch\csrc\autograd\generated\python_variable_methods.cpp:837.)
  train_loss_sum += float(loss)
{"best_val_accuracy": 0.5335, "best_val_loss": 1.1349511270523072, "dimension": 64, "elapsed_seconds": 134.59563910006545, "epochs": 51, "finite": true, "rounds": 4, "seed": 101, "slots": 8, "status": "completed", "steps": 4000, "task": "multi_hop", "test_accuracy": 0.5305, "test_loss": 1.1274757766723633, "variant": "shared"}

[7/60] START D:\Install\Dev\Projects\IA\Ejercise\t1_trainability_lab_v0.1.0\.venv\Scripts\python.exe D:\Install\Dev\Projects\IA\Ejercise\t1_trainability_lab_v0.1.0\scripts\train_run.py --task multi_hop --variant untied --dimension 64 --slots 4 --rounds 4 --seed 101 --output-dir campaign\runs\multi_hop\untied\D64_S4_R4\seed_101
D:\Install\Dev\Projects\IA\Ejercise\t1_trainability_lab_v0.1.0\scripts\train_run.py:169: UserWarning: Converting a tensor with requires_grad=True to a scalar may lead to unexpected behavior.
Consider using tensor.detach() first. (Triggered internally at C:\actions-runner\_work\pytorch\pytorch\pytorch\torch\csrc\autograd\generated\python_variable_methods.cpp:837.)
  train_loss_sum += float(loss)
{"best_val_accuracy": 0.533, "best_val_loss": 1.0927377653121948, "dimension": 64, "elapsed_seconds": 85.1019080998376, "epochs": 38, "finite": true, "rounds": 4, "seed": 101, "slots": 4, "status": "completed", "steps": 3000, "task": "multi_hop", "test_accuracy": 0.5395, "test_loss": 1.0621925954818725, "variant": "untied"}

[8/60] START D:\Install\Dev\Projects\IA\Ejercise\t1_trainability_lab_v0.1.0\.venv\Scripts\python.exe D:\Install\Dev\Projects\IA\Ejercise\t1_trainability_lab_v0.1.0\scripts\train_run.py --task multi_hop --variant vector-state --dimension 64 --slots 1 --rounds 4 --seed 101 --output-dir campaign\runs\multi_hop\vector-state\D64_S1_R4\seed_101
D:\Install\Dev\Projects\IA\Ejercise\t1_trainability_lab_v0.1.0\scripts\train_run.py:169: UserWarning: Converting a tensor with requires_grad=True to a scalar may lead to unexpected behavior.
Consider using tensor.detach() first. (Triggered internally at C:\actions-runner\_work\pytorch\pytorch\pytorch\torch\csrc\autograd\generated\python_variable_methods.cpp:837.)
  train_loss_sum += float(loss)
{"best_val_accuracy": 0.5295, "best_val_loss": 1.0595054368972778, "dimension": 64, "elapsed_seconds": 53.81341320020147, "epochs": 37, "finite": true, "rounds": 4, "seed": 101, "slots": 1, "status": "completed", "steps": 2900, "task": "multi_hop", "test_accuracy": 0.534, "test_loss": 0.9883278951644897, "variant": "vector-state"}

[9/60] START D:\Install\Dev\Projects\IA\Ejercise\t1_trainability_lab_v0.1.0\.venv\Scripts\python.exe D:\Install\Dev\Projects\IA\Ejercise\t1_trainability_lab_v0.1.0\scripts\train_run.py --task length_generalization --variant single --dimension 64 --slots 4 --rounds 1 --seed 101 --output-dir campaign\runs\length_generalization\single\D64_S4_R1\seed_101
D:\Install\Dev\Projects\IA\Ejercise\t1_trainability_lab_v0.1.0\scripts\train_run.py:169: UserWarning: Converting a tensor with requires_grad=True to a scalar may lead to unexpected behavior.
Consider using tensor.detach() first. (Triggered internally at C:\actions-runner\_work\pytorch\pytorch\pytorch\torch\csrc\autograd\generated\python_variable_methods.cpp:837.)
  train_loss_sum += float(loss)
{"best_val_accuracy": 0.6165, "best_val_loss": 0.8341159105300904, "dimension": 64, "elapsed_seconds": 38.89770770003088, "epochs": 32, "finite": true, "rounds": 1, "seed": 101, "slots": 4, "status": "completed", "steps": 2500, "task": "length_generalization", "test_accuracy": 0.192, "test_loss": 3.5124765281677246, "variant": "single"}

[10/60] START D:\Install\Dev\Projects\IA\Ejercise\t1_trainability_lab_v0.1.0\.venv\Scripts\python.exe D:\Install\Dev\Projects\IA\Ejercise\t1_trainability_lab_v0.1.0\scripts\train_run.py --task length_generalization --variant shared --dimension 64 --slots 4 --rounds 1 --seed 101 --output-dir campaign\runs\length_generalization\shared\D64_S4_R1\seed_101
D:\Install\Dev\Projects\IA\Ejercise\t1_trainability_lab_v0.1.0\scripts\train_run.py:169: UserWarning: Converting a tensor with requires_grad=True to a scalar may lead to unexpected behavior.
Consider using tensor.detach() first. (Triggered internally at C:\actions-runner\_work\pytorch\pytorch\pytorch\torch\csrc\autograd\generated\python_variable_methods.cpp:837.)
  train_loss_sum += float(loss)
{"best_val_accuracy": 0.6165, "best_val_loss": 0.8341159105300904, "dimension": 64, "elapsed_seconds": 39.67785000009462, "epochs": 32, "finite": true, "rounds": 1, "seed": 101, "slots": 4, "status": "completed", "steps": 2500, "task": "length_generalization", "test_accuracy": 0.192, "test_loss": 3.5124765281677246, "variant": "shared"}

[11/60] START D:\Install\Dev\Projects\IA\Ejercise\t1_trainability_lab_v0.1.0\.venv\Scripts\python.exe D:\Install\Dev\Projects\IA\Ejercise\t1_trainability_lab_v0.1.0\scripts\train_run.py --task length_generalization --variant shared --dimension 64 --slots 4 --rounds 4 --seed 101 --output-dir campaign\runs\length_generalization\shared\D64_S4_R4\seed_101
D:\Install\Dev\Projects\IA\Ejercise\t1_trainability_lab_v0.1.0\scripts\train_run.py:169: UserWarning: Converting a tensor with requires_grad=True to a scalar may lead to unexpected behavior.
Consider using tensor.detach() first. (Triggered internally at C:\actions-runner\_work\pytorch\pytorch\pytorch\torch\csrc\autograd\generated\python_variable_methods.cpp:837.)
  train_loss_sum += float(loss)
{"best_val_accuracy": 0.6265, "best_val_loss": 0.9008927297592163, "dimension": 64, "elapsed_seconds": 90.35660369996913, "epochs": 45, "finite": true, "rounds": 4, "seed": 101, "slots": 4, "status": "completed", "steps": 3500, "task": "length_generalization", "test_accuracy": 0.208, "test_loss": 3.751924945831299, "variant": "shared"}

[12/60] START D:\Install\Dev\Projects\IA\Ejercise\t1_trainability_lab_v0.1.0\.venv\Scripts\python.exe D:\Install\Dev\Projects\IA\Ejercise\t1_trainability_lab_v0.1.0\scripts\train_run.py --task length_generalization --variant shared --dimension 64 --slots 4 --rounds 8 --seed 101 --output-dir campaign\runs\length_generalization\shared\D64_S4_R8\seed_101
D:\Install\Dev\Projects\IA\Ejercise\t1_trainability_lab_v0.1.0\scripts\train_run.py:169: UserWarning: Converting a tensor with requires_grad=True to a scalar may lead to unexpected behavior.
Consider using tensor.detach() first. (Triggered internally at C:\actions-runner\_work\pytorch\pytorch\pytorch\torch\csrc\autograd\generated\python_variable_methods.cpp:837.)
  train_loss_sum += float(loss)
{"best_val_accuracy": 0.627, "best_val_loss": 0.8642353630065918, "dimension": 64, "elapsed_seconds": 134.22954170010053, "epochs": 45, "finite": true, "rounds": 8, "seed": 101, "slots": 4, "status": "completed", "steps": 3500, "task": "length_generalization", "test_accuracy": 0.2095, "test_loss": 3.702722583770752, "variant": "shared"}

[13/60] START D:\Install\Dev\Projects\IA\Ejercise\t1_trainability_lab_v0.1.0\.venv\Scripts\python.exe D:\Install\Dev\Projects\IA\Ejercise\t1_trainability_lab_v0.1.0\scripts\train_run.py --task length_generalization --variant shared --dimension 64 --slots 1 --rounds 4 --seed 101 --output-dir campaign\runs\length_generalization\shared\D64_S1_R4\seed_101
D:\Install\Dev\Projects\IA\Ejercise\t1_trainability_lab_v0.1.0\scripts\train_run.py:169: UserWarning: Converting a tensor with requires_grad=True to a scalar may lead to unexpected behavior.
Consider using tensor.detach() first. (Triggered internally at C:\actions-runner\_work\pytorch\pytorch\pytorch\torch\csrc\autograd\generated\python_variable_methods.cpp:837.)
  train_loss_sum += float(loss)
{"best_val_accuracy": 0.626, "best_val_loss": 0.8485122952461243, "dimension": 64, "elapsed_seconds": 29.88664019992575, "epochs": 21, "finite": true, "rounds": 4, "seed": 101, "slots": 1, "status": "completed", "steps": 1600, "task": "length_generalization", "test_accuracy": 0.194, "test_loss": 3.3404679527282717, "variant": "shared"}

[14/60] START D:\Install\Dev\Projects\IA\Ejercise\t1_trainability_lab_v0.1.0\.venv\Scripts\python.exe D:\Install\Dev\Projects\IA\Ejercise\t1_trainability_lab_v0.1.0\scripts\train_run.py --task length_generalization --variant shared --dimension 64 --slots 8 --rounds 4 --seed 101 --output-dir campaign\runs\length_generalization\shared\D64_S8_R4\seed_101
D:\Install\Dev\Projects\IA\Ejercise\t1_trainability_lab_v0.1.0\scripts\train_run.py:169: UserWarning: Converting a tensor with requires_grad=True to a scalar may lead to unexpected behavior.
Consider using tensor.detach() first. (Triggered internally at C:\actions-runner\_work\pytorch\pytorch\pytorch\torch\csrc\autograd\generated\python_variable_methods.cpp:837.)
  train_loss_sum += float(loss)
{"best_val_accuracy": 0.62, "best_val_loss": 0.8478096904754638, "dimension": 64, "elapsed_seconds": 63.58924559992738, "epochs": 25, "finite": true, "rounds": 4, "seed": 101, "slots": 8, "status": "completed", "steps": 1900, "task": "length_generalization", "test_accuracy": 0.1885, "test_loss": 3.433400270462036, "variant": "shared"}

[15/60] START D:\Install\Dev\Projects\IA\Ejercise\t1_trainability_lab_v0.1.0\.venv\Scripts\python.exe D:\Install\Dev\Projects\IA\Ejercise\t1_trainability_lab_v0.1.0\scripts\train_run.py --task length_generalization --variant untied --dimension 64 --slots 4 --rounds 4 --seed 101 --output-dir campaign\runs\length_generalization\untied\D64_S4_R4\seed_101
D:\Install\Dev\Projects\IA\Ejercise\t1_trainability_lab_v0.1.0\scripts\train_run.py:169: UserWarning: Converting a tensor with requires_grad=True to a scalar may lead to unexpected behavior.
Consider using tensor.detach() first. (Triggered internally at C:\actions-runner\_work\pytorch\pytorch\pytorch\torch\csrc\autograd\generated\python_variable_methods.cpp:837.)
  train_loss_sum += float(loss)
{"best_val_accuracy": 0.6165, "best_val_loss": 0.9053080272674561, "dimension": 64, "elapsed_seconds": 41.62025459995493, "epochs": 19, "finite": true, "rounds": 4, "seed": 101, "slots": 4, "status": "completed", "steps": 1500, "task": "length_generalization", "test_accuracy": 0.199, "test_loss": 3.2653309364318845, "variant": "untied"}

[16/60] START D:\Install\Dev\Projects\IA\Ejercise\t1_trainability_lab_v0.1.0\.venv\Scripts\python.exe D:\Install\Dev\Projects\IA\Ejercise\t1_trainability_lab_v0.1.0\scripts\train_run.py --task length_generalization --variant vector-state --dimension 64 --slots 1 --rounds 4 --seed 101 --output-dir campaign\runs\length_generalization\vector-state\D64_S1_R4\seed_101
D:\Install\Dev\Projects\IA\Ejercise\t1_trainability_lab_v0.1.0\scripts\train_run.py:169: UserWarning: Converting a tensor with requires_grad=True to a scalar may lead to unexpected behavior.
Consider using tensor.detach() first. (Triggered internally at C:\actions-runner\_work\pytorch\pytorch\pytorch\torch\csrc\autograd\generated\python_variable_methods.cpp:837.)
  train_loss_sum += float(loss)
{"best_val_accuracy": 0.626, "best_val_loss": 0.8485122952461243, "dimension": 64, "elapsed_seconds": 28.843206899939105, "epochs": 21, "finite": true, "rounds": 4, "seed": 101, "slots": 1, "status": "completed", "steps": 1600, "task": "length_generalization", "test_accuracy": 0.194, "test_loss": 3.3404679527282717, "variant": "vector-state"}

[17/60] START D:\Install\Dev\Projects\IA\Ejercise\t1_trainability_lab_v0.1.0\.venv\Scripts\python.exe D:\Install\Dev\Projects\IA\Ejercise\t1_trainability_lab_v0.1.0\scripts\train_run.py --task variable_binding --variant single --dimension 64 --slots 4 --rounds 1 --seed 101 --output-dir campaign\runs\variable_binding\single\D64_S4_R1\seed_101
D:\Install\Dev\Projects\IA\Ejercise\t1_trainability_lab_v0.1.0\scripts\train_run.py:169: UserWarning: Converting a tensor with requires_grad=True to a scalar may lead to unexpected behavior.
Consider using tensor.detach() first. (Triggered internally at C:\actions-runner\_work\pytorch\pytorch\pytorch\torch\csrc\autograd\generated\python_variable_methods.cpp:837.)
  train_loss_sum += float(loss)
{"best_val_accuracy": 0.4735, "best_val_loss": 1.1410093746185304, "dimension": 64, "elapsed_seconds": 32.9169270999264, "epochs": 25, "finite": true, "rounds": 1, "seed": 101, "slots": 4, "status": "completed", "steps": 1900, "task": "variable_binding", "test_accuracy": 0.429, "test_loss": 1.1950873346328736, "variant": "single"}

[18/60] START D:\Install\Dev\Projects\IA\Ejercise\t1_trainability_lab_v0.1.0\.venv\Scripts\python.exe D:\Install\Dev\Projects\IA\Ejercise\t1_trainability_lab_v0.1.0\scripts\train_run.py --task variable_binding --variant shared --dimension 64 --slots 4 --rounds 1 --seed 101 --output-dir campaign\runs\variable_binding\shared\D64_S4_R1\seed_101
D:\Install\Dev\Projects\IA\Ejercise\t1_trainability_lab_v0.1.0\scripts\train_run.py:169: UserWarning: Converting a tensor with requires_grad=True to a scalar may lead to unexpected behavior.
Consider using tensor.detach() first. (Triggered internally at C:\actions-runner\_work\pytorch\pytorch\pytorch\torch\csrc\autograd\generated\python_variable_methods.cpp:837.)
  train_loss_sum += float(loss)
{"best_val_accuracy": 0.4735, "best_val_loss": 1.1410093746185304, "dimension": 64, "elapsed_seconds": 32.46579549997114, "epochs": 25, "finite": true, "rounds": 1, "seed": 101, "slots": 4, "status": "completed", "steps": 1900, "task": "variable_binding", "test_accuracy": 0.429, "test_loss": 1.1950873346328736, "variant": "shared"}

[19/60] START D:\Install\Dev\Projects\IA\Ejercise\t1_trainability_lab_v0.1.0\.venv\Scripts\python.exe D:\Install\Dev\Projects\IA\Ejercise\t1_trainability_lab_v0.1.0\scripts\train_run.py --task variable_binding --variant shared --dimension 64 --slots 4 --rounds 4 --seed 101 --output-dir campaign\runs\variable_binding\shared\D64_S4_R4\seed_101
D:\Install\Dev\Projects\IA\Ejercise\t1_trainability_lab_v0.1.0\scripts\train_run.py:169: UserWarning: Converting a tensor with requires_grad=True to a scalar may lead to unexpected behavior.
Consider using tensor.detach() first. (Triggered internally at C:\actions-runner\_work\pytorch\pytorch\pytorch\torch\csrc\autograd\generated\python_variable_methods.cpp:837.)
  train_loss_sum += float(loss)
{"best_val_accuracy": 0.476, "best_val_loss": 1.1274205932617187, "dimension": 64, "elapsed_seconds": 35.531517300056294, "epochs": 17, "finite": true, "rounds": 4, "seed": 101, "slots": 4, "status": "completed", "steps": 1300, "task": "variable_binding", "test_accuracy": 0.4435, "test_loss": 1.1583912477493286, "variant": "shared"}

[20/60] START D:\Install\Dev\Projects\IA\Ejercise\t1_trainability_lab_v0.1.0\.venv\Scripts\python.exe D:\Install\Dev\Projects\IA\Ejercise\t1_trainability_lab_v0.1.0\scripts\train_run.py --task variable_binding --variant shared --dimension 64 --slots 4 --rounds 8 --seed 101 --output-dir campaign\runs\variable_binding\shared\D64_S4_R8\seed_101
D:\Install\Dev\Projects\IA\Ejercise\t1_trainability_lab_v0.1.0\scripts\train_run.py:169: UserWarning: Converting a tensor with requires_grad=True to a scalar may lead to unexpected behavior.
Consider using tensor.detach() first. (Triggered internally at C:\actions-runner\_work\pytorch\pytorch\pytorch\torch\csrc\autograd\generated\python_variable_methods.cpp:837.)
  train_loss_sum += float(loss)
{"best_val_accuracy": 0.4695, "best_val_loss": 1.1388078022003174, "dimension": 64, "elapsed_seconds": 51.812622600002214, "epochs": 17, "finite": true, "rounds": 8, "seed": 101, "slots": 4, "status": "completed", "steps": 1300, "task": "variable_binding", "test_accuracy": 0.4315, "test_loss": 1.1756376972198486, "variant": "shared"}

[21/60] START D:\Install\Dev\Projects\IA\Ejercise\t1_trainability_lab_v0.1.0\.venv\Scripts\python.exe D:\Install\Dev\Projects\IA\Ejercise\t1_trainability_lab_v0.1.0\scripts\train_run.py --task variable_binding --variant shared --dimension 64 --slots 1 --rounds 4 --seed 101 --output-dir campaign\runs\variable_binding\shared\D64_S1_R4\seed_101
D:\Install\Dev\Projects\IA\Ejercise\t1_trainability_lab_v0.1.0\scripts\train_run.py:169: UserWarning: Converting a tensor with requires_grad=True to a scalar may lead to unexpected behavior.
Consider using tensor.detach() first. (Triggered internally at C:\actions-runner\_work\pytorch\pytorch\pytorch\torch\csrc\autograd\generated\python_variable_methods.cpp:837.)
  train_loss_sum += float(loss)
{"best_val_accuracy": 0.469, "best_val_loss": 1.0734840211868286, "dimension": 64, "elapsed_seconds": 37.63404190004803, "epochs": 25, "finite": true, "rounds": 4, "seed": 101, "slots": 1, "status": "completed", "steps": 1900, "task": "variable_binding", "test_accuracy": 0.4245, "test_loss": 1.126604539871216, "variant": "shared"}

[22/60] START D:\Install\Dev\Projects\IA\Ejercise\t1_trainability_lab_v0.1.0\.venv\Scripts\python.exe D:\Install\Dev\Projects\IA\Ejercise\t1_trainability_lab_v0.1.0\scripts\train_run.py --task variable_binding --variant shared --dimension 64 --slots 8 --rounds 4 --seed 101 --output-dir campaign\runs\variable_binding\shared\D64_S8_R4\seed_101
D:\Install\Dev\Projects\IA\Ejercise\t1_trainability_lab_v0.1.0\scripts\train_run.py:169: UserWarning: Converting a tensor with requires_grad=True to a scalar may lead to unexpected behavior.
Consider using tensor.detach() first. (Triggered internally at C:\actions-runner\_work\pytorch\pytorch\pytorch\torch\csrc\autograd\generated\python_variable_methods.cpp:837.)
  train_loss_sum += float(loss)
{"best_val_accuracy": 0.4635, "best_val_loss": 1.157572687149048, "dimension": 64, "elapsed_seconds": 48.860504100099206, "epochs": 18, "finite": true, "rounds": 4, "seed": 101, "slots": 8, "status": "completed", "steps": 1400, "task": "variable_binding", "test_accuracy": 0.4305, "test_loss": 1.2017026271820068, "variant": "shared"}

[23/60] START D:\Install\Dev\Projects\IA\Ejercise\t1_trainability_lab_v0.1.0\.venv\Scripts\python.exe D:\Install\Dev\Projects\IA\Ejercise\t1_trainability_lab_v0.1.0\scripts\train_run.py --task variable_binding --variant untied --dimension 64 --slots 4 --rounds 4 --seed 101 --output-dir campaign\runs\variable_binding\untied\D64_S4_R4\seed_101
D:\Install\Dev\Projects\IA\Ejercise\t1_trainability_lab_v0.1.0\scripts\train_run.py:169: UserWarning: Converting a tensor with requires_grad=True to a scalar may lead to unexpected behavior.
Consider using tensor.detach() first. (Triggered internally at C:\actions-runner\_work\pytorch\pytorch\pytorch\torch\csrc\autograd\generated\python_variable_methods.cpp:837.)
  train_loss_sum += float(loss)
{"best_val_accuracy": 0.4675, "best_val_loss": 1.1401596899032593, "dimension": 64, "elapsed_seconds": 37.91630439995788, "epochs": 17, "finite": true, "rounds": 4, "seed": 101, "slots": 4, "status": "completed", "steps": 1300, "task": "variable_binding", "test_accuracy": 0.4205, "test_loss": 1.1740127544403076, "variant": "untied"}

[24/60] START D:\Install\Dev\Projects\IA\Ejercise\t1_trainability_lab_v0.1.0\.venv\Scripts\python.exe D:\Install\Dev\Projects\IA\Ejercise\t1_trainability_lab_v0.1.0\scripts\train_run.py --task variable_binding --variant vector-state --dimension 64 --slots 1 --rounds 4 --seed 101 --output-dir campaign\runs\variable_binding\vector-state\D64_S1_R4\seed_101
D:\Install\Dev\Projects\IA\Ejercise\t1_trainability_lab_v0.1.0\scripts\train_run.py:169: UserWarning: Converting a tensor with requires_grad=True to a scalar may lead to unexpected behavior.
Consider using tensor.detach() first. (Triggered internally at C:\actions-runner\_work\pytorch\pytorch\pytorch\torch\csrc\autograd\generated\python_variable_methods.cpp:837.)
  train_loss_sum += float(loss)
{"best_val_accuracy": 0.469, "best_val_loss": 1.0734840211868286, "dimension": 64, "elapsed_seconds": 37.306671699974686, "epochs": 25, "finite": true, "rounds": 4, "seed": 101, "slots": 1, "status": "completed", "steps": 1900, "task": "variable_binding", "test_accuracy": 0.4245, "test_loss": 1.126604539871216, "variant": "vector-state"}

[25/60] START D:\Install\Dev\Projects\IA\Ejercise\t1_trainability_lab_v0.1.0\.venv\Scripts\python.exe D:\Install\Dev\Projects\IA\Ejercise\t1_trainability_lab_v0.1.0\scripts\train_run.py --task multi_hop --variant shared --dimension 64 --slots 4 --rounds 4 --seed 202 --output-dir campaign\runs\multi_hop\shared\D64_S4_R4\seed_202
D:\Install\Dev\Projects\IA\Ejercise\t1_trainability_lab_v0.1.0\scripts\train_run.py:169: UserWarning: Converting a tensor with requires_grad=True to a scalar may lead to unexpected behavior.
Consider using tensor.detach() first. (Triggered internally at C:\actions-runner\_work\pytorch\pytorch\pytorch\torch\csrc\autograd\generated\python_variable_methods.cpp:837.)
  train_loss_sum += float(loss)
{"best_val_accuracy": 0.5255, "best_val_loss": 1.1673701763153077, "dimension": 64, "elapsed_seconds": 80.20055670011789, "epochs": 40, "finite": true, "rounds": 4, "seed": 202, "slots": 4, "status": "completed", "steps": 3100, "task": "multi_hop", "test_accuracy": 0.5225, "test_loss": 1.126586622238159, "variant": "shared"}

[26/60] START D:\Install\Dev\Projects\IA\Ejercise\t1_trainability_lab_v0.1.0\.venv\Scripts\python.exe D:\Install\Dev\Projects\IA\Ejercise\t1_trainability_lab_v0.1.0\scripts\train_run.py --task multi_hop --variant shared --dimension 64 --slots 4 --rounds 1 --seed 202 --output-dir campaign\runs\multi_hop\shared\D64_S4_R1\seed_202
D:\Install\Dev\Projects\IA\Ejercise\t1_trainability_lab_v0.1.0\scripts\train_run.py:169: UserWarning: Converting a tensor with requires_grad=True to a scalar may lead to unexpected behavior.
Consider using tensor.detach() first. (Triggered internally at C:\actions-runner\_work\pytorch\pytorch\pytorch\torch\csrc\autograd\generated\python_variable_methods.cpp:837.)
  train_loss_sum += float(loss)
{"best_val_accuracy": 0.534, "best_val_loss": 1.0984703159332276, "dimension": 64, "elapsed_seconds": 54.89704299997538, "epochs": 44, "finite": true, "rounds": 1, "seed": 202, "slots": 4, "status": "completed", "steps": 3400, "task": "multi_hop", "test_accuracy": 0.5415, "test_loss": 1.0433004269599915, "variant": "shared"}

[27/60] START D:\Install\Dev\Projects\IA\Ejercise\t1_trainability_lab_v0.1.0\.venv\Scripts\python.exe D:\Install\Dev\Projects\IA\Ejercise\t1_trainability_lab_v0.1.0\scripts\train_run.py --task multi_hop --variant untied --dimension 64 --slots 4 --rounds 4 --seed 202 --output-dir campaign\runs\multi_hop\untied\D64_S4_R4\seed_202
D:\Install\Dev\Projects\IA\Ejercise\t1_trainability_lab_v0.1.0\scripts\train_run.py:169: UserWarning: Converting a tensor with requires_grad=True to a scalar may lead to unexpected behavior.
Consider using tensor.detach() first. (Triggered internally at C:\actions-runner\_work\pytorch\pytorch\pytorch\torch\csrc\autograd\generated\python_variable_methods.cpp:837.)
  train_loss_sum += float(loss)
{"best_val_accuracy": 0.53, "best_val_loss": 1.1881607933044434, "dimension": 64, "elapsed_seconds": 44.2611193000339, "epochs": 21, "finite": true, "rounds": 4, "seed": 202, "slots": 4, "status": "completed", "steps": 1600, "task": "multi_hop", "test_accuracy": 0.528, "test_loss": 1.153918673992157, "variant": "untied"}

[28/60] START D:\Install\Dev\Projects\IA\Ejercise\t1_trainability_lab_v0.1.0\.venv\Scripts\python.exe D:\Install\Dev\Projects\IA\Ejercise\t1_trainability_lab_v0.1.0\scripts\train_run.py --task multi_hop --variant shared --dimension 64 --slots 1 --rounds 4 --seed 202 --output-dir campaign\runs\multi_hop\shared\D64_S1_R4\seed_202
D:\Install\Dev\Projects\IA\Ejercise\t1_trainability_lab_v0.1.0\scripts\train_run.py:169: UserWarning: Converting a tensor with requires_grad=True to a scalar may lead to unexpected behavior.
Consider using tensor.detach() first. (Triggered internally at C:\actions-runner\_work\pytorch\pytorch\pytorch\torch\csrc\autograd\generated\python_variable_methods.cpp:837.)
  train_loss_sum += float(loss)
{"best_val_accuracy": 0.5235, "best_val_loss": 1.0782029066085816, "dimension": 64, "elapsed_seconds": 48.38742420007475, "epochs": 33, "finite": true, "rounds": 4, "seed": 202, "slots": 1, "status": "completed", "steps": 2600, "task": "multi_hop", "test_accuracy": 0.527, "test_loss": 1.0487038416862489, "variant": "shared"}

[29/60] START D:\Install\Dev\Projects\IA\Ejercise\t1_trainability_lab_v0.1.0\.venv\Scripts\python.exe D:\Install\Dev\Projects\IA\Ejercise\t1_trainability_lab_v0.1.0\scripts\train_run.py --task multi_hop --variant shared --dimension 64 --slots 8 --rounds 4 --seed 202 --output-dir campaign\runs\multi_hop\shared\D64_S8_R4\seed_202
D:\Install\Dev\Projects\IA\Ejercise\t1_trainability_lab_v0.1.0\scripts\train_run.py:169: UserWarning: Converting a tensor with requires_grad=True to a scalar may lead to unexpected behavior.
Consider using tensor.detach() first. (Triggered internally at C:\actions-runner\_work\pytorch\pytorch\pytorch\torch\csrc\autograd\generated\python_variable_methods.cpp:837.)
  train_loss_sum += float(loss)
{"best_val_accuracy": 0.5365, "best_val_loss": 1.152749445915222, "dimension": 64, "elapsed_seconds": 70.85782849998213, "epochs": 27, "finite": true, "rounds": 4, "seed": 202, "slots": 8, "status": "completed", "steps": 2100, "task": "multi_hop", "test_accuracy": 0.525, "test_loss": 1.1059685587882995, "variant": "shared"}

[30/60] START D:\Install\Dev\Projects\IA\Ejercise\t1_trainability_lab_v0.1.0\.venv\Scripts\python.exe D:\Install\Dev\Projects\IA\Ejercise\t1_trainability_lab_v0.1.0\scripts\train_run.py --task length_generalization --variant shared --dimension 64 --slots 4 --rounds 4 --seed 202 --output-dir campaign\runs\length_generalization\shared\D64_S4_R4\seed_202
D:\Install\Dev\Projects\IA\Ejercise\t1_trainability_lab_v0.1.0\scripts\train_run.py:169: UserWarning: Converting a tensor with requires_grad=True to a scalar may lead to unexpected behavior.
Consider using tensor.detach() first. (Triggered internally at C:\actions-runner\_work\pytorch\pytorch\pytorch\torch\csrc\autograd\generated\python_variable_methods.cpp:837.)
  train_loss_sum += float(loss)
{"best_val_accuracy": 0.6285, "best_val_loss": 0.8383909940719605, "dimension": 64, "elapsed_seconds": 73.95225790003315, "epochs": 37, "finite": true, "rounds": 4, "seed": 202, "slots": 4, "status": "completed", "steps": 2900, "task": "length_generalization", "test_accuracy": 0.1975, "test_loss": 3.7524929809570313, "variant": "shared"}

[31/60] START D:\Install\Dev\Projects\IA\Ejercise\t1_trainability_lab_v0.1.0\.venv\Scripts\python.exe D:\Install\Dev\Projects\IA\Ejercise\t1_trainability_lab_v0.1.0\scripts\train_run.py --task length_generalization --variant shared --dimension 64 --slots 4 --rounds 8 --seed 202 --output-dir campaign\runs\length_generalization\shared\D64_S4_R8\seed_202
D:\Install\Dev\Projects\IA\Ejercise\t1_trainability_lab_v0.1.0\scripts\train_run.py:169: UserWarning: Converting a tensor with requires_grad=True to a scalar may lead to unexpected behavior.
Consider using tensor.detach() first. (Triggered internally at C:\actions-runner\_work\pytorch\pytorch\pytorch\torch\csrc\autograd\generated\python_variable_methods.cpp:837.)
  train_loss_sum += float(loss)
{"best_val_accuracy": 0.631, "best_val_loss": 0.8317857894897461, "dimension": 64, "elapsed_seconds": 80.65997619996779, "epochs": 27, "finite": true, "rounds": 8, "seed": 202, "slots": 4, "status": "completed", "steps": 2100, "task": "length_generalization", "test_accuracy": 0.1965, "test_loss": 3.678623762130737, "variant": "shared"}

[32/60] START D:\Install\Dev\Projects\IA\Ejercise\t1_trainability_lab_v0.1.0\.venv\Scripts\python.exe D:\Install\Dev\Projects\IA\Ejercise\t1_trainability_lab_v0.1.0\scripts\train_run.py --task variable_binding --variant shared --dimension 64 --slots 4 --rounds 4 --seed 202 --output-dir campaign\runs\variable_binding\shared\D64_S4_R4\seed_202
D:\Install\Dev\Projects\IA\Ejercise\t1_trainability_lab_v0.1.0\scripts\train_run.py:169: UserWarning: Converting a tensor with requires_grad=True to a scalar may lead to unexpected behavior.
Consider using tensor.detach() first. (Triggered internally at C:\actions-runner\_work\pytorch\pytorch\pytorch\torch\csrc\autograd\generated\python_variable_methods.cpp:837.)
  train_loss_sum += float(loss)
{"best_val_accuracy": 0.4665, "best_val_loss": 1.142617799758911, "dimension": 64, "elapsed_seconds": 42.876645100070164, "epochs": 21, "finite": true, "rounds": 4, "seed": 202, "slots": 4, "status": "completed", "steps": 1600, "task": "variable_binding", "test_accuracy": 0.4365, "test_loss": 1.1795617027282714, "variant": "shared"}

[33/60] START D:\Install\Dev\Projects\IA\Ejercise\t1_trainability_lab_v0.1.0\.venv\Scripts\python.exe D:\Install\Dev\Projects\IA\Ejercise\t1_trainability_lab_v0.1.0\scripts\train_run.py --task variable_binding --variant untied --dimension 64 --slots 4 --rounds 4 --seed 202 --output-dir campaign\runs\variable_binding\untied\D64_S4_R4\seed_202
D:\Install\Dev\Projects\IA\Ejercise\t1_trainability_lab_v0.1.0\scripts\train_run.py:169: UserWarning: Converting a tensor with requires_grad=True to a scalar may lead to unexpected behavior.
Consider using tensor.detach() first. (Triggered internally at C:\actions-runner\_work\pytorch\pytorch\pytorch\torch\csrc\autograd\generated\python_variable_methods.cpp:837.)
  train_loss_sum += float(loss)
{"best_val_accuracy": 0.4635, "best_val_loss": 1.0718258905410767, "dimension": 64, "elapsed_seconds": 70.36409249994904, "epochs": 31, "finite": true, "rounds": 4, "seed": 202, "slots": 4, "status": "completed", "steps": 2400, "task": "variable_binding", "test_accuracy": 0.432, "test_loss": 1.0893871536254882, "variant": "untied"}

[34/60] START D:\Install\Dev\Projects\IA\Ejercise\t1_trainability_lab_v0.1.0\.venv\Scripts\python.exe D:\Install\Dev\Projects\IA\Ejercise\t1_trainability_lab_v0.1.0\scripts\train_run.py --task multi_hop --variant shared --dimension 64 --slots 4 --rounds 4 --seed 303 --output-dir campaign\runs\multi_hop\shared\D64_S4_R4\seed_303
D:\Install\Dev\Projects\IA\Ejercise\t1_trainability_lab_v0.1.0\scripts\train_run.py:169: UserWarning: Converting a tensor with requires_grad=True to a scalar may lead to unexpected behavior.
Consider using tensor.detach() first. (Triggered internally at C:\actions-runner\_work\pytorch\pytorch\pytorch\torch\csrc\autograd\generated\python_variable_methods.cpp:837.)
  train_loss_sum += float(loss)
{"best_val_accuracy": 0.525, "best_val_loss": 1.1899525098800658, "dimension": 64, "elapsed_seconds": 38.71157220005989, "epochs": 19, "finite": true, "rounds": 4, "seed": 303, "slots": 4, "status": "completed", "steps": 1500, "task": "multi_hop", "test_accuracy": 0.526, "test_loss": 1.1587846088409424, "variant": "shared"}

[35/60] START D:\Install\Dev\Projects\IA\Ejercise\t1_trainability_lab_v0.1.0\.venv\Scripts\python.exe D:\Install\Dev\Projects\IA\Ejercise\t1_trainability_lab_v0.1.0\scripts\train_run.py --task multi_hop --variant shared --dimension 64 --slots 4 --rounds 1 --seed 303 --output-dir campaign\runs\multi_hop\shared\D64_S4_R1\seed_303
D:\Install\Dev\Projects\IA\Ejercise\t1_trainability_lab_v0.1.0\scripts\train_run.py:169: UserWarning: Converting a tensor with requires_grad=True to a scalar may lead to unexpected behavior.
Consider using tensor.detach() first. (Triggered internally at C:\actions-runner\_work\pytorch\pytorch\pytorch\torch\csrc\autograd\generated\python_variable_methods.cpp:837.)
  train_loss_sum += float(loss)
{"best_val_accuracy": 0.531, "best_val_loss": 1.0849499197006225, "dimension": 64, "elapsed_seconds": 43.22287690010853, "epochs": 35, "finite": true, "rounds": 1, "seed": 303, "slots": 4, "status": "completed", "steps": 2700, "task": "multi_hop", "test_accuracy": 0.5225, "test_loss": 1.0658740282058716, "variant": "shared"}

[36/60] START D:\Install\Dev\Projects\IA\Ejercise\t1_trainability_lab_v0.1.0\.venv\Scripts\python.exe D:\Install\Dev\Projects\IA\Ejercise\t1_trainability_lab_v0.1.0\scripts\train_run.py --task multi_hop --variant untied --dimension 64 --slots 4 --rounds 4 --seed 303 --output-dir campaign\runs\multi_hop\untied\D64_S4_R4\seed_303
D:\Install\Dev\Projects\IA\Ejercise\t1_trainability_lab_v0.1.0\scripts\train_run.py:169: UserWarning: Converting a tensor with requires_grad=True to a scalar may lead to unexpected behavior.
Consider using tensor.detach() first. (Triggered internally at C:\actions-runner\_work\pytorch\pytorch\pytorch\torch\csrc\autograd\generated\python_variable_methods.cpp:837.)
  train_loss_sum += float(loss)
{"best_val_accuracy": 0.5115, "best_val_loss": 1.1783627834320067, "dimension": 64, "elapsed_seconds": 47.66954419994727, "epochs": 22, "finite": true, "rounds": 4, "seed": 303, "slots": 4, "status": "completed", "steps": 1700, "task": "multi_hop", "test_accuracy": 0.522, "test_loss": 1.1262594995498658, "variant": "untied"}

[37/60] START D:\Install\Dev\Projects\IA\Ejercise\t1_trainability_lab_v0.1.0\.venv\Scripts\python.exe D:\Install\Dev\Projects\IA\Ejercise\t1_trainability_lab_v0.1.0\scripts\train_run.py --task multi_hop --variant shared --dimension 64 --slots 1 --rounds 4 --seed 303 --output-dir campaign\runs\multi_hop\shared\D64_S1_R4\seed_303
D:\Install\Dev\Projects\IA\Ejercise\t1_trainability_lab_v0.1.0\scripts\train_run.py:169: UserWarning: Converting a tensor with requires_grad=True to a scalar may lead to unexpected behavior.
Consider using tensor.detach() first. (Triggered internally at C:\actions-runner\_work\pytorch\pytorch\pytorch\torch\csrc\autograd\generated\python_variable_methods.cpp:837.)
  train_loss_sum += float(loss)
{"best_val_accuracy": 0.5305, "best_val_loss": 0.9966201992034912, "dimension": 64, "elapsed_seconds": 74.9587562000379, "epochs": 52, "finite": true, "rounds": 4, "seed": 303, "slots": 1, "status": "completed", "steps": 4100, "task": "multi_hop", "test_accuracy": 0.54, "test_loss": 0.9816012811660767, "variant": "shared"}

[38/60] START D:\Install\Dev\Projects\IA\Ejercise\t1_trainability_lab_v0.1.0\.venv\Scripts\python.exe D:\Install\Dev\Projects\IA\Ejercise\t1_trainability_lab_v0.1.0\scripts\train_run.py --task multi_hop --variant shared --dimension 64 --slots 8 --rounds 4 --seed 303 --output-dir campaign\runs\multi_hop\shared\D64_S8_R4\seed_303
D:\Install\Dev\Projects\IA\Ejercise\t1_trainability_lab_v0.1.0\scripts\train_run.py:169: UserWarning: Converting a tensor with requires_grad=True to a scalar may lead to unexpected behavior.
Consider using tensor.detach() first. (Triggered internally at C:\actions-runner\_work\pytorch\pytorch\pytorch\torch\csrc\autograd\generated\python_variable_methods.cpp:837.)
  train_loss_sum += float(loss)
{"best_val_accuracy": 0.5305, "best_val_loss": 1.1130697994232177, "dimension": 64, "elapsed_seconds": 70.68727110000327, "epochs": 27, "finite": true, "rounds": 4, "seed": 303, "slots": 8, "status": "completed", "steps": 2100, "task": "multi_hop", "test_accuracy": 0.5245, "test_loss": 1.0854499931335448, "variant": "shared"}

[39/60] START D:\Install\Dev\Projects\IA\Ejercise\t1_trainability_lab_v0.1.0\.venv\Scripts\python.exe D:\Install\Dev\Projects\IA\Ejercise\t1_trainability_lab_v0.1.0\scripts\train_run.py --task length_generalization --variant shared --dimension 64 --slots 4 --rounds 4 --seed 303 --output-dir campaign\runs\length_generalization\shared\D64_S4_R4\seed_303
D:\Install\Dev\Projects\IA\Ejercise\t1_trainability_lab_v0.1.0\scripts\train_run.py:169: UserWarning: Converting a tensor with requires_grad=True to a scalar may lead to unexpected behavior.
Consider using tensor.detach() first. (Triggered internally at C:\actions-runner\_work\pytorch\pytorch\pytorch\torch\csrc\autograd\generated\python_variable_methods.cpp:837.)
  train_loss_sum += float(loss)
{"best_val_accuracy": 0.626, "best_val_loss": 0.8163812184333801, "dimension": 64, "elapsed_seconds": 46.51160639990121, "epochs": 23, "finite": true, "rounds": 4, "seed": 303, "slots": 4, "status": "completed", "steps": 1800, "task": "length_generalization", "test_accuracy": 0.191, "test_loss": 3.3926104850769043, "variant": "shared"}

[40/60] START D:\Install\Dev\Projects\IA\Ejercise\t1_trainability_lab_v0.1.0\.venv\Scripts\python.exe D:\Install\Dev\Projects\IA\Ejercise\t1_trainability_lab_v0.1.0\scripts\train_run.py --task length_generalization --variant shared --dimension 64 --slots 4 --rounds 8 --seed 303 --output-dir campaign\runs\length_generalization\shared\D64_S4_R8\seed_303
D:\Install\Dev\Projects\IA\Ejercise\t1_trainability_lab_v0.1.0\scripts\train_run.py:169: UserWarning: Converting a tensor with requires_grad=True to a scalar may lead to unexpected behavior.
Consider using tensor.detach() first. (Triggered internally at C:\actions-runner\_work\pytorch\pytorch\pytorch\torch\csrc\autograd\generated\python_variable_methods.cpp:837.)
  train_loss_sum += float(loss)
{"best_val_accuracy": 0.624, "best_val_loss": 0.8739541206359863, "dimension": 64, "elapsed_seconds": 57.640587999951094, "epochs": 19, "finite": true, "rounds": 8, "seed": 303, "slots": 4, "status": "completed", "steps": 1500, "task": "length_generalization", "test_accuracy": 0.1795, "test_loss": 3.2475326080322264, "variant": "shared"}

[41/60] START D:\Install\Dev\Projects\IA\Ejercise\t1_trainability_lab_v0.1.0\.venv\Scripts\python.exe D:\Install\Dev\Projects\IA\Ejercise\t1_trainability_lab_v0.1.0\scripts\train_run.py --task variable_binding --variant shared --dimension 64 --slots 4 --rounds 4 --seed 303 --output-dir campaign\runs\variable_binding\shared\D64_S4_R4\seed_303
D:\Install\Dev\Projects\IA\Ejercise\t1_trainability_lab_v0.1.0\scripts\train_run.py:169: UserWarning: Converting a tensor with requires_grad=True to a scalar may lead to unexpected behavior.
Consider using tensor.detach() first. (Triggered internally at C:\actions-runner\_work\pytorch\pytorch\pytorch\torch\csrc\autograd\generated\python_variable_methods.cpp:837.)
  train_loss_sum += float(loss)
{"best_val_accuracy": 0.454, "best_val_loss": 1.1536454620361327, "dimension": 64, "elapsed_seconds": 32.192251899978146, "epochs": 16, "finite": true, "rounds": 4, "seed": 303, "slots": 4, "status": "completed", "steps": 1200, "task": "variable_binding", "test_accuracy": 0.437, "test_loss": 1.1766175270080566, "variant": "shared"}

[42/60] START D:\Install\Dev\Projects\IA\Ejercise\t1_trainability_lab_v0.1.0\.venv\Scripts\python.exe D:\Install\Dev\Projects\IA\Ejercise\t1_trainability_lab_v0.1.0\scripts\train_run.py --task variable_binding --variant untied --dimension 64 --slots 4 --rounds 4 --seed 303 --output-dir campaign\runs\variable_binding\untied\D64_S4_R4\seed_303
D:\Install\Dev\Projects\IA\Ejercise\t1_trainability_lab_v0.1.0\scripts\train_run.py:169: UserWarning: Converting a tensor with requires_grad=True to a scalar may lead to unexpected behavior.
Consider using tensor.detach() first. (Triggered internally at C:\actions-runner\_work\pytorch\pytorch\pytorch\torch\csrc\autograd\generated\python_variable_methods.cpp:837.)
  train_loss_sum += float(loss)
{"best_val_accuracy": 0.474, "best_val_loss": 1.1027074098587035, "dimension": 64, "elapsed_seconds": 52.054754900047556, "epochs": 23, "finite": true, "rounds": 4, "seed": 303, "slots": 4, "status": "completed", "steps": 1800, "task": "variable_binding", "test_accuracy": 0.4255, "test_loss": 1.144481990814209, "variant": "untied"}

[43/60] START D:\Install\Dev\Projects\IA\Ejercise\t1_trainability_lab_v0.1.0\.venv\Scripts\python.exe D:\Install\Dev\Projects\IA\Ejercise\t1_trainability_lab_v0.1.0\scripts\train_run.py --task multi_hop --variant shared --dimension 64 --slots 4 --rounds 4 --seed 404 --output-dir campaign\runs\multi_hop\shared\D64_S4_R4\seed_404
D:\Install\Dev\Projects\IA\Ejercise\t1_trainability_lab_v0.1.0\scripts\train_run.py:169: UserWarning: Converting a tensor with requires_grad=True to a scalar may lead to unexpected behavior.
Consider using tensor.detach() first. (Triggered internally at C:\actions-runner\_work\pytorch\pytorch\pytorch\torch\csrc\autograd\generated\python_variable_methods.cpp:837.)
  train_loss_sum += float(loss)
{"best_val_accuracy": 0.527, "best_val_loss": 1.0918263931274415, "dimension": 64, "elapsed_seconds": 71.31160060013644, "epochs": 35, "finite": true, "rounds": 4, "seed": 404, "slots": 4, "status": "completed", "steps": 2700, "task": "multi_hop", "test_accuracy": 0.5335, "test_loss": 1.0750579595565797, "variant": "shared"}

[44/60] START D:\Install\Dev\Projects\IA\Ejercise\t1_trainability_lab_v0.1.0\.venv\Scripts\python.exe D:\Install\Dev\Projects\IA\Ejercise\t1_trainability_lab_v0.1.0\scripts\train_run.py --task multi_hop --variant shared --dimension 64 --slots 4 --rounds 1 --seed 404 --output-dir campaign\runs\multi_hop\shared\D64_S4_R1\seed_404
D:\Install\Dev\Projects\IA\Ejercise\t1_trainability_lab_v0.1.0\scripts\train_run.py:169: UserWarning: Converting a tensor with requires_grad=True to a scalar may lead to unexpected behavior.
Consider using tensor.detach() first. (Triggered internally at C:\actions-runner\_work\pytorch\pytorch\pytorch\torch\csrc\autograd\generated\python_variable_methods.cpp:837.)
  train_loss_sum += float(loss)
{"best_val_accuracy": 0.53, "best_val_loss": 1.0734098978042603, "dimension": 64, "elapsed_seconds": 50.96618160000071, "epochs": 40, "finite": true, "rounds": 1, "seed": 404, "slots": 4, "status": "completed", "steps": 3100, "task": "multi_hop", "test_accuracy": 0.547, "test_loss": 1.026069739818573, "variant": "shared"}

[45/60] START D:\Install\Dev\Projects\IA\Ejercise\t1_trainability_lab_v0.1.0\.venv\Scripts\python.exe D:\Install\Dev\Projects\IA\Ejercise\t1_trainability_lab_v0.1.0\scripts\train_run.py --task multi_hop --variant untied --dimension 64 --slots 4 --rounds 4 --seed 404 --output-dir campaign\runs\multi_hop\untied\D64_S4_R4\seed_404
D:\Install\Dev\Projects\IA\Ejercise\t1_trainability_lab_v0.1.0\scripts\train_run.py:169: UserWarning: Converting a tensor with requires_grad=True to a scalar may lead to unexpected behavior.
Consider using tensor.detach() first. (Triggered internally at C:\actions-runner\_work\pytorch\pytorch\pytorch\torch\csrc\autograd\generated\python_variable_methods.cpp:837.)
  train_loss_sum += float(loss)
{"best_val_accuracy": 0.5375, "best_val_loss": 1.140117798805237, "dimension": 64, "elapsed_seconds": 118.96460740012117, "epochs": 52, "finite": true, "rounds": 4, "seed": 404, "slots": 4, "status": "completed", "steps": 4100, "task": "multi_hop", "test_accuracy": 0.533, "test_loss": 1.143566222190857, "variant": "untied"}

[46/60] START D:\Install\Dev\Projects\IA\Ejercise\t1_trainability_lab_v0.1.0\.venv\Scripts\python.exe D:\Install\Dev\Projects\IA\Ejercise\t1_trainability_lab_v0.1.0\scripts\train_run.py --task multi_hop --variant shared --dimension 64 --slots 1 --rounds 4 --seed 404 --output-dir campaign\runs\multi_hop\shared\D64_S1_R4\seed_404
D:\Install\Dev\Projects\IA\Ejercise\t1_trainability_lab_v0.1.0\scripts\train_run.py:169: UserWarning: Converting a tensor with requires_grad=True to a scalar may lead to unexpected behavior.
Consider using tensor.detach() first. (Triggered internally at C:\actions-runner\_work\pytorch\pytorch\pytorch\torch\csrc\autograd\generated\python_variable_methods.cpp:837.)
  train_loss_sum += float(loss)
{"best_val_accuracy": 0.526, "best_val_loss": 0.9928788061141968, "dimension": 64, "elapsed_seconds": 72.36896599992178, "epochs": 50, "finite": true, "rounds": 4, "seed": 404, "slots": 1, "status": "completed", "steps": 3900, "task": "multi_hop", "test_accuracy": 0.5285, "test_loss": 0.9722110953330994, "variant": "shared"}

[47/60] START D:\Install\Dev\Projects\IA\Ejercise\t1_trainability_lab_v0.1.0\.venv\Scripts\python.exe D:\Install\Dev\Projects\IA\Ejercise\t1_trainability_lab_v0.1.0\scripts\train_run.py --task multi_hop --variant shared --dimension 64 --slots 8 --rounds 4 --seed 404 --output-dir campaign\runs\multi_hop\shared\D64_S8_R4\seed_404
D:\Install\Dev\Projects\IA\Ejercise\t1_trainability_lab_v0.1.0\scripts\train_run.py:169: UserWarning: Converting a tensor with requires_grad=True to a scalar may lead to unexpected behavior.
Consider using tensor.detach() first. (Triggered internally at C:\actions-runner\_work\pytorch\pytorch\pytorch\torch\csrc\autograd\generated\python_variable_methods.cpp:837.)
  train_loss_sum += float(loss)
{"best_val_accuracy": 0.544, "best_val_loss": 1.0794533891677855, "dimension": 64, "elapsed_seconds": 102.59602110018022, "epochs": 38, "finite": true, "rounds": 4, "seed": 404, "slots": 8, "status": "completed", "steps": 3000, "task": "multi_hop", "test_accuracy": 0.523, "test_loss": 1.0964794306755066, "variant": "shared"}

[48/60] START D:\Install\Dev\Projects\IA\Ejercise\t1_trainability_lab_v0.1.0\.venv\Scripts\python.exe D:\Install\Dev\Projects\IA\Ejercise\t1_trainability_lab_v0.1.0\scripts\train_run.py --task length_generalization --variant shared --dimension 64 --slots 4 --rounds 4 --seed 404 --output-dir campaign\runs\length_generalization\shared\D64_S4_R4\seed_404
D:\Install\Dev\Projects\IA\Ejercise\t1_trainability_lab_v0.1.0\scripts\train_run.py:169: UserWarning: Converting a tensor with requires_grad=True to a scalar may lead to unexpected behavior.
Consider using tensor.detach() first. (Triggered internally at C:\actions-runner\_work\pytorch\pytorch\pytorch\torch\csrc\autograd\generated\python_variable_methods.cpp:837.)
  train_loss_sum += float(loss)
{"best_val_accuracy": 0.633, "best_val_loss": 0.8099826302528381, "dimension": 64, "elapsed_seconds": 53.82185019995086, "epochs": 27, "finite": true, "rounds": 4, "seed": 404, "slots": 4, "status": "completed", "steps": 2100, "task": "length_generalization", "test_accuracy": 0.071, "test_loss": 5.1091433601379395, "variant": "shared"}

[49/60] START D:\Install\Dev\Projects\IA\Ejercise\t1_trainability_lab_v0.1.0\.venv\Scripts\python.exe D:\Install\Dev\Projects\IA\Ejercise\t1_trainability_lab_v0.1.0\scripts\train_run.py --task length_generalization --variant shared --dimension 64 --slots 4 --rounds 8 --seed 404 --output-dir campaign\runs\length_generalization\shared\D64_S4_R8\seed_404
D:\Install\Dev\Projects\IA\Ejercise\t1_trainability_lab_v0.1.0\scripts\train_run.py:169: UserWarning: Converting a tensor with requires_grad=True to a scalar may lead to unexpected behavior.
Consider using tensor.detach() first. (Triggered internally at C:\actions-runner\_work\pytorch\pytorch\pytorch\torch\csrc\autograd\generated\python_variable_methods.cpp:837.)
  train_loss_sum += float(loss)
{"best_val_accuracy": 0.644, "best_val_loss": 0.8464604153633117, "dimension": 64, "elapsed_seconds": 143.18728880002163, "epochs": 47, "finite": true, "rounds": 8, "seed": 404, "slots": 4, "status": "completed", "steps": 3700, "task": "length_generalization", "test_accuracy": 0.072, "test_loss": 5.250645366668701, "variant": "shared"}

[50/60] START D:\Install\Dev\Projects\IA\Ejercise\t1_trainability_lab_v0.1.0\.venv\Scripts\python.exe D:\Install\Dev\Projects\IA\Ejercise\t1_trainability_lab_v0.1.0\scripts\train_run.py --task variable_binding --variant shared --dimension 64 --slots 4 --rounds 4 --seed 404 --output-dir campaign\runs\variable_binding\shared\D64_S4_R4\seed_404
D:\Install\Dev\Projects\IA\Ejercise\t1_trainability_lab_v0.1.0\scripts\train_run.py:169: UserWarning: Converting a tensor with requires_grad=True to a scalar may lead to unexpected behavior.
Consider using tensor.detach() first. (Triggered internally at C:\actions-runner\_work\pytorch\pytorch\pytorch\torch\csrc\autograd\generated\python_variable_methods.cpp:837.)
  train_loss_sum += float(loss)
{"best_val_accuracy": 0.465, "best_val_loss": 1.0701285285949707, "dimension": 64, "elapsed_seconds": 72.57916550012305, "epochs": 35, "finite": true, "rounds": 4, "seed": 404, "slots": 4, "status": "completed", "steps": 2700, "task": "variable_binding", "test_accuracy": 0.4275, "test_loss": 1.1161469335556031, "variant": "shared"}

[51/60] START D:\Install\Dev\Projects\IA\Ejercise\t1_trainability_lab_v0.1.0\.venv\Scripts\python.exe D:\Install\Dev\Projects\IA\Ejercise\t1_trainability_lab_v0.1.0\scripts\train_run.py --task variable_binding --variant untied --dimension 64 --slots 4 --rounds 4 --seed 404 --output-dir campaign\runs\variable_binding\untied\D64_S4_R4\seed_404
D:\Install\Dev\Projects\IA\Ejercise\t1_trainability_lab_v0.1.0\scripts\train_run.py:169: UserWarning: Converting a tensor with requires_grad=True to a scalar may lead to unexpected behavior.
Consider using tensor.detach() first. (Triggered internally at C:\actions-runner\_work\pytorch\pytorch\pytorch\torch\csrc\autograd\generated\python_variable_methods.cpp:837.)
  train_loss_sum += float(loss)
{"best_val_accuracy": 0.4625, "best_val_loss": 1.1468097524642944, "dimension": 64, "elapsed_seconds": 35.28858429985121, "epochs": 16, "finite": true, "rounds": 4, "seed": 404, "slots": 4, "status": "completed", "steps": 1200, "task": "variable_binding", "test_accuracy": 0.435, "test_loss": 1.16766268825531, "variant": "untied"}

[52/60] START D:\Install\Dev\Projects\IA\Ejercise\t1_trainability_lab_v0.1.0\.venv\Scripts\python.exe D:\Install\Dev\Projects\IA\Ejercise\t1_trainability_lab_v0.1.0\scripts\train_run.py --task multi_hop --variant shared --dimension 64 --slots 4 --rounds 4 --seed 505 --output-dir campaign\runs\multi_hop\shared\D64_S4_R4\seed_505
D:\Install\Dev\Projects\IA\Ejercise\t1_trainability_lab_v0.1.0\scripts\train_run.py:169: UserWarning: Converting a tensor with requires_grad=True to a scalar may lead to unexpected behavior.
Consider using tensor.detach() first. (Triggered internally at C:\actions-runner\_work\pytorch\pytorch\pytorch\torch\csrc\autograd\generated\python_variable_methods.cpp:837.)
  train_loss_sum += float(loss)
{"best_val_accuracy": 0.5285, "best_val_loss": 1.1094157342910766, "dimension": 64, "elapsed_seconds": 46.415491399820894, "epochs": 23, "finite": true, "rounds": 4, "seed": 505, "slots": 4, "status": "completed", "steps": 1800, "task": "multi_hop", "test_accuracy": 0.5285, "test_loss": 1.0906941480636596, "variant": "shared"}

[53/60] START D:\Install\Dev\Projects\IA\Ejercise\t1_trainability_lab_v0.1.0\.venv\Scripts\python.exe D:\Install\Dev\Projects\IA\Ejercise\t1_trainability_lab_v0.1.0\scripts\train_run.py --task multi_hop --variant shared --dimension 64 --slots 4 --rounds 1 --seed 505 --output-dir campaign\runs\multi_hop\shared\D64_S4_R1\seed_505
D:\Install\Dev\Projects\IA\Ejercise\t1_trainability_lab_v0.1.0\scripts\train_run.py:169: UserWarning: Converting a tensor with requires_grad=True to a scalar may lead to unexpected behavior.
Consider using tensor.detach() first. (Triggered internally at C:\actions-runner\_work\pytorch\pytorch\pytorch\torch\csrc\autograd\generated\python_variable_methods.cpp:837.)
  train_loss_sum += float(loss)
{"best_val_accuracy": 0.5255, "best_val_loss": 1.1231135063171387, "dimension": 64, "elapsed_seconds": 47.61065629986115, "epochs": 38, "finite": true, "rounds": 1, "seed": 505, "slots": 4, "status": "completed", "steps": 3000, "task": "multi_hop", "test_accuracy": 0.5275, "test_loss": 1.060650942802429, "variant": "shared"}

[54/60] START D:\Install\Dev\Projects\IA\Ejercise\t1_trainability_lab_v0.1.0\.venv\Scripts\python.exe D:\Install\Dev\Projects\IA\Ejercise\t1_trainability_lab_v0.1.0\scripts\train_run.py --task multi_hop --variant untied --dimension 64 --slots 4 --rounds 4 --seed 505 --output-dir campaign\runs\multi_hop\untied\D64_S4_R4\seed_505
D:\Install\Dev\Projects\IA\Ejercise\t1_trainability_lab_v0.1.0\scripts\train_run.py:169: UserWarning: Converting a tensor with requires_grad=True to a scalar may lead to unexpected behavior.
Consider using tensor.detach() first. (Triggered internally at C:\actions-runner\_work\pytorch\pytorch\pytorch\torch\csrc\autograd\generated\python_variable_methods.cpp:837.)
  train_loss_sum += float(loss)
{"best_val_accuracy": 0.5325, "best_val_loss": 1.1980382213592529, "dimension": 64, "elapsed_seconds": 134.13414760003798, "epochs": 60, "finite": true, "rounds": 4, "seed": 505, "slots": 4, "status": "completed", "steps": 4700, "task": "multi_hop", "test_accuracy": 0.527, "test_loss": 1.201973240852356, "variant": "untied"}

[55/60] START D:\Install\Dev\Projects\IA\Ejercise\t1_trainability_lab_v0.1.0\.venv\Scripts\python.exe D:\Install\Dev\Projects\IA\Ejercise\t1_trainability_lab_v0.1.0\scripts\train_run.py --task multi_hop --variant shared --dimension 64 --slots 1 --rounds 4 --seed 505 --output-dir campaign\runs\multi_hop\shared\D64_S1_R4\seed_505
D:\Install\Dev\Projects\IA\Ejercise\t1_trainability_lab_v0.1.0\scripts\train_run.py:169: UserWarning: Converting a tensor with requires_grad=True to a scalar may lead to unexpected behavior.
Consider using tensor.detach() first. (Triggered internally at C:\actions-runner\_work\pytorch\pytorch\pytorch\torch\csrc\autograd\generated\python_variable_methods.cpp:837.)
  train_loss_sum += float(loss)
{"best_val_accuracy": 0.532, "best_val_loss": 1.0300281009674073, "dimension": 64, "elapsed_seconds": 44.28774890000932, "epochs": 31, "finite": true, "rounds": 4, "seed": 505, "slots": 1, "status": "completed", "steps": 2400, "task": "multi_hop", "test_accuracy": 0.522, "test_loss": 1.0375093913078308, "variant": "shared"}

[56/60] START D:\Install\Dev\Projects\IA\Ejercise\t1_trainability_lab_v0.1.0\.venv\Scripts\python.exe D:\Install\Dev\Projects\IA\Ejercise\t1_trainability_lab_v0.1.0\scripts\train_run.py --task multi_hop --variant shared --dimension 64 --slots 8 --rounds 4 --seed 505 --output-dir campaign\runs\multi_hop\shared\D64_S8_R4\seed_505
D:\Install\Dev\Projects\IA\Ejercise\t1_trainability_lab_v0.1.0\scripts\train_run.py:169: UserWarning: Converting a tensor with requires_grad=True to a scalar may lead to unexpected behavior.
Consider using tensor.detach() first. (Triggered internally at C:\actions-runner\_work\pytorch\pytorch\pytorch\torch\csrc\autograd\generated\python_variable_methods.cpp:837.)
  train_loss_sum += float(loss)
{"best_val_accuracy": 0.529, "best_val_loss": 1.0872740116119384, "dimension": 64, "elapsed_seconds": 85.16154809994623, "epochs": 32, "finite": true, "rounds": 4, "seed": 505, "slots": 8, "status": "completed", "steps": 2500, "task": "multi_hop", "test_accuracy": 0.519, "test_loss": 1.0574512329101562, "variant": "shared"}

[57/60] START D:\Install\Dev\Projects\IA\Ejercise\t1_trainability_lab_v0.1.0\.venv\Scripts\python.exe D:\Install\Dev\Projects\IA\Ejercise\t1_trainability_lab_v0.1.0\scripts\train_run.py --task length_generalization --variant shared --dimension 64 --slots 4 --rounds 4 --seed 505 --output-dir campaign\runs\length_generalization\shared\D64_S4_R4\seed_505
D:\Install\Dev\Projects\IA\Ejercise\t1_trainability_lab_v0.1.0\scripts\train_run.py:169: UserWarning: Converting a tensor with requires_grad=True to a scalar may lead to unexpected behavior.
Consider using tensor.detach() first. (Triggered internally at C:\actions-runner\_work\pytorch\pytorch\pytorch\torch\csrc\autograd\generated\python_variable_methods.cpp:837.)
  train_loss_sum += float(loss)
{"best_val_accuracy": 0.629, "best_val_loss": 0.8078657193183899, "dimension": 64, "elapsed_seconds": 66.0046276000794, "epochs": 33, "finite": true, "rounds": 4, "seed": 505, "slots": 4, "status": "completed", "steps": 2600, "task": "length_generalization", "test_accuracy": 0.1905, "test_loss": 3.5865828552246093, "variant": "shared"}

[58/60] START D:\Install\Dev\Projects\IA\Ejercise\t1_trainability_lab_v0.1.0\.venv\Scripts\python.exe D:\Install\Dev\Projects\IA\Ejercise\t1_trainability_lab_v0.1.0\scripts\train_run.py --task length_generalization --variant shared --dimension 64 --slots 4 --rounds 8 --seed 505 --output-dir campaign\runs\length_generalization\shared\D64_S4_R8\seed_505
D:\Install\Dev\Projects\IA\Ejercise\t1_trainability_lab_v0.1.0\scripts\train_run.py:169: UserWarning: Converting a tensor with requires_grad=True to a scalar may lead to unexpected behavior.
Consider using tensor.detach() first. (Triggered internally at C:\actions-runner\_work\pytorch\pytorch\pytorch\torch\csrc\autograd\generated\python_variable_methods.cpp:837.)
  train_loss_sum += float(loss)
{"best_val_accuracy": 0.6305, "best_val_loss": 0.8058975248336792, "dimension": 64, "elapsed_seconds": 84.04995160014369, "epochs": 28, "finite": true, "rounds": 8, "seed": 505, "slots": 4, "status": "completed", "steps": 2200, "task": "length_generalization", "test_accuracy": 0.189, "test_loss": 3.640511135101318, "variant": "shared"}

[59/60] START D:\Install\Dev\Projects\IA\Ejercise\t1_trainability_lab_v0.1.0\.venv\Scripts\python.exe D:\Install\Dev\Projects\IA\Ejercise\t1_trainability_lab_v0.1.0\scripts\train_run.py --task variable_binding --variant shared --dimension 64 --slots 4 --rounds 4 --seed 505 --output-dir campaign\runs\variable_binding\shared\D64_S4_R4\seed_505
D:\Install\Dev\Projects\IA\Ejercise\t1_trainability_lab_v0.1.0\scripts\train_run.py:169: UserWarning: Converting a tensor with requires_grad=True to a scalar may lead to unexpected behavior.
Consider using tensor.detach() first. (Triggered internally at C:\actions-runner\_work\pytorch\pytorch\pytorch\torch\csrc\autograd\generated\python_variable_methods.cpp:837.)
  train_loss_sum += float(loss)
{"best_val_accuracy": 0.472, "best_val_loss": 1.1874576063156128, "dimension": 64, "elapsed_seconds": 35.30496859992854, "epochs": 17, "finite": true, "rounds": 4, "seed": 505, "slots": 4, "status": "completed", "steps": 1300, "task": "variable_binding", "test_accuracy": 0.443, "test_loss": 1.2117903661727905, "variant": "shared"}

[60/60] START D:\Install\Dev\Projects\IA\Ejercise\t1_trainability_lab_v0.1.0\.venv\Scripts\python.exe D:\Install\Dev\Projects\IA\Ejercise\t1_trainability_lab_v0.1.0\scripts\train_run.py --task variable_binding --variant untied --dimension 64 --slots 4 --rounds 4 --seed 505 --output-dir campaign\runs\variable_binding\untied\D64_S4_R4\seed_505
D:\Install\Dev\Projects\IA\Ejercise\t1_trainability_lab_v0.1.0\scripts\train_run.py:169: UserWarning: Converting a tensor with requires_grad=True to a scalar may lead to unexpected behavior.
Consider using tensor.detach() first. (Triggered internally at C:\actions-runner\_work\pytorch\pytorch\pytorch\torch\csrc\autograd\generated\python_variable_methods.cpp:837.)
  train_loss_sum += float(loss)
{"best_val_accuracy": 0.4705, "best_val_loss": 1.1186217584609985, "dimension": 64, "elapsed_seconds": 47.85821119998582, "epochs": 21, "finite": true, "rounds": 4, "seed": 505, "slots": 4, "status": "completed", "steps": 1600, "task": "variable_binding", "test_accuracy": 0.441, "test_loss": 1.1483836183547973, "variant": "untied"}
