{
  "accuracy_direct": {
    "1": 1.0,
    "2": 1.0,
    "4": 1.0
  },
  "best_step": 300,
  "best_val_accuracy_r4": 1.0,
  "elapsed_seconds": 25.4316986000631,
  "finite": true,
  "seed": 404,
  "status": "completed",
  "steps": 5000,
  "value_accuracy_by_round": {
    "1": 1.0,
    "2": 1.0,
    "3": 1.0,
    "4": 1.0
  }
}
D:\Install\Dev\Projects\IA\Ejercise\t1_trainability_lab_v0.1.0\.venv\Scripts\python.exe D:\Install\Dev\Projects\IA\Ejercise\t1_trainability_lab_v0.1.0\scripts\train_associative_typed.py --seed 404 --max-steps 5000 --output-dir D:\Install\Dev\Projects\IA\Ejercise\t1_trainability_lab_v0.1.0\campaign\associative_typed_replication\seed_404
