START D:\Install\Dev\Projects\IA\Ejercise\t1_trainability_lab_v0.1.0\.venv\Scripts\python.exe D:\Install\Dev\Projects\IA\Ejercise\t1_trainability_lab_v0.1.0\scripts\train_run.py --task multi_hop --variant shared --dimension 64 --slots 4 --rounds 1 --seed 101 --init-gate-probability 0.5 --experiment-reason Gate2/Gate6 diagnosis: compare neutral sigmoid gate init 0.5 against original 0.1 --output-dir campaign\gate_init_p05\runs\multi_hop\shared\D64_S4_R1\seed_101
usage: train_run.py [-h] --task TASK
                    --variant {single,shared,untied,vector-state}
                    [--dimension {64,128}] --slots {1,4,8}
                    --rounds {1,2,4,6,8} --seed {101,202,303,404,505}
                    --output-dir OUTPUT_DIR
train_run.py: error: unrecognized arguments: --init-gate-probability 0.5 --experiment-reason Gate2/Gate6 diagnosis: compare neutral sigmoid gate init 0.5 against original 0.1
START D:\Install\Dev\Projects\IA\Ejercise\t1_trainability_lab_v0.1.0\.venv\Scripts\python.exe D:\Install\Dev\Projects\IA\Ejercise\t1_trainability_lab_v0.1.0\scripts\train_run.py --task multi_hop --variant shared --dimension 64 --slots 4 --rounds 1 --seed 101 --init-gate-probability 0.5 --experiment-reason Gate2/Gate6 diagnosis: compare neutral sigmoid gate init 0.5 against original 0.1 --output-dir campaign\gate_init_p05\runs\multi_hop\shared\D64_S4_R1\seed_101
D:\Install\Dev\Projects\IA\Ejercise\t1_trainability_lab_v0.1.0\scripts\train_run.py:177: UserWarning: Converting a tensor with requires_grad=True to a scalar may lead to unexpected behavior.
Consider using tensor.detach() first. (Triggered internally at C:\actions-runner\_work\pytorch\pytorch\pytorch\torch\csrc\autograd\generated\python_variable_methods.cpp:837.)
  train_loss_sum += float(loss)
{"best_val_accuracy": 0.538, "best_val_loss": 1.0732606868743897, "dimension": 64, "elapsed_seconds": 33.79217789997347, "epochs": 28, "finite": true, "rounds": 1, "seed": 101, "slots": 4, "status": "completed", "steps": 2200, "task": "multi_hop", "test_accuracy": 0.5305, "test_loss": 1.0740018315315247, "variant": "shared"}
START D:\Install\Dev\Projects\IA\Ejercise\t1_trainability_lab_v0.1.0\.venv\Scripts\python.exe D:\Install\Dev\Projects\IA\Ejercise\t1_trainability_lab_v0.1.0\scripts\train_run.py --task multi_hop --variant shared --dimension 64 --slots 4 --rounds 1 --seed 202 --init-gate-probability 0.5 --experiment-reason Gate2/Gate6 diagnosis: compare neutral sigmoid gate init 0.5 against original 0.1 --output-dir campaign\gate_init_p05\runs\multi_hop\shared\D64_S4_R1\seed_202
D:\Install\Dev\Projects\IA\Ejercise\t1_trainability_lab_v0.1.0\scripts\train_run.py:177: UserWarning: Converting a tensor with requires_grad=True to a scalar may lead to unexpected behavior.
Consider using tensor.detach() first. (Triggered internally at C:\actions-runner\_work\pytorch\pytorch\pytorch\torch\csrc\autograd\generated\python_variable_methods.cpp:837.)
  train_loss_sum += float(loss)
{"best_val_accuracy": 0.53, "best_val_loss": 1.1130011396408082, "dimension": 64, "elapsed_seconds": 52.94887980003841, "epochs": 44, "finite": true, "rounds": 1, "seed": 202, "slots": 4, "status": "completed", "steps": 3400, "task": "multi_hop", "test_accuracy": 0.5375, "test_loss": 1.0526841387748718, "variant": "shared"}
START D:\Install\Dev\Projects\IA\Ejercise\t1_trainability_lab_v0.1.0\.venv\Scripts\python.exe D:\Install\Dev\Projects\IA\Ejercise\t1_trainability_lab_v0.1.0\scripts\train_run.py --task multi_hop --variant shared --dimension 64 --slots 4 --rounds 1 --seed 303 --init-gate-probability 0.5 --experiment-reason Gate2/Gate6 diagnosis: compare neutral sigmoid gate init 0.5 against original 0.1 --output-dir campaign\gate_init_p05\runs\multi_hop\shared\D64_S4_R1\seed_303
D:\Install\Dev\Projects\IA\Ejercise\t1_trainability_lab_v0.1.0\scripts\train_run.py:177: UserWarning: Converting a tensor with requires_grad=True to a scalar may lead to unexpected behavior.
Consider using tensor.detach() first. (Triggered internally at C:\actions-runner\_work\pytorch\pytorch\pytorch\torch\csrc\autograd\generated\python_variable_methods.cpp:837.)
  train_loss_sum += float(loss)
{"best_val_accuracy": 0.531, "best_val_loss": 1.1005638389587402, "dimension": 64, "elapsed_seconds": 67.80733970017172, "epochs": 55, "finite": true, "rounds": 1, "seed": 303, "slots": 4, "status": "completed", "steps": 4300, "task": "multi_hop", "test_accuracy": 0.5235, "test_loss": 1.0750638551712035, "variant": "shared"}
START D:\Install\Dev\Projects\IA\Ejercise\t1_trainability_lab_v0.1.0\.venv\Scripts\python.exe D:\Install\Dev\Projects\IA\Ejercise\t1_trainability_lab_v0.1.0\scripts\train_run.py --task multi_hop --variant shared --dimension 64 --slots 4 --rounds 1 --seed 404 --init-gate-probability 0.5 --experiment-reason Gate2/Gate6 diagnosis: compare neutral sigmoid gate init 0.5 against original 0.1 --output-dir campaign\gate_init_p05\runs\multi_hop\shared\D64_S4_R1\seed_404
D:\Install\Dev\Projects\IA\Ejercise\t1_trainability_lab_v0.1.0\scripts\train_run.py:177: UserWarning: Converting a tensor with requires_grad=True to a scalar may lead to unexpected behavior.
Consider using tensor.detach() first. (Triggered internally at C:\actions-runner\_work\pytorch\pytorch\pytorch\torch\csrc\autograd\generated\python_variable_methods.cpp:837.)
  train_loss_sum += float(loss)
{"best_val_accuracy": 0.526, "best_val_loss": 1.0715629549026489, "dimension": 64, "elapsed_seconds": 38.590895199915394, "epochs": 32, "finite": true, "rounds": 1, "seed": 404, "slots": 4, "status": "completed", "steps": 2500, "task": "multi_hop", "test_accuracy": 0.5465, "test_loss": 1.039384840965271, "variant": "shared"}
START D:\Install\Dev\Projects\IA\Ejercise\t1_trainability_lab_v0.1.0\.venv\Scripts\python.exe D:\Install\Dev\Projects\IA\Ejercise\t1_trainability_lab_v0.1.0\scripts\train_run.py --task multi_hop --variant shared --dimension 64 --slots 4 --rounds 1 --seed 505 --init-gate-probability 0.5 --experiment-reason Gate2/Gate6 diagnosis: compare neutral sigmoid gate init 0.5 against original 0.1 --output-dir campaign\gate_init_p05\runs\multi_hop\shared\D64_S4_R1\seed_505
D:\Install\Dev\Projects\IA\Ejercise\t1_trainability_lab_v0.1.0\scripts\train_run.py:177: UserWarning: Converting a tensor with requires_grad=True to a scalar may lead to unexpected behavior.
Consider using tensor.detach() first. (Triggered internally at C:\actions-runner\_work\pytorch\pytorch\pytorch\torch\csrc\autograd\generated\python_variable_methods.cpp:837.)
  train_loss_sum += float(loss)
{"best_val_accuracy": 0.532, "best_val_loss": 1.1704719657897948, "dimension": 64, "elapsed_seconds": 78.21392169990577, "epochs": 64, "finite": true, "rounds": 1, "seed": 505, "slots": 4, "status": "completed", "steps": 5000, "task": "multi_hop", "test_accuracy": 0.5325, "test_loss": 1.0989059715270997, "variant": "shared"}
START D:\Install\Dev\Projects\IA\Ejercise\t1_trainability_lab_v0.1.0\.venv\Scripts\python.exe D:\Install\Dev\Projects\IA\Ejercise\t1_trainability_lab_v0.1.0\scripts\train_run.py --task multi_hop --variant shared --dimension 64 --slots 4 --rounds 4 --seed 101 --init-gate-probability 0.5 --experiment-reason Gate2/Gate6 diagnosis: compare neutral sigmoid gate init 0.5 against original 0.1 --output-dir campaign\gate_init_p05\runs\multi_hop\shared\D64_S4_R4\seed_101
D:\Install\Dev\Projects\IA\Ejercise\t1_trainability_lab_v0.1.0\scripts\train_run.py:177: UserWarning: Converting a tensor with requires_grad=True to a scalar may lead to unexpected behavior.
Consider using tensor.detach() first. (Triggered internally at C:\actions-runner\_work\pytorch\pytorch\pytorch\torch\csrc\autograd\generated\python_variable_methods.cpp:837.)
  train_loss_sum += float(loss)
{"best_val_accuracy": 0.5355, "best_val_loss": 1.0951910829544067, "dimension": 64, "elapsed_seconds": 80.82063219998963, "epochs": 41, "finite": true, "rounds": 4, "seed": 101, "slots": 4, "status": "completed", "steps": 3200, "task": "multi_hop", "test_accuracy": 0.5415, "test_loss": 1.1086629104614258, "variant": "shared"}
START D:\Install\Dev\Projects\IA\Ejercise\t1_trainability_lab_v0.1.0\.venv\Scripts\python.exe D:\Install\Dev\Projects\IA\Ejercise\t1_trainability_lab_v0.1.0\scripts\train_run.py --task multi_hop --variant shared --dimension 64 --slots 4 --rounds 4 --seed 202 --init-gate-probability 0.5 --experiment-reason Gate2/Gate6 diagnosis: compare neutral sigmoid gate init 0.5 against original 0.1 --output-dir campaign\gate_init_p05\runs\multi_hop\shared\D64_S4_R4\seed_202
D:\Install\Dev\Projects\IA\Ejercise\t1_trainability_lab_v0.1.0\scripts\train_run.py:177: UserWarning: Converting a tensor with requires_grad=True to a scalar may lead to unexpected behavior.
Consider using tensor.detach() first. (Triggered internally at C:\actions-runner\_work\pytorch\pytorch\pytorch\torch\csrc\autograd\generated\python_variable_methods.cpp:837.)
  train_loss_sum += float(loss)
{"best_val_accuracy": 0.5255, "best_val_loss": 1.17678506565094, "dimension": 64, "elapsed_seconds": 78.37343650008552, "epochs": 40, "finite": true, "rounds": 4, "seed": 202, "slots": 4, "status": "completed", "steps": 3100, "task": "multi_hop", "test_accuracy": 0.5345, "test_loss": 1.1246983218193054, "variant": "shared"}
START D:\Install\Dev\Projects\IA\Ejercise\t1_trainability_lab_v0.1.0\.venv\Scripts\python.exe D:\Install\Dev\Projects\IA\Ejercise\t1_trainability_lab_v0.1.0\scripts\train_run.py --task multi_hop --variant shared --dimension 64 --slots 4 --rounds 4 --seed 303 --init-gate-probability 0.5 --experiment-reason Gate2/Gate6 diagnosis: compare neutral sigmoid gate init 0.5 against original 0.1 --output-dir campaign\gate_init_p05\runs\multi_hop\shared\D64_S4_R4\seed_303
D:\Install\Dev\Projects\IA\Ejercise\t1_trainability_lab_v0.1.0\scripts\train_run.py:177: UserWarning: Converting a tensor with requires_grad=True to a scalar may lead to unexpected behavior.
Consider using tensor.detach() first. (Triggered internally at C:\actions-runner\_work\pytorch\pytorch\pytorch\torch\csrc\autograd\generated\python_variable_methods.cpp:837.)
  train_loss_sum += float(loss)
{"best_val_accuracy": 0.521, "best_val_loss": 1.1948992891311645, "dimension": 64, "elapsed_seconds": 38.12083570007235, "epochs": 19, "finite": true, "rounds": 4, "seed": 303, "slots": 4, "status": "completed", "steps": 1500, "task": "multi_hop", "test_accuracy": 0.5265, "test_loss": 1.1622151308059692, "variant": "shared"}
START D:\Install\Dev\Projects\IA\Ejercise\t1_trainability_lab_v0.1.0\.venv\Scripts\python.exe D:\Install\Dev\Projects\IA\Ejercise\t1_trainability_lab_v0.1.0\scripts\train_run.py --task multi_hop --variant shared --dimension 64 --slots 4 --rounds 4 --seed 404 --init-gate-probability 0.5 --experiment-reason Gate2/Gate6 diagnosis: compare neutral sigmoid gate init 0.5 against original 0.1 --output-dir campaign\gate_init_p05\runs\multi_hop\shared\D64_S4_R4\seed_404
D:\Install\Dev\Projects\IA\Ejercise\t1_trainability_lab_v0.1.0\scripts\train_run.py:177: UserWarning: Converting a tensor with requires_grad=True to a scalar may lead to unexpected behavior.
Consider using tensor.detach() first. (Triggered internally at C:\actions-runner\_work\pytorch\pytorch\pytorch\torch\csrc\autograd\generated\python_variable_methods.cpp:837.)
  train_loss_sum += float(loss)
{"best_val_accuracy": 0.533, "best_val_loss": 1.1072899503707885, "dimension": 64, "elapsed_seconds": 68.81988100009039, "epochs": 35, "finite": true, "rounds": 4, "seed": 404, "slots": 4, "status": "completed", "steps": 2700, "task": "multi_hop", "test_accuracy": 0.533, "test_loss": 1.0962658081054688, "variant": "shared"}
START D:\Install\Dev\Projects\IA\Ejercise\t1_trainability_lab_v0.1.0\.venv\Scripts\python.exe D:\Install\Dev\Projects\IA\Ejercise\t1_trainability_lab_v0.1.0\scripts\train_run.py --task multi_hop --variant shared --dimension 64 --slots 4 --rounds 4 --seed 505 --init-gate-probability 0.5 --experiment-reason Gate2/Gate6 diagnosis: compare neutral sigmoid gate init 0.5 against original 0.1 --output-dir campaign\gate_init_p05\runs\multi_hop\shared\D64_S4_R4\seed_505
D:\Install\Dev\Projects\IA\Ejercise\t1_trainability_lab_v0.1.0\scripts\train_run.py:177: UserWarning: Converting a tensor with requires_grad=True to a scalar may lead to unexpected behavior.
Consider using tensor.detach() first. (Triggered internally at C:\actions-runner\_work\pytorch\pytorch\pytorch\torch\csrc\autograd\generated\python_variable_methods.cpp:837.)
  train_loss_sum += float(loss)
{"best_val_accuracy": 0.5285, "best_val_loss": 1.1171964015960694, "dimension": 64, "elapsed_seconds": 45.1576716999989, "epochs": 23, "finite": true, "rounds": 4, "seed": 505, "slots": 4, "status": "completed", "steps": 1800, "task": "multi_hop", "test_accuracy": 0.523, "test_loss": 1.0940696954727174, "variant": "shared"}
