scope=literal accepted t0m_int8_probe fused kernel only; no recurrence/transition
configuration=D=1472;S=1;R=16;mode=fused;S_tile=8;iterations=1;timed_repetitions=8;warmup=2
workers=4;cpus=0,2,4,6;rows_per_worker=457,297,347,371;rows fixed from prior calibration; no recalibration
A=one shared weight allocation selected at every depth; Bclone=16 distinct allocations, every block byte-identical to A
activations=deterministic and frozen; output checksum is post-timing only; no checksum work in timed kernel
speed=10 independent paired runs; even A then Bclone; odd Bclone then A; pair-adjacent; never concurrent
preflight=one t0m_int8_probe --self-test; speed invocations never receive --self-test
build_command cmd.exe /d /s /c call C:\PROGRA~2\MICROS~2\18\BUILDT~1\Common7\Tools\VsDevCmd.bat -arch=x64 && C:\PROGRA~2\MICROS~2\18\BUILDT~1\Common7\IDE\CommonExtensions\Microsoft\CMake\CMake\bin\cmake.exe --build D:\Install\Dev\Projects\IA\Ejercise\cpu-native-arch\build --target t0m_int8_probe
preflight_command "D:\Install\Dev\Projects\IA\Ejercise\cpu-native-arch\build\t0m_int8_probe.exe" --self-test
dumpbin_command "C:\Program Files (x86)\Microsoft Visual Studio\18\BuildTools\VC\Tools\MSVC\14.50.35717\bin\Hostx64\x64\dumpbin.exe" /DISASM /SYMBOLS D:\Install\Dev\Projects\IA\Ejercise\cpu-native-arch\build\t0m_int8_probe.exe
[1] speed variant=Bclone run=1 order_index=1 "D:\Install\Dev\Projects\IA\Ejercise\cpu-native-arch\build\t0m_int8_probe.exe" --D 1472 --S 1 --R 16 --mode fused --variant Bclone --S-tile 8 --workers 4 --cpus 0,2,4,6 --rows-per-worker 457,297,347,371 --iterations 1 --timed-repetitions 8 --warmup 2
[2] speed variant=A run=1 order_index=2 "D:\Install\Dev\Projects\IA\Ejercise\cpu-native-arch\build\t0m_int8_probe.exe" --D 1472 --S 1 --R 16 --mode fused --variant A --S-tile 8 --workers 4 --cpus 0,2,4,6 --rows-per-worker 457,297,347,371 --iterations 1 --timed-repetitions 8 --warmup 2
[3] speed variant=A run=2 order_index=1 "D:\Install\Dev\Projects\IA\Ejercise\cpu-native-arch\build\t0m_int8_probe.exe" --D 1472 --S 1 --R 16 --mode fused --variant A --S-tile 8 --workers 4 --cpus 0,2,4,6 --rows-per-worker 457,297,347,371 --iterations 1 --timed-repetitions 8 --warmup 2
[4] speed variant=Bclone run=2 order_index=2 "D:\Install\Dev\Projects\IA\Ejercise\cpu-native-arch\build\t0m_int8_probe.exe" --D 1472 --S 1 --R 16 --mode fused --variant Bclone --S-tile 8 --workers 4 --cpus 0,2,4,6 --rows-per-worker 457,297,347,371 --iterations 1 --timed-repetitions 8 --warmup 2
[5] speed variant=Bclone run=3 order_index=1 "D:\Install\Dev\Projects\IA\Ejercise\cpu-native-arch\build\t0m_int8_probe.exe" --D 1472 --S 1 --R 16 --mode fused --variant Bclone --S-tile 8 --workers 4 --cpus 0,2,4,6 --rows-per-worker 457,297,347,371 --iterations 1 --timed-repetitions 8 --warmup 2
[6] speed variant=A run=3 order_index=2 "D:\Install\Dev\Projects\IA\Ejercise\cpu-native-arch\build\t0m_int8_probe.exe" --D 1472 --S 1 --R 16 --mode fused --variant A --S-tile 8 --workers 4 --cpus 0,2,4,6 --rows-per-worker 457,297,347,371 --iterations 1 --timed-repetitions 8 --warmup 2
[7] speed variant=A run=4 order_index=1 "D:\Install\Dev\Projects\IA\Ejercise\cpu-native-arch\build\t0m_int8_probe.exe" --D 1472 --S 1 --R 16 --mode fused --variant A --S-tile 8 --workers 4 --cpus 0,2,4,6 --rows-per-worker 457,297,347,371 --iterations 1 --timed-repetitions 8 --warmup 2
[8] speed variant=Bclone run=4 order_index=2 "D:\Install\Dev\Projects\IA\Ejercise\cpu-native-arch\build\t0m_int8_probe.exe" --D 1472 --S 1 --R 16 --mode fused --variant Bclone --S-tile 8 --workers 4 --cpus 0,2,4,6 --rows-per-worker 457,297,347,371 --iterations 1 --timed-repetitions 8 --warmup 2
[9] speed variant=Bclone run=5 order_index=1 "D:\Install\Dev\Projects\IA\Ejercise\cpu-native-arch\build\t0m_int8_probe.exe" --D 1472 --S 1 --R 16 --mode fused --variant Bclone --S-tile 8 --workers 4 --cpus 0,2,4,6 --rows-per-worker 457,297,347,371 --iterations 1 --timed-repetitions 8 --warmup 2
[10] speed variant=A run=5 order_index=2 "D:\Install\Dev\Projects\IA\Ejercise\cpu-native-arch\build\t0m_int8_probe.exe" --D 1472 --S 1 --R 16 --mode fused --variant A --S-tile 8 --workers 4 --cpus 0,2,4,6 --rows-per-worker 457,297,347,371 --iterations 1 --timed-repetitions 8 --warmup 2
[11] speed variant=A run=6 order_index=1 "D:\Install\Dev\Projects\IA\Ejercise\cpu-native-arch\build\t0m_int8_probe.exe" --D 1472 --S 1 --R 16 --mode fused --variant A --S-tile 8 --workers 4 --cpus 0,2,4,6 --rows-per-worker 457,297,347,371 --iterations 1 --timed-repetitions 8 --warmup 2
[12] speed variant=Bclone run=6 order_index=2 "D:\Install\Dev\Projects\IA\Ejercise\cpu-native-arch\build\t0m_int8_probe.exe" --D 1472 --S 1 --R 16 --mode fused --variant Bclone --S-tile 8 --workers 4 --cpus 0,2,4,6 --rows-per-worker 457,297,347,371 --iterations 1 --timed-repetitions 8 --warmup 2
[13] speed variant=Bclone run=7 order_index=1 "D:\Install\Dev\Projects\IA\Ejercise\cpu-native-arch\build\t0m_int8_probe.exe" --D 1472 --S 1 --R 16 --mode fused --variant Bclone --S-tile 8 --workers 4 --cpus 0,2,4,6 --rows-per-worker 457,297,347,371 --iterations 1 --timed-repetitions 8 --warmup 2
[14] speed variant=A run=7 order_index=2 "D:\Install\Dev\Projects\IA\Ejercise\cpu-native-arch\build\t0m_int8_probe.exe" --D 1472 --S 1 --R 16 --mode fused --variant A --S-tile 8 --workers 4 --cpus 0,2,4,6 --rows-per-worker 457,297,347,371 --iterations 1 --timed-repetitions 8 --warmup 2
[15] speed variant=A run=8 order_index=1 "D:\Install\Dev\Projects\IA\Ejercise\cpu-native-arch\build\t0m_int8_probe.exe" --D 1472 --S 1 --R 16 --mode fused --variant A --S-tile 8 --workers 4 --cpus 0,2,4,6 --rows-per-worker 457,297,347,371 --iterations 1 --timed-repetitions 8 --warmup 2
[16] speed variant=Bclone run=8 order_index=2 "D:\Install\Dev\Projects\IA\Ejercise\cpu-native-arch\build\t0m_int8_probe.exe" --D 1472 --S 1 --R 16 --mode fused --variant Bclone --S-tile 8 --workers 4 --cpus 0,2,4,6 --rows-per-worker 457,297,347,371 --iterations 1 --timed-repetitions 8 --warmup 2
[17] speed variant=Bclone run=9 order_index=1 "D:\Install\Dev\Projects\IA\Ejercise\cpu-native-arch\build\t0m_int8_probe.exe" --D 1472 --S 1 --R 16 --mode fused --variant Bclone --S-tile 8 --workers 4 --cpus 0,2,4,6 --rows-per-worker 457,297,347,371 --iterations 1 --timed-repetitions 8 --warmup 2
[18] speed variant=A run=9 order_index=2 "D:\Install\Dev\Projects\IA\Ejercise\cpu-native-arch\build\t0m_int8_probe.exe" --D 1472 --S 1 --R 16 --mode fused --variant A --S-tile 8 --workers 4 --cpus 0,2,4,6 --rows-per-worker 457,297,347,371 --iterations 1 --timed-repetitions 8 --warmup 2
[19] speed variant=A run=10 order_index=1 "D:\Install\Dev\Projects\IA\Ejercise\cpu-native-arch\build\t0m_int8_probe.exe" --D 1472 --S 1 --R 16 --mode fused --variant A --S-tile 8 --workers 4 --cpus 0,2,4,6 --rows-per-worker 457,297,347,371 --iterations 1 --timed-repetitions 8 --warmup 2
[20] speed variant=Bclone run=10 order_index=2 "D:\Install\Dev\Projects\IA\Ejercise\cpu-native-arch\build\t0m_int8_probe.exe" --D 1472 --S 1 --R 16 --mode fused --variant Bclone --S-tile 8 --workers 4 --cpus 0,2,4,6 --rows-per-worker 457,297,347,371 --iterations 1 --timed-repetitions 8 --warmup 2
