T0-R int8 sharded sweep stderr and command log
executable=D:\Install\Dev\Projects\IA\Ejercise\cpu-native-arch\build\int8_probe.exe
physical_cpus=0,2,4,6; dram_gbps_measured=32.9295
target_kib=384,512,640,768; depths=1,4,8,16; variants=A,B,C; repeat_count=5; repetitions=8; warmup=2
int8 AVX2 correction test passed; scalar_checksum=320040, avx2_checksum=320040, difference=0
int8 AVX2 correction test passed; scalar_checksum=320040, avx2_checksum=320040, difference=0
int8 AVX2 correction test passed; scalar_checksum=320040, avx2_checksum=320040, difference=0
int8 AVX2 correction test passed; scalar_checksum=320040, avx2_checksum=320040, difference=0
command[1/240]=D:\Install\Dev\Projects\IA\Ejercise\cpu-native-arch\build\int8_probe.exe --K 512 --target-kib 384 --depth 1 --variant A --kernel avx2 --parallel-cpus 0,2,4,6 --parallel-rows 999,605,724,744 --iterations 1 --repetitions 8 --warmup 2
int8 AVX2 correction test passed; scalar_checksum=320040, avx2_checksum=320040, difference=0
command[2/240]=D:\Install\Dev\Projects\IA\Ejercise\cpu-native-arch\build\int8_probe.exe --K 512 --target-kib 384 --depth 1 --variant B --kernel avx2 --parallel-cpus 0,2,4,6 --parallel-rows 999,605,724,744 --iterations 1 --repetitions 8 --warmup 2
int8 AVX2 correction test passed; scalar_checksum=320040, avx2_checksum=320040, difference=0
command[3/240]=D:\Install\Dev\Projects\IA\Ejercise\cpu-native-arch\build\int8_probe.exe --K 512 --target-kib 384 --depth 1 --variant C --kernel avx2 --parallel-cpus 0,2,4,6 --parallel-rows 999,605,724,744 --iterations 1 --repetitions 8 --warmup 2
int8 AVX2 correction test passed; scalar_checksum=320040, avx2_checksum=320040, difference=0
command[4/240]=D:\Install\Dev\Projects\IA\Ejercise\cpu-native-arch\build\int8_probe.exe --K 512 --target-kib 384 --depth 4 --variant A --kernel avx2 --parallel-cpus 0,2,4,6 --parallel-rows 999,605,724,744 --iterations 1 --repetitions 8 --warmup 2
int8 AVX2 correction test passed; scalar_checksum=320040, avx2_checksum=320040, difference=0
command[5/240]=D:\Install\Dev\Projects\IA\Ejercise\cpu-native-arch\build\int8_probe.exe --K 512 --target-kib 384 --depth 4 --variant B --kernel avx2 --parallel-cpus 0,2,4,6 --parallel-rows 999,605,724,744 --iterations 1 --repetitions 8 --warmup 2
int8 AVX2 correction test passed; scalar_checksum=320040, avx2_checksum=320040, difference=0
command[6/240]=D:\Install\Dev\Projects\IA\Ejercise\cpu-native-arch\build\int8_probe.exe --K 512 --target-kib 384 --depth 4 --variant C --kernel avx2 --parallel-cpus 0,2,4,6 --parallel-rows 999,605,724,744 --iterations 1 --repetitions 8 --warmup 2
int8 AVX2 correction test passed; scalar_checksum=320040, avx2_checksum=320040, difference=0
command[7/240]=D:\Install\Dev\Projects\IA\Ejercise\cpu-native-arch\build\int8_probe.exe --K 512 --target-kib 384 --depth 8 --variant A --kernel avx2 --parallel-cpus 0,2,4,6 --parallel-rows 999,605,724,744 --iterations 1 --repetitions 8 --warmup 2
int8 AVX2 correction test passed; scalar_checksum=320040, avx2_checksum=320040, difference=0
command[8/240]=D:\Install\Dev\Projects\IA\Ejercise\cpu-native-arch\build\int8_probe.exe --K 512 --target-kib 384 --depth 8 --variant B --kernel avx2 --parallel-cpus 0,2,4,6 --parallel-rows 999,605,724,744 --iterations 1 --repetitions 8 --warmup 2
int8 AVX2 correction test passed; scalar_checksum=320040, avx2_checksum=320040, difference=0
command[9/240]=D:\Install\Dev\Projects\IA\Ejercise\cpu-native-arch\build\int8_probe.exe --K 512 --target-kib 384 --depth 8 --variant C --kernel avx2 --parallel-cpus 0,2,4,6 --parallel-rows 999,605,724,744 --iterations 1 --repetitions 8 --warmup 2
int8 AVX2 correction test passed; scalar_checksum=320040, avx2_checksum=320040, difference=0
command[10/240]=D:\Install\Dev\Projects\IA\Ejercise\cpu-native-arch\build\int8_probe.exe --K 512 --target-kib 384 --depth 16 --variant A --kernel avx2 --parallel-cpus 0,2,4,6 --parallel-rows 999,605,724,744 --iterations 1 --repetitions 8 --warmup 2
int8 AVX2 correction test passed; scalar_checksum=320040, avx2_checksum=320040, difference=0
command[11/240]=D:\Install\Dev\Projects\IA\Ejercise\cpu-native-arch\build\int8_probe.exe --K 512 --target-kib 384 --depth 16 --variant B --kernel avx2 --parallel-cpus 0,2,4,6 --parallel-rows 999,605,724,744 --iterations 1 --repetitions 8 --warmup 2
int8 AVX2 correction test passed; scalar_checksum=320040, avx2_checksum=320040, difference=0
command[12/240]=D:\Install\Dev\Projects\IA\Ejercise\cpu-native-arch\build\int8_probe.exe --K 512 --target-kib 384 --depth 16 --variant C --kernel avx2 --parallel-cpus 0,2,4,6 --parallel-rows 999,605,724,744 --iterations 1 --repetitions 8 --warmup 2
int8 AVX2 correction test passed; scalar_checksum=320040, avx2_checksum=320040, difference=0
command[13/240]=D:\Install\Dev\Projects\IA\Ejercise\cpu-native-arch\build\int8_probe.exe --K 512 --target-kib 512 --depth 1 --variant A --kernel avx2 --parallel-cpus 0,2,4,6 --parallel-rows 1332,807,965,992 --iterations 1 --repetitions 8 --warmup 2
int8 AVX2 correction test passed; scalar_checksum=320040, avx2_checksum=320040, difference=0
command[14/240]=D:\Install\Dev\Projects\IA\Ejercise\cpu-native-arch\build\int8_probe.exe --K 512 --target-kib 512 --depth 1 --variant B --kernel avx2 --parallel-cpus 0,2,4,6 --parallel-rows 1332,807,965,992 --iterations 1 --repetitions 8 --warmup 2
int8 AVX2 correction test passed; scalar_checksum=320040, avx2_checksum=320040, difference=0
command[15/240]=D:\Install\Dev\Projects\IA\Ejercise\cpu-native-arch\build\int8_probe.exe --K 512 --target-kib 512 --depth 1 --variant C --kernel avx2 --parallel-cpus 0,2,4,6 --parallel-rows 1332,807,965,992 --iterations 1 --repetitions 8 --warmup 2
int8 AVX2 correction test passed; scalar_checksum=320040, avx2_checksum=320040, difference=0
command[16/240]=D:\Install\Dev\Projects\IA\Ejercise\cpu-native-arch\build\int8_probe.exe --K 512 --target-kib 512 --depth 4 --variant A --kernel avx2 --parallel-cpus 0,2,4,6 --parallel-rows 1332,807,965,992 --iterations 1 --repetitions 8 --warmup 2
int8 AVX2 correction test passed; scalar_checksum=320040, avx2_checksum=320040, difference=0
command[17/240]=D:\Install\Dev\Projects\IA\Ejercise\cpu-native-arch\build\int8_probe.exe --K 512 --target-kib 512 --depth 4 --variant B --kernel avx2 --parallel-cpus 0,2,4,6 --parallel-rows 1332,807,965,992 --iterations 1 --repetitions 8 --warmup 2
int8 AVX2 correction test passed; scalar_checksum=320040, avx2_checksum=320040, difference=0
command[18/240]=D:\Install\Dev\Projects\IA\Ejercise\cpu-native-arch\build\int8_probe.exe --K 512 --target-kib 512 --depth 4 --variant C --kernel avx2 --parallel-cpus 0,2,4,6 --parallel-rows 1332,807,965,992 --iterations 1 --repetitions 8 --warmup 2
int8 AVX2 correction test passed; scalar_checksum=320040, avx2_checksum=320040, difference=0
command[19/240]=D:\Install\Dev\Projects\IA\Ejercise\cpu-native-arch\build\int8_probe.exe --K 512 --target-kib 512 --depth 8 --variant A --kernel avx2 --parallel-cpus 0,2,4,6 --parallel-rows 1332,807,965,992 --iterations 1 --repetitions 8 --warmup 2
int8 AVX2 correction test passed; scalar_checksum=320040, avx2_checksum=320040, difference=0
command[20/240]=D:\Install\Dev\Projects\IA\Ejercise\cpu-native-arch\build\int8_probe.exe --K 512 --target-kib 512 --depth 8 --variant B --kernel avx2 --parallel-cpus 0,2,4,6 --parallel-rows 1332,807,965,992 --iterations 1 --repetitions 8 --warmup 2
int8 AVX2 correction test passed; scalar_checksum=320040, avx2_checksum=320040, difference=0
command[21/240]=D:\Install\Dev\Projects\IA\Ejercise\cpu-native-arch\build\int8_probe.exe --K 512 --target-kib 512 --depth 8 --variant C --kernel avx2 --parallel-cpus 0,2,4,6 --parallel-rows 1332,807,965,992 --iterations 1 --repetitions 8 --warmup 2
int8 AVX2 correction test passed; scalar_checksum=320040, avx2_checksum=320040, difference=0
command[22/240]=D:\Install\Dev\Projects\IA\Ejercise\cpu-native-arch\build\int8_probe.exe --K 512 --target-kib 512 --depth 16 --variant A --kernel avx2 --parallel-cpus 0,2,4,6 --parallel-rows 1332,807,965,992 --iterations 1 --repetitions 8 --warmup 2
int8 AVX2 correction test passed; scalar_checksum=320040, avx2_checksum=320040, difference=0
command[23/240]=D:\Install\Dev\Projects\IA\Ejercise\cpu-native-arch\build\int8_probe.exe --K 512 --target-kib 512 --depth 16 --variant B --kernel avx2 --parallel-cpus 0,2,4,6 --parallel-rows 1332,807,965,992 --iterations 1 --repetitions 8 --warmup 2
int8 AVX2 correction test passed; scalar_checksum=320040, avx2_checksum=320040, difference=0
command[24/240]=D:\Install\Dev\Projects\IA\Ejercise\cpu-native-arch\build\int8_probe.exe --K 512 --target-kib 512 --depth 16 --variant C --kernel avx2 --parallel-cpus 0,2,4,6 --parallel-rows 1332,807,965,992 --iterations 1 --repetitions 8 --warmup 2
int8 AVX2 correction test passed; scalar_checksum=320040, avx2_checksum=320040, difference=0
command[25/240]=D:\Install\Dev\Projects\IA\Ejercise\cpu-native-arch\build\int8_probe.exe --K 512 --target-kib 640 --depth 1 --variant A --kernel avx2 --parallel-cpus 0,2,4,6 --parallel-rows 1665,1009,1206,1240 --iterations 1 --repetitions 8 --warmup 2
int8 AVX2 correction test passed; scalar_checksum=320040, avx2_checksum=320040, difference=0
command[26/240]=D:\Install\Dev\Projects\IA\Ejercise\cpu-native-arch\build\int8_probe.exe --K 512 --target-kib 640 --depth 1 --variant B --kernel avx2 --parallel-cpus 0,2,4,6 --parallel-rows 1665,1009,1206,1240 --iterations 1 --repetitions 8 --warmup 2
int8 AVX2 correction test passed; scalar_checksum=320040, avx2_checksum=320040, difference=0
command[27/240]=D:\Install\Dev\Projects\IA\Ejercise\cpu-native-arch\build\int8_probe.exe --K 512 --target-kib 640 --depth 1 --variant C --kernel avx2 --parallel-cpus 0,2,4,6 --parallel-rows 1665,1009,1206,1240 --iterations 1 --repetitions 8 --warmup 2
int8 AVX2 correction test passed; scalar_checksum=320040, avx2_checksum=320040, difference=0
command[28/240]=D:\Install\Dev\Projects\IA\Ejercise\cpu-native-arch\build\int8_probe.exe --K 512 --target-kib 640 --depth 4 --variant A --kernel avx2 --parallel-cpus 0,2,4,6 --parallel-rows 1665,1009,1206,1240 --iterations 1 --repetitions 8 --warmup 2
int8 AVX2 correction test passed; scalar_checksum=320040, avx2_checksum=320040, difference=0
command[29/240]=D:\Install\Dev\Projects\IA\Ejercise\cpu-native-arch\build\int8_probe.exe --K 512 --target-kib 640 --depth 4 --variant B --kernel avx2 --parallel-cpus 0,2,4,6 --parallel-rows 1665,1009,1206,1240 --iterations 1 --repetitions 8 --warmup 2
int8 AVX2 correction test passed; scalar_checksum=320040, avx2_checksum=320040, difference=0
command[30/240]=D:\Install\Dev\Projects\IA\Ejercise\cpu-native-arch\build\int8_probe.exe --K 512 --target-kib 640 --depth 4 --variant C --kernel avx2 --parallel-cpus 0,2,4,6 --parallel-rows 1665,1009,1206,1240 --iterations 1 --repetitions 8 --warmup 2
int8 AVX2 correction test passed; scalar_checksum=320040, avx2_checksum=320040, difference=0
command[31/240]=D:\Install\Dev\Projects\IA\Ejercise\cpu-native-arch\build\int8_probe.exe --K 512 --target-kib 640 --depth 8 --variant A --kernel avx2 --parallel-cpus 0,2,4,6 --parallel-rows 1665,1009,1206,1240 --iterations 1 --repetitions 8 --warmup 2
int8 AVX2 correction test passed; scalar_checksum=320040, avx2_checksum=320040, difference=0
command[32/240]=D:\Install\Dev\Projects\IA\Ejercise\cpu-native-arch\build\int8_probe.exe --K 512 --target-kib 640 --depth 8 --variant B --kernel avx2 --parallel-cpus 0,2,4,6 --parallel-rows 1665,1009,1206,1240 --iterations 1 --repetitions 8 --warmup 2
int8 AVX2 correction test passed; scalar_checksum=320040, avx2_checksum=320040, difference=0
command[33/240]=D:\Install\Dev\Projects\IA\Ejercise\cpu-native-arch\build\int8_probe.exe --K 512 --target-kib 640 --depth 8 --variant C --kernel avx2 --parallel-cpus 0,2,4,6 --parallel-rows 1665,1009,1206,1240 --iterations 1 --repetitions 8 --warmup 2
int8 AVX2 correction test passed; scalar_checksum=320040, avx2_checksum=320040, difference=0
command[34/240]=D:\Install\Dev\Projects\IA\Ejercise\cpu-native-arch\build\int8_probe.exe --K 512 --target-kib 640 --depth 16 --variant A --kernel avx2 --parallel-cpus 0,2,4,6 --parallel-rows 1665,1009,1206,1240 --iterations 1 --repetitions 8 --warmup 2
int8 AVX2 correction test passed; scalar_checksum=320040, avx2_checksum=320040, difference=0
command[35/240]=D:\Install\Dev\Projects\IA\Ejercise\cpu-native-arch\build\int8_probe.exe --K 512 --target-kib 640 --depth 16 --variant B --kernel avx2 --parallel-cpus 0,2,4,6 --parallel-rows 1665,1009,1206,1240 --iterations 1 --repetitions 8 --warmup 2
int8 AVX2 correction test passed; scalar_checksum=320040, avx2_checksum=320040, difference=0
command[36/240]=D:\Install\Dev\Projects\IA\Ejercise\cpu-native-arch\build\int8_probe.exe --K 512 --target-kib 640 --depth 16 --variant C --kernel avx2 --parallel-cpus 0,2,4,6 --parallel-rows 1665,1009,1206,1240 --iterations 1 --repetitions 8 --warmup 2
int8 AVX2 correction test passed; scalar_checksum=320040, avx2_checksum=320040, difference=0
command[37/240]=D:\Install\Dev\Projects\IA\Ejercise\cpu-native-arch\build\int8_probe.exe --K 512 --target-kib 768 --depth 1 --variant A --kernel avx2 --parallel-cpus 0,2,4,6 --parallel-rows 1999,1210,1448,1487 --iterations 1 --repetitions 8 --warmup 2
int8 AVX2 correction test passed; scalar_checksum=320040, avx2_checksum=320040, difference=0
command[38/240]=D:\Install\Dev\Projects\IA\Ejercise\cpu-native-arch\build\int8_probe.exe --K 512 --target-kib 768 --depth 1 --variant B --kernel avx2 --parallel-cpus 0,2,4,6 --parallel-rows 1999,1210,1448,1487 --iterations 1 --repetitions 8 --warmup 2
int8 AVX2 correction test passed; scalar_checksum=320040, avx2_checksum=320040, difference=0
command[39/240]=D:\Install\Dev\Projects\IA\Ejercise\cpu-native-arch\build\int8_probe.exe --K 512 --target-kib 768 --depth 1 --variant C --kernel avx2 --parallel-cpus 0,2,4,6 --parallel-rows 1999,1210,1448,1487 --iterations 1 --repetitions 8 --warmup 2
int8 AVX2 correction test passed; scalar_checksum=320040, avx2_checksum=320040, difference=0
command[40/240]=D:\Install\Dev\Projects\IA\Ejercise\cpu-native-arch\build\int8_probe.exe --K 512 --target-kib 768 --depth 4 --variant A --kernel avx2 --parallel-cpus 0,2,4,6 --parallel-rows 1999,1210,1448,1487 --iterations 1 --repetitions 8 --warmup 2
int8 AVX2 correction test passed; scalar_checksum=320040, avx2_checksum=320040, difference=0
command[41/240]=D:\Install\Dev\Projects\IA\Ejercise\cpu-native-arch\build\int8_probe.exe --K 512 --target-kib 768 --depth 4 --variant B --kernel avx2 --parallel-cpus 0,2,4,6 --parallel-rows 1999,1210,1448,1487 --iterations 1 --repetitions 8 --warmup 2
int8 AVX2 correction test passed; scalar_checksum=320040, avx2_checksum=320040, difference=0
command[42/240]=D:\Install\Dev\Projects\IA\Ejercise\cpu-native-arch\build\int8_probe.exe --K 512 --target-kib 768 --depth 4 --variant C --kernel avx2 --parallel-cpus 0,2,4,6 --parallel-rows 1999,1210,1448,1487 --iterations 1 --repetitions 8 --warmup 2
int8 AVX2 correction test passed; scalar_checksum=320040, avx2_checksum=320040, difference=0
command[43/240]=D:\Install\Dev\Projects\IA\Ejercise\cpu-native-arch\build\int8_probe.exe --K 512 --target-kib 768 --depth 8 --variant A --kernel avx2 --parallel-cpus 0,2,4,6 --parallel-rows 1999,1210,1448,1487 --iterations 1 --repetitions 8 --warmup 2
int8 AVX2 correction test passed; scalar_checksum=320040, avx2_checksum=320040, difference=0
command[44/240]=D:\Install\Dev\Projects\IA\Ejercise\cpu-native-arch\build\int8_probe.exe --K 512 --target-kib 768 --depth 8 --variant B --kernel avx2 --parallel-cpus 0,2,4,6 --parallel-rows 1999,1210,1448,1487 --iterations 1 --repetitions 8 --warmup 2
int8 AVX2 correction test passed; scalar_checksum=320040, avx2_checksum=320040, difference=0
command[45/240]=D:\Install\Dev\Projects\IA\Ejercise\cpu-native-arch\build\int8_probe.exe --K 512 --target-kib 768 --depth 8 --variant C --kernel avx2 --parallel-cpus 0,2,4,6 --parallel-rows 1999,1210,1448,1487 --iterations 1 --repetitions 8 --warmup 2
int8 AVX2 correction test passed; scalar_checksum=320040, avx2_checksum=320040, difference=0
command[46/240]=D:\Install\Dev\Projects\IA\Ejercise\cpu-native-arch\build\int8_probe.exe --K 512 --target-kib 768 --depth 16 --variant A --kernel avx2 --parallel-cpus 0,2,4,6 --parallel-rows 1999,1210,1448,1487 --iterations 1 --repetitions 8 --warmup 2
int8 AVX2 correction test passed; scalar_checksum=320040, avx2_checksum=320040, difference=0
command[47/240]=D:\Install\Dev\Projects\IA\Ejercise\cpu-native-arch\build\int8_probe.exe --K 512 --target-kib 768 --depth 16 --variant B --kernel avx2 --parallel-cpus 0,2,4,6 --parallel-rows 1999,1210,1448,1487 --iterations 1 --repetitions 8 --warmup 2
int8 AVX2 correction test passed; scalar_checksum=320040, avx2_checksum=320040, difference=0
command[48/240]=D:\Install\Dev\Projects\IA\Ejercise\cpu-native-arch\build\int8_probe.exe --K 512 --target-kib 768 --depth 16 --variant C --kernel avx2 --parallel-cpus 0,2,4,6 --parallel-rows 1999,1210,1448,1487 --iterations 1 --repetitions 8 --warmup 2
int8 AVX2 correction test passed; scalar_checksum=320040, avx2_checksum=320040, difference=0
command[49/240]=D:\Install\Dev\Projects\IA\Ejercise\cpu-native-arch\build\int8_probe.exe --K 512 --target-kib 384 --depth 1 --variant C --kernel avx2 --parallel-cpus 0,2,4,6 --parallel-rows 999,605,724,744 --iterations 1 --repetitions 8 --warmup 2
int8 AVX2 correction test passed; scalar_checksum=320040, avx2_checksum=320040, difference=0
command[50/240]=D:\Install\Dev\Projects\IA\Ejercise\cpu-native-arch\build\int8_probe.exe --K 512 --target-kib 384 --depth 1 --variant B --kernel avx2 --parallel-cpus 0,2,4,6 --parallel-rows 999,605,724,744 --iterations 1 --repetitions 8 --warmup 2
int8 AVX2 correction test passed; scalar_checksum=320040, avx2_checksum=320040, difference=0
command[51/240]=D:\Install\Dev\Projects\IA\Ejercise\cpu-native-arch\build\int8_probe.exe --K 512 --target-kib 384 --depth 1 --variant A --kernel avx2 --parallel-cpus 0,2,4,6 --parallel-rows 999,605,724,744 --iterations 1 --repetitions 8 --warmup 2
int8 AVX2 correction test passed; scalar_checksum=320040, avx2_checksum=320040, difference=0
command[52/240]=D:\Install\Dev\Projects\IA\Ejercise\cpu-native-arch\build\int8_probe.exe --K 512 --target-kib 384 --depth 4 --variant C --kernel avx2 --parallel-cpus 0,2,4,6 --parallel-rows 999,605,724,744 --iterations 1 --repetitions 8 --warmup 2
int8 AVX2 correction test passed; scalar_checksum=320040, avx2_checksum=320040, difference=0
command[53/240]=D:\Install\Dev\Projects\IA\Ejercise\cpu-native-arch\build\int8_probe.exe --K 512 --target-kib 384 --depth 4 --variant B --kernel avx2 --parallel-cpus 0,2,4,6 --parallel-rows 999,605,724,744 --iterations 1 --repetitions 8 --warmup 2
int8 AVX2 correction test passed; scalar_checksum=320040, avx2_checksum=320040, difference=0
command[54/240]=D:\Install\Dev\Projects\IA\Ejercise\cpu-native-arch\build\int8_probe.exe --K 512 --target-kib 384 --depth 4 --variant A --kernel avx2 --parallel-cpus 0,2,4,6 --parallel-rows 999,605,724,744 --iterations 1 --repetitions 8 --warmup 2
int8 AVX2 correction test passed; scalar_checksum=320040, avx2_checksum=320040, difference=0
command[55/240]=D:\Install\Dev\Projects\IA\Ejercise\cpu-native-arch\build\int8_probe.exe --K 512 --target-kib 384 --depth 8 --variant C --kernel avx2 --parallel-cpus 0,2,4,6 --parallel-rows 999,605,724,744 --iterations 1 --repetitions 8 --warmup 2
int8 AVX2 correction test passed; scalar_checksum=320040, avx2_checksum=320040, difference=0
command[56/240]=D:\Install\Dev\Projects\IA\Ejercise\cpu-native-arch\build\int8_probe.exe --K 512 --target-kib 384 --depth 8 --variant B --kernel avx2 --parallel-cpus 0,2,4,6 --parallel-rows 999,605,724,744 --iterations 1 --repetitions 8 --warmup 2
int8 AVX2 correction test passed; scalar_checksum=320040, avx2_checksum=320040, difference=0
command[57/240]=D:\Install\Dev\Projects\IA\Ejercise\cpu-native-arch\build\int8_probe.exe --K 512 --target-kib 384 --depth 8 --variant A --kernel avx2 --parallel-cpus 0,2,4,6 --parallel-rows 999,605,724,744 --iterations 1 --repetitions 8 --warmup 2
int8 AVX2 correction test passed; scalar_checksum=320040, avx2_checksum=320040, difference=0
command[58/240]=D:\Install\Dev\Projects\IA\Ejercise\cpu-native-arch\build\int8_probe.exe --K 512 --target-kib 384 --depth 16 --variant C --kernel avx2 --parallel-cpus 0,2,4,6 --parallel-rows 999,605,724,744 --iterations 1 --repetitions 8 --warmup 2
int8 AVX2 correction test passed; scalar_checksum=320040, avx2_checksum=320040, difference=0
command[59/240]=D:\Install\Dev\Projects\IA\Ejercise\cpu-native-arch\build\int8_probe.exe --K 512 --target-kib 384 --depth 16 --variant B --kernel avx2 --parallel-cpus 0,2,4,6 --parallel-rows 999,605,724,744 --iterations 1 --repetitions 8 --warmup 2
int8 AVX2 correction test passed; scalar_checksum=320040, avx2_checksum=320040, difference=0
command[60/240]=D:\Install\Dev\Projects\IA\Ejercise\cpu-native-arch\build\int8_probe.exe --K 512 --target-kib 384 --depth 16 --variant A --kernel avx2 --parallel-cpus 0,2,4,6 --parallel-rows 999,605,724,744 --iterations 1 --repetitions 8 --warmup 2
int8 AVX2 correction test passed; scalar_checksum=320040, avx2_checksum=320040, difference=0
command[61/240]=D:\Install\Dev\Projects\IA\Ejercise\cpu-native-arch\build\int8_probe.exe --K 512 --target-kib 512 --depth 1 --variant C --kernel avx2 --parallel-cpus 0,2,4,6 --parallel-rows 1332,807,965,992 --iterations 1 --repetitions 8 --warmup 2
int8 AVX2 correction test passed; scalar_checksum=320040, avx2_checksum=320040, difference=0
command[62/240]=D:\Install\Dev\Projects\IA\Ejercise\cpu-native-arch\build\int8_probe.exe --K 512 --target-kib 512 --depth 1 --variant B --kernel avx2 --parallel-cpus 0,2,4,6 --parallel-rows 1332,807,965,992 --iterations 1 --repetitions 8 --warmup 2
int8 AVX2 correction test passed; scalar_checksum=320040, avx2_checksum=320040, difference=0
command[63/240]=D:\Install\Dev\Projects\IA\Ejercise\cpu-native-arch\build\int8_probe.exe --K 512 --target-kib 512 --depth 1 --variant A --kernel avx2 --parallel-cpus 0,2,4,6 --parallel-rows 1332,807,965,992 --iterations 1 --repetitions 8 --warmup 2
int8 AVX2 correction test passed; scalar_checksum=320040, avx2_checksum=320040, difference=0
command[64/240]=D:\Install\Dev\Projects\IA\Ejercise\cpu-native-arch\build\int8_probe.exe --K 512 --target-kib 512 --depth 4 --variant C --kernel avx2 --parallel-cpus 0,2,4,6 --parallel-rows 1332,807,965,992 --iterations 1 --repetitions 8 --warmup 2
int8 AVX2 correction test passed; scalar_checksum=320040, avx2_checksum=320040, difference=0
command[65/240]=D:\Install\Dev\Projects\IA\Ejercise\cpu-native-arch\build\int8_probe.exe --K 512 --target-kib 512 --depth 4 --variant B --kernel avx2 --parallel-cpus 0,2,4,6 --parallel-rows 1332,807,965,992 --iterations 1 --repetitions 8 --warmup 2
int8 AVX2 correction test passed; scalar_checksum=320040, avx2_checksum=320040, difference=0
command[66/240]=D:\Install\Dev\Projects\IA\Ejercise\cpu-native-arch\build\int8_probe.exe --K 512 --target-kib 512 --depth 4 --variant A --kernel avx2 --parallel-cpus 0,2,4,6 --parallel-rows 1332,807,965,992 --iterations 1 --repetitions 8 --warmup 2
int8 AVX2 correction test passed; scalar_checksum=320040, avx2_checksum=320040, difference=0
command[67/240]=D:\Install\Dev\Projects\IA\Ejercise\cpu-native-arch\build\int8_probe.exe --K 512 --target-kib 512 --depth 8 --variant C --kernel avx2 --parallel-cpus 0,2,4,6 --parallel-rows 1332,807,965,992 --iterations 1 --repetitions 8 --warmup 2
int8 AVX2 correction test passed; scalar_checksum=320040, avx2_checksum=320040, difference=0
command[68/240]=D:\Install\Dev\Projects\IA\Ejercise\cpu-native-arch\build\int8_probe.exe --K 512 --target-kib 512 --depth 8 --variant B --kernel avx2 --parallel-cpus 0,2,4,6 --parallel-rows 1332,807,965,992 --iterations 1 --repetitions 8 --warmup 2
int8 AVX2 correction test passed; scalar_checksum=320040, avx2_checksum=320040, difference=0
command[69/240]=D:\Install\Dev\Projects\IA\Ejercise\cpu-native-arch\build\int8_probe.exe --K 512 --target-kib 512 --depth 8 --variant A --kernel avx2 --parallel-cpus 0,2,4,6 --parallel-rows 1332,807,965,992 --iterations 1 --repetitions 8 --warmup 2
int8 AVX2 correction test passed; scalar_checksum=320040, avx2_checksum=320040, difference=0
command[70/240]=D:\Install\Dev\Projects\IA\Ejercise\cpu-native-arch\build\int8_probe.exe --K 512 --target-kib 512 --depth 16 --variant C --kernel avx2 --parallel-cpus 0,2,4,6 --parallel-rows 1332,807,965,992 --iterations 1 --repetitions 8 --warmup 2
int8 AVX2 correction test passed; scalar_checksum=320040, avx2_checksum=320040, difference=0
command[71/240]=D:\Install\Dev\Projects\IA\Ejercise\cpu-native-arch\build\int8_probe.exe --K 512 --target-kib 512 --depth 16 --variant B --kernel avx2 --parallel-cpus 0,2,4,6 --parallel-rows 1332,807,965,992 --iterations 1 --repetitions 8 --warmup 2
int8 AVX2 correction test passed; scalar_checksum=320040, avx2_checksum=320040, difference=0
command[72/240]=D:\Install\Dev\Projects\IA\Ejercise\cpu-native-arch\build\int8_probe.exe --K 512 --target-kib 512 --depth 16 --variant A --kernel avx2 --parallel-cpus 0,2,4,6 --parallel-rows 1332,807,965,992 --iterations 1 --repetitions 8 --warmup 2
int8 AVX2 correction test passed; scalar_checksum=320040, avx2_checksum=320040, difference=0
command[73/240]=D:\Install\Dev\Projects\IA\Ejercise\cpu-native-arch\build\int8_probe.exe --K 512 --target-kib 640 --depth 1 --variant C --kernel avx2 --parallel-cpus 0,2,4,6 --parallel-rows 1665,1009,1206,1240 --iterations 1 --repetitions 8 --warmup 2
int8 AVX2 correction test passed; scalar_checksum=320040, avx2_checksum=320040, difference=0
command[74/240]=D:\Install\Dev\Projects\IA\Ejercise\cpu-native-arch\build\int8_probe.exe --K 512 --target-kib 640 --depth 1 --variant B --kernel avx2 --parallel-cpus 0,2,4,6 --parallel-rows 1665,1009,1206,1240 --iterations 1 --repetitions 8 --warmup 2
int8 AVX2 correction test passed; scalar_checksum=320040, avx2_checksum=320040, difference=0
command[75/240]=D:\Install\Dev\Projects\IA\Ejercise\cpu-native-arch\build\int8_probe.exe --K 512 --target-kib 640 --depth 1 --variant A --kernel avx2 --parallel-cpus 0,2,4,6 --parallel-rows 1665,1009,1206,1240 --iterations 1 --repetitions 8 --warmup 2
int8 AVX2 correction test passed; scalar_checksum=320040, avx2_checksum=320040, difference=0
command[76/240]=D:\Install\Dev\Projects\IA\Ejercise\cpu-native-arch\build\int8_probe.exe --K 512 --target-kib 640 --depth 4 --variant C --kernel avx2 --parallel-cpus 0,2,4,6 --parallel-rows 1665,1009,1206,1240 --iterations 1 --repetitions 8 --warmup 2
int8 AVX2 correction test passed; scalar_checksum=320040, avx2_checksum=320040, difference=0
command[77/240]=D:\Install\Dev\Projects\IA\Ejercise\cpu-native-arch\build\int8_probe.exe --K 512 --target-kib 640 --depth 4 --variant B --kernel avx2 --parallel-cpus 0,2,4,6 --parallel-rows 1665,1009,1206,1240 --iterations 1 --repetitions 8 --warmup 2
int8 AVX2 correction test passed; scalar_checksum=320040, avx2_checksum=320040, difference=0
command[78/240]=D:\Install\Dev\Projects\IA\Ejercise\cpu-native-arch\build\int8_probe.exe --K 512 --target-kib 640 --depth 4 --variant A --kernel avx2 --parallel-cpus 0,2,4,6 --parallel-rows 1665,1009,1206,1240 --iterations 1 --repetitions 8 --warmup 2
int8 AVX2 correction test passed; scalar_checksum=320040, avx2_checksum=320040, difference=0
command[79/240]=D:\Install\Dev\Projects\IA\Ejercise\cpu-native-arch\build\int8_probe.exe --K 512 --target-kib 640 --depth 8 --variant C --kernel avx2 --parallel-cpus 0,2,4,6 --parallel-rows 1665,1009,1206,1240 --iterations 1 --repetitions 8 --warmup 2
int8 AVX2 correction test passed; scalar_checksum=320040, avx2_checksum=320040, difference=0
command[80/240]=D:\Install\Dev\Projects\IA\Ejercise\cpu-native-arch\build\int8_probe.exe --K 512 --target-kib 640 --depth 8 --variant B --kernel avx2 --parallel-cpus 0,2,4,6 --parallel-rows 1665,1009,1206,1240 --iterations 1 --repetitions 8 --warmup 2
int8 AVX2 correction test passed; scalar_checksum=320040, avx2_checksum=320040, difference=0
command[81/240]=D:\Install\Dev\Projects\IA\Ejercise\cpu-native-arch\build\int8_probe.exe --K 512 --target-kib 640 --depth 8 --variant A --kernel avx2 --parallel-cpus 0,2,4,6 --parallel-rows 1665,1009,1206,1240 --iterations 1 --repetitions 8 --warmup 2
int8 AVX2 correction test passed; scalar_checksum=320040, avx2_checksum=320040, difference=0
command[82/240]=D:\Install\Dev\Projects\IA\Ejercise\cpu-native-arch\build\int8_probe.exe --K 512 --target-kib 640 --depth 16 --variant C --kernel avx2 --parallel-cpus 0,2,4,6 --parallel-rows 1665,1009,1206,1240 --iterations 1 --repetitions 8 --warmup 2
int8 AVX2 correction test passed; scalar_checksum=320040, avx2_checksum=320040, difference=0
command[83/240]=D:\Install\Dev\Projects\IA\Ejercise\cpu-native-arch\build\int8_probe.exe --K 512 --target-kib 640 --depth 16 --variant B --kernel avx2 --parallel-cpus 0,2,4,6 --parallel-rows 1665,1009,1206,1240 --iterations 1 --repetitions 8 --warmup 2
int8 AVX2 correction test passed; scalar_checksum=320040, avx2_checksum=320040, difference=0
command[84/240]=D:\Install\Dev\Projects\IA\Ejercise\cpu-native-arch\build\int8_probe.exe --K 512 --target-kib 640 --depth 16 --variant A --kernel avx2 --parallel-cpus 0,2,4,6 --parallel-rows 1665,1009,1206,1240 --iterations 1 --repetitions 8 --warmup 2
int8 AVX2 correction test passed; scalar_checksum=320040, avx2_checksum=320040, difference=0
command[85/240]=D:\Install\Dev\Projects\IA\Ejercise\cpu-native-arch\build\int8_probe.exe --K 512 --target-kib 768 --depth 1 --variant C --kernel avx2 --parallel-cpus 0,2,4,6 --parallel-rows 1999,1210,1448,1487 --iterations 1 --repetitions 8 --warmup 2
int8 AVX2 correction test passed; scalar_checksum=320040, avx2_checksum=320040, difference=0
command[86/240]=D:\Install\Dev\Projects\IA\Ejercise\cpu-native-arch\build\int8_probe.exe --K 512 --target-kib 768 --depth 1 --variant B --kernel avx2 --parallel-cpus 0,2,4,6 --parallel-rows 1999,1210,1448,1487 --iterations 1 --repetitions 8 --warmup 2
int8 AVX2 correction test passed; scalar_checksum=320040, avx2_checksum=320040, difference=0
command[87/240]=D:\Install\Dev\Projects\IA\Ejercise\cpu-native-arch\build\int8_probe.exe --K 512 --target-kib 768 --depth 1 --variant A --kernel avx2 --parallel-cpus 0,2,4,6 --parallel-rows 1999,1210,1448,1487 --iterations 1 --repetitions 8 --warmup 2
int8 AVX2 correction test passed; scalar_checksum=320040, avx2_checksum=320040, difference=0
command[88/240]=D:\Install\Dev\Projects\IA\Ejercise\cpu-native-arch\build\int8_probe.exe --K 512 --target-kib 768 --depth 4 --variant C --kernel avx2 --parallel-cpus 0,2,4,6 --parallel-rows 1999,1210,1448,1487 --iterations 1 --repetitions 8 --warmup 2
int8 AVX2 correction test passed; scalar_checksum=320040, avx2_checksum=320040, difference=0
command[89/240]=D:\Install\Dev\Projects\IA\Ejercise\cpu-native-arch\build\int8_probe.exe --K 512 --target-kib 768 --depth 4 --variant B --kernel avx2 --parallel-cpus 0,2,4,6 --parallel-rows 1999,1210,1448,1487 --iterations 1 --repetitions 8 --warmup 2
int8 AVX2 correction test passed; scalar_checksum=320040, avx2_checksum=320040, difference=0
command[90/240]=D:\Install\Dev\Projects\IA\Ejercise\cpu-native-arch\build\int8_probe.exe --K 512 --target-kib 768 --depth 4 --variant A --kernel avx2 --parallel-cpus 0,2,4,6 --parallel-rows 1999,1210,1448,1487 --iterations 1 --repetitions 8 --warmup 2
int8 AVX2 correction test passed; scalar_checksum=320040, avx2_checksum=320040, difference=0
command[91/240]=D:\Install\Dev\Projects\IA\Ejercise\cpu-native-arch\build\int8_probe.exe --K 512 --target-kib 768 --depth 8 --variant C --kernel avx2 --parallel-cpus 0,2,4,6 --parallel-rows 1999,1210,1448,1487 --iterations 1 --repetitions 8 --warmup 2
int8 AVX2 correction test passed; scalar_checksum=320040, avx2_checksum=320040, difference=0
command[92/240]=D:\Install\Dev\Projects\IA\Ejercise\cpu-native-arch\build\int8_probe.exe --K 512 --target-kib 768 --depth 8 --variant B --kernel avx2 --parallel-cpus 0,2,4,6 --parallel-rows 1999,1210,1448,1487 --iterations 1 --repetitions 8 --warmup 2
int8 AVX2 correction test passed; scalar_checksum=320040, avx2_checksum=320040, difference=0
command[93/240]=D:\Install\Dev\Projects\IA\Ejercise\cpu-native-arch\build\int8_probe.exe --K 512 --target-kib 768 --depth 8 --variant A --kernel avx2 --parallel-cpus 0,2,4,6 --parallel-rows 1999,1210,1448,1487 --iterations 1 --repetitions 8 --warmup 2
int8 AVX2 correction test passed; scalar_checksum=320040, avx2_checksum=320040, difference=0
command[94/240]=D:\Install\Dev\Projects\IA\Ejercise\cpu-native-arch\build\int8_probe.exe --K 512 --target-kib 768 --depth 16 --variant C --kernel avx2 --parallel-cpus 0,2,4,6 --parallel-rows 1999,1210,1448,1487 --iterations 1 --repetitions 8 --warmup 2
int8 AVX2 correction test passed; scalar_checksum=320040, avx2_checksum=320040, difference=0
command[95/240]=D:\Install\Dev\Projects\IA\Ejercise\cpu-native-arch\build\int8_probe.exe --K 512 --target-kib 768 --depth 16 --variant B --kernel avx2 --parallel-cpus 0,2,4,6 --parallel-rows 1999,1210,1448,1487 --iterations 1 --repetitions 8 --warmup 2
int8 AVX2 correction test passed; scalar_checksum=320040, avx2_checksum=320040, difference=0
command[96/240]=D:\Install\Dev\Projects\IA\Ejercise\cpu-native-arch\build\int8_probe.exe --K 512 --target-kib 768 --depth 16 --variant A --kernel avx2 --parallel-cpus 0,2,4,6 --parallel-rows 1999,1210,1448,1487 --iterations 1 --repetitions 8 --warmup 2
int8 AVX2 correction test passed; scalar_checksum=320040, avx2_checksum=320040, difference=0
command[97/240]=D:\Install\Dev\Projects\IA\Ejercise\cpu-native-arch\build\int8_probe.exe --K 512 --target-kib 384 --depth 1 --variant A --kernel avx2 --parallel-cpus 0,2,4,6 --parallel-rows 999,605,724,744 --iterations 1 --repetitions 8 --warmup 2
int8 AVX2 correction test passed; scalar_checksum=320040, avx2_checksum=320040, difference=0
command[98/240]=D:\Install\Dev\Projects\IA\Ejercise\cpu-native-arch\build\int8_probe.exe --K 512 --target-kib 384 --depth 1 --variant B --kernel avx2 --parallel-cpus 0,2,4,6 --parallel-rows 999,605,724,744 --iterations 1 --repetitions 8 --warmup 2
int8 AVX2 correction test passed; scalar_checksum=320040, avx2_checksum=320040, difference=0
command[99/240]=D:\Install\Dev\Projects\IA\Ejercise\cpu-native-arch\build\int8_probe.exe --K 512 --target-kib 384 --depth 1 --variant C --kernel avx2 --parallel-cpus 0,2,4,6 --parallel-rows 999,605,724,744 --iterations 1 --repetitions 8 --warmup 2
int8 AVX2 correction test passed; scalar_checksum=320040, avx2_checksum=320040, difference=0
command[100/240]=D:\Install\Dev\Projects\IA\Ejercise\cpu-native-arch\build\int8_probe.exe --K 512 --target-kib 384 --depth 4 --variant A --kernel avx2 --parallel-cpus 0,2,4,6 --parallel-rows 999,605,724,744 --iterations 1 --repetitions 8 --warmup 2
int8 AVX2 correction test passed; scalar_checksum=320040, avx2_checksum=320040, difference=0
command[101/240]=D:\Install\Dev\Projects\IA\Ejercise\cpu-native-arch\build\int8_probe.exe --K 512 --target-kib 384 --depth 4 --variant B --kernel avx2 --parallel-cpus 0,2,4,6 --parallel-rows 999,605,724,744 --iterations 1 --repetitions 8 --warmup 2
int8 AVX2 correction test passed; scalar_checksum=320040, avx2_checksum=320040, difference=0
command[102/240]=D:\Install\Dev\Projects\IA\Ejercise\cpu-native-arch\build\int8_probe.exe --K 512 --target-kib 384 --depth 4 --variant C --kernel avx2 --parallel-cpus 0,2,4,6 --parallel-rows 999,605,724,744 --iterations 1 --repetitions 8 --warmup 2
int8 AVX2 correction test passed; scalar_checksum=320040, avx2_checksum=320040, difference=0
command[103/240]=D:\Install\Dev\Projects\IA\Ejercise\cpu-native-arch\build\int8_probe.exe --K 512 --target-kib 384 --depth 8 --variant A --kernel avx2 --parallel-cpus 0,2,4,6 --parallel-rows 999,605,724,744 --iterations 1 --repetitions 8 --warmup 2
int8 AVX2 correction test passed; scalar_checksum=320040, avx2_checksum=320040, difference=0
command[104/240]=D:\Install\Dev\Projects\IA\Ejercise\cpu-native-arch\build\int8_probe.exe --K 512 --target-kib 384 --depth 8 --variant B --kernel avx2 --parallel-cpus 0,2,4,6 --parallel-rows 999,605,724,744 --iterations 1 --repetitions 8 --warmup 2
int8 AVX2 correction test passed; scalar_checksum=320040, avx2_checksum=320040, difference=0
command[105/240]=D:\Install\Dev\Projects\IA\Ejercise\cpu-native-arch\build\int8_probe.exe --K 512 --target-kib 384 --depth 8 --variant C --kernel avx2 --parallel-cpus 0,2,4,6 --parallel-rows 999,605,724,744 --iterations 1 --repetitions 8 --warmup 2
int8 AVX2 correction test passed; scalar_checksum=320040, avx2_checksum=320040, difference=0
command[106/240]=D:\Install\Dev\Projects\IA\Ejercise\cpu-native-arch\build\int8_probe.exe --K 512 --target-kib 384 --depth 16 --variant A --kernel avx2 --parallel-cpus 0,2,4,6 --parallel-rows 999,605,724,744 --iterations 1 --repetitions 8 --warmup 2
int8 AVX2 correction test passed; scalar_checksum=320040, avx2_checksum=320040, difference=0
command[107/240]=D:\Install\Dev\Projects\IA\Ejercise\cpu-native-arch\build\int8_probe.exe --K 512 --target-kib 384 --depth 16 --variant B --kernel avx2 --parallel-cpus 0,2,4,6 --parallel-rows 999,605,724,744 --iterations 1 --repetitions 8 --warmup 2
int8 AVX2 correction test passed; scalar_checksum=320040, avx2_checksum=320040, difference=0
command[108/240]=D:\Install\Dev\Projects\IA\Ejercise\cpu-native-arch\build\int8_probe.exe --K 512 --target-kib 384 --depth 16 --variant C --kernel avx2 --parallel-cpus 0,2,4,6 --parallel-rows 999,605,724,744 --iterations 1 --repetitions 8 --warmup 2
int8 AVX2 correction test passed; scalar_checksum=320040, avx2_checksum=320040, difference=0
command[109/240]=D:\Install\Dev\Projects\IA\Ejercise\cpu-native-arch\build\int8_probe.exe --K 512 --target-kib 512 --depth 1 --variant A --kernel avx2 --parallel-cpus 0,2,4,6 --parallel-rows 1332,807,965,992 --iterations 1 --repetitions 8 --warmup 2
int8 AVX2 correction test passed; scalar_checksum=320040, avx2_checksum=320040, difference=0
command[110/240]=D:\Install\Dev\Projects\IA\Ejercise\cpu-native-arch\build\int8_probe.exe --K 512 --target-kib 512 --depth 1 --variant B --kernel avx2 --parallel-cpus 0,2,4,6 --parallel-rows 1332,807,965,992 --iterations 1 --repetitions 8 --warmup 2
int8 AVX2 correction test passed; scalar_checksum=320040, avx2_checksum=320040, difference=0
command[111/240]=D:\Install\Dev\Projects\IA\Ejercise\cpu-native-arch\build\int8_probe.exe --K 512 --target-kib 512 --depth 1 --variant C --kernel avx2 --parallel-cpus 0,2,4,6 --parallel-rows 1332,807,965,992 --iterations 1 --repetitions 8 --warmup 2
int8 AVX2 correction test passed; scalar_checksum=320040, avx2_checksum=320040, difference=0
command[112/240]=D:\Install\Dev\Projects\IA\Ejercise\cpu-native-arch\build\int8_probe.exe --K 512 --target-kib 512 --depth 4 --variant A --kernel avx2 --parallel-cpus 0,2,4,6 --parallel-rows 1332,807,965,992 --iterations 1 --repetitions 8 --warmup 2
int8 AVX2 correction test passed; scalar_checksum=320040, avx2_checksum=320040, difference=0
command[113/240]=D:\Install\Dev\Projects\IA\Ejercise\cpu-native-arch\build\int8_probe.exe --K 512 --target-kib 512 --depth 4 --variant B --kernel avx2 --parallel-cpus 0,2,4,6 --parallel-rows 1332,807,965,992 --iterations 1 --repetitions 8 --warmup 2
int8 AVX2 correction test passed; scalar_checksum=320040, avx2_checksum=320040, difference=0
command[114/240]=D:\Install\Dev\Projects\IA\Ejercise\cpu-native-arch\build\int8_probe.exe --K 512 --target-kib 512 --depth 4 --variant C --kernel avx2 --parallel-cpus 0,2,4,6 --parallel-rows 1332,807,965,992 --iterations 1 --repetitions 8 --warmup 2
int8 AVX2 correction test passed; scalar_checksum=320040, avx2_checksum=320040, difference=0
command[115/240]=D:\Install\Dev\Projects\IA\Ejercise\cpu-native-arch\build\int8_probe.exe --K 512 --target-kib 512 --depth 8 --variant A --kernel avx2 --parallel-cpus 0,2,4,6 --parallel-rows 1332,807,965,992 --iterations 1 --repetitions 8 --warmup 2
int8 AVX2 correction test passed; scalar_checksum=320040, avx2_checksum=320040, difference=0
command[116/240]=D:\Install\Dev\Projects\IA\Ejercise\cpu-native-arch\build\int8_probe.exe --K 512 --target-kib 512 --depth 8 --variant B --kernel avx2 --parallel-cpus 0,2,4,6 --parallel-rows 1332,807,965,992 --iterations 1 --repetitions 8 --warmup 2
int8 AVX2 correction test passed; scalar_checksum=320040, avx2_checksum=320040, difference=0
command[117/240]=D:\Install\Dev\Projects\IA\Ejercise\cpu-native-arch\build\int8_probe.exe --K 512 --target-kib 512 --depth 8 --variant C --kernel avx2 --parallel-cpus 0,2,4,6 --parallel-rows 1332,807,965,992 --iterations 1 --repetitions 8 --warmup 2
int8 AVX2 correction test passed; scalar_checksum=320040, avx2_checksum=320040, difference=0
command[118/240]=D:\Install\Dev\Projects\IA\Ejercise\cpu-native-arch\build\int8_probe.exe --K 512 --target-kib 512 --depth 16 --variant A --kernel avx2 --parallel-cpus 0,2,4,6 --parallel-rows 1332,807,965,992 --iterations 1 --repetitions 8 --warmup 2
int8 AVX2 correction test passed; scalar_checksum=320040, avx2_checksum=320040, difference=0
command[119/240]=D:\Install\Dev\Projects\IA\Ejercise\cpu-native-arch\build\int8_probe.exe --K 512 --target-kib 512 --depth 16 --variant B --kernel avx2 --parallel-cpus 0,2,4,6 --parallel-rows 1332,807,965,992 --iterations 1 --repetitions 8 --warmup 2
int8 AVX2 correction test passed; scalar_checksum=320040, avx2_checksum=320040, difference=0
command[120/240]=D:\Install\Dev\Projects\IA\Ejercise\cpu-native-arch\build\int8_probe.exe --K 512 --target-kib 512 --depth 16 --variant C --kernel avx2 --parallel-cpus 0,2,4,6 --parallel-rows 1332,807,965,992 --iterations 1 --repetitions 8 --warmup 2
int8 AVX2 correction test passed; scalar_checksum=320040, avx2_checksum=320040, difference=0
command[121/240]=D:\Install\Dev\Projects\IA\Ejercise\cpu-native-arch\build\int8_probe.exe --K 512 --target-kib 640 --depth 1 --variant A --kernel avx2 --parallel-cpus 0,2,4,6 --parallel-rows 1665,1009,1206,1240 --iterations 1 --repetitions 8 --warmup 2
int8 AVX2 correction test passed; scalar_checksum=320040, avx2_checksum=320040, difference=0
command[122/240]=D:\Install\Dev\Projects\IA\Ejercise\cpu-native-arch\build\int8_probe.exe --K 512 --target-kib 640 --depth 1 --variant B --kernel avx2 --parallel-cpus 0,2,4,6 --parallel-rows 1665,1009,1206,1240 --iterations 1 --repetitions 8 --warmup 2
int8 AVX2 correction test passed; scalar_checksum=320040, avx2_checksum=320040, difference=0
command[123/240]=D:\Install\Dev\Projects\IA\Ejercise\cpu-native-arch\build\int8_probe.exe --K 512 --target-kib 640 --depth 1 --variant C --kernel avx2 --parallel-cpus 0,2,4,6 --parallel-rows 1665,1009,1206,1240 --iterations 1 --repetitions 8 --warmup 2
int8 AVX2 correction test passed; scalar_checksum=320040, avx2_checksum=320040, difference=0
command[124/240]=D:\Install\Dev\Projects\IA\Ejercise\cpu-native-arch\build\int8_probe.exe --K 512 --target-kib 640 --depth 4 --variant A --kernel avx2 --parallel-cpus 0,2,4,6 --parallel-rows 1665,1009,1206,1240 --iterations 1 --repetitions 8 --warmup 2
int8 AVX2 correction test passed; scalar_checksum=320040, avx2_checksum=320040, difference=0
command[125/240]=D:\Install\Dev\Projects\IA\Ejercise\cpu-native-arch\build\int8_probe.exe --K 512 --target-kib 640 --depth 4 --variant B --kernel avx2 --parallel-cpus 0,2,4,6 --parallel-rows 1665,1009,1206,1240 --iterations 1 --repetitions 8 --warmup 2
int8 AVX2 correction test passed; scalar_checksum=320040, avx2_checksum=320040, difference=0
command[126/240]=D:\Install\Dev\Projects\IA\Ejercise\cpu-native-arch\build\int8_probe.exe --K 512 --target-kib 640 --depth 4 --variant C --kernel avx2 --parallel-cpus 0,2,4,6 --parallel-rows 1665,1009,1206,1240 --iterations 1 --repetitions 8 --warmup 2
int8 AVX2 correction test passed; scalar_checksum=320040, avx2_checksum=320040, difference=0
command[127/240]=D:\Install\Dev\Projects\IA\Ejercise\cpu-native-arch\build\int8_probe.exe --K 512 --target-kib 640 --depth 8 --variant A --kernel avx2 --parallel-cpus 0,2,4,6 --parallel-rows 1665,1009,1206,1240 --iterations 1 --repetitions 8 --warmup 2
int8 AVX2 correction test passed; scalar_checksum=320040, avx2_checksum=320040, difference=0
command[128/240]=D:\Install\Dev\Projects\IA\Ejercise\cpu-native-arch\build\int8_probe.exe --K 512 --target-kib 640 --depth 8 --variant B --kernel avx2 --parallel-cpus 0,2,4,6 --parallel-rows 1665,1009,1206,1240 --iterations 1 --repetitions 8 --warmup 2
int8 AVX2 correction test passed; scalar_checksum=320040, avx2_checksum=320040, difference=0
command[129/240]=D:\Install\Dev\Projects\IA\Ejercise\cpu-native-arch\build\int8_probe.exe --K 512 --target-kib 640 --depth 8 --variant C --kernel avx2 --parallel-cpus 0,2,4,6 --parallel-rows 1665,1009,1206,1240 --iterations 1 --repetitions 8 --warmup 2
int8 AVX2 correction test passed; scalar_checksum=320040, avx2_checksum=320040, difference=0
command[130/240]=D:\Install\Dev\Projects\IA\Ejercise\cpu-native-arch\build\int8_probe.exe --K 512 --target-kib 640 --depth 16 --variant A --kernel avx2 --parallel-cpus 0,2,4,6 --parallel-rows 1665,1009,1206,1240 --iterations 1 --repetitions 8 --warmup 2
int8 AVX2 correction test passed; scalar_checksum=320040, avx2_checksum=320040, difference=0
command[131/240]=D:\Install\Dev\Projects\IA\Ejercise\cpu-native-arch\build\int8_probe.exe --K 512 --target-kib 640 --depth 16 --variant B --kernel avx2 --parallel-cpus 0,2,4,6 --parallel-rows 1665,1009,1206,1240 --iterations 1 --repetitions 8 --warmup 2
int8 AVX2 correction test passed; scalar_checksum=320040, avx2_checksum=320040, difference=0
command[132/240]=D:\Install\Dev\Projects\IA\Ejercise\cpu-native-arch\build\int8_probe.exe --K 512 --target-kib 640 --depth 16 --variant C --kernel avx2 --parallel-cpus 0,2,4,6 --parallel-rows 1665,1009,1206,1240 --iterations 1 --repetitions 8 --warmup 2
int8 AVX2 correction test passed; scalar_checksum=320040, avx2_checksum=320040, difference=0
command[133/240]=D:\Install\Dev\Projects\IA\Ejercise\cpu-native-arch\build\int8_probe.exe --K 512 --target-kib 768 --depth 1 --variant A --kernel avx2 --parallel-cpus 0,2,4,6 --parallel-rows 1999,1210,1448,1487 --iterations 1 --repetitions 8 --warmup 2
int8 AVX2 correction test passed; scalar_checksum=320040, avx2_checksum=320040, difference=0
command[134/240]=D:\Install\Dev\Projects\IA\Ejercise\cpu-native-arch\build\int8_probe.exe --K 512 --target-kib 768 --depth 1 --variant B --kernel avx2 --parallel-cpus 0,2,4,6 --parallel-rows 1999,1210,1448,1487 --iterations 1 --repetitions 8 --warmup 2
int8 AVX2 correction test passed; scalar_checksum=320040, avx2_checksum=320040, difference=0
command[135/240]=D:\Install\Dev\Projects\IA\Ejercise\cpu-native-arch\build\int8_probe.exe --K 512 --target-kib 768 --depth 1 --variant C --kernel avx2 --parallel-cpus 0,2,4,6 --parallel-rows 1999,1210,1448,1487 --iterations 1 --repetitions 8 --warmup 2
int8 AVX2 correction test passed; scalar_checksum=320040, avx2_checksum=320040, difference=0
command[136/240]=D:\Install\Dev\Projects\IA\Ejercise\cpu-native-arch\build\int8_probe.exe --K 512 --target-kib 768 --depth 4 --variant A --kernel avx2 --parallel-cpus 0,2,4,6 --parallel-rows 1999,1210,1448,1487 --iterations 1 --repetitions 8 --warmup 2
int8 AVX2 correction test passed; scalar_checksum=320040, avx2_checksum=320040, difference=0
command[137/240]=D:\Install\Dev\Projects\IA\Ejercise\cpu-native-arch\build\int8_probe.exe --K 512 --target-kib 768 --depth 4 --variant B --kernel avx2 --parallel-cpus 0,2,4,6 --parallel-rows 1999,1210,1448,1487 --iterations 1 --repetitions 8 --warmup 2
int8 AVX2 correction test passed; scalar_checksum=320040, avx2_checksum=320040, difference=0
command[138/240]=D:\Install\Dev\Projects\IA\Ejercise\cpu-native-arch\build\int8_probe.exe --K 512 --target-kib 768 --depth 4 --variant C --kernel avx2 --parallel-cpus 0,2,4,6 --parallel-rows 1999,1210,1448,1487 --iterations 1 --repetitions 8 --warmup 2
int8 AVX2 correction test passed; scalar_checksum=320040, avx2_checksum=320040, difference=0
command[139/240]=D:\Install\Dev\Projects\IA\Ejercise\cpu-native-arch\build\int8_probe.exe --K 512 --target-kib 768 --depth 8 --variant A --kernel avx2 --parallel-cpus 0,2,4,6 --parallel-rows 1999,1210,1448,1487 --iterations 1 --repetitions 8 --warmup 2
int8 AVX2 correction test passed; scalar_checksum=320040, avx2_checksum=320040, difference=0
command[140/240]=D:\Install\Dev\Projects\IA\Ejercise\cpu-native-arch\build\int8_probe.exe --K 512 --target-kib 768 --depth 8 --variant B --kernel avx2 --parallel-cpus 0,2,4,6 --parallel-rows 1999,1210,1448,1487 --iterations 1 --repetitions 8 --warmup 2
int8 AVX2 correction test passed; scalar_checksum=320040, avx2_checksum=320040, difference=0
command[141/240]=D:\Install\Dev\Projects\IA\Ejercise\cpu-native-arch\build\int8_probe.exe --K 512 --target-kib 768 --depth 8 --variant C --kernel avx2 --parallel-cpus 0,2,4,6 --parallel-rows 1999,1210,1448,1487 --iterations 1 --repetitions 8 --warmup 2
int8 AVX2 correction test passed; scalar_checksum=320040, avx2_checksum=320040, difference=0
command[142/240]=D:\Install\Dev\Projects\IA\Ejercise\cpu-native-arch\build\int8_probe.exe --K 512 --target-kib 768 --depth 16 --variant A --kernel avx2 --parallel-cpus 0,2,4,6 --parallel-rows 1999,1210,1448,1487 --iterations 1 --repetitions 8 --warmup 2
int8 AVX2 correction test passed; scalar_checksum=320040, avx2_checksum=320040, difference=0
command[143/240]=D:\Install\Dev\Projects\IA\Ejercise\cpu-native-arch\build\int8_probe.exe --K 512 --target-kib 768 --depth 16 --variant B --kernel avx2 --parallel-cpus 0,2,4,6 --parallel-rows 1999,1210,1448,1487 --iterations 1 --repetitions 8 --warmup 2
int8 AVX2 correction test passed; scalar_checksum=320040, avx2_checksum=320040, difference=0
command[144/240]=D:\Install\Dev\Projects\IA\Ejercise\cpu-native-arch\build\int8_probe.exe --K 512 --target-kib 768 --depth 16 --variant C --kernel avx2 --parallel-cpus 0,2,4,6 --parallel-rows 1999,1210,1448,1487 --iterations 1 --repetitions 8 --warmup 2
int8 AVX2 correction test passed; scalar_checksum=320040, avx2_checksum=320040, difference=0
command[145/240]=D:\Install\Dev\Projects\IA\Ejercise\cpu-native-arch\build\int8_probe.exe --K 512 --target-kib 384 --depth 1 --variant C --kernel avx2 --parallel-cpus 0,2,4,6 --parallel-rows 999,605,724,744 --iterations 1 --repetitions 8 --warmup 2
int8 AVX2 correction test passed; scalar_checksum=320040, avx2_checksum=320040, difference=0
command[146/240]=D:\Install\Dev\Projects\IA\Ejercise\cpu-native-arch\build\int8_probe.exe --K 512 --target-kib 384 --depth 1 --variant B --kernel avx2 --parallel-cpus 0,2,4,6 --parallel-rows 999,605,724,744 --iterations 1 --repetitions 8 --warmup 2
int8 AVX2 correction test passed; scalar_checksum=320040, avx2_checksum=320040, difference=0
command[147/240]=D:\Install\Dev\Projects\IA\Ejercise\cpu-native-arch\build\int8_probe.exe --K 512 --target-kib 384 --depth 1 --variant A --kernel avx2 --parallel-cpus 0,2,4,6 --parallel-rows 999,605,724,744 --iterations 1 --repetitions 8 --warmup 2
int8 AVX2 correction test passed; scalar_checksum=320040, avx2_checksum=320040, difference=0
command[148/240]=D:\Install\Dev\Projects\IA\Ejercise\cpu-native-arch\build\int8_probe.exe --K 512 --target-kib 384 --depth 4 --variant C --kernel avx2 --parallel-cpus 0,2,4,6 --parallel-rows 999,605,724,744 --iterations 1 --repetitions 8 --warmup 2
int8 AVX2 correction test passed; scalar_checksum=320040, avx2_checksum=320040, difference=0
command[149/240]=D:\Install\Dev\Projects\IA\Ejercise\cpu-native-arch\build\int8_probe.exe --K 512 --target-kib 384 --depth 4 --variant B --kernel avx2 --parallel-cpus 0,2,4,6 --parallel-rows 999,605,724,744 --iterations 1 --repetitions 8 --warmup 2
int8 AVX2 correction test passed; scalar_checksum=320040, avx2_checksum=320040, difference=0
command[150/240]=D:\Install\Dev\Projects\IA\Ejercise\cpu-native-arch\build\int8_probe.exe --K 512 --target-kib 384 --depth 4 --variant A --kernel avx2 --parallel-cpus 0,2,4,6 --parallel-rows 999,605,724,744 --iterations 1 --repetitions 8 --warmup 2
int8 AVX2 correction test passed; scalar_checksum=320040, avx2_checksum=320040, difference=0
command[151/240]=D:\Install\Dev\Projects\IA\Ejercise\cpu-native-arch\build\int8_probe.exe --K 512 --target-kib 384 --depth 8 --variant C --kernel avx2 --parallel-cpus 0,2,4,6 --parallel-rows 999,605,724,744 --iterations 1 --repetitions 8 --warmup 2
int8 AVX2 correction test passed; scalar_checksum=320040, avx2_checksum=320040, difference=0
command[152/240]=D:\Install\Dev\Projects\IA\Ejercise\cpu-native-arch\build\int8_probe.exe --K 512 --target-kib 384 --depth 8 --variant B --kernel avx2 --parallel-cpus 0,2,4,6 --parallel-rows 999,605,724,744 --iterations 1 --repetitions 8 --warmup 2
int8 AVX2 correction test passed; scalar_checksum=320040, avx2_checksum=320040, difference=0
command[153/240]=D:\Install\Dev\Projects\IA\Ejercise\cpu-native-arch\build\int8_probe.exe --K 512 --target-kib 384 --depth 8 --variant A --kernel avx2 --parallel-cpus 0,2,4,6 --parallel-rows 999,605,724,744 --iterations 1 --repetitions 8 --warmup 2
int8 AVX2 correction test passed; scalar_checksum=320040, avx2_checksum=320040, difference=0
command[154/240]=D:\Install\Dev\Projects\IA\Ejercise\cpu-native-arch\build\int8_probe.exe --K 512 --target-kib 384 --depth 16 --variant C --kernel avx2 --parallel-cpus 0,2,4,6 --parallel-rows 999,605,724,744 --iterations 1 --repetitions 8 --warmup 2
int8 AVX2 correction test passed; scalar_checksum=320040, avx2_checksum=320040, difference=0
command[155/240]=D:\Install\Dev\Projects\IA\Ejercise\cpu-native-arch\build\int8_probe.exe --K 512 --target-kib 384 --depth 16 --variant B --kernel avx2 --parallel-cpus 0,2,4,6 --parallel-rows 999,605,724,744 --iterations 1 --repetitions 8 --warmup 2
int8 AVX2 correction test passed; scalar_checksum=320040, avx2_checksum=320040, difference=0
command[156/240]=D:\Install\Dev\Projects\IA\Ejercise\cpu-native-arch\build\int8_probe.exe --K 512 --target-kib 384 --depth 16 --variant A --kernel avx2 --parallel-cpus 0,2,4,6 --parallel-rows 999,605,724,744 --iterations 1 --repetitions 8 --warmup 2
int8 AVX2 correction test passed; scalar_checksum=320040, avx2_checksum=320040, difference=0
command[157/240]=D:\Install\Dev\Projects\IA\Ejercise\cpu-native-arch\build\int8_probe.exe --K 512 --target-kib 512 --depth 1 --variant C --kernel avx2 --parallel-cpus 0,2,4,6 --parallel-rows 1332,807,965,992 --iterations 1 --repetitions 8 --warmup 2
int8 AVX2 correction test passed; scalar_checksum=320040, avx2_checksum=320040, difference=0
command[158/240]=D:\Install\Dev\Projects\IA\Ejercise\cpu-native-arch\build\int8_probe.exe --K 512 --target-kib 512 --depth 1 --variant B --kernel avx2 --parallel-cpus 0,2,4,6 --parallel-rows 1332,807,965,992 --iterations 1 --repetitions 8 --warmup 2
int8 AVX2 correction test passed; scalar_checksum=320040, avx2_checksum=320040, difference=0
command[159/240]=D:\Install\Dev\Projects\IA\Ejercise\cpu-native-arch\build\int8_probe.exe --K 512 --target-kib 512 --depth 1 --variant A --kernel avx2 --parallel-cpus 0,2,4,6 --parallel-rows 1332,807,965,992 --iterations 1 --repetitions 8 --warmup 2
int8 AVX2 correction test passed; scalar_checksum=320040, avx2_checksum=320040, difference=0
command[160/240]=D:\Install\Dev\Projects\IA\Ejercise\cpu-native-arch\build\int8_probe.exe --K 512 --target-kib 512 --depth 4 --variant C --kernel avx2 --parallel-cpus 0,2,4,6 --parallel-rows 1332,807,965,992 --iterations 1 --repetitions 8 --warmup 2
int8 AVX2 correction test passed; scalar_checksum=320040, avx2_checksum=320040, difference=0
command[161/240]=D:\Install\Dev\Projects\IA\Ejercise\cpu-native-arch\build\int8_probe.exe --K 512 --target-kib 512 --depth 4 --variant B --kernel avx2 --parallel-cpus 0,2,4,6 --parallel-rows 1332,807,965,992 --iterations 1 --repetitions 8 --warmup 2
int8 AVX2 correction test passed; scalar_checksum=320040, avx2_checksum=320040, difference=0
command[162/240]=D:\Install\Dev\Projects\IA\Ejercise\cpu-native-arch\build\int8_probe.exe --K 512 --target-kib 512 --depth 4 --variant A --kernel avx2 --parallel-cpus 0,2,4,6 --parallel-rows 1332,807,965,992 --iterations 1 --repetitions 8 --warmup 2
int8 AVX2 correction test passed; scalar_checksum=320040, avx2_checksum=320040, difference=0
command[163/240]=D:\Install\Dev\Projects\IA\Ejercise\cpu-native-arch\build\int8_probe.exe --K 512 --target-kib 512 --depth 8 --variant C --kernel avx2 --parallel-cpus 0,2,4,6 --parallel-rows 1332,807,965,992 --iterations 1 --repetitions 8 --warmup 2
int8 AVX2 correction test passed; scalar_checksum=320040, avx2_checksum=320040, difference=0
command[164/240]=D:\Install\Dev\Projects\IA\Ejercise\cpu-native-arch\build\int8_probe.exe --K 512 --target-kib 512 --depth 8 --variant B --kernel avx2 --parallel-cpus 0,2,4,6 --parallel-rows 1332,807,965,992 --iterations 1 --repetitions 8 --warmup 2
int8 AVX2 correction test passed; scalar_checksum=320040, avx2_checksum=320040, difference=0
command[165/240]=D:\Install\Dev\Projects\IA\Ejercise\cpu-native-arch\build\int8_probe.exe --K 512 --target-kib 512 --depth 8 --variant A --kernel avx2 --parallel-cpus 0,2,4,6 --parallel-rows 1332,807,965,992 --iterations 1 --repetitions 8 --warmup 2
int8 AVX2 correction test passed; scalar_checksum=320040, avx2_checksum=320040, difference=0
command[166/240]=D:\Install\Dev\Projects\IA\Ejercise\cpu-native-arch\build\int8_probe.exe --K 512 --target-kib 512 --depth 16 --variant C --kernel avx2 --parallel-cpus 0,2,4,6 --parallel-rows 1332,807,965,992 --iterations 1 --repetitions 8 --warmup 2
int8 AVX2 correction test passed; scalar_checksum=320040, avx2_checksum=320040, difference=0
command[167/240]=D:\Install\Dev\Projects\IA\Ejercise\cpu-native-arch\build\int8_probe.exe --K 512 --target-kib 512 --depth 16 --variant B --kernel avx2 --parallel-cpus 0,2,4,6 --parallel-rows 1332,807,965,992 --iterations 1 --repetitions 8 --warmup 2
int8 AVX2 correction test passed; scalar_checksum=320040, avx2_checksum=320040, difference=0
command[168/240]=D:\Install\Dev\Projects\IA\Ejercise\cpu-native-arch\build\int8_probe.exe --K 512 --target-kib 512 --depth 16 --variant A --kernel avx2 --parallel-cpus 0,2,4,6 --parallel-rows 1332,807,965,992 --iterations 1 --repetitions 8 --warmup 2
int8 AVX2 correction test passed; scalar_checksum=320040, avx2_checksum=320040, difference=0
command[169/240]=D:\Install\Dev\Projects\IA\Ejercise\cpu-native-arch\build\int8_probe.exe --K 512 --target-kib 640 --depth 1 --variant C --kernel avx2 --parallel-cpus 0,2,4,6 --parallel-rows 1665,1009,1206,1240 --iterations 1 --repetitions 8 --warmup 2
int8 AVX2 correction test passed; scalar_checksum=320040, avx2_checksum=320040, difference=0
command[170/240]=D:\Install\Dev\Projects\IA\Ejercise\cpu-native-arch\build\int8_probe.exe --K 512 --target-kib 640 --depth 1 --variant B --kernel avx2 --parallel-cpus 0,2,4,6 --parallel-rows 1665,1009,1206,1240 --iterations 1 --repetitions 8 --warmup 2
int8 AVX2 correction test passed; scalar_checksum=320040, avx2_checksum=320040, difference=0
command[171/240]=D:\Install\Dev\Projects\IA\Ejercise\cpu-native-arch\build\int8_probe.exe --K 512 --target-kib 640 --depth 1 --variant A --kernel avx2 --parallel-cpus 0,2,4,6 --parallel-rows 1665,1009,1206,1240 --iterations 1 --repetitions 8 --warmup 2
int8 AVX2 correction test passed; scalar_checksum=320040, avx2_checksum=320040, difference=0
command[172/240]=D:\Install\Dev\Projects\IA\Ejercise\cpu-native-arch\build\int8_probe.exe --K 512 --target-kib 640 --depth 4 --variant C --kernel avx2 --parallel-cpus 0,2,4,6 --parallel-rows 1665,1009,1206,1240 --iterations 1 --repetitions 8 --warmup 2
int8 AVX2 correction test passed; scalar_checksum=320040, avx2_checksum=320040, difference=0
command[173/240]=D:\Install\Dev\Projects\IA\Ejercise\cpu-native-arch\build\int8_probe.exe --K 512 --target-kib 640 --depth 4 --variant B --kernel avx2 --parallel-cpus 0,2,4,6 --parallel-rows 1665,1009,1206,1240 --iterations 1 --repetitions 8 --warmup 2
int8 AVX2 correction test passed; scalar_checksum=320040, avx2_checksum=320040, difference=0
command[174/240]=D:\Install\Dev\Projects\IA\Ejercise\cpu-native-arch\build\int8_probe.exe --K 512 --target-kib 640 --depth 4 --variant A --kernel avx2 --parallel-cpus 0,2,4,6 --parallel-rows 1665,1009,1206,1240 --iterations 1 --repetitions 8 --warmup 2
int8 AVX2 correction test passed; scalar_checksum=320040, avx2_checksum=320040, difference=0
command[175/240]=D:\Install\Dev\Projects\IA\Ejercise\cpu-native-arch\build\int8_probe.exe --K 512 --target-kib 640 --depth 8 --variant C --kernel avx2 --parallel-cpus 0,2,4,6 --parallel-rows 1665,1009,1206,1240 --iterations 1 --repetitions 8 --warmup 2
int8 AVX2 correction test passed; scalar_checksum=320040, avx2_checksum=320040, difference=0
command[176/240]=D:\Install\Dev\Projects\IA\Ejercise\cpu-native-arch\build\int8_probe.exe --K 512 --target-kib 640 --depth 8 --variant B --kernel avx2 --parallel-cpus 0,2,4,6 --parallel-rows 1665,1009,1206,1240 --iterations 1 --repetitions 8 --warmup 2
int8 AVX2 correction test passed; scalar_checksum=320040, avx2_checksum=320040, difference=0
command[177/240]=D:\Install\Dev\Projects\IA\Ejercise\cpu-native-arch\build\int8_probe.exe --K 512 --target-kib 640 --depth 8 --variant A --kernel avx2 --parallel-cpus 0,2,4,6 --parallel-rows 1665,1009,1206,1240 --iterations 1 --repetitions 8 --warmup 2
int8 AVX2 correction test passed; scalar_checksum=320040, avx2_checksum=320040, difference=0
command[178/240]=D:\Install\Dev\Projects\IA\Ejercise\cpu-native-arch\build\int8_probe.exe --K 512 --target-kib 640 --depth 16 --variant C --kernel avx2 --parallel-cpus 0,2,4,6 --parallel-rows 1665,1009,1206,1240 --iterations 1 --repetitions 8 --warmup 2
int8 AVX2 correction test passed; scalar_checksum=320040, avx2_checksum=320040, difference=0
command[179/240]=D:\Install\Dev\Projects\IA\Ejercise\cpu-native-arch\build\int8_probe.exe --K 512 --target-kib 640 --depth 16 --variant B --kernel avx2 --parallel-cpus 0,2,4,6 --parallel-rows 1665,1009,1206,1240 --iterations 1 --repetitions 8 --warmup 2
int8 AVX2 correction test passed; scalar_checksum=320040, avx2_checksum=320040, difference=0
command[180/240]=D:\Install\Dev\Projects\IA\Ejercise\cpu-native-arch\build\int8_probe.exe --K 512 --target-kib 640 --depth 16 --variant A --kernel avx2 --parallel-cpus 0,2,4,6 --parallel-rows 1665,1009,1206,1240 --iterations 1 --repetitions 8 --warmup 2
int8 AVX2 correction test passed; scalar_checksum=320040, avx2_checksum=320040, difference=0
command[181/240]=D:\Install\Dev\Projects\IA\Ejercise\cpu-native-arch\build\int8_probe.exe --K 512 --target-kib 768 --depth 1 --variant C --kernel avx2 --parallel-cpus 0,2,4,6 --parallel-rows 1999,1210,1448,1487 --iterations 1 --repetitions 8 --warmup 2
int8 AVX2 correction test passed; scalar_checksum=320040, avx2_checksum=320040, difference=0
command[182/240]=D:\Install\Dev\Projects\IA\Ejercise\cpu-native-arch\build\int8_probe.exe --K 512 --target-kib 768 --depth 1 --variant B --kernel avx2 --parallel-cpus 0,2,4,6 --parallel-rows 1999,1210,1448,1487 --iterations 1 --repetitions 8 --warmup 2
int8 AVX2 correction test passed; scalar_checksum=320040, avx2_checksum=320040, difference=0
command[183/240]=D:\Install\Dev\Projects\IA\Ejercise\cpu-native-arch\build\int8_probe.exe --K 512 --target-kib 768 --depth 1 --variant A --kernel avx2 --parallel-cpus 0,2,4,6 --parallel-rows 1999,1210,1448,1487 --iterations 1 --repetitions 8 --warmup 2
int8 AVX2 correction test passed; scalar_checksum=320040, avx2_checksum=320040, difference=0
command[184/240]=D:\Install\Dev\Projects\IA\Ejercise\cpu-native-arch\build\int8_probe.exe --K 512 --target-kib 768 --depth 4 --variant C --kernel avx2 --parallel-cpus 0,2,4,6 --parallel-rows 1999,1210,1448,1487 --iterations 1 --repetitions 8 --warmup 2
int8 AVX2 correction test passed; scalar_checksum=320040, avx2_checksum=320040, difference=0
command[185/240]=D:\Install\Dev\Projects\IA\Ejercise\cpu-native-arch\build\int8_probe.exe --K 512 --target-kib 768 --depth 4 --variant B --kernel avx2 --parallel-cpus 0,2,4,6 --parallel-rows 1999,1210,1448,1487 --iterations 1 --repetitions 8 --warmup 2
int8 AVX2 correction test passed; scalar_checksum=320040, avx2_checksum=320040, difference=0
command[186/240]=D:\Install\Dev\Projects\IA\Ejercise\cpu-native-arch\build\int8_probe.exe --K 512 --target-kib 768 --depth 4 --variant A --kernel avx2 --parallel-cpus 0,2,4,6 --parallel-rows 1999,1210,1448,1487 --iterations 1 --repetitions 8 --warmup 2
int8 AVX2 correction test passed; scalar_checksum=320040, avx2_checksum=320040, difference=0
command[187/240]=D:\Install\Dev\Projects\IA\Ejercise\cpu-native-arch\build\int8_probe.exe --K 512 --target-kib 768 --depth 8 --variant C --kernel avx2 --parallel-cpus 0,2,4,6 --parallel-rows 1999,1210,1448,1487 --iterations 1 --repetitions 8 --warmup 2
int8 AVX2 correction test passed; scalar_checksum=320040, avx2_checksum=320040, difference=0
command[188/240]=D:\Install\Dev\Projects\IA\Ejercise\cpu-native-arch\build\int8_probe.exe --K 512 --target-kib 768 --depth 8 --variant B --kernel avx2 --parallel-cpus 0,2,4,6 --parallel-rows 1999,1210,1448,1487 --iterations 1 --repetitions 8 --warmup 2
int8 AVX2 correction test passed; scalar_checksum=320040, avx2_checksum=320040, difference=0
command[189/240]=D:\Install\Dev\Projects\IA\Ejercise\cpu-native-arch\build\int8_probe.exe --K 512 --target-kib 768 --depth 8 --variant A --kernel avx2 --parallel-cpus 0,2,4,6 --parallel-rows 1999,1210,1448,1487 --iterations 1 --repetitions 8 --warmup 2
int8 AVX2 correction test passed; scalar_checksum=320040, avx2_checksum=320040, difference=0
command[190/240]=D:\Install\Dev\Projects\IA\Ejercise\cpu-native-arch\build\int8_probe.exe --K 512 --target-kib 768 --depth 16 --variant C --kernel avx2 --parallel-cpus 0,2,4,6 --parallel-rows 1999,1210,1448,1487 --iterations 1 --repetitions 8 --warmup 2
int8 AVX2 correction test passed; scalar_checksum=320040, avx2_checksum=320040, difference=0
command[191/240]=D:\Install\Dev\Projects\IA\Ejercise\cpu-native-arch\build\int8_probe.exe --K 512 --target-kib 768 --depth 16 --variant B --kernel avx2 --parallel-cpus 0,2,4,6 --parallel-rows 1999,1210,1448,1487 --iterations 1 --repetitions 8 --warmup 2
int8 AVX2 correction test passed; scalar_checksum=320040, avx2_checksum=320040, difference=0
command[192/240]=D:\Install\Dev\Projects\IA\Ejercise\cpu-native-arch\build\int8_probe.exe --K 512 --target-kib 768 --depth 16 --variant A --kernel avx2 --parallel-cpus 0,2,4,6 --parallel-rows 1999,1210,1448,1487 --iterations 1 --repetitions 8 --warmup 2
int8 AVX2 correction test passed; scalar_checksum=320040, avx2_checksum=320040, difference=0
command[193/240]=D:\Install\Dev\Projects\IA\Ejercise\cpu-native-arch\build\int8_probe.exe --K 512 --target-kib 384 --depth 1 --variant A --kernel avx2 --parallel-cpus 0,2,4,6 --parallel-rows 999,605,724,744 --iterations 1 --repetitions 8 --warmup 2
int8 AVX2 correction test passed; scalar_checksum=320040, avx2_checksum=320040, difference=0
command[194/240]=D:\Install\Dev\Projects\IA\Ejercise\cpu-native-arch\build\int8_probe.exe --K 512 --target-kib 384 --depth 1 --variant B --kernel avx2 --parallel-cpus 0,2,4,6 --parallel-rows 999,605,724,744 --iterations 1 --repetitions 8 --warmup 2
int8 AVX2 correction test passed; scalar_checksum=320040, avx2_checksum=320040, difference=0
command[195/240]=D:\Install\Dev\Projects\IA\Ejercise\cpu-native-arch\build\int8_probe.exe --K 512 --target-kib 384 --depth 1 --variant C --kernel avx2 --parallel-cpus 0,2,4,6 --parallel-rows 999,605,724,744 --iterations 1 --repetitions 8 --warmup 2
int8 AVX2 correction test passed; scalar_checksum=320040, avx2_checksum=320040, difference=0
command[196/240]=D:\Install\Dev\Projects\IA\Ejercise\cpu-native-arch\build\int8_probe.exe --K 512 --target-kib 384 --depth 4 --variant A --kernel avx2 --parallel-cpus 0,2,4,6 --parallel-rows 999,605,724,744 --iterations 1 --repetitions 8 --warmup 2
int8 AVX2 correction test passed; scalar_checksum=320040, avx2_checksum=320040, difference=0
command[197/240]=D:\Install\Dev\Projects\IA\Ejercise\cpu-native-arch\build\int8_probe.exe --K 512 --target-kib 384 --depth 4 --variant B --kernel avx2 --parallel-cpus 0,2,4,6 --parallel-rows 999,605,724,744 --iterations 1 --repetitions 8 --warmup 2
int8 AVX2 correction test passed; scalar_checksum=320040, avx2_checksum=320040, difference=0
command[198/240]=D:\Install\Dev\Projects\IA\Ejercise\cpu-native-arch\build\int8_probe.exe --K 512 --target-kib 384 --depth 4 --variant C --kernel avx2 --parallel-cpus 0,2,4,6 --parallel-rows 999,605,724,744 --iterations 1 --repetitions 8 --warmup 2
int8 AVX2 correction test passed; scalar_checksum=320040, avx2_checksum=320040, difference=0
command[199/240]=D:\Install\Dev\Projects\IA\Ejercise\cpu-native-arch\build\int8_probe.exe --K 512 --target-kib 384 --depth 8 --variant A --kernel avx2 --parallel-cpus 0,2,4,6 --parallel-rows 999,605,724,744 --iterations 1 --repetitions 8 --warmup 2
int8 AVX2 correction test passed; scalar_checksum=320040, avx2_checksum=320040, difference=0
command[200/240]=D:\Install\Dev\Projects\IA\Ejercise\cpu-native-arch\build\int8_probe.exe --K 512 --target-kib 384 --depth 8 --variant B --kernel avx2 --parallel-cpus 0,2,4,6 --parallel-rows 999,605,724,744 --iterations 1 --repetitions 8 --warmup 2
int8 AVX2 correction test passed; scalar_checksum=320040, avx2_checksum=320040, difference=0
command[201/240]=D:\Install\Dev\Projects\IA\Ejercise\cpu-native-arch\build\int8_probe.exe --K 512 --target-kib 384 --depth 8 --variant C --kernel avx2 --parallel-cpus 0,2,4,6 --parallel-rows 999,605,724,744 --iterations 1 --repetitions 8 --warmup 2
int8 AVX2 correction test passed; scalar_checksum=320040, avx2_checksum=320040, difference=0
command[202/240]=D:\Install\Dev\Projects\IA\Ejercise\cpu-native-arch\build\int8_probe.exe --K 512 --target-kib 384 --depth 16 --variant A --kernel avx2 --parallel-cpus 0,2,4,6 --parallel-rows 999,605,724,744 --iterations 1 --repetitions 8 --warmup 2
int8 AVX2 correction test passed; scalar_checksum=320040, avx2_checksum=320040, difference=0
command[203/240]=D:\Install\Dev\Projects\IA\Ejercise\cpu-native-arch\build\int8_probe.exe --K 512 --target-kib 384 --depth 16 --variant B --kernel avx2 --parallel-cpus 0,2,4,6 --parallel-rows 999,605,724,744 --iterations 1 --repetitions 8 --warmup 2
int8 AVX2 correction test passed; scalar_checksum=320040, avx2_checksum=320040, difference=0
command[204/240]=D:\Install\Dev\Projects\IA\Ejercise\cpu-native-arch\build\int8_probe.exe --K 512 --target-kib 384 --depth 16 --variant C --kernel avx2 --parallel-cpus 0,2,4,6 --parallel-rows 999,605,724,744 --iterations 1 --repetitions 8 --warmup 2
int8 AVX2 correction test passed; scalar_checksum=320040, avx2_checksum=320040, difference=0
command[205/240]=D:\Install\Dev\Projects\IA\Ejercise\cpu-native-arch\build\int8_probe.exe --K 512 --target-kib 512 --depth 1 --variant A --kernel avx2 --parallel-cpus 0,2,4,6 --parallel-rows 1332,807,965,992 --iterations 1 --repetitions 8 --warmup 2
int8 AVX2 correction test passed; scalar_checksum=320040, avx2_checksum=320040, difference=0
command[206/240]=D:\Install\Dev\Projects\IA\Ejercise\cpu-native-arch\build\int8_probe.exe --K 512 --target-kib 512 --depth 1 --variant B --kernel avx2 --parallel-cpus 0,2,4,6 --parallel-rows 1332,807,965,992 --iterations 1 --repetitions 8 --warmup 2
int8 AVX2 correction test passed; scalar_checksum=320040, avx2_checksum=320040, difference=0
command[207/240]=D:\Install\Dev\Projects\IA\Ejercise\cpu-native-arch\build\int8_probe.exe --K 512 --target-kib 512 --depth 1 --variant C --kernel avx2 --parallel-cpus 0,2,4,6 --parallel-rows 1332,807,965,992 --iterations 1 --repetitions 8 --warmup 2
int8 AVX2 correction test passed; scalar_checksum=320040, avx2_checksum=320040, difference=0
command[208/240]=D:\Install\Dev\Projects\IA\Ejercise\cpu-native-arch\build\int8_probe.exe --K 512 --target-kib 512 --depth 4 --variant A --kernel avx2 --parallel-cpus 0,2,4,6 --parallel-rows 1332,807,965,992 --iterations 1 --repetitions 8 --warmup 2
int8 AVX2 correction test passed; scalar_checksum=320040, avx2_checksum=320040, difference=0
command[209/240]=D:\Install\Dev\Projects\IA\Ejercise\cpu-native-arch\build\int8_probe.exe --K 512 --target-kib 512 --depth 4 --variant B --kernel avx2 --parallel-cpus 0,2,4,6 --parallel-rows 1332,807,965,992 --iterations 1 --repetitions 8 --warmup 2
int8 AVX2 correction test passed; scalar_checksum=320040, avx2_checksum=320040, difference=0
command[210/240]=D:\Install\Dev\Projects\IA\Ejercise\cpu-native-arch\build\int8_probe.exe --K 512 --target-kib 512 --depth 4 --variant C --kernel avx2 --parallel-cpus 0,2,4,6 --parallel-rows 1332,807,965,992 --iterations 1 --repetitions 8 --warmup 2
int8 AVX2 correction test passed; scalar_checksum=320040, avx2_checksum=320040, difference=0
command[211/240]=D:\Install\Dev\Projects\IA\Ejercise\cpu-native-arch\build\int8_probe.exe --K 512 --target-kib 512 --depth 8 --variant A --kernel avx2 --parallel-cpus 0,2,4,6 --parallel-rows 1332,807,965,992 --iterations 1 --repetitions 8 --warmup 2
int8 AVX2 correction test passed; scalar_checksum=320040, avx2_checksum=320040, difference=0
command[212/240]=D:\Install\Dev\Projects\IA\Ejercise\cpu-native-arch\build\int8_probe.exe --K 512 --target-kib 512 --depth 8 --variant B --kernel avx2 --parallel-cpus 0,2,4,6 --parallel-rows 1332,807,965,992 --iterations 1 --repetitions 8 --warmup 2
int8 AVX2 correction test passed; scalar_checksum=320040, avx2_checksum=320040, difference=0
command[213/240]=D:\Install\Dev\Projects\IA\Ejercise\cpu-native-arch\build\int8_probe.exe --K 512 --target-kib 512 --depth 8 --variant C --kernel avx2 --parallel-cpus 0,2,4,6 --parallel-rows 1332,807,965,992 --iterations 1 --repetitions 8 --warmup 2
int8 AVX2 correction test passed; scalar_checksum=320040, avx2_checksum=320040, difference=0
command[214/240]=D:\Install\Dev\Projects\IA\Ejercise\cpu-native-arch\build\int8_probe.exe --K 512 --target-kib 512 --depth 16 --variant A --kernel avx2 --parallel-cpus 0,2,4,6 --parallel-rows 1332,807,965,992 --iterations 1 --repetitions 8 --warmup 2
int8 AVX2 correction test passed; scalar_checksum=320040, avx2_checksum=320040, difference=0
command[215/240]=D:\Install\Dev\Projects\IA\Ejercise\cpu-native-arch\build\int8_probe.exe --K 512 --target-kib 512 --depth 16 --variant B --kernel avx2 --parallel-cpus 0,2,4,6 --parallel-rows 1332,807,965,992 --iterations 1 --repetitions 8 --warmup 2
int8 AVX2 correction test passed; scalar_checksum=320040, avx2_checksum=320040, difference=0
command[216/240]=D:\Install\Dev\Projects\IA\Ejercise\cpu-native-arch\build\int8_probe.exe --K 512 --target-kib 512 --depth 16 --variant C --kernel avx2 --parallel-cpus 0,2,4,6 --parallel-rows 1332,807,965,992 --iterations 1 --repetitions 8 --warmup 2
int8 AVX2 correction test passed; scalar_checksum=320040, avx2_checksum=320040, difference=0
command[217/240]=D:\Install\Dev\Projects\IA\Ejercise\cpu-native-arch\build\int8_probe.exe --K 512 --target-kib 640 --depth 1 --variant A --kernel avx2 --parallel-cpus 0,2,4,6 --parallel-rows 1665,1009,1206,1240 --iterations 1 --repetitions 8 --warmup 2
int8 AVX2 correction test passed; scalar_checksum=320040, avx2_checksum=320040, difference=0
command[218/240]=D:\Install\Dev\Projects\IA\Ejercise\cpu-native-arch\build\int8_probe.exe --K 512 --target-kib 640 --depth 1 --variant B --kernel avx2 --parallel-cpus 0,2,4,6 --parallel-rows 1665,1009,1206,1240 --iterations 1 --repetitions 8 --warmup 2
int8 AVX2 correction test passed; scalar_checksum=320040, avx2_checksum=320040, difference=0
command[219/240]=D:\Install\Dev\Projects\IA\Ejercise\cpu-native-arch\build\int8_probe.exe --K 512 --target-kib 640 --depth 1 --variant C --kernel avx2 --parallel-cpus 0,2,4,6 --parallel-rows 1665,1009,1206,1240 --iterations 1 --repetitions 8 --warmup 2
int8 AVX2 correction test passed; scalar_checksum=320040, avx2_checksum=320040, difference=0
command[220/240]=D:\Install\Dev\Projects\IA\Ejercise\cpu-native-arch\build\int8_probe.exe --K 512 --target-kib 640 --depth 4 --variant A --kernel avx2 --parallel-cpus 0,2,4,6 --parallel-rows 1665,1009,1206,1240 --iterations 1 --repetitions 8 --warmup 2
int8 AVX2 correction test passed; scalar_checksum=320040, avx2_checksum=320040, difference=0
command[221/240]=D:\Install\Dev\Projects\IA\Ejercise\cpu-native-arch\build\int8_probe.exe --K 512 --target-kib 640 --depth 4 --variant B --kernel avx2 --parallel-cpus 0,2,4,6 --parallel-rows 1665,1009,1206,1240 --iterations 1 --repetitions 8 --warmup 2
int8 AVX2 correction test passed; scalar_checksum=320040, avx2_checksum=320040, difference=0
command[222/240]=D:\Install\Dev\Projects\IA\Ejercise\cpu-native-arch\build\int8_probe.exe --K 512 --target-kib 640 --depth 4 --variant C --kernel avx2 --parallel-cpus 0,2,4,6 --parallel-rows 1665,1009,1206,1240 --iterations 1 --repetitions 8 --warmup 2
int8 AVX2 correction test passed; scalar_checksum=320040, avx2_checksum=320040, difference=0
command[223/240]=D:\Install\Dev\Projects\IA\Ejercise\cpu-native-arch\build\int8_probe.exe --K 512 --target-kib 640 --depth 8 --variant A --kernel avx2 --parallel-cpus 0,2,4,6 --parallel-rows 1665,1009,1206,1240 --iterations 1 --repetitions 8 --warmup 2
int8 AVX2 correction test passed; scalar_checksum=320040, avx2_checksum=320040, difference=0
command[224/240]=D:\Install\Dev\Projects\IA\Ejercise\cpu-native-arch\build\int8_probe.exe --K 512 --target-kib 640 --depth 8 --variant B --kernel avx2 --parallel-cpus 0,2,4,6 --parallel-rows 1665,1009,1206,1240 --iterations 1 --repetitions 8 --warmup 2
int8 AVX2 correction test passed; scalar_checksum=320040, avx2_checksum=320040, difference=0
command[225/240]=D:\Install\Dev\Projects\IA\Ejercise\cpu-native-arch\build\int8_probe.exe --K 512 --target-kib 640 --depth 8 --variant C --kernel avx2 --parallel-cpus 0,2,4,6 --parallel-rows 1665,1009,1206,1240 --iterations 1 --repetitions 8 --warmup 2
int8 AVX2 correction test passed; scalar_checksum=320040, avx2_checksum=320040, difference=0
command[226/240]=D:\Install\Dev\Projects\IA\Ejercise\cpu-native-arch\build\int8_probe.exe --K 512 --target-kib 640 --depth 16 --variant A --kernel avx2 --parallel-cpus 0,2,4,6 --parallel-rows 1665,1009,1206,1240 --iterations 1 --repetitions 8 --warmup 2
int8 AVX2 correction test passed; scalar_checksum=320040, avx2_checksum=320040, difference=0
command[227/240]=D:\Install\Dev\Projects\IA\Ejercise\cpu-native-arch\build\int8_probe.exe --K 512 --target-kib 640 --depth 16 --variant B --kernel avx2 --parallel-cpus 0,2,4,6 --parallel-rows 1665,1009,1206,1240 --iterations 1 --repetitions 8 --warmup 2
int8 AVX2 correction test passed; scalar_checksum=320040, avx2_checksum=320040, difference=0
command[228/240]=D:\Install\Dev\Projects\IA\Ejercise\cpu-native-arch\build\int8_probe.exe --K 512 --target-kib 640 --depth 16 --variant C --kernel avx2 --parallel-cpus 0,2,4,6 --parallel-rows 1665,1009,1206,1240 --iterations 1 --repetitions 8 --warmup 2
int8 AVX2 correction test passed; scalar_checksum=320040, avx2_checksum=320040, difference=0
command[229/240]=D:\Install\Dev\Projects\IA\Ejercise\cpu-native-arch\build\int8_probe.exe --K 512 --target-kib 768 --depth 1 --variant A --kernel avx2 --parallel-cpus 0,2,4,6 --parallel-rows 1999,1210,1448,1487 --iterations 1 --repetitions 8 --warmup 2
int8 AVX2 correction test passed; scalar_checksum=320040, avx2_checksum=320040, difference=0
command[230/240]=D:\Install\Dev\Projects\IA\Ejercise\cpu-native-arch\build\int8_probe.exe --K 512 --target-kib 768 --depth 1 --variant B --kernel avx2 --parallel-cpus 0,2,4,6 --parallel-rows 1999,1210,1448,1487 --iterations 1 --repetitions 8 --warmup 2
int8 AVX2 correction test passed; scalar_checksum=320040, avx2_checksum=320040, difference=0
command[231/240]=D:\Install\Dev\Projects\IA\Ejercise\cpu-native-arch\build\int8_probe.exe --K 512 --target-kib 768 --depth 1 --variant C --kernel avx2 --parallel-cpus 0,2,4,6 --parallel-rows 1999,1210,1448,1487 --iterations 1 --repetitions 8 --warmup 2
int8 AVX2 correction test passed; scalar_checksum=320040, avx2_checksum=320040, difference=0
command[232/240]=D:\Install\Dev\Projects\IA\Ejercise\cpu-native-arch\build\int8_probe.exe --K 512 --target-kib 768 --depth 4 --variant A --kernel avx2 --parallel-cpus 0,2,4,6 --parallel-rows 1999,1210,1448,1487 --iterations 1 --repetitions 8 --warmup 2
int8 AVX2 correction test passed; scalar_checksum=320040, avx2_checksum=320040, difference=0
command[233/240]=D:\Install\Dev\Projects\IA\Ejercise\cpu-native-arch\build\int8_probe.exe --K 512 --target-kib 768 --depth 4 --variant B --kernel avx2 --parallel-cpus 0,2,4,6 --parallel-rows 1999,1210,1448,1487 --iterations 1 --repetitions 8 --warmup 2
int8 AVX2 correction test passed; scalar_checksum=320040, avx2_checksum=320040, difference=0
command[234/240]=D:\Install\Dev\Projects\IA\Ejercise\cpu-native-arch\build\int8_probe.exe --K 512 --target-kib 768 --depth 4 --variant C --kernel avx2 --parallel-cpus 0,2,4,6 --parallel-rows 1999,1210,1448,1487 --iterations 1 --repetitions 8 --warmup 2
int8 AVX2 correction test passed; scalar_checksum=320040, avx2_checksum=320040, difference=0
command[235/240]=D:\Install\Dev\Projects\IA\Ejercise\cpu-native-arch\build\int8_probe.exe --K 512 --target-kib 768 --depth 8 --variant A --kernel avx2 --parallel-cpus 0,2,4,6 --parallel-rows 1999,1210,1448,1487 --iterations 1 --repetitions 8 --warmup 2
int8 AVX2 correction test passed; scalar_checksum=320040, avx2_checksum=320040, difference=0
command[236/240]=D:\Install\Dev\Projects\IA\Ejercise\cpu-native-arch\build\int8_probe.exe --K 512 --target-kib 768 --depth 8 --variant B --kernel avx2 --parallel-cpus 0,2,4,6 --parallel-rows 1999,1210,1448,1487 --iterations 1 --repetitions 8 --warmup 2
int8 AVX2 correction test passed; scalar_checksum=320040, avx2_checksum=320040, difference=0
command[237/240]=D:\Install\Dev\Projects\IA\Ejercise\cpu-native-arch\build\int8_probe.exe --K 512 --target-kib 768 --depth 8 --variant C --kernel avx2 --parallel-cpus 0,2,4,6 --parallel-rows 1999,1210,1448,1487 --iterations 1 --repetitions 8 --warmup 2
int8 AVX2 correction test passed; scalar_checksum=320040, avx2_checksum=320040, difference=0
command[238/240]=D:\Install\Dev\Projects\IA\Ejercise\cpu-native-arch\build\int8_probe.exe --K 512 --target-kib 768 --depth 16 --variant A --kernel avx2 --parallel-cpus 0,2,4,6 --parallel-rows 1999,1210,1448,1487 --iterations 1 --repetitions 8 --warmup 2
int8 AVX2 correction test passed; scalar_checksum=320040, avx2_checksum=320040, difference=0
command[239/240]=D:\Install\Dev\Projects\IA\Ejercise\cpu-native-arch\build\int8_probe.exe --K 512 --target-kib 768 --depth 16 --variant B --kernel avx2 --parallel-cpus 0,2,4,6 --parallel-rows 1999,1210,1448,1487 --iterations 1 --repetitions 8 --warmup 2
int8 AVX2 correction test passed; scalar_checksum=320040, avx2_checksum=320040, difference=0
command[240/240]=D:\Install\Dev\Projects\IA\Ejercise\cpu-native-arch\build\int8_probe.exe --K 512 --target-kib 768 --depth 16 --variant C --kernel avx2 --parallel-cpus 0,2,4,6 --parallel-rows 1999,1210,1448,1487 --iterations 1 --repetitions 8 --warmup 2
int8 AVX2 correction test passed; scalar_checksum=320040, avx2_checksum=320040, difference=0
