START D:\Install\Dev\Projects\IA\Ejercise\t1_trainability_lab_v0.1.0\.venv\Scripts\python.exe D:\Install\Dev\Projects\IA\Ejercise\t1_trainability_lab_v0.1.0\scripts\train_run.py --task multi_hop --variant shared --dimension 64 --slots 4 --rounds 1 --seed 101 --experiment-reason Diagnostic: test weight-decay-exclusion + final-norm fix from Phase A findings --output-dir campaign\wd_norm_fix\runs\multi_hop\shared\D64_S4_R1\seed_101
D:\Install\Dev\Projects\IA\Ejercise\t1_trainability_lab_v0.1.0\scripts\train_run.py:184: UserWarning: Converting a tensor with requires_grad=True to a scalar may lead to unexpected behavior.
Consider using tensor.detach() first. (Triggered internally at C:\actions-runner\_work\pytorch\pytorch\pytorch\torch\csrc\autograd\generated\python_variable_methods.cpp:837.)
  train_loss_sum += float(loss)
{"best_val_accuracy": 0.5315, "best_val_loss": 1.1919557399749756, "dimension": 64, "elapsed_seconds": 20.531378799816594, "epochs": 17, "finite": true, "rounds": 1, "seed": 101, "slots": 4, "status": "completed", "steps": 1300, "task": "multi_hop", "test_accuracy": 0.523, "test_loss": 1.1660102925300597, "variant": "shared"}
START D:\Install\Dev\Projects\IA\Ejercise\t1_trainability_lab_v0.1.0\.venv\Scripts\python.exe D:\Install\Dev\Projects\IA\Ejercise\t1_trainability_lab_v0.1.0\scripts\train_run.py --task multi_hop --variant shared --dimension 64 --slots 4 --rounds 1 --seed 202 --experiment-reason Diagnostic: test weight-decay-exclusion + final-norm fix from Phase A findings --output-dir campaign\wd_norm_fix\runs\multi_hop\shared\D64_S4_R1\seed_202
D:\Install\Dev\Projects\IA\Ejercise\t1_trainability_lab_v0.1.0\scripts\train_run.py:184: UserWarning: Converting a tensor with requires_grad=True to a scalar may lead to unexpected behavior.
Consider using tensor.detach() first. (Triggered internally at C:\actions-runner\_work\pytorch\pytorch\pytorch\torch\csrc\autograd\generated\python_variable_methods.cpp:837.)
  train_loss_sum += float(loss)
{"best_val_accuracy": 0.5315, "best_val_loss": 1.0177121849060058, "dimension": 64, "elapsed_seconds": 36.28572909999639, "epochs": 30, "finite": true, "rounds": 1, "seed": 202, "slots": 4, "status": "completed", "steps": 2300, "task": "multi_hop", "test_accuracy": 0.5285, "test_loss": 1.0018130068778992, "variant": "shared"}
START D:\Install\Dev\Projects\IA\Ejercise\t1_trainability_lab_v0.1.0\.venv\Scripts\python.exe D:\Install\Dev\Projects\IA\Ejercise\t1_trainability_lab_v0.1.0\scripts\train_run.py --task multi_hop --variant shared --dimension 64 --slots 4 --rounds 1 --seed 303 --experiment-reason Diagnostic: test weight-decay-exclusion + final-norm fix from Phase A findings --output-dir campaign\wd_norm_fix\runs\multi_hop\shared\D64_S4_R1\seed_303
D:\Install\Dev\Projects\IA\Ejercise\t1_trainability_lab_v0.1.0\scripts\train_run.py:184: UserWarning: Converting a tensor with requires_grad=True to a scalar may lead to unexpected behavior.
Consider using tensor.detach() first. (Triggered internally at C:\actions-runner\_work\pytorch\pytorch\pytorch\torch\csrc\autograd\generated\python_variable_methods.cpp:837.)
  train_loss_sum += float(loss)
{"best_val_accuracy": 0.5285, "best_val_loss": 1.032517128944397, "dimension": 64, "elapsed_seconds": 36.7203329000622, "epochs": 30, "finite": true, "rounds": 1, "seed": 303, "slots": 4, "status": "completed", "steps": 2300, "task": "multi_hop", "test_accuracy": 0.5225, "test_loss": 1.0066564378738403, "variant": "shared"}
START D:\Install\Dev\Projects\IA\Ejercise\t1_trainability_lab_v0.1.0\.venv\Scripts\python.exe D:\Install\Dev\Projects\IA\Ejercise\t1_trainability_lab_v0.1.0\scripts\train_run.py --task multi_hop --variant shared --dimension 64 --slots 4 --rounds 1 --seed 404 --experiment-reason Diagnostic: test weight-decay-exclusion + final-norm fix from Phase A findings --output-dir campaign\wd_norm_fix\runs\multi_hop\shared\D64_S4_R1\seed_404
D:\Install\Dev\Projects\IA\Ejercise\t1_trainability_lab_v0.1.0\scripts\train_run.py:184: UserWarning: Converting a tensor with requires_grad=True to a scalar may lead to unexpected behavior.
Consider using tensor.detach() first. (Triggered internally at C:\actions-runner\_work\pytorch\pytorch\pytorch\torch\csrc\autograd\generated\python_variable_methods.cpp:837.)
  train_loss_sum += float(loss)
{"best_val_accuracy": 0.5355, "best_val_loss": 0.9739524612426758, "dimension": 64, "elapsed_seconds": 57.749434399884194, "epochs": 46, "finite": true, "rounds": 1, "seed": 404, "slots": 4, "status": "completed", "steps": 3600, "task": "multi_hop", "test_accuracy": 0.5205, "test_loss": 0.9606023073196411, "variant": "shared"}
START D:\Install\Dev\Projects\IA\Ejercise\t1_trainability_lab_v0.1.0\.venv\Scripts\python.exe D:\Install\Dev\Projects\IA\Ejercise\t1_trainability_lab_v0.1.0\scripts\train_run.py --task multi_hop --variant shared --dimension 64 --slots 4 --rounds 1 --seed 505 --experiment-reason Diagnostic: test weight-decay-exclusion + final-norm fix from Phase A findings --output-dir campaign\wd_norm_fix\runs\multi_hop\shared\D64_S4_R1\seed_505
D:\Install\Dev\Projects\IA\Ejercise\t1_trainability_lab_v0.1.0\scripts\train_run.py:184: UserWarning: Converting a tensor with requires_grad=True to a scalar may lead to unexpected behavior.
Consider using tensor.detach() first. (Triggered internally at C:\actions-runner\_work\pytorch\pytorch\pytorch\torch\csrc\autograd\generated\python_variable_methods.cpp:837.)
  train_loss_sum += float(loss)
{"best_val_accuracy": 0.5245, "best_val_loss": 1.0170440692901612, "dimension": 64, "elapsed_seconds": 43.21168559999205, "epochs": 35, "finite": true, "rounds": 1, "seed": 505, "slots": 4, "status": "completed", "steps": 2700, "task": "multi_hop", "test_accuracy": 0.5305, "test_loss": 0.9769609947204589, "variant": "shared"}
START D:\Install\Dev\Projects\IA\Ejercise\t1_trainability_lab_v0.1.0\.venv\Scripts\python.exe D:\Install\Dev\Projects\IA\Ejercise\t1_trainability_lab_v0.1.0\scripts\train_run.py --task multi_hop --variant shared --dimension 64 --slots 4 --rounds 4 --seed 101 --experiment-reason Diagnostic: test weight-decay-exclusion + final-norm fix from Phase A findings --output-dir campaign\wd_norm_fix\runs\multi_hop\shared\D64_S4_R4\seed_101
D:\Install\Dev\Projects\IA\Ejercise\t1_trainability_lab_v0.1.0\scripts\train_run.py:184: UserWarning: Converting a tensor with requires_grad=True to a scalar may lead to unexpected behavior.
Consider using tensor.detach() first. (Triggered internally at C:\actions-runner\_work\pytorch\pytorch\pytorch\torch\csrc\autograd\generated\python_variable_methods.cpp:837.)
  train_loss_sum += float(loss)
{"best_val_accuracy": 0.5245, "best_val_loss": 1.0345879430770875, "dimension": 64, "elapsed_seconds": 66.04977410007268, "epochs": 33, "finite": true, "rounds": 4, "seed": 101, "slots": 4, "status": "completed", "steps": 2600, "task": "multi_hop", "test_accuracy": 0.5325, "test_loss": 1.0133522033691407, "variant": "shared"}
START D:\Install\Dev\Projects\IA\Ejercise\t1_trainability_lab_v0.1.0\.venv\Scripts\python.exe D:\Install\Dev\Projects\IA\Ejercise\t1_trainability_lab_v0.1.0\scripts\train_run.py --task multi_hop --variant shared --dimension 64 --slots 4 --rounds 4 --seed 202 --experiment-reason Diagnostic: test weight-decay-exclusion + final-norm fix from Phase A findings --output-dir campaign\wd_norm_fix\runs\multi_hop\shared\D64_S4_R4\seed_202
D:\Install\Dev\Projects\IA\Ejercise\t1_trainability_lab_v0.1.0\scripts\train_run.py:184: UserWarning: Converting a tensor with requires_grad=True to a scalar may lead to unexpected behavior.
Consider using tensor.detach() first. (Triggered internally at C:\actions-runner\_work\pytorch\pytorch\pytorch\torch\csrc\autograd\generated\python_variable_methods.cpp:837.)
  train_loss_sum += float(loss)
{"best_val_accuracy": 0.53, "best_val_loss": 1.0195724391937255, "dimension": 64, "elapsed_seconds": 66.77318950020708, "epochs": 33, "finite": true, "rounds": 4, "seed": 202, "slots": 4, "status": "completed", "steps": 2600, "task": "multi_hop", "test_accuracy": 0.5225, "test_loss": 1.0001106061935425, "variant": "shared"}
START D:\Install\Dev\Projects\IA\Ejercise\t1_trainability_lab_v0.1.0\.venv\Scripts\python.exe D:\Install\Dev\Projects\IA\Ejercise\t1_trainability_lab_v0.1.0\scripts\train_run.py --task multi_hop --variant shared --dimension 64 --slots 4 --rounds 4 --seed 303 --experiment-reason Diagnostic: test weight-decay-exclusion + final-norm fix from Phase A findings --output-dir campaign\wd_norm_fix\runs\multi_hop\shared\D64_S4_R4\seed_303
D:\Install\Dev\Projects\IA\Ejercise\t1_trainability_lab_v0.1.0\scripts\train_run.py:184: UserWarning: Converting a tensor with requires_grad=True to a scalar may lead to unexpected behavior.
Consider using tensor.detach() first. (Triggered internally at C:\actions-runner\_work\pytorch\pytorch\pytorch\torch\csrc\autograd\generated\python_variable_methods.cpp:837.)
  train_loss_sum += float(loss)
{"best_val_accuracy": 0.534, "best_val_loss": 1.0114569807052611, "dimension": 64, "elapsed_seconds": 53.82386210002005, "epochs": 27, "finite": true, "rounds": 4, "seed": 303, "slots": 4, "status": "completed", "steps": 2100, "task": "multi_hop", "test_accuracy": 0.538, "test_loss": 0.9733555612564087, "variant": "shared"}
START D:\Install\Dev\Projects\IA\Ejercise\t1_trainability_lab_v0.1.0\.venv\Scripts\python.exe D:\Install\Dev\Projects\IA\Ejercise\t1_trainability_lab_v0.1.0\scripts\train_run.py --task multi_hop --variant shared --dimension 64 --slots 4 --rounds 4 --seed 404 --experiment-reason Diagnostic: test weight-decay-exclusion + final-norm fix from Phase A findings --output-dir campaign\wd_norm_fix\runs\multi_hop\shared\D64_S4_R4\seed_404
D:\Install\Dev\Projects\IA\Ejercise\t1_trainability_lab_v0.1.0\scripts\train_run.py:184: UserWarning: Converting a tensor with requires_grad=True to a scalar may lead to unexpected behavior.
Consider using tensor.detach() first. (Triggered internally at C:\actions-runner\_work\pytorch\pytorch\pytorch\torch\csrc\autograd\generated\python_variable_methods.cpp:837.)
  train_loss_sum += float(loss)
{"best_val_accuracy": 0.5325, "best_val_loss": 1.079242244720459, "dimension": 64, "elapsed_seconds": 111.40516429999843, "epochs": 55, "finite": true, "rounds": 4, "seed": 404, "slots": 4, "status": "completed", "steps": 4300, "task": "multi_hop", "test_accuracy": 0.5265, "test_loss": 1.102028750896454, "variant": "shared"}
START D:\Install\Dev\Projects\IA\Ejercise\t1_trainability_lab_v0.1.0\.venv\Scripts\python.exe D:\Install\Dev\Projects\IA\Ejercise\t1_trainability_lab_v0.1.0\scripts\train_run.py --task multi_hop --variant shared --dimension 64 --slots 4 --rounds 4 --seed 505 --experiment-reason Diagnostic: test weight-decay-exclusion + final-norm fix from Phase A findings --output-dir campaign\wd_norm_fix\runs\multi_hop\shared\D64_S4_R4\seed_505
D:\Install\Dev\Projects\IA\Ejercise\t1_trainability_lab_v0.1.0\scripts\train_run.py:184: UserWarning: Converting a tensor with requires_grad=True to a scalar may lead to unexpected behavior.
Consider using tensor.detach() first. (Triggered internally at C:\actions-runner\_work\pytorch\pytorch\pytorch\torch\csrc\autograd\generated\python_variable_methods.cpp:837.)
  train_loss_sum += float(loss)
{"best_val_accuracy": 0.531, "best_val_loss": 1.1077591886520386, "dimension": 64, "elapsed_seconds": 128.94259910006076, "epochs": 61, "finite": true, "rounds": 4, "seed": 505, "slots": 4, "status": "completed", "steps": 4800, "task": "multi_hop", "test_accuracy": 0.5405, "test_loss": 1.0653915357589723, "variant": "shared"}
