===== invocation-001.stdout.txt =====
D,S,R,O_i,B_i,rows_per_worker,bytes_per_worker,mode,variant,S_tile,iterations,timed_repetitions,warmup,worker_count,worker_list,affinity,affinity_error,affinity_succeeded,timed_repetitions_exact,avx2_supported,kernel_used,eviction_bytes,eviction_checksum,elapsed_seconds,mac_total,mac_per_second,checksum
512,1,16,"1211,1136,683,1066","620032,581632,349696,545792","1211,1136,683,1066","620032,581632,349696,545792",legacy,A,8,1,8,2,4,"0,2,4,6","true,true,true,true","0,0,0,0",true,true,true,avx2,0,0,0.0260053,268435456,1.03223e+10,81541731
512,1,16,"1211,1136,683,1066","620032,581632,349696,545792","1211,1136,683,1066","620032,581632,349696,545792",repeat,A,8,1,8,2,4,"0,2,4,6","true,true,true,true","0,0,0,0",true,true,true,avx2,0,0,0.009385,268435456,2.86026e+10,81541731
512,1,16,"1211,1136,683,1066","620032,581632,349696,545792","1211,1136,683,1066","620032,581632,349696,545792",fused,A,8,1,8,2,4,"0,2,4,6","true,true,true,true","0,0,0,0",true,true,true,avx2,0,0,0.0122265,268435456,2.19552e+10,81541731
===== invocation-001.stderr.txt =====
[empty]
===== invocation-002.stdout.txt =====
D,S,R,O_i,B_i,rows_per_worker,bytes_per_worker,mode,variant,S_tile,iterations,timed_repetitions,warmup,worker_count,worker_list,affinity,affinity_error,affinity_succeeded,timed_repetitions_exact,avx2_supported,kernel_used,eviction_bytes,eviction_checksum,elapsed_seconds,mac_total,mac_per_second,checksum
512,1,16,"1211,1136,683,1066","9920512,9306112,5595136,8732672","1211,1136,683,1066","9920512,9306112,5595136,8732672",legacy,B,8,1,8,2,4,"0,2,4,6","true,true,true,true","0,0,0,0",true,true,true,avx2,0,0,0.006793,268435456,3.95165e+10,18446744073530809057
512,1,16,"1211,1136,683,1066","9920512,9306112,5595136,8732672","1211,1136,683,1066","9920512,9306112,5595136,8732672",repeat,B,8,1,8,2,4,"0,2,4,6","true,true,true,true","0,0,0,0",true,true,true,avx2,0,0,0.0078552,268435456,3.4173e+10,18446744073530809057
512,1,16,"1211,1136,683,1066","9920512,9306112,5595136,8732672","1211,1136,683,1066","9920512,9306112,5595136,8732672",fused,B,8,1,8,2,4,"0,2,4,6","true,true,true,true","0,0,0,0",true,true,true,avx2,0,0,0.013323,268435456,2.01483e+10,18446744073530809057
===== invocation-002.stderr.txt =====
[empty]
===== invocation-003.stdout.txt =====
D,S,R,O_i,B_i,rows_per_worker,bytes_per_worker,mode,variant,S_tile,iterations,timed_repetitions,warmup,worker_count,worker_list,affinity,affinity_error,affinity_succeeded,timed_repetitions_exact,avx2_supported,kernel_used,eviction_bytes,eviction_checksum,elapsed_seconds,mac_total,mac_per_second,checksum
512,1,16,"1816,1705,1023,1600","929792,872960,523776,819200","1816,1705,1023,1600","929792,872960,523776,819200",legacy,A,8,1,8,2,4,"0,2,4,6","true,true,true,true","0,0,0,0",true,true,true,avx2,0,0,0.0038053,402653184,1.05814e+11,18446744073656903484
512,1,16,"1816,1705,1023,1600","929792,872960,523776,819200","1816,1705,1023,1600","929792,872960,523776,819200",repeat,A,8,1,8,2,4,"0,2,4,6","true,true,true,true","0,0,0,0",true,true,true,avx2,0,0,0.009775,402653184,4.11921e+10,18446744073656903484
512,1,16,"1816,1705,1023,1600","929792,872960,523776,819200","1816,1705,1023,1600","929792,872960,523776,819200",fused,A,8,1,8,2,4,"0,2,4,6","true,true,true,true","0,0,0,0",true,true,true,avx2,0,0,0.0260197,402653184,1.54749e+10,18446744073656903484
===== invocation-003.stderr.txt =====
[empty]
===== invocation-004.stdout.txt =====
D,S,R,O_i,B_i,rows_per_worker,bytes_per_worker,mode,variant,S_tile,iterations,timed_repetitions,warmup,worker_count,worker_list,affinity,affinity_error,affinity_succeeded,timed_repetitions_exact,avx2_supported,kernel_used,eviction_bytes,eviction_checksum,elapsed_seconds,mac_total,mac_per_second,checksum
512,1,16,"1816,1705,1023,1600","14876672,13967360,8380416,13107200","1816,1705,1023,1600","14876672,13967360,8380416,13107200",legacy,B,8,1,8,2,4,"0,2,4,6","true,true,true,true","0,0,0,0",true,true,true,avx2,0,0,0.0098997,402653184,4.06733e+10,18446744072675525801
512,1,16,"1816,1705,1023,1600","14876672,13967360,8380416,13107200","1816,1705,1023,1600","14876672,13967360,8380416,13107200",repeat,B,8,1,8,2,4,"0,2,4,6","true,true,true,true","0,0,0,0",true,true,true,avx2,0,0,0.0118947,402653184,3.38515e+10,18446744072675525801
512,1,16,"1816,1705,1023,1600","14876672,13967360,8380416,13107200","1816,1705,1023,1600","14876672,13967360,8380416,13107200",fused,B,8,1,8,2,4,"0,2,4,6","true,true,true,true","0,0,0,0",true,true,true,avx2,0,0,0.0281775,402653184,1.42899e+10,18446744072675525801
===== invocation-004.stderr.txt =====
[empty]
===== invocation-005.stdout.txt =====
D,S,R,O_i,B_i,rows_per_worker,bytes_per_worker,mode,variant,S_tile,iterations,timed_repetitions,warmup,worker_count,worker_list,affinity,affinity_error,affinity_succeeded,timed_repetitions_exact,avx2_supported,kernel_used,eviction_bytes,eviction_checksum,elapsed_seconds,mac_total,mac_per_second,checksum
512,1,16,"1211,1136,683,1066","620032,581632,349696,545792","1211,1136,683,1066","620032,581632,349696,545792",legacy,A,8,1,8,2,4,"0,2,4,6","true,true,true,true","0,0,0,0",true,true,true,avx2,0,0,0.0048313,268435456,5.55617e+10,81541731
512,1,16,"1211,1136,683,1066","620032,581632,349696,545792","1211,1136,683,1066","620032,581632,349696,545792",repeat,A,8,1,8,2,4,"0,2,4,6","true,true,true,true","0,0,0,0",true,true,true,avx2,0,0,0.0089173,268435456,3.01028e+10,81541731
512,1,16,"1211,1136,683,1066","620032,581632,349696,545792","1211,1136,683,1066","620032,581632,349696,545792",fused,A,8,1,8,2,4,"0,2,4,6","true,true,true,true","0,0,0,0",true,true,true,avx2,0,0,0.0183613,268435456,1.46196e+10,81541731
===== invocation-005.stderr.txt =====
[empty]
===== invocation-006.stdout.txt =====
D,S,R,O_i,B_i,rows_per_worker,bytes_per_worker,mode,variant,S_tile,iterations,timed_repetitions,warmup,worker_count,worker_list,affinity,affinity_error,affinity_succeeded,timed_repetitions_exact,avx2_supported,kernel_used,eviction_bytes,eviction_checksum,elapsed_seconds,mac_total,mac_per_second,checksum
512,1,16,"1211,1136,683,1066","9920512,9306112,5595136,8732672","1211,1136,683,1066","9920512,9306112,5595136,8732672",legacy,B,8,1,8,2,4,"0,2,4,6","true,true,true,true","0,0,0,0",true,true,true,avx2,0,0,0.0073479,268435456,3.65323e+10,18446744073530809057
512,1,16,"1211,1136,683,1066","9920512,9306112,5595136,8732672","1211,1136,683,1066","9920512,9306112,5595136,8732672",repeat,B,8,1,8,2,4,"0,2,4,6","true,true,true,true","0,0,0,0",true,true,true,avx2,0,0,0.0078291,268435456,3.42869e+10,18446744073530809057
512,1,16,"1211,1136,683,1066","9920512,9306112,5595136,8732672","1211,1136,683,1066","9920512,9306112,5595136,8732672",fused,B,8,1,8,2,4,"0,2,4,6","true,true,true,true","0,0,0,0",true,true,true,avx2,0,0,0.018584,268435456,1.44444e+10,18446744073530809057
===== invocation-006.stderr.txt =====
[empty]
===== invocation-007.stdout.txt =====
D,S,R,O_i,B_i,rows_per_worker,bytes_per_worker,mode,variant,S_tile,iterations,timed_repetitions,warmup,worker_count,worker_list,affinity,affinity_error,affinity_succeeded,timed_repetitions_exact,avx2_supported,kernel_used,eviction_bytes,eviction_checksum,elapsed_seconds,mac_total,mac_per_second,checksum
512,1,16,"1816,1705,1023,1600","929792,872960,523776,819200","1816,1705,1023,1600","929792,872960,523776,819200",legacy,A,8,1,8,2,4,"0,2,4,6","true,true,true,true","0,0,0,0",true,true,true,avx2,0,0,0.005599,402653184,7.19152e+10,18446744073656903484
512,1,16,"1816,1705,1023,1600","929792,872960,523776,819200","1816,1705,1023,1600","929792,872960,523776,819200",repeat,A,8,1,8,2,4,"0,2,4,6","true,true,true,true","0,0,0,0",true,true,true,avx2,0,0,0.0122164,402653184,3.29601e+10,18446744073656903484
512,1,16,"1816,1705,1023,1600","929792,872960,523776,819200","1816,1705,1023,1600","929792,872960,523776,819200",fused,A,8,1,8,2,4,"0,2,4,6","true,true,true,true","0,0,0,0",true,true,true,avx2,0,0,0.0281988,402653184,1.42791e+10,18446744073656903484
===== invocation-007.stderr.txt =====
[empty]
===== invocation-008.stdout.txt =====
D,S,R,O_i,B_i,rows_per_worker,bytes_per_worker,mode,variant,S_tile,iterations,timed_repetitions,warmup,worker_count,worker_list,affinity,affinity_error,affinity_succeeded,timed_repetitions_exact,avx2_supported,kernel_used,eviction_bytes,eviction_checksum,elapsed_seconds,mac_total,mac_per_second,checksum
512,1,16,"1816,1705,1023,1600","14876672,13967360,8380416,13107200","1816,1705,1023,1600","14876672,13967360,8380416,13107200",legacy,B,8,1,8,2,4,"0,2,4,6","true,true,true,true","0,0,0,0",true,true,true,avx2,0,0,0.0147462,402653184,2.73056e+10,18446744072675525801
512,1,16,"1816,1705,1023,1600","14876672,13967360,8380416,13107200","1816,1705,1023,1600","14876672,13967360,8380416,13107200",repeat,B,8,1,8,2,4,"0,2,4,6","true,true,true,true","0,0,0,0",true,true,true,avx2,0,0,0.0148891,402653184,2.70435e+10,18446744072675525801
512,1,16,"1816,1705,1023,1600","14876672,13967360,8380416,13107200","1816,1705,1023,1600","14876672,13967360,8380416,13107200",fused,B,8,1,8,2,4,"0,2,4,6","true,true,true,true","0,0,0,0",true,true,true,avx2,0,0,0.0248513,402653184,1.62025e+10,18446744072675525801
===== invocation-008.stderr.txt =====
[empty]
===== invocation-009.stdout.txt =====
D,S,R,O_i,B_i,rows_per_worker,bytes_per_worker,mode,variant,S_tile,iterations,timed_repetitions,warmup,worker_count,worker_list,affinity,affinity_error,affinity_succeeded,timed_repetitions_exact,avx2_supported,kernel_used,eviction_bytes,eviction_checksum,elapsed_seconds,mac_total,mac_per_second,checksum
512,1,16,"1211,1136,683,1066","620032,581632,349696,545792","1211,1136,683,1066","620032,581632,349696,545792",legacy,A,8,1,8,2,4,"0,2,4,6","true,true,true,true","0,0,0,0",true,true,true,avx2,0,0,0.003059,268435456,8.77527e+10,81541731
512,1,16,"1211,1136,683,1066","620032,581632,349696,545792","1211,1136,683,1066","620032,581632,349696,545792",repeat,A,8,1,8,2,4,"0,2,4,6","true,true,true,true","0,0,0,0",true,true,true,avx2,0,0,0.0069,268435456,3.89037e+10,81541731
512,1,16,"1211,1136,683,1066","620032,581632,349696,545792","1211,1136,683,1066","620032,581632,349696,545792",fused,A,8,1,8,2,4,"0,2,4,6","true,true,true,true","0,0,0,0",true,true,true,avx2,0,0,0.0203034,268435456,1.32212e+10,81541731
===== invocation-009.stderr.txt =====
[empty]
===== invocation-010.stdout.txt =====
D,S,R,O_i,B_i,rows_per_worker,bytes_per_worker,mode,variant,S_tile,iterations,timed_repetitions,warmup,worker_count,worker_list,affinity,affinity_error,affinity_succeeded,timed_repetitions_exact,avx2_supported,kernel_used,eviction_bytes,eviction_checksum,elapsed_seconds,mac_total,mac_per_second,checksum
512,1,16,"1211,1136,683,1066","9920512,9306112,5595136,8732672","1211,1136,683,1066","9920512,9306112,5595136,8732672",legacy,B,8,1,8,2,4,"0,2,4,6","true,true,true,true","0,0,0,0",true,true,true,avx2,0,0,0.0079878,268435456,3.36057e+10,18446744073530809057
512,1,16,"1211,1136,683,1066","9920512,9306112,5595136,8732672","1211,1136,683,1066","9920512,9306112,5595136,8732672",repeat,B,8,1,8,2,4,"0,2,4,6","true,true,true,true","0,0,0,0",true,true,true,avx2,0,0,0.0375713,268435456,7.14469e+09,18446744073530809057
512,1,16,"1211,1136,683,1066","9920512,9306112,5595136,8732672","1211,1136,683,1066","9920512,9306112,5595136,8732672",fused,B,8,1,8,2,4,"0,2,4,6","true,true,true,true","0,0,0,0",true,true,true,avx2,0,0,0.0216269,268435456,1.24121e+10,18446744073530809057
===== invocation-010.stderr.txt =====
[empty]
===== invocation-011.stdout.txt =====
D,S,R,O_i,B_i,rows_per_worker,bytes_per_worker,mode,variant,S_tile,iterations,timed_repetitions,warmup,worker_count,worker_list,affinity,affinity_error,affinity_succeeded,timed_repetitions_exact,avx2_supported,kernel_used,eviction_bytes,eviction_checksum,elapsed_seconds,mac_total,mac_per_second,checksum
512,1,16,"1816,1705,1023,1600","929792,872960,523776,819200","1816,1705,1023,1600","929792,872960,523776,819200",legacy,A,8,1,8,2,4,"0,2,4,6","true,true,true,true","0,0,0,0",true,true,true,avx2,0,0,0.0044732,402653184,9.00146e+10,18446744073656903484
512,1,16,"1816,1705,1023,1600","929792,872960,523776,819200","1816,1705,1023,1600","929792,872960,523776,819200",repeat,A,8,1,8,2,4,"0,2,4,6","true,true,true,true","0,0,0,0",true,true,true,avx2,0,0,0.007834,402653184,5.13982e+10,18446744073656903484
512,1,16,"1816,1705,1023,1600","929792,872960,523776,819200","1816,1705,1023,1600","929792,872960,523776,819200",fused,A,8,1,8,2,4,"0,2,4,6","true,true,true,true","0,0,0,0",true,true,true,avx2,0,0,0.0188123,402653184,2.14037e+10,18446744073656903484
===== invocation-011.stderr.txt =====
[empty]
===== invocation-012.stdout.txt =====
D,S,R,O_i,B_i,rows_per_worker,bytes_per_worker,mode,variant,S_tile,iterations,timed_repetitions,warmup,worker_count,worker_list,affinity,affinity_error,affinity_succeeded,timed_repetitions_exact,avx2_supported,kernel_used,eviction_bytes,eviction_checksum,elapsed_seconds,mac_total,mac_per_second,checksum
512,1,16,"1816,1705,1023,1600","14876672,13967360,8380416,13107200","1816,1705,1023,1600","14876672,13967360,8380416,13107200",legacy,B,8,1,8,2,4,"0,2,4,6","true,true,true,true","0,0,0,0",true,true,true,avx2,0,0,0.0098689,402653184,4.08002e+10,18446744072675525801
512,1,16,"1816,1705,1023,1600","14876672,13967360,8380416,13107200","1816,1705,1023,1600","14876672,13967360,8380416,13107200",repeat,B,8,1,8,2,4,"0,2,4,6","true,true,true,true","0,0,0,0",true,true,true,avx2,0,0,0.0152472,402653184,2.64083e+10,18446744072675525801
512,1,16,"1816,1705,1023,1600","14876672,13967360,8380416,13107200","1816,1705,1023,1600","14876672,13967360,8380416,13107200",fused,B,8,1,8,2,4,"0,2,4,6","true,true,true,true","0,0,0,0",true,true,true,avx2,0,0,0.0249488,402653184,1.61392e+10,18446744072675525801
===== invocation-012.stderr.txt =====
[empty]
===== invocation-013.stdout.txt =====
D,S,R,O_i,B_i,rows_per_worker,bytes_per_worker,mode,variant,S_tile,iterations,timed_repetitions,warmup,worker_count,worker_list,affinity,affinity_error,affinity_succeeded,timed_repetitions_exact,avx2_supported,kernel_used,eviction_bytes,eviction_checksum,elapsed_seconds,mac_total,mac_per_second,checksum
512,1,16,"1211,1136,683,1066","620032,581632,349696,545792","1211,1136,683,1066","620032,581632,349696,545792",legacy,A,8,1,8,2,4,"0,2,4,6","true,true,true,true","0,0,0,0",true,true,true,avx2,0,0,0.0025936,268435456,1.03499e+11,81541731
512,1,16,"1211,1136,683,1066","620032,581632,349696,545792","1211,1136,683,1066","620032,581632,349696,545792",repeat,A,8,1,8,2,4,"0,2,4,6","true,true,true,true","0,0,0,0",true,true,true,avx2,0,0,0.0077293,268435456,3.47296e+10,81541731
512,1,16,"1211,1136,683,1066","620032,581632,349696,545792","1211,1136,683,1066","620032,581632,349696,545792",fused,A,8,1,8,2,4,"0,2,4,6","true,true,true,true","0,0,0,0",true,true,true,avx2,0,0,0.0185356,268435456,1.44822e+10,81541731
===== invocation-013.stderr.txt =====
[empty]
===== invocation-014.stdout.txt =====
D,S,R,O_i,B_i,rows_per_worker,bytes_per_worker,mode,variant,S_tile,iterations,timed_repetitions,warmup,worker_count,worker_list,affinity,affinity_error,affinity_succeeded,timed_repetitions_exact,avx2_supported,kernel_used,eviction_bytes,eviction_checksum,elapsed_seconds,mac_total,mac_per_second,checksum
512,1,16,"1211,1136,683,1066","9920512,9306112,5595136,8732672","1211,1136,683,1066","9920512,9306112,5595136,8732672",legacy,B,8,1,8,2,4,"0,2,4,6","true,true,true,true","0,0,0,0",true,true,true,avx2,0,0,0.0074865,268435456,3.58559e+10,18446744073530809057
512,1,16,"1211,1136,683,1066","9920512,9306112,5595136,8732672","1211,1136,683,1066","9920512,9306112,5595136,8732672",repeat,B,8,1,8,2,4,"0,2,4,6","true,true,true,true","0,0,0,0",true,true,true,avx2,0,0,0.0097062,268435456,2.76561e+10,18446744073530809057
512,1,16,"1211,1136,683,1066","9920512,9306112,5595136,8732672","1211,1136,683,1066","9920512,9306112,5595136,8732672",fused,B,8,1,8,2,4,"0,2,4,6","true,true,true,true","0,0,0,0",true,true,true,avx2,0,0,0.0270382,268435456,9.92801e+09,18446744073530809057
===== invocation-014.stderr.txt =====
[empty]
===== invocation-015.stdout.txt =====
D,S,R,O_i,B_i,rows_per_worker,bytes_per_worker,mode,variant,S_tile,iterations,timed_repetitions,warmup,worker_count,worker_list,affinity,affinity_error,affinity_succeeded,timed_repetitions_exact,avx2_supported,kernel_used,eviction_bytes,eviction_checksum,elapsed_seconds,mac_total,mac_per_second,checksum
512,1,16,"1816,1705,1023,1600","929792,872960,523776,819200","1816,1705,1023,1600","929792,872960,523776,819200",legacy,A,8,1,8,2,4,"0,2,4,6","true,true,true,true","0,0,0,0",true,true,true,avx2,0,0,0.0040376,402653184,9.97259e+10,18446744073656903484
512,1,16,"1816,1705,1023,1600","929792,872960,523776,819200","1816,1705,1023,1600","929792,872960,523776,819200",repeat,A,8,1,8,2,4,"0,2,4,6","true,true,true,true","0,0,0,0",true,true,true,avx2,0,0,0.011163,402653184,3.60703e+10,18446744073656903484
512,1,16,"1816,1705,1023,1600","929792,872960,523776,819200","1816,1705,1023,1600","929792,872960,523776,819200",fused,A,8,1,8,2,4,"0,2,4,6","true,true,true,true","0,0,0,0",true,true,true,avx2,0,0,0.0282924,402653184,1.42318e+10,18446744073656903484
===== invocation-015.stderr.txt =====
[empty]
===== invocation-016.stdout.txt =====
D,S,R,O_i,B_i,rows_per_worker,bytes_per_worker,mode,variant,S_tile,iterations,timed_repetitions,warmup,worker_count,worker_list,affinity,affinity_error,affinity_succeeded,timed_repetitions_exact,avx2_supported,kernel_used,eviction_bytes,eviction_checksum,elapsed_seconds,mac_total,mac_per_second,checksum
512,1,16,"1816,1705,1023,1600","14876672,13967360,8380416,13107200","1816,1705,1023,1600","14876672,13967360,8380416,13107200",legacy,B,8,1,8,2,4,"0,2,4,6","true,true,true,true","0,0,0,0",true,true,true,avx2,0,0,0.0115799,402653184,3.47717e+10,18446744072675525801
512,1,16,"1816,1705,1023,1600","14876672,13967360,8380416,13107200","1816,1705,1023,1600","14876672,13967360,8380416,13107200",repeat,B,8,1,8,2,4,"0,2,4,6","true,true,true,true","0,0,0,0",true,true,true,avx2,0,0,0.0137752,402653184,2.92303e+10,18446744072675525801
512,1,16,"1816,1705,1023,1600","14876672,13967360,8380416,13107200","1816,1705,1023,1600","14876672,13967360,8380416,13107200",fused,B,8,1,8,2,4,"0,2,4,6","true,true,true,true","0,0,0,0",true,true,true,avx2,0,0,0.0249321,402653184,1.615e+10,18446744072675525801
===== invocation-016.stderr.txt =====
[empty]
===== invocation-017.stdout.txt =====
D,S,R,O_i,B_i,rows_per_worker,bytes_per_worker,mode,variant,S_tile,iterations,timed_repetitions,warmup,worker_count,worker_list,affinity,affinity_error,affinity_succeeded,timed_repetitions_exact,avx2_supported,kernel_used,eviction_bytes,eviction_checksum,elapsed_seconds,mac_total,mac_per_second,checksum
512,1,16,"1211,1136,683,1066","620032,581632,349696,545792","1211,1136,683,1066","620032,581632,349696,545792",legacy,A,8,1,8,2,4,"0,2,4,6","true,true,true,true","0,0,0,0",true,true,true,avx2,0,0,0.0035099,268435456,7.64795e+10,81541731
512,1,16,"1211,1136,683,1066","620032,581632,349696,545792","1211,1136,683,1066","620032,581632,349696,545792",repeat,A,8,1,8,2,4,"0,2,4,6","true,true,true,true","0,0,0,0",true,true,true,avx2,0,0,0.0084761,268435456,3.16697e+10,81541731
512,1,16,"1211,1136,683,1066","620032,581632,349696,545792","1211,1136,683,1066","620032,581632,349696,545792",fused,A,8,1,8,2,4,"0,2,4,6","true,true,true,true","0,0,0,0",true,true,true,avx2,0,0,0.0196006,268435456,1.36953e+10,81541731
===== invocation-017.stderr.txt =====
[empty]
===== invocation-018.stdout.txt =====
D,S,R,O_i,B_i,rows_per_worker,bytes_per_worker,mode,variant,S_tile,iterations,timed_repetitions,warmup,worker_count,worker_list,affinity,affinity_error,affinity_succeeded,timed_repetitions_exact,avx2_supported,kernel_used,eviction_bytes,eviction_checksum,elapsed_seconds,mac_total,mac_per_second,checksum
512,1,16,"1211,1136,683,1066","9920512,9306112,5595136,8732672","1211,1136,683,1066","9920512,9306112,5595136,8732672",legacy,B,8,1,8,2,4,"0,2,4,6","true,true,true,true","0,0,0,0",true,true,true,avx2,0,0,0.00837,268435456,3.20711e+10,18446744073530809057
512,1,16,"1211,1136,683,1066","9920512,9306112,5595136,8732672","1211,1136,683,1066","9920512,9306112,5595136,8732672",repeat,B,8,1,8,2,4,"0,2,4,6","true,true,true,true","0,0,0,0",true,true,true,avx2,0,0,0.0089721,268435456,2.99189e+10,18446744073530809057
512,1,16,"1211,1136,683,1066","9920512,9306112,5595136,8732672","1211,1136,683,1066","9920512,9306112,5595136,8732672",fused,B,8,1,8,2,4,"0,2,4,6","true,true,true,true","0,0,0,0",true,true,true,avx2,0,0,0.0192332,268435456,1.39569e+10,18446744073530809057
===== invocation-018.stderr.txt =====
[empty]
===== invocation-019.stdout.txt =====
D,S,R,O_i,B_i,rows_per_worker,bytes_per_worker,mode,variant,S_tile,iterations,timed_repetitions,warmup,worker_count,worker_list,affinity,affinity_error,affinity_succeeded,timed_repetitions_exact,avx2_supported,kernel_used,eviction_bytes,eviction_checksum,elapsed_seconds,mac_total,mac_per_second,checksum
512,1,16,"1816,1705,1023,1600","929792,872960,523776,819200","1816,1705,1023,1600","929792,872960,523776,819200",legacy,A,8,1,8,2,4,"0,2,4,6","true,true,true,true","0,0,0,0",true,true,true,avx2,0,0,0.0065336,402653184,6.16281e+10,18446744073656903484
512,1,16,"1816,1705,1023,1600","929792,872960,523776,819200","1816,1705,1023,1600","929792,872960,523776,819200",repeat,A,8,1,8,2,4,"0,2,4,6","true,true,true,true","0,0,0,0",true,true,true,avx2,0,0,0.0077228,402653184,5.21382e+10,18446744073656903484
512,1,16,"1816,1705,1023,1600","929792,872960,523776,819200","1816,1705,1023,1600","929792,872960,523776,819200",fused,A,8,1,8,2,4,"0,2,4,6","true,true,true,true","0,0,0,0",true,true,true,avx2,0,0,0.0269924,402653184,1.49173e+10,18446744073656903484
===== invocation-019.stderr.txt =====
[empty]
===== invocation-020.stdout.txt =====
D,S,R,O_i,B_i,rows_per_worker,bytes_per_worker,mode,variant,S_tile,iterations,timed_repetitions,warmup,worker_count,worker_list,affinity,affinity_error,affinity_succeeded,timed_repetitions_exact,avx2_supported,kernel_used,eviction_bytes,eviction_checksum,elapsed_seconds,mac_total,mac_per_second,checksum
512,1,16,"1816,1705,1023,1600","14876672,13967360,8380416,13107200","1816,1705,1023,1600","14876672,13967360,8380416,13107200",legacy,B,8,1,8,2,4,"0,2,4,6","true,true,true,true","0,0,0,0",true,true,true,avx2,0,0,0.0131476,402653184,3.06256e+10,18446744072675525801
512,1,16,"1816,1705,1023,1600","14876672,13967360,8380416,13107200","1816,1705,1023,1600","14876672,13967360,8380416,13107200",repeat,B,8,1,8,2,4,"0,2,4,6","true,true,true,true","0,0,0,0",true,true,true,avx2,0,0,0.0102155,402653184,3.94159e+10,18446744072675525801
512,1,16,"1816,1705,1023,1600","14876672,13967360,8380416,13107200","1816,1705,1023,1600","14876672,13967360,8380416,13107200",fused,B,8,1,8,2,4,"0,2,4,6","true,true,true,true","0,0,0,0",true,true,true,avx2,0,0,0.0265125,402653184,1.51873e+10,18446744072675525801
===== invocation-020.stderr.txt =====
[empty]
===== invocation-021.stdout.txt =====
D,S,R,O_i,B_i,rows_per_worker,bytes_per_worker,mode,variant,S_tile,iterations,timed_repetitions,warmup,worker_count,worker_list,affinity,affinity_error,affinity_succeeded,timed_repetitions_exact,avx2_supported,kernel_used,eviction_bytes,eviction_checksum,elapsed_seconds,mac_total,mac_per_second,checksum
512,1,16,"1211,1136,683,1066","620032,581632,349696,545792","1211,1136,683,1066","620032,581632,349696,545792",legacy,A,8,1,8,2,4,"0,2,4,6","true,true,true,true","0,0,0,0",true,true,true,avx2,0,0,0.0035266,268435456,7.61174e+10,81541731
512,1,16,"1211,1136,683,1066","620032,581632,349696,545792","1211,1136,683,1066","620032,581632,349696,545792",repeat,A,8,1,8,2,4,"0,2,4,6","true,true,true,true","0,0,0,0",true,true,true,avx2,0,0,0.0076956,268435456,3.48817e+10,81541731
512,1,16,"1211,1136,683,1066","620032,581632,349696,545792","1211,1136,683,1066","620032,581632,349696,545792",fused,A,8,1,8,2,4,"0,2,4,6","true,true,true,true","0,0,0,0",true,true,true,avx2,0,0,0.0185913,268435456,1.44388e+10,81541731
===== invocation-021.stderr.txt =====
[empty]
===== invocation-022.stdout.txt =====
D,S,R,O_i,B_i,rows_per_worker,bytes_per_worker,mode,variant,S_tile,iterations,timed_repetitions,warmup,worker_count,worker_list,affinity,affinity_error,affinity_succeeded,timed_repetitions_exact,avx2_supported,kernel_used,eviction_bytes,eviction_checksum,elapsed_seconds,mac_total,mac_per_second,checksum
512,1,16,"1211,1136,683,1066","9920512,9306112,5595136,8732672","1211,1136,683,1066","9920512,9306112,5595136,8732672",legacy,B,8,1,8,2,4,"0,2,4,6","true,true,true,true","0,0,0,0",true,true,true,avx2,0,0,0.007862,268435456,3.41434e+10,18446744073530809057
512,1,16,"1211,1136,683,1066","9920512,9306112,5595136,8732672","1211,1136,683,1066","9920512,9306112,5595136,8732672",repeat,B,8,1,8,2,4,"0,2,4,6","true,true,true,true","0,0,0,0",true,true,true,avx2,0,0,0.0093562,268435456,2.86906e+10,18446744073530809057
512,1,16,"1211,1136,683,1066","9920512,9306112,5595136,8732672","1211,1136,683,1066","9920512,9306112,5595136,8732672",fused,B,8,1,8,2,4,"0,2,4,6","true,true,true,true","0,0,0,0",true,true,true,avx2,0,0,0.0152053,268435456,1.76541e+10,18446744073530809057
===== invocation-022.stderr.txt =====
[empty]
===== invocation-023.stdout.txt =====
D,S,R,O_i,B_i,rows_per_worker,bytes_per_worker,mode,variant,S_tile,iterations,timed_repetitions,warmup,worker_count,worker_list,affinity,affinity_error,affinity_succeeded,timed_repetitions_exact,avx2_supported,kernel_used,eviction_bytes,eviction_checksum,elapsed_seconds,mac_total,mac_per_second,checksum
512,1,16,"1816,1705,1023,1600","929792,872960,523776,819200","1816,1705,1023,1600","929792,872960,523776,819200",legacy,A,8,1,8,2,4,"0,2,4,6","true,true,true,true","0,0,0,0",true,true,true,avx2,0,0,0.0045584,402653184,8.83321e+10,18446744073656903484
512,1,16,"1816,1705,1023,1600","929792,872960,523776,819200","1816,1705,1023,1600","929792,872960,523776,819200",repeat,A,8,1,8,2,4,"0,2,4,6","true,true,true,true","0,0,0,0",true,true,true,avx2,0,0,0.0111391,402653184,3.61477e+10,18446744073656903484
512,1,16,"1816,1705,1023,1600","929792,872960,523776,819200","1816,1705,1023,1600","929792,872960,523776,819200",fused,A,8,1,8,2,4,"0,2,4,6","true,true,true,true","0,0,0,0",true,true,true,avx2,0,0,0.0176944,402653184,2.2756e+10,18446744073656903484
===== invocation-023.stderr.txt =====
[empty]
===== invocation-024.stdout.txt =====
D,S,R,O_i,B_i,rows_per_worker,bytes_per_worker,mode,variant,S_tile,iterations,timed_repetitions,warmup,worker_count,worker_list,affinity,affinity_error,affinity_succeeded,timed_repetitions_exact,avx2_supported,kernel_used,eviction_bytes,eviction_checksum,elapsed_seconds,mac_total,mac_per_second,checksum
512,1,16,"1816,1705,1023,1600","14876672,13967360,8380416,13107200","1816,1705,1023,1600","14876672,13967360,8380416,13107200",legacy,B,8,1,8,2,4,"0,2,4,6","true,true,true,true","0,0,0,0",true,true,true,avx2,0,0,0.0114144,402653184,3.52759e+10,18446744072675525801
512,1,16,"1816,1705,1023,1600","14876672,13967360,8380416,13107200","1816,1705,1023,1600","14876672,13967360,8380416,13107200",repeat,B,8,1,8,2,4,"0,2,4,6","true,true,true,true","0,0,0,0",true,true,true,avx2,0,0,0.0131604,402653184,3.05958e+10,18446744072675525801
512,1,16,"1816,1705,1023,1600","14876672,13967360,8380416,13107200","1816,1705,1023,1600","14876672,13967360,8380416,13107200",fused,B,8,1,8,2,4,"0,2,4,6","true,true,true,true","0,0,0,0",true,true,true,avx2,0,0,0.0284268,402653184,1.41646e+10,18446744072675525801
===== invocation-024.stderr.txt =====
[empty]
===== invocation-025.stdout.txt =====
D,S,R,O_i,B_i,rows_per_worker,bytes_per_worker,mode,variant,S_tile,iterations,timed_repetitions,warmup,worker_count,worker_list,affinity,affinity_error,affinity_succeeded,timed_repetitions_exact,avx2_supported,kernel_used,eviction_bytes,eviction_checksum,elapsed_seconds,mac_total,mac_per_second,checksum
512,1,16,"1211,1136,683,1066","620032,581632,349696,545792","1211,1136,683,1066","620032,581632,349696,545792",legacy,A,8,1,8,2,4,"0,2,4,6","true,true,true,true","0,0,0,0",true,true,true,avx2,0,0,0.00485,268435456,5.53475e+10,81541731
512,1,16,"1211,1136,683,1066","620032,581632,349696,545792","1211,1136,683,1066","620032,581632,349696,545792",repeat,A,8,1,8,2,4,"0,2,4,6","true,true,true,true","0,0,0,0",true,true,true,avx2,0,0,0.0088129,268435456,3.04594e+10,81541731
512,1,16,"1211,1136,683,1066","620032,581632,349696,545792","1211,1136,683,1066","620032,581632,349696,545792",fused,A,8,1,8,2,4,"0,2,4,6","true,true,true,true","0,0,0,0",true,true,true,avx2,0,0,0.0129647,268435456,2.07051e+10,81541731
===== invocation-025.stderr.txt =====
[empty]
===== invocation-026.stdout.txt =====
D,S,R,O_i,B_i,rows_per_worker,bytes_per_worker,mode,variant,S_tile,iterations,timed_repetitions,warmup,worker_count,worker_list,affinity,affinity_error,affinity_succeeded,timed_repetitions_exact,avx2_supported,kernel_used,eviction_bytes,eviction_checksum,elapsed_seconds,mac_total,mac_per_second,checksum
512,1,16,"1211,1136,683,1066","9920512,9306112,5595136,8732672","1211,1136,683,1066","9920512,9306112,5595136,8732672",legacy,B,8,1,8,2,4,"0,2,4,6","true,true,true,true","0,0,0,0",true,true,true,avx2,0,0,0.0075159,268435456,3.57157e+10,18446744073530809057
512,1,16,"1211,1136,683,1066","9920512,9306112,5595136,8732672","1211,1136,683,1066","9920512,9306112,5595136,8732672",repeat,B,8,1,8,2,4,"0,2,4,6","true,true,true,true","0,0,0,0",true,true,true,avx2,0,0,0.0096345,268435456,2.78619e+10,18446744073530809057
512,1,16,"1211,1136,683,1066","9920512,9306112,5595136,8732672","1211,1136,683,1066","9920512,9306112,5595136,8732672",fused,B,8,1,8,2,4,"0,2,4,6","true,true,true,true","0,0,0,0",true,true,true,avx2,0,0,0.0343372,268435456,7.81763e+09,18446744073530809057
===== invocation-026.stderr.txt =====
[empty]
===== invocation-027.stdout.txt =====
D,S,R,O_i,B_i,rows_per_worker,bytes_per_worker,mode,variant,S_tile,iterations,timed_repetitions,warmup,worker_count,worker_list,affinity,affinity_error,affinity_succeeded,timed_repetitions_exact,avx2_supported,kernel_used,eviction_bytes,eviction_checksum,elapsed_seconds,mac_total,mac_per_second,checksum
512,1,16,"1816,1705,1023,1600","929792,872960,523776,819200","1816,1705,1023,1600","929792,872960,523776,819200",legacy,A,8,1,8,2,4,"0,2,4,6","true,true,true,true","0,0,0,0",true,true,true,avx2,0,0,0.0062071,402653184,6.48698e+10,18446744073656903484
512,1,16,"1816,1705,1023,1600","929792,872960,523776,819200","1816,1705,1023,1600","929792,872960,523776,819200",repeat,A,8,1,8,2,4,"0,2,4,6","true,true,true,true","0,0,0,0",true,true,true,avx2,0,0,0.0123052,402653184,3.27222e+10,18446744073656903484
512,1,16,"1816,1705,1023,1600","929792,872960,523776,819200","1816,1705,1023,1600","929792,872960,523776,819200",fused,A,8,1,8,2,4,"0,2,4,6","true,true,true,true","0,0,0,0",true,true,true,avx2,0,0,0.0276137,402653184,1.45816e+10,18446744073656903484
===== invocation-027.stderr.txt =====
[empty]
===== invocation-028.stdout.txt =====
D,S,R,O_i,B_i,rows_per_worker,bytes_per_worker,mode,variant,S_tile,iterations,timed_repetitions,warmup,worker_count,worker_list,affinity,affinity_error,affinity_succeeded,timed_repetitions_exact,avx2_supported,kernel_used,eviction_bytes,eviction_checksum,elapsed_seconds,mac_total,mac_per_second,checksum
512,1,16,"1816,1705,1023,1600","14876672,13967360,8380416,13107200","1816,1705,1023,1600","14876672,13967360,8380416,13107200",legacy,B,8,1,8,2,4,"0,2,4,6","true,true,true,true","0,0,0,0",true,true,true,avx2,0,0,0.0136647,402653184,2.94667e+10,18446744072675525801
512,1,16,"1816,1705,1023,1600","14876672,13967360,8380416,13107200","1816,1705,1023,1600","14876672,13967360,8380416,13107200",repeat,B,8,1,8,2,4,"0,2,4,6","true,true,true,true","0,0,0,0",true,true,true,avx2,0,0,0.0143001,402653184,2.81574e+10,18446744072675525801
512,1,16,"1816,1705,1023,1600","14876672,13967360,8380416,13107200","1816,1705,1023,1600","14876672,13967360,8380416,13107200",fused,B,8,1,8,2,4,"0,2,4,6","true,true,true,true","0,0,0,0",true,true,true,avx2,0,0,0.0297534,402653184,1.3533e+10,18446744072675525801
===== invocation-028.stderr.txt =====
[empty]
===== invocation-029.stdout.txt =====
D,S,R,O_i,B_i,rows_per_worker,bytes_per_worker,mode,variant,S_tile,iterations,timed_repetitions,warmup,worker_count,worker_list,affinity,affinity_error,affinity_succeeded,timed_repetitions_exact,avx2_supported,kernel_used,eviction_bytes,eviction_checksum,elapsed_seconds,mac_total,mac_per_second,checksum
512,1,16,"1211,1136,683,1066","620032,581632,349696,545792","1211,1136,683,1066","620032,581632,349696,545792",legacy,A,8,1,8,2,4,"0,2,4,6","true,true,true,true","0,0,0,0",true,true,true,avx2,0,0,0.0028723,268435456,9.34566e+10,81541731
512,1,16,"1211,1136,683,1066","620032,581632,349696,545792","1211,1136,683,1066","620032,581632,349696,545792",repeat,A,8,1,8,2,4,"0,2,4,6","true,true,true,true","0,0,0,0",true,true,true,avx2,0,0,0.005298,268435456,5.06673e+10,81541731
512,1,16,"1211,1136,683,1066","620032,581632,349696,545792","1211,1136,683,1066","620032,581632,349696,545792",fused,A,8,1,8,2,4,"0,2,4,6","true,true,true,true","0,0,0,0",true,true,true,avx2,0,0,0.0153763,268435456,1.74577e+10,81541731
===== invocation-029.stderr.txt =====
[empty]
===== invocation-030.stdout.txt =====
D,S,R,O_i,B_i,rows_per_worker,bytes_per_worker,mode,variant,S_tile,iterations,timed_repetitions,warmup,worker_count,worker_list,affinity,affinity_error,affinity_succeeded,timed_repetitions_exact,avx2_supported,kernel_used,eviction_bytes,eviction_checksum,elapsed_seconds,mac_total,mac_per_second,checksum
512,1,16,"1211,1136,683,1066","9920512,9306112,5595136,8732672","1211,1136,683,1066","9920512,9306112,5595136,8732672",legacy,B,8,1,8,2,4,"0,2,4,6","true,true,true,true","0,0,0,0",true,true,true,avx2,0,0,0.0075312,268435456,3.56431e+10,18446744073530809057
512,1,16,"1211,1136,683,1066","9920512,9306112,5595136,8732672","1211,1136,683,1066","9920512,9306112,5595136,8732672",repeat,B,8,1,8,2,4,"0,2,4,6","true,true,true,true","0,0,0,0",true,true,true,avx2,0,0,0.0090319,268435456,2.97208e+10,18446744073530809057
512,1,16,"1211,1136,683,1066","9920512,9306112,5595136,8732672","1211,1136,683,1066","9920512,9306112,5595136,8732672",fused,B,8,1,8,2,4,"0,2,4,6","true,true,true,true","0,0,0,0",true,true,true,avx2,0,0,0.0184627,268435456,1.45393e+10,18446744073530809057
===== invocation-030.stderr.txt =====
[empty]
===== invocation-031.stdout.txt =====
D,S,R,O_i,B_i,rows_per_worker,bytes_per_worker,mode,variant,S_tile,iterations,timed_repetitions,warmup,worker_count,worker_list,affinity,affinity_error,affinity_succeeded,timed_repetitions_exact,avx2_supported,kernel_used,eviction_bytes,eviction_checksum,elapsed_seconds,mac_total,mac_per_second,checksum
512,1,16,"1816,1705,1023,1600","929792,872960,523776,819200","1816,1705,1023,1600","929792,872960,523776,819200",legacy,A,8,1,8,2,4,"0,2,4,6","true,true,true,true","0,0,0,0",true,true,true,avx2,0,0,0.0040629,402653184,9.91049e+10,18446744073656903484
512,1,16,"1816,1705,1023,1600","929792,872960,523776,819200","1816,1705,1023,1600","929792,872960,523776,819200",repeat,A,8,1,8,2,4,"0,2,4,6","true,true,true,true","0,0,0,0",true,true,true,avx2,0,0,0.0099471,402653184,4.04795e+10,18446744073656903484
512,1,16,"1816,1705,1023,1600","929792,872960,523776,819200","1816,1705,1023,1600","929792,872960,523776,819200",fused,A,8,1,8,2,4,"0,2,4,6","true,true,true,true","0,0,0,0",true,true,true,avx2,0,0,0.0255784,402653184,1.57419e+10,18446744073656903484
===== invocation-031.stderr.txt =====
[empty]
===== invocation-032.stdout.txt =====
D,S,R,O_i,B_i,rows_per_worker,bytes_per_worker,mode,variant,S_tile,iterations,timed_repetitions,warmup,worker_count,worker_list,affinity,affinity_error,affinity_succeeded,timed_repetitions_exact,avx2_supported,kernel_used,eviction_bytes,eviction_checksum,elapsed_seconds,mac_total,mac_per_second,checksum
512,1,16,"1816,1705,1023,1600","14876672,13967360,8380416,13107200","1816,1705,1023,1600","14876672,13967360,8380416,13107200",legacy,B,8,1,8,2,4,"0,2,4,6","true,true,true,true","0,0,0,0",true,true,true,avx2,0,0,0.0109484,402653184,3.67774e+10,18446744072675525801
512,1,16,"1816,1705,1023,1600","14876672,13967360,8380416,13107200","1816,1705,1023,1600","14876672,13967360,8380416,13107200",repeat,B,8,1,8,2,4,"0,2,4,6","true,true,true,true","0,0,0,0",true,true,true,avx2,0,0,0.0140329,402653184,2.86935e+10,18446744072675525801
512,1,16,"1816,1705,1023,1600","14876672,13967360,8380416,13107200","1816,1705,1023,1600","14876672,13967360,8380416,13107200",fused,B,8,1,8,2,4,"0,2,4,6","true,true,true,true","0,0,0,0",true,true,true,avx2,0,0,0.0206265,402653184,1.95212e+10,18446744072675525801
===== invocation-032.stderr.txt =====
[empty]
===== invocation-033.stdout.txt =====
D,S,R,O_i,B_i,rows_per_worker,bytes_per_worker,mode,variant,S_tile,iterations,timed_repetitions,warmup,worker_count,worker_list,affinity,affinity_error,affinity_succeeded,timed_repetitions_exact,avx2_supported,kernel_used,eviction_bytes,eviction_checksum,elapsed_seconds,mac_total,mac_per_second,checksum
512,1,16,"1211,1136,683,1066","620032,581632,349696,545792","1211,1136,683,1066","620032,581632,349696,545792",legacy,A,8,1,8,2,4,"0,2,4,6","true,true,true,true","0,0,0,0",true,true,true,avx2,0,0,0.005145,268435456,5.2174e+10,81541731
512,1,16,"1211,1136,683,1066","620032,581632,349696,545792","1211,1136,683,1066","620032,581632,349696,545792",repeat,A,8,1,8,2,4,"0,2,4,6","true,true,true,true","0,0,0,0",true,true,true,avx2,0,0,0.0070518,268435456,3.80662e+10,81541731
512,1,16,"1211,1136,683,1066","620032,581632,349696,545792","1211,1136,683,1066","620032,581632,349696,545792",fused,A,8,1,8,2,4,"0,2,4,6","true,true,true,true","0,0,0,0",true,true,true,avx2,0,0,0.0175019,268435456,1.53375e+10,81541731
===== invocation-033.stderr.txt =====
[empty]
===== invocation-034.stdout.txt =====
D,S,R,O_i,B_i,rows_per_worker,bytes_per_worker,mode,variant,S_tile,iterations,timed_repetitions,warmup,worker_count,worker_list,affinity,affinity_error,affinity_succeeded,timed_repetitions_exact,avx2_supported,kernel_used,eviction_bytes,eviction_checksum,elapsed_seconds,mac_total,mac_per_second,checksum
512,1,16,"1211,1136,683,1066","9920512,9306112,5595136,8732672","1211,1136,683,1066","9920512,9306112,5595136,8732672",legacy,B,8,1,8,2,4,"0,2,4,6","true,true,true,true","0,0,0,0",true,true,true,avx2,0,0,0.0079001,268435456,3.39787e+10,18446744073530809057
512,1,16,"1211,1136,683,1066","9920512,9306112,5595136,8732672","1211,1136,683,1066","9920512,9306112,5595136,8732672",repeat,B,8,1,8,2,4,"0,2,4,6","true,true,true,true","0,0,0,0",true,true,true,avx2,0,0,0.0094234,268435456,2.84861e+10,18446744073530809057
512,1,16,"1211,1136,683,1066","9920512,9306112,5595136,8732672","1211,1136,683,1066","9920512,9306112,5595136,8732672",fused,B,8,1,8,2,4,"0,2,4,6","true,true,true,true","0,0,0,0",true,true,true,avx2,0,0,0.0116363,268435456,2.30688e+10,18446744073530809057
===== invocation-034.stderr.txt =====
[empty]
===== invocation-035.stdout.txt =====
D,S,R,O_i,B_i,rows_per_worker,bytes_per_worker,mode,variant,S_tile,iterations,timed_repetitions,warmup,worker_count,worker_list,affinity,affinity_error,affinity_succeeded,timed_repetitions_exact,avx2_supported,kernel_used,eviction_bytes,eviction_checksum,elapsed_seconds,mac_total,mac_per_second,checksum
512,1,16,"1816,1705,1023,1600","929792,872960,523776,819200","1816,1705,1023,1600","929792,872960,523776,819200",legacy,A,8,1,8,2,4,"0,2,4,6","true,true,true,true","0,0,0,0",true,true,true,avx2,0,0,0.0038757,402653184,1.03892e+11,18446744073656903484
512,1,16,"1816,1705,1023,1600","929792,872960,523776,819200","1816,1705,1023,1600","929792,872960,523776,819200",repeat,A,8,1,8,2,4,"0,2,4,6","true,true,true,true","0,0,0,0",true,true,true,avx2,0,0,0.0094723,402653184,4.25085e+10,18446744073656903484
512,1,16,"1816,1705,1023,1600","929792,872960,523776,819200","1816,1705,1023,1600","929792,872960,523776,819200",fused,A,8,1,8,2,4,"0,2,4,6","true,true,true,true","0,0,0,0",true,true,true,avx2,0,0,0.0266943,402653184,1.50839e+10,18446744073656903484
===== invocation-035.stderr.txt =====
[empty]
===== invocation-036.stdout.txt =====
D,S,R,O_i,B_i,rows_per_worker,bytes_per_worker,mode,variant,S_tile,iterations,timed_repetitions,warmup,worker_count,worker_list,affinity,affinity_error,affinity_succeeded,timed_repetitions_exact,avx2_supported,kernel_used,eviction_bytes,eviction_checksum,elapsed_seconds,mac_total,mac_per_second,checksum
512,1,16,"1816,1705,1023,1600","14876672,13967360,8380416,13107200","1816,1705,1023,1600","14876672,13967360,8380416,13107200",legacy,B,8,1,8,2,4,"0,2,4,6","true,true,true,true","0,0,0,0",true,true,true,avx2,0,0,0.0153058,402653184,2.63072e+10,18446744072675525801
512,1,16,"1816,1705,1023,1600","14876672,13967360,8380416,13107200","1816,1705,1023,1600","14876672,13967360,8380416,13107200",repeat,B,8,1,8,2,4,"0,2,4,6","true,true,true,true","0,0,0,0",true,true,true,avx2,0,0,0.0130457,402653184,3.08648e+10,18446744072675525801
512,1,16,"1816,1705,1023,1600","14876672,13967360,8380416,13107200","1816,1705,1023,1600","14876672,13967360,8380416,13107200",fused,B,8,1,8,2,4,"0,2,4,6","true,true,true,true","0,0,0,0",true,true,true,avx2,0,0,0.0277098,402653184,1.45311e+10,18446744072675525801
===== invocation-036.stderr.txt =====
[empty]
===== invocation-037.stdout.txt =====
D,S,R,O_i,B_i,rows_per_worker,bytes_per_worker,mode,variant,S_tile,iterations,timed_repetitions,warmup,worker_count,worker_list,affinity,affinity_error,affinity_succeeded,timed_repetitions_exact,avx2_supported,kernel_used,eviction_bytes,eviction_checksum,elapsed_seconds,mac_total,mac_per_second,checksum
512,1,16,"1211,1136,683,1066","620032,581632,349696,545792","1211,1136,683,1066","620032,581632,349696,545792",legacy,A,8,1,8,2,4,"0,2,4,6","true,true,true,true","0,0,0,0",true,true,true,avx2,0,0,0.0039378,268435456,6.81689e+10,81541731
512,1,16,"1211,1136,683,1066","620032,581632,349696,545792","1211,1136,683,1066","620032,581632,349696,545792",repeat,A,8,1,8,2,4,"0,2,4,6","true,true,true,true","0,0,0,0",true,true,true,avx2,0,0,0.0065131,268435456,4.12147e+10,81541731
512,1,16,"1211,1136,683,1066","620032,581632,349696,545792","1211,1136,683,1066","620032,581632,349696,545792",fused,A,8,1,8,2,4,"0,2,4,6","true,true,true,true","0,0,0,0",true,true,true,avx2,0,0,0.0176815,268435456,1.51817e+10,81541731
===== invocation-037.stderr.txt =====
[empty]
===== invocation-038.stdout.txt =====
D,S,R,O_i,B_i,rows_per_worker,bytes_per_worker,mode,variant,S_tile,iterations,timed_repetitions,warmup,worker_count,worker_list,affinity,affinity_error,affinity_succeeded,timed_repetitions_exact,avx2_supported,kernel_used,eviction_bytes,eviction_checksum,elapsed_seconds,mac_total,mac_per_second,checksum
512,1,16,"1211,1136,683,1066","9920512,9306112,5595136,8732672","1211,1136,683,1066","9920512,9306112,5595136,8732672",legacy,B,8,1,8,2,4,"0,2,4,6","true,true,true,true","0,0,0,0",true,true,true,avx2,0,0,0.0070027,268435456,3.83331e+10,18446744073530809057
512,1,16,"1211,1136,683,1066","9920512,9306112,5595136,8732672","1211,1136,683,1066","9920512,9306112,5595136,8732672",repeat,B,8,1,8,2,4,"0,2,4,6","true,true,true,true","0,0,0,0",true,true,true,avx2,0,0,0.0065134,268435456,4.12128e+10,18446744073530809057
512,1,16,"1211,1136,683,1066","9920512,9306112,5595136,8732672","1211,1136,683,1066","9920512,9306112,5595136,8732672",fused,B,8,1,8,2,4,"0,2,4,6","true,true,true,true","0,0,0,0",true,true,true,avx2,0,0,0.0217338,268435456,1.23511e+10,18446744073530809057
===== invocation-038.stderr.txt =====
[empty]
===== invocation-039.stdout.txt =====
D,S,R,O_i,B_i,rows_per_worker,bytes_per_worker,mode,variant,S_tile,iterations,timed_repetitions,warmup,worker_count,worker_list,affinity,affinity_error,affinity_succeeded,timed_repetitions_exact,avx2_supported,kernel_used,eviction_bytes,eviction_checksum,elapsed_seconds,mac_total,mac_per_second,checksum
512,1,16,"1816,1705,1023,1600","929792,872960,523776,819200","1816,1705,1023,1600","929792,872960,523776,819200",legacy,A,8,1,8,2,4,"0,2,4,6","true,true,true,true","0,0,0,0",true,true,true,avx2,0,0,0.006232,402653184,6.46106e+10,18446744073656903484
512,1,16,"1816,1705,1023,1600","929792,872960,523776,819200","1816,1705,1023,1600","929792,872960,523776,819200",repeat,A,8,1,8,2,4,"0,2,4,6","true,true,true,true","0,0,0,0",true,true,true,avx2,0,0,0.0093538,402653184,4.3047e+10,18446744073656903484
512,1,16,"1816,1705,1023,1600","929792,872960,523776,819200","1816,1705,1023,1600","929792,872960,523776,819200",fused,A,8,1,8,2,4,"0,2,4,6","true,true,true,true","0,0,0,0",true,true,true,avx2,0,0,0.0276413,402653184,1.45671e+10,18446744073656903484
===== invocation-039.stderr.txt =====
[empty]
===== invocation-040.stdout.txt =====
D,S,R,O_i,B_i,rows_per_worker,bytes_per_worker,mode,variant,S_tile,iterations,timed_repetitions,warmup,worker_count,worker_list,affinity,affinity_error,affinity_succeeded,timed_repetitions_exact,avx2_supported,kernel_used,eviction_bytes,eviction_checksum,elapsed_seconds,mac_total,mac_per_second,checksum
512,1,16,"1816,1705,1023,1600","14876672,13967360,8380416,13107200","1816,1705,1023,1600","14876672,13967360,8380416,13107200",legacy,B,8,1,8,2,4,"0,2,4,6","true,true,true,true","0,0,0,0",true,true,true,avx2,0,0,0.0118033,402653184,3.41136e+10,18446744072675525801
512,1,16,"1816,1705,1023,1600","14876672,13967360,8380416,13107200","1816,1705,1023,1600","14876672,13967360,8380416,13107200",repeat,B,8,1,8,2,4,"0,2,4,6","true,true,true,true","0,0,0,0",true,true,true,avx2,0,0,0.0133233,402653184,3.02217e+10,18446744072675525801
512,1,16,"1816,1705,1023,1600","14876672,13967360,8380416,13107200","1816,1705,1023,1600","14876672,13967360,8380416,13107200",fused,B,8,1,8,2,4,"0,2,4,6","true,true,true,true","0,0,0,0",true,true,true,avx2,0,0,0.0472969,402653184,8.51331e+09,18446744072675525801
===== invocation-040.stderr.txt =====
[empty]
