T0-M R16 spill-free compare sweep; measurement-only; no source/README/script/kernel edits
started=2026-09-02T23:46:01.3948590-07:00
executable=D:\Install\Dev\Projects\IA\Ejercise\cpu-native-arch\build\t0m_int8_probe.exe
executable_sha256=B53ECEEA815376CFD3EC8D56182C785DB2548197ED4602221AE0447813907065
self_test=not rerun per instruction; prior correction/self-test gate accepted
invocation[001] size=512 repeat=1 variant=A
command[001] "D:\Install\Dev\Projects\IA\Ejercise\cpu-native-arch\build\t0m_int8_probe.exe" --D 512 --S 1 --R 16 --mode compare --variant A --S-tile 8 --workers 4 --cpus "0,2,4,6" --rows-per-worker "1211,1136,683,1066" --iterations 1 --timed-repetitions 8 --warmup 2
exit_code[001]=0
stdout_file[001]=invocation-001.stdout.txt
stderr_file[001]=invocation-001.stderr.txt
invocation[002] size=512 repeat=1 variant=B
command[002] "D:\Install\Dev\Projects\IA\Ejercise\cpu-native-arch\build\t0m_int8_probe.exe" --D 512 --S 1 --R 16 --mode compare --variant B --S-tile 8 --workers 4 --cpus "0,2,4,6" --rows-per-worker "1211,1136,683,1066" --iterations 1 --timed-repetitions 8 --warmup 2
exit_code[002]=0
stdout_file[002]=invocation-002.stdout.txt
stderr_file[002]=invocation-002.stderr.txt
invocation[003] size=768 repeat=1 variant=A
command[003] "D:\Install\Dev\Projects\IA\Ejercise\cpu-native-arch\build\t0m_int8_probe.exe" --D 512 --S 1 --R 16 --mode compare --variant A --S-tile 8 --workers 4 --cpus "0,2,4,6" --rows-per-worker "1816,1705,1023,1600" --iterations 1 --timed-repetitions 8 --warmup 2
exit_code[003]=0
stdout_file[003]=invocation-003.stdout.txt
stderr_file[003]=invocation-003.stderr.txt
invocation[004] size=768 repeat=1 variant=B
command[004] "D:\Install\Dev\Projects\IA\Ejercise\cpu-native-arch\build\t0m_int8_probe.exe" --D 512 --S 1 --R 16 --mode compare --variant B --S-tile 8 --workers 4 --cpus "0,2,4,6" --rows-per-worker "1816,1705,1023,1600" --iterations 1 --timed-repetitions 8 --warmup 2
exit_code[004]=0
stdout_file[004]=invocation-004.stdout.txt
stderr_file[004]=invocation-004.stderr.txt
invocation[005] size=512 repeat=2 variant=A
command[005] "D:\Install\Dev\Projects\IA\Ejercise\cpu-native-arch\build\t0m_int8_probe.exe" --D 512 --S 1 --R 16 --mode compare --variant A --S-tile 8 --workers 4 --cpus "0,2,4,6" --rows-per-worker "1211,1136,683,1066" --iterations 1 --timed-repetitions 8 --warmup 2
exit_code[005]=0
stdout_file[005]=invocation-005.stdout.txt
stderr_file[005]=invocation-005.stderr.txt
invocation[006] size=512 repeat=2 variant=B
command[006] "D:\Install\Dev\Projects\IA\Ejercise\cpu-native-arch\build\t0m_int8_probe.exe" --D 512 --S 1 --R 16 --mode compare --variant B --S-tile 8 --workers 4 --cpus "0,2,4,6" --rows-per-worker "1211,1136,683,1066" --iterations 1 --timed-repetitions 8 --warmup 2
exit_code[006]=0
stdout_file[006]=invocation-006.stdout.txt
stderr_file[006]=invocation-006.stderr.txt
invocation[007] size=768 repeat=2 variant=A
command[007] "D:\Install\Dev\Projects\IA\Ejercise\cpu-native-arch\build\t0m_int8_probe.exe" --D 512 --S 1 --R 16 --mode compare --variant A --S-tile 8 --workers 4 --cpus "0,2,4,6" --rows-per-worker "1816,1705,1023,1600" --iterations 1 --timed-repetitions 8 --warmup 2
exit_code[007]=0
stdout_file[007]=invocation-007.stdout.txt
stderr_file[007]=invocation-007.stderr.txt
invocation[008] size=768 repeat=2 variant=B
command[008] "D:\Install\Dev\Projects\IA\Ejercise\cpu-native-arch\build\t0m_int8_probe.exe" --D 512 --S 1 --R 16 --mode compare --variant B --S-tile 8 --workers 4 --cpus "0,2,4,6" --rows-per-worker "1816,1705,1023,1600" --iterations 1 --timed-repetitions 8 --warmup 2
exit_code[008]=0
stdout_file[008]=invocation-008.stdout.txt
stderr_file[008]=invocation-008.stderr.txt
invocation[009] size=512 repeat=3 variant=A
command[009] "D:\Install\Dev\Projects\IA\Ejercise\cpu-native-arch\build\t0m_int8_probe.exe" --D 512 --S 1 --R 16 --mode compare --variant A --S-tile 8 --workers 4 --cpus "0,2,4,6" --rows-per-worker "1211,1136,683,1066" --iterations 1 --timed-repetitions 8 --warmup 2
exit_code[009]=0
stdout_file[009]=invocation-009.stdout.txt
stderr_file[009]=invocation-009.stderr.txt
invocation[010] size=512 repeat=3 variant=B
command[010] "D:\Install\Dev\Projects\IA\Ejercise\cpu-native-arch\build\t0m_int8_probe.exe" --D 512 --S 1 --R 16 --mode compare --variant B --S-tile 8 --workers 4 --cpus "0,2,4,6" --rows-per-worker "1211,1136,683,1066" --iterations 1 --timed-repetitions 8 --warmup 2
exit_code[010]=0
stdout_file[010]=invocation-010.stdout.txt
stderr_file[010]=invocation-010.stderr.txt
invocation[011] size=768 repeat=3 variant=A
command[011] "D:\Install\Dev\Projects\IA\Ejercise\cpu-native-arch\build\t0m_int8_probe.exe" --D 512 --S 1 --R 16 --mode compare --variant A --S-tile 8 --workers 4 --cpus "0,2,4,6" --rows-per-worker "1816,1705,1023,1600" --iterations 1 --timed-repetitions 8 --warmup 2
exit_code[011]=0
stdout_file[011]=invocation-011.stdout.txt
stderr_file[011]=invocation-011.stderr.txt
invocation[012] size=768 repeat=3 variant=B
command[012] "D:\Install\Dev\Projects\IA\Ejercise\cpu-native-arch\build\t0m_int8_probe.exe" --D 512 --S 1 --R 16 --mode compare --variant B --S-tile 8 --workers 4 --cpus "0,2,4,6" --rows-per-worker "1816,1705,1023,1600" --iterations 1 --timed-repetitions 8 --warmup 2
exit_code[012]=0
stdout_file[012]=invocation-012.stdout.txt
stderr_file[012]=invocation-012.stderr.txt
invocation[013] size=512 repeat=4 variant=A
command[013] "D:\Install\Dev\Projects\IA\Ejercise\cpu-native-arch\build\t0m_int8_probe.exe" --D 512 --S 1 --R 16 --mode compare --variant A --S-tile 8 --workers 4 --cpus "0,2,4,6" --rows-per-worker "1211,1136,683,1066" --iterations 1 --timed-repetitions 8 --warmup 2
exit_code[013]=0
stdout_file[013]=invocation-013.stdout.txt
stderr_file[013]=invocation-013.stderr.txt
invocation[014] size=512 repeat=4 variant=B
command[014] "D:\Install\Dev\Projects\IA\Ejercise\cpu-native-arch\build\t0m_int8_probe.exe" --D 512 --S 1 --R 16 --mode compare --variant B --S-tile 8 --workers 4 --cpus "0,2,4,6" --rows-per-worker "1211,1136,683,1066" --iterations 1 --timed-repetitions 8 --warmup 2
exit_code[014]=0
stdout_file[014]=invocation-014.stdout.txt
stderr_file[014]=invocation-014.stderr.txt
invocation[015] size=768 repeat=4 variant=A
command[015] "D:\Install\Dev\Projects\IA\Ejercise\cpu-native-arch\build\t0m_int8_probe.exe" --D 512 --S 1 --R 16 --mode compare --variant A --S-tile 8 --workers 4 --cpus "0,2,4,6" --rows-per-worker "1816,1705,1023,1600" --iterations 1 --timed-repetitions 8 --warmup 2
exit_code[015]=0
stdout_file[015]=invocation-015.stdout.txt
stderr_file[015]=invocation-015.stderr.txt
invocation[016] size=768 repeat=4 variant=B
command[016] "D:\Install\Dev\Projects\IA\Ejercise\cpu-native-arch\build\t0m_int8_probe.exe" --D 512 --S 1 --R 16 --mode compare --variant B --S-tile 8 --workers 4 --cpus "0,2,4,6" --rows-per-worker "1816,1705,1023,1600" --iterations 1 --timed-repetitions 8 --warmup 2
exit_code[016]=0
stdout_file[016]=invocation-016.stdout.txt
stderr_file[016]=invocation-016.stderr.txt
invocation[017] size=512 repeat=5 variant=A
command[017] "D:\Install\Dev\Projects\IA\Ejercise\cpu-native-arch\build\t0m_int8_probe.exe" --D 512 --S 1 --R 16 --mode compare --variant A --S-tile 8 --workers 4 --cpus "0,2,4,6" --rows-per-worker "1211,1136,683,1066" --iterations 1 --timed-repetitions 8 --warmup 2
exit_code[017]=0
stdout_file[017]=invocation-017.stdout.txt
stderr_file[017]=invocation-017.stderr.txt
invocation[018] size=512 repeat=5 variant=B
command[018] "D:\Install\Dev\Projects\IA\Ejercise\cpu-native-arch\build\t0m_int8_probe.exe" --D 512 --S 1 --R 16 --mode compare --variant B --S-tile 8 --workers 4 --cpus "0,2,4,6" --rows-per-worker "1211,1136,683,1066" --iterations 1 --timed-repetitions 8 --warmup 2
exit_code[018]=0
stdout_file[018]=invocation-018.stdout.txt
stderr_file[018]=invocation-018.stderr.txt
invocation[019] size=768 repeat=5 variant=A
command[019] "D:\Install\Dev\Projects\IA\Ejercise\cpu-native-arch\build\t0m_int8_probe.exe" --D 512 --S 1 --R 16 --mode compare --variant A --S-tile 8 --workers 4 --cpus "0,2,4,6" --rows-per-worker "1816,1705,1023,1600" --iterations 1 --timed-repetitions 8 --warmup 2
exit_code[019]=0
stdout_file[019]=invocation-019.stdout.txt
stderr_file[019]=invocation-019.stderr.txt
invocation[020] size=768 repeat=5 variant=B
command[020] "D:\Install\Dev\Projects\IA\Ejercise\cpu-native-arch\build\t0m_int8_probe.exe" --D 512 --S 1 --R 16 --mode compare --variant B --S-tile 8 --workers 4 --cpus "0,2,4,6" --rows-per-worker "1816,1705,1023,1600" --iterations 1 --timed-repetitions 8 --warmup 2
exit_code[020]=0
stdout_file[020]=invocation-020.stdout.txt
stderr_file[020]=invocation-020.stderr.txt
invocation[021] size=512 repeat=6 variant=A
command[021] "D:\Install\Dev\Projects\IA\Ejercise\cpu-native-arch\build\t0m_int8_probe.exe" --D 512 --S 1 --R 16 --mode compare --variant A --S-tile 8 --workers 4 --cpus "0,2,4,6" --rows-per-worker "1211,1136,683,1066" --iterations 1 --timed-repetitions 8 --warmup 2
exit_code[021]=0
stdout_file[021]=invocation-021.stdout.txt
stderr_file[021]=invocation-021.stderr.txt
invocation[022] size=512 repeat=6 variant=B
command[022] "D:\Install\Dev\Projects\IA\Ejercise\cpu-native-arch\build\t0m_int8_probe.exe" --D 512 --S 1 --R 16 --mode compare --variant B --S-tile 8 --workers 4 --cpus "0,2,4,6" --rows-per-worker "1211,1136,683,1066" --iterations 1 --timed-repetitions 8 --warmup 2
exit_code[022]=0
stdout_file[022]=invocation-022.stdout.txt
stderr_file[022]=invocation-022.stderr.txt
invocation[023] size=768 repeat=6 variant=A
command[023] "D:\Install\Dev\Projects\IA\Ejercise\cpu-native-arch\build\t0m_int8_probe.exe" --D 512 --S 1 --R 16 --mode compare --variant A --S-tile 8 --workers 4 --cpus "0,2,4,6" --rows-per-worker "1816,1705,1023,1600" --iterations 1 --timed-repetitions 8 --warmup 2
exit_code[023]=0
stdout_file[023]=invocation-023.stdout.txt
stderr_file[023]=invocation-023.stderr.txt
invocation[024] size=768 repeat=6 variant=B
command[024] "D:\Install\Dev\Projects\IA\Ejercise\cpu-native-arch\build\t0m_int8_probe.exe" --D 512 --S 1 --R 16 --mode compare --variant B --S-tile 8 --workers 4 --cpus "0,2,4,6" --rows-per-worker "1816,1705,1023,1600" --iterations 1 --timed-repetitions 8 --warmup 2
exit_code[024]=0
stdout_file[024]=invocation-024.stdout.txt
stderr_file[024]=invocation-024.stderr.txt
invocation[025] size=512 repeat=7 variant=A
command[025] "D:\Install\Dev\Projects\IA\Ejercise\cpu-native-arch\build\t0m_int8_probe.exe" --D 512 --S 1 --R 16 --mode compare --variant A --S-tile 8 --workers 4 --cpus "0,2,4,6" --rows-per-worker "1211,1136,683,1066" --iterations 1 --timed-repetitions 8 --warmup 2
exit_code[025]=0
stdout_file[025]=invocation-025.stdout.txt
stderr_file[025]=invocation-025.stderr.txt
invocation[026] size=512 repeat=7 variant=B
command[026] "D:\Install\Dev\Projects\IA\Ejercise\cpu-native-arch\build\t0m_int8_probe.exe" --D 512 --S 1 --R 16 --mode compare --variant B --S-tile 8 --workers 4 --cpus "0,2,4,6" --rows-per-worker "1211,1136,683,1066" --iterations 1 --timed-repetitions 8 --warmup 2
exit_code[026]=0
stdout_file[026]=invocation-026.stdout.txt
stderr_file[026]=invocation-026.stderr.txt
invocation[027] size=768 repeat=7 variant=A
command[027] "D:\Install\Dev\Projects\IA\Ejercise\cpu-native-arch\build\t0m_int8_probe.exe" --D 512 --S 1 --R 16 --mode compare --variant A --S-tile 8 --workers 4 --cpus "0,2,4,6" --rows-per-worker "1816,1705,1023,1600" --iterations 1 --timed-repetitions 8 --warmup 2
exit_code[027]=0
stdout_file[027]=invocation-027.stdout.txt
stderr_file[027]=invocation-027.stderr.txt
invocation[028] size=768 repeat=7 variant=B
command[028] "D:\Install\Dev\Projects\IA\Ejercise\cpu-native-arch\build\t0m_int8_probe.exe" --D 512 --S 1 --R 16 --mode compare --variant B --S-tile 8 --workers 4 --cpus "0,2,4,6" --rows-per-worker "1816,1705,1023,1600" --iterations 1 --timed-repetitions 8 --warmup 2
exit_code[028]=0
stdout_file[028]=invocation-028.stdout.txt
stderr_file[028]=invocation-028.stderr.txt
invocation[029] size=512 repeat=8 variant=A
command[029] "D:\Install\Dev\Projects\IA\Ejercise\cpu-native-arch\build\t0m_int8_probe.exe" --D 512 --S 1 --R 16 --mode compare --variant A --S-tile 8 --workers 4 --cpus "0,2,4,6" --rows-per-worker "1211,1136,683,1066" --iterations 1 --timed-repetitions 8 --warmup 2
exit_code[029]=0
stdout_file[029]=invocation-029.stdout.txt
stderr_file[029]=invocation-029.stderr.txt
invocation[030] size=512 repeat=8 variant=B
command[030] "D:\Install\Dev\Projects\IA\Ejercise\cpu-native-arch\build\t0m_int8_probe.exe" --D 512 --S 1 --R 16 --mode compare --variant B --S-tile 8 --workers 4 --cpus "0,2,4,6" --rows-per-worker "1211,1136,683,1066" --iterations 1 --timed-repetitions 8 --warmup 2
exit_code[030]=0
stdout_file[030]=invocation-030.stdout.txt
stderr_file[030]=invocation-030.stderr.txt
invocation[031] size=768 repeat=8 variant=A
command[031] "D:\Install\Dev\Projects\IA\Ejercise\cpu-native-arch\build\t0m_int8_probe.exe" --D 512 --S 1 --R 16 --mode compare --variant A --S-tile 8 --workers 4 --cpus "0,2,4,6" --rows-per-worker "1816,1705,1023,1600" --iterations 1 --timed-repetitions 8 --warmup 2
exit_code[031]=0
stdout_file[031]=invocation-031.stdout.txt
stderr_file[031]=invocation-031.stderr.txt
invocation[032] size=768 repeat=8 variant=B
command[032] "D:\Install\Dev\Projects\IA\Ejercise\cpu-native-arch\build\t0m_int8_probe.exe" --D 512 --S 1 --R 16 --mode compare --variant B --S-tile 8 --workers 4 --cpus "0,2,4,6" --rows-per-worker "1816,1705,1023,1600" --iterations 1 --timed-repetitions 8 --warmup 2
exit_code[032]=0
stdout_file[032]=invocation-032.stdout.txt
stderr_file[032]=invocation-032.stderr.txt
invocation[033] size=512 repeat=9 variant=A
command[033] "D:\Install\Dev\Projects\IA\Ejercise\cpu-native-arch\build\t0m_int8_probe.exe" --D 512 --S 1 --R 16 --mode compare --variant A --S-tile 8 --workers 4 --cpus "0,2,4,6" --rows-per-worker "1211,1136,683,1066" --iterations 1 --timed-repetitions 8 --warmup 2
exit_code[033]=0
stdout_file[033]=invocation-033.stdout.txt
stderr_file[033]=invocation-033.stderr.txt
invocation[034] size=512 repeat=9 variant=B
command[034] "D:\Install\Dev\Projects\IA\Ejercise\cpu-native-arch\build\t0m_int8_probe.exe" --D 512 --S 1 --R 16 --mode compare --variant B --S-tile 8 --workers 4 --cpus "0,2,4,6" --rows-per-worker "1211,1136,683,1066" --iterations 1 --timed-repetitions 8 --warmup 2
exit_code[034]=0
stdout_file[034]=invocation-034.stdout.txt
stderr_file[034]=invocation-034.stderr.txt
invocation[035] size=768 repeat=9 variant=A
command[035] "D:\Install\Dev\Projects\IA\Ejercise\cpu-native-arch\build\t0m_int8_probe.exe" --D 512 --S 1 --R 16 --mode compare --variant A --S-tile 8 --workers 4 --cpus "0,2,4,6" --rows-per-worker "1816,1705,1023,1600" --iterations 1 --timed-repetitions 8 --warmup 2
exit_code[035]=0
stdout_file[035]=invocation-035.stdout.txt
stderr_file[035]=invocation-035.stderr.txt
invocation[036] size=768 repeat=9 variant=B
command[036] "D:\Install\Dev\Projects\IA\Ejercise\cpu-native-arch\build\t0m_int8_probe.exe" --D 512 --S 1 --R 16 --mode compare --variant B --S-tile 8 --workers 4 --cpus "0,2,4,6" --rows-per-worker "1816,1705,1023,1600" --iterations 1 --timed-repetitions 8 --warmup 2
exit_code[036]=0
stdout_file[036]=invocation-036.stdout.txt
stderr_file[036]=invocation-036.stderr.txt
invocation[037] size=512 repeat=10 variant=A
command[037] "D:\Install\Dev\Projects\IA\Ejercise\cpu-native-arch\build\t0m_int8_probe.exe" --D 512 --S 1 --R 16 --mode compare --variant A --S-tile 8 --workers 4 --cpus "0,2,4,6" --rows-per-worker "1211,1136,683,1066" --iterations 1 --timed-repetitions 8 --warmup 2
exit_code[037]=0
stdout_file[037]=invocation-037.stdout.txt
stderr_file[037]=invocation-037.stderr.txt
invocation[038] size=512 repeat=10 variant=B
command[038] "D:\Install\Dev\Projects\IA\Ejercise\cpu-native-arch\build\t0m_int8_probe.exe" --D 512 --S 1 --R 16 --mode compare --variant B --S-tile 8 --workers 4 --cpus "0,2,4,6" --rows-per-worker "1211,1136,683,1066" --iterations 1 --timed-repetitions 8 --warmup 2
exit_code[038]=0
stdout_file[038]=invocation-038.stdout.txt
stderr_file[038]=invocation-038.stderr.txt
invocation[039] size=768 repeat=10 variant=A
command[039] "D:\Install\Dev\Projects\IA\Ejercise\cpu-native-arch\build\t0m_int8_probe.exe" --D 512 --S 1 --R 16 --mode compare --variant A --S-tile 8 --workers 4 --cpus "0,2,4,6" --rows-per-worker "1816,1705,1023,1600" --iterations 1 --timed-repetitions 8 --warmup 2
exit_code[039]=0
stdout_file[039]=invocation-039.stdout.txt
stderr_file[039]=invocation-039.stderr.txt
invocation[040] size=768 repeat=10 variant=B
command[040] "D:\Install\Dev\Projects\IA\Ejercise\cpu-native-arch\build\t0m_int8_probe.exe" --D 512 --S 1 --R 16 --mode compare --variant B --S-tile 8 --workers 4 --cpus "0,2,4,6" --rows-per-worker "1816,1705,1023,1600" --iterations 1 --timed-repetitions 8 --warmup 2
exit_code[040]=0
stdout_file[040]=invocation-040.stdout.txt
stderr_file[040]=invocation-040.stderr.txt
