T0-M isolated R=16 repeated diagnostic exact command outputs
invocation[1] target_kib=512 repeat=1 variant=A
command[1] "D:\Install\Dev\Projects\IA\Ejercise\cpu-native-arch\build\t0m_int8_probe.exe" --D 512 --S 1 --R 16 --mode fused --variant A --S-tile 8 --workers 4 --cpus 0,2,4,6 --rows-per-worker 1211,1136,683,1066 --iterations 1 --timed-repetitions 8 --warmup 2
exit_code=0
stdout_file=D:\Install\Dev\Projects\IA\Ejercise\cpu-native-arch\sweep-output\t0m-r16-repeat-diagnostic\invocation-001.stdout.txt
stderr_file=D:\Install\Dev\Projects\IA\Ejercise\cpu-native-arch\sweep-output\t0m-r16-repeat-diagnostic\invocation-001.stderr.txt
stdout[1] D,S,R,O_i,B_i,rows_per_worker,bytes_per_worker,mode,variant,S_tile,iterations,timed_repetitions,warmup,worker_count,worker_list,affinity,affinity_error,affinity_succeeded,timed_repetitions_exact,avx2_supported,kernel_used,eviction_bytes,eviction_checksum,elapsed_seconds,mac_total,mac_per_second,checksum
512,1,16,"1211,1136,683,1066","620032,581632,349696,545792","1211,1136,683,1066","620032,581632,349696,545792",fused,A,8,1,8,2,4,"0,2,4,6","true,true,true,true","0,0,0,0",true,true,true,avx2,0,0,0.0275276,268435456,9.7515e+09,81541731
stderr[1] T0-M correction passed: every Y[S x O_i] cell, fused/repeat/reference, A/B/C, S_tile=2/4/8, four shards, and one/four-worker accounting gate
invocation[2] target_kib=512 repeat=1 variant=B
command[2] "D:\Install\Dev\Projects\IA\Ejercise\cpu-native-arch\build\t0m_int8_probe.exe" --D 512 --S 1 --R 16 --mode fused --variant B --S-tile 8 --workers 4 --cpus 0,2,4,6 --rows-per-worker 1211,1136,683,1066 --iterations 1 --timed-repetitions 8 --warmup 2
exit_code=0
stdout_file=D:\Install\Dev\Projects\IA\Ejercise\cpu-native-arch\sweep-output\t0m-r16-repeat-diagnostic\invocation-002.stdout.txt
stderr_file=D:\Install\Dev\Projects\IA\Ejercise\cpu-native-arch\sweep-output\t0m-r16-repeat-diagnostic\invocation-002.stderr.txt
stdout[2] D,S,R,O_i,B_i,rows_per_worker,bytes_per_worker,mode,variant,S_tile,iterations,timed_repetitions,warmup,worker_count,worker_list,affinity,affinity_error,affinity_succeeded,timed_repetitions_exact,avx2_supported,kernel_used,eviction_bytes,eviction_checksum,elapsed_seconds,mac_total,mac_per_second,checksum
512,1,16,"1211,1136,683,1066","9920512,9306112,5595136,8732672","1211,1136,683,1066","9920512,9306112,5595136,8732672",fused,B,8,1,8,2,4,"0,2,4,6","true,true,true,true","0,0,0,0",true,true,true,avx2,0,0,0.0301289,268435456,8.90957e+09,18446744073530809057
stderr[2] T0-M correction passed: every Y[S x O_i] cell, fused/repeat/reference, A/B/C, S_tile=2/4/8, four shards, and one/four-worker accounting gate
invocation[3] target_kib=512 repeat=2 variant=B
command[3] "D:\Install\Dev\Projects\IA\Ejercise\cpu-native-arch\build\t0m_int8_probe.exe" --D 512 --S 1 --R 16 --mode fused --variant B --S-tile 8 --workers 4 --cpus 0,2,4,6 --rows-per-worker 1211,1136,683,1066 --iterations 1 --timed-repetitions 8 --warmup 2
exit_code=0
stdout_file=D:\Install\Dev\Projects\IA\Ejercise\cpu-native-arch\sweep-output\t0m-r16-repeat-diagnostic\invocation-003.stdout.txt
stderr_file=D:\Install\Dev\Projects\IA\Ejercise\cpu-native-arch\sweep-output\t0m-r16-repeat-diagnostic\invocation-003.stderr.txt
stdout[3] D,S,R,O_i,B_i,rows_per_worker,bytes_per_worker,mode,variant,S_tile,iterations,timed_repetitions,warmup,worker_count,worker_list,affinity,affinity_error,affinity_succeeded,timed_repetitions_exact,avx2_supported,kernel_used,eviction_bytes,eviction_checksum,elapsed_seconds,mac_total,mac_per_second,checksum
512,1,16,"1211,1136,683,1066","9920512,9306112,5595136,8732672","1211,1136,683,1066","9920512,9306112,5595136,8732672",fused,B,8,1,8,2,4,"0,2,4,6","true,true,true,true","0,0,0,0",true,true,true,avx2,0,0,0.0439535,268435456,6.10726e+09,18446744073530809057
stderr[3] T0-M correction passed: every Y[S x O_i] cell, fused/repeat/reference, A/B/C, S_tile=2/4/8, four shards, and one/four-worker accounting gate
invocation[4] target_kib=512 repeat=2 variant=A
command[4] "D:\Install\Dev\Projects\IA\Ejercise\cpu-native-arch\build\t0m_int8_probe.exe" --D 512 --S 1 --R 16 --mode fused --variant A --S-tile 8 --workers 4 --cpus 0,2,4,6 --rows-per-worker 1211,1136,683,1066 --iterations 1 --timed-repetitions 8 --warmup 2
exit_code=0
stdout_file=D:\Install\Dev\Projects\IA\Ejercise\cpu-native-arch\sweep-output\t0m-r16-repeat-diagnostic\invocation-004.stdout.txt
stderr_file=D:\Install\Dev\Projects\IA\Ejercise\cpu-native-arch\sweep-output\t0m-r16-repeat-diagnostic\invocation-004.stderr.txt
stdout[4] D,S,R,O_i,B_i,rows_per_worker,bytes_per_worker,mode,variant,S_tile,iterations,timed_repetitions,warmup,worker_count,worker_list,affinity,affinity_error,affinity_succeeded,timed_repetitions_exact,avx2_supported,kernel_used,eviction_bytes,eviction_checksum,elapsed_seconds,mac_total,mac_per_second,checksum
512,1,16,"1211,1136,683,1066","620032,581632,349696,545792","1211,1136,683,1066","620032,581632,349696,545792",fused,A,8,1,8,2,4,"0,2,4,6","true,true,true,true","0,0,0,0",true,true,true,avx2,0,0,0.0405321,268435456,6.62279e+09,81541731
stderr[4] T0-M correction passed: every Y[S x O_i] cell, fused/repeat/reference, A/B/C, S_tile=2/4/8, four shards, and one/four-worker accounting gate
invocation[5] target_kib=512 repeat=3 variant=A
command[5] "D:\Install\Dev\Projects\IA\Ejercise\cpu-native-arch\build\t0m_int8_probe.exe" --D 512 --S 1 --R 16 --mode fused --variant A --S-tile 8 --workers 4 --cpus 0,2,4,6 --rows-per-worker 1211,1136,683,1066 --iterations 1 --timed-repetitions 8 --warmup 2
exit_code=0
stdout_file=D:\Install\Dev\Projects\IA\Ejercise\cpu-native-arch\sweep-output\t0m-r16-repeat-diagnostic\invocation-005.stdout.txt
stderr_file=D:\Install\Dev\Projects\IA\Ejercise\cpu-native-arch\sweep-output\t0m-r16-repeat-diagnostic\invocation-005.stderr.txt
stdout[5] D,S,R,O_i,B_i,rows_per_worker,bytes_per_worker,mode,variant,S_tile,iterations,timed_repetitions,warmup,worker_count,worker_list,affinity,affinity_error,affinity_succeeded,timed_repetitions_exact,avx2_supported,kernel_used,eviction_bytes,eviction_checksum,elapsed_seconds,mac_total,mac_per_second,checksum
512,1,16,"1211,1136,683,1066","620032,581632,349696,545792","1211,1136,683,1066","620032,581632,349696,545792",fused,A,8,1,8,2,4,"0,2,4,6","true,true,true,true","0,0,0,0",true,true,true,avx2,0,0,0.026337,268435456,1.01923e+10,81541731
stderr[5] T0-M correction passed: every Y[S x O_i] cell, fused/repeat/reference, A/B/C, S_tile=2/4/8, four shards, and one/four-worker accounting gate
invocation[6] target_kib=512 repeat=3 variant=B
command[6] "D:\Install\Dev\Projects\IA\Ejercise\cpu-native-arch\build\t0m_int8_probe.exe" --D 512 --S 1 --R 16 --mode fused --variant B --S-tile 8 --workers 4 --cpus 0,2,4,6 --rows-per-worker 1211,1136,683,1066 --iterations 1 --timed-repetitions 8 --warmup 2
exit_code=0
stdout_file=D:\Install\Dev\Projects\IA\Ejercise\cpu-native-arch\sweep-output\t0m-r16-repeat-diagnostic\invocation-006.stdout.txt
stderr_file=D:\Install\Dev\Projects\IA\Ejercise\cpu-native-arch\sweep-output\t0m-r16-repeat-diagnostic\invocation-006.stderr.txt
stdout[6] D,S,R,O_i,B_i,rows_per_worker,bytes_per_worker,mode,variant,S_tile,iterations,timed_repetitions,warmup,worker_count,worker_list,affinity,affinity_error,affinity_succeeded,timed_repetitions_exact,avx2_supported,kernel_used,eviction_bytes,eviction_checksum,elapsed_seconds,mac_total,mac_per_second,checksum
512,1,16,"1211,1136,683,1066","9920512,9306112,5595136,8732672","1211,1136,683,1066","9920512,9306112,5595136,8732672",fused,B,8,1,8,2,4,"0,2,4,6","true,true,true,true","0,0,0,0",true,true,true,avx2,0,0,0.0365454,268435456,7.34526e+09,18446744073530809057
stderr[6] T0-M correction passed: every Y[S x O_i] cell, fused/repeat/reference, A/B/C, S_tile=2/4/8, four shards, and one/four-worker accounting gate
invocation[7] target_kib=512 repeat=4 variant=B
command[7] "D:\Install\Dev\Projects\IA\Ejercise\cpu-native-arch\build\t0m_int8_probe.exe" --D 512 --S 1 --R 16 --mode fused --variant B --S-tile 8 --workers 4 --cpus 0,2,4,6 --rows-per-worker 1211,1136,683,1066 --iterations 1 --timed-repetitions 8 --warmup 2
exit_code=0
stdout_file=D:\Install\Dev\Projects\IA\Ejercise\cpu-native-arch\sweep-output\t0m-r16-repeat-diagnostic\invocation-007.stdout.txt
stderr_file=D:\Install\Dev\Projects\IA\Ejercise\cpu-native-arch\sweep-output\t0m-r16-repeat-diagnostic\invocation-007.stderr.txt
stdout[7] D,S,R,O_i,B_i,rows_per_worker,bytes_per_worker,mode,variant,S_tile,iterations,timed_repetitions,warmup,worker_count,worker_list,affinity,affinity_error,affinity_succeeded,timed_repetitions_exact,avx2_supported,kernel_used,eviction_bytes,eviction_checksum,elapsed_seconds,mac_total,mac_per_second,checksum
512,1,16,"1211,1136,683,1066","9920512,9306112,5595136,8732672","1211,1136,683,1066","9920512,9306112,5595136,8732672",fused,B,8,1,8,2,4,"0,2,4,6","true,true,true,true","0,0,0,0",true,true,true,avx2,0,0,0.0309826,268435456,8.66407e+09,18446744073530809057
stderr[7] T0-M correction passed: every Y[S x O_i] cell, fused/repeat/reference, A/B/C, S_tile=2/4/8, four shards, and one/four-worker accounting gate
invocation[8] target_kib=512 repeat=4 variant=A
command[8] "D:\Install\Dev\Projects\IA\Ejercise\cpu-native-arch\build\t0m_int8_probe.exe" --D 512 --S 1 --R 16 --mode fused --variant A --S-tile 8 --workers 4 --cpus 0,2,4,6 --rows-per-worker 1211,1136,683,1066 --iterations 1 --timed-repetitions 8 --warmup 2
exit_code=0
stdout_file=D:\Install\Dev\Projects\IA\Ejercise\cpu-native-arch\sweep-output\t0m-r16-repeat-diagnostic\invocation-008.stdout.txt
stderr_file=D:\Install\Dev\Projects\IA\Ejercise\cpu-native-arch\sweep-output\t0m-r16-repeat-diagnostic\invocation-008.stderr.txt
stdout[8] D,S,R,O_i,B_i,rows_per_worker,bytes_per_worker,mode,variant,S_tile,iterations,timed_repetitions,warmup,worker_count,worker_list,affinity,affinity_error,affinity_succeeded,timed_repetitions_exact,avx2_supported,kernel_used,eviction_bytes,eviction_checksum,elapsed_seconds,mac_total,mac_per_second,checksum
512,1,16,"1211,1136,683,1066","620032,581632,349696,545792","1211,1136,683,1066","620032,581632,349696,545792",fused,A,8,1,8,2,4,"0,2,4,6","true,true,true,true","0,0,0,0",true,true,true,avx2,0,0,0.0267998,268435456,1.00163e+10,81541731
stderr[8] T0-M correction passed: every Y[S x O_i] cell, fused/repeat/reference, A/B/C, S_tile=2/4/8, four shards, and one/four-worker accounting gate
invocation[9] target_kib=512 repeat=5 variant=A
command[9] "D:\Install\Dev\Projects\IA\Ejercise\cpu-native-arch\build\t0m_int8_probe.exe" --D 512 --S 1 --R 16 --mode fused --variant A --S-tile 8 --workers 4 --cpus 0,2,4,6 --rows-per-worker 1211,1136,683,1066 --iterations 1 --timed-repetitions 8 --warmup 2
exit_code=0
stdout_file=D:\Install\Dev\Projects\IA\Ejercise\cpu-native-arch\sweep-output\t0m-r16-repeat-diagnostic\invocation-009.stdout.txt
stderr_file=D:\Install\Dev\Projects\IA\Ejercise\cpu-native-arch\sweep-output\t0m-r16-repeat-diagnostic\invocation-009.stderr.txt
stdout[9] D,S,R,O_i,B_i,rows_per_worker,bytes_per_worker,mode,variant,S_tile,iterations,timed_repetitions,warmup,worker_count,worker_list,affinity,affinity_error,affinity_succeeded,timed_repetitions_exact,avx2_supported,kernel_used,eviction_bytes,eviction_checksum,elapsed_seconds,mac_total,mac_per_second,checksum
512,1,16,"1211,1136,683,1066","620032,581632,349696,545792","1211,1136,683,1066","620032,581632,349696,545792",fused,A,8,1,8,2,4,"0,2,4,6","true,true,true,true","0,0,0,0",true,true,true,avx2,0,0,0.0330427,268435456,8.1239e+09,81541731
stderr[9] T0-M correction passed: every Y[S x O_i] cell, fused/repeat/reference, A/B/C, S_tile=2/4/8, four shards, and one/four-worker accounting gate
invocation[10] target_kib=512 repeat=5 variant=B
command[10] "D:\Install\Dev\Projects\IA\Ejercise\cpu-native-arch\build\t0m_int8_probe.exe" --D 512 --S 1 --R 16 --mode fused --variant B --S-tile 8 --workers 4 --cpus 0,2,4,6 --rows-per-worker 1211,1136,683,1066 --iterations 1 --timed-repetitions 8 --warmup 2
exit_code=0
stdout_file=D:\Install\Dev\Projects\IA\Ejercise\cpu-native-arch\sweep-output\t0m-r16-repeat-diagnostic\invocation-010.stdout.txt
stderr_file=D:\Install\Dev\Projects\IA\Ejercise\cpu-native-arch\sweep-output\t0m-r16-repeat-diagnostic\invocation-010.stderr.txt
stdout[10] D,S,R,O_i,B_i,rows_per_worker,bytes_per_worker,mode,variant,S_tile,iterations,timed_repetitions,warmup,worker_count,worker_list,affinity,affinity_error,affinity_succeeded,timed_repetitions_exact,avx2_supported,kernel_used,eviction_bytes,eviction_checksum,elapsed_seconds,mac_total,mac_per_second,checksum
512,1,16,"1211,1136,683,1066","9920512,9306112,5595136,8732672","1211,1136,683,1066","9920512,9306112,5595136,8732672",fused,B,8,1,8,2,4,"0,2,4,6","true,true,true,true","0,0,0,0",true,true,true,avx2,0,0,0.0344887,268435456,7.78329e+09,18446744073530809057
stderr[10] T0-M correction passed: every Y[S x O_i] cell, fused/repeat/reference, A/B/C, S_tile=2/4/8, four shards, and one/four-worker accounting gate
invocation[11] target_kib=512 repeat=6 variant=B
command[11] "D:\Install\Dev\Projects\IA\Ejercise\cpu-native-arch\build\t0m_int8_probe.exe" --D 512 --S 1 --R 16 --mode fused --variant B --S-tile 8 --workers 4 --cpus 0,2,4,6 --rows-per-worker 1211,1136,683,1066 --iterations 1 --timed-repetitions 8 --warmup 2
exit_code=0
stdout_file=D:\Install\Dev\Projects\IA\Ejercise\cpu-native-arch\sweep-output\t0m-r16-repeat-diagnostic\invocation-011.stdout.txt
stderr_file=D:\Install\Dev\Projects\IA\Ejercise\cpu-native-arch\sweep-output\t0m-r16-repeat-diagnostic\invocation-011.stderr.txt
stdout[11] D,S,R,O_i,B_i,rows_per_worker,bytes_per_worker,mode,variant,S_tile,iterations,timed_repetitions,warmup,worker_count,worker_list,affinity,affinity_error,affinity_succeeded,timed_repetitions_exact,avx2_supported,kernel_used,eviction_bytes,eviction_checksum,elapsed_seconds,mac_total,mac_per_second,checksum
512,1,16,"1211,1136,683,1066","9920512,9306112,5595136,8732672","1211,1136,683,1066","9920512,9306112,5595136,8732672",fused,B,8,1,8,2,4,"0,2,4,6","true,true,true,true","0,0,0,0",true,true,true,avx2,0,0,0.0326073,268435456,8.23237e+09,18446744073530809057
stderr[11] T0-M correction passed: every Y[S x O_i] cell, fused/repeat/reference, A/B/C, S_tile=2/4/8, four shards, and one/four-worker accounting gate
invocation[12] target_kib=512 repeat=6 variant=A
command[12] "D:\Install\Dev\Projects\IA\Ejercise\cpu-native-arch\build\t0m_int8_probe.exe" --D 512 --S 1 --R 16 --mode fused --variant A --S-tile 8 --workers 4 --cpus 0,2,4,6 --rows-per-worker 1211,1136,683,1066 --iterations 1 --timed-repetitions 8 --warmup 2
exit_code=0
stdout_file=D:\Install\Dev\Projects\IA\Ejercise\cpu-native-arch\sweep-output\t0m-r16-repeat-diagnostic\invocation-012.stdout.txt
stderr_file=D:\Install\Dev\Projects\IA\Ejercise\cpu-native-arch\sweep-output\t0m-r16-repeat-diagnostic\invocation-012.stderr.txt
stdout[12] D,S,R,O_i,B_i,rows_per_worker,bytes_per_worker,mode,variant,S_tile,iterations,timed_repetitions,warmup,worker_count,worker_list,affinity,affinity_error,affinity_succeeded,timed_repetitions_exact,avx2_supported,kernel_used,eviction_bytes,eviction_checksum,elapsed_seconds,mac_total,mac_per_second,checksum
512,1,16,"1211,1136,683,1066","620032,581632,349696,545792","1211,1136,683,1066","620032,581632,349696,545792",fused,A,8,1,8,2,4,"0,2,4,6","true,true,true,true","0,0,0,0",true,true,true,avx2,0,0,0.0237959,268435456,1.12807e+10,81541731
stderr[12] T0-M correction passed: every Y[S x O_i] cell, fused/repeat/reference, A/B/C, S_tile=2/4/8, four shards, and one/four-worker accounting gate
invocation[13] target_kib=512 repeat=7 variant=A
command[13] "D:\Install\Dev\Projects\IA\Ejercise\cpu-native-arch\build\t0m_int8_probe.exe" --D 512 --S 1 --R 16 --mode fused --variant A --S-tile 8 --workers 4 --cpus 0,2,4,6 --rows-per-worker 1211,1136,683,1066 --iterations 1 --timed-repetitions 8 --warmup 2
exit_code=0
stdout_file=D:\Install\Dev\Projects\IA\Ejercise\cpu-native-arch\sweep-output\t0m-r16-repeat-diagnostic\invocation-013.stdout.txt
stderr_file=D:\Install\Dev\Projects\IA\Ejercise\cpu-native-arch\sweep-output\t0m-r16-repeat-diagnostic\invocation-013.stderr.txt
stdout[13] D,S,R,O_i,B_i,rows_per_worker,bytes_per_worker,mode,variant,S_tile,iterations,timed_repetitions,warmup,worker_count,worker_list,affinity,affinity_error,affinity_succeeded,timed_repetitions_exact,avx2_supported,kernel_used,eviction_bytes,eviction_checksum,elapsed_seconds,mac_total,mac_per_second,checksum
512,1,16,"1211,1136,683,1066","620032,581632,349696,545792","1211,1136,683,1066","620032,581632,349696,545792",fused,A,8,1,8,2,4,"0,2,4,6","true,true,true,true","0,0,0,0",true,true,true,avx2,0,0,0.0362734,268435456,7.40034e+09,81541731
stderr[13] T0-M correction passed: every Y[S x O_i] cell, fused/repeat/reference, A/B/C, S_tile=2/4/8, four shards, and one/four-worker accounting gate
invocation[14] target_kib=512 repeat=7 variant=B
command[14] "D:\Install\Dev\Projects\IA\Ejercise\cpu-native-arch\build\t0m_int8_probe.exe" --D 512 --S 1 --R 16 --mode fused --variant B --S-tile 8 --workers 4 --cpus 0,2,4,6 --rows-per-worker 1211,1136,683,1066 --iterations 1 --timed-repetitions 8 --warmup 2
exit_code=0
stdout_file=D:\Install\Dev\Projects\IA\Ejercise\cpu-native-arch\sweep-output\t0m-r16-repeat-diagnostic\invocation-014.stdout.txt
stderr_file=D:\Install\Dev\Projects\IA\Ejercise\cpu-native-arch\sweep-output\t0m-r16-repeat-diagnostic\invocation-014.stderr.txt
stdout[14] D,S,R,O_i,B_i,rows_per_worker,bytes_per_worker,mode,variant,S_tile,iterations,timed_repetitions,warmup,worker_count,worker_list,affinity,affinity_error,affinity_succeeded,timed_repetitions_exact,avx2_supported,kernel_used,eviction_bytes,eviction_checksum,elapsed_seconds,mac_total,mac_per_second,checksum
512,1,16,"1211,1136,683,1066","9920512,9306112,5595136,8732672","1211,1136,683,1066","9920512,9306112,5595136,8732672",fused,B,8,1,8,2,4,"0,2,4,6","true,true,true,true","0,0,0,0",true,true,true,avx2,0,0,0.0364873,268435456,7.35696e+09,18446744073530809057
stderr[14] T0-M correction passed: every Y[S x O_i] cell, fused/repeat/reference, A/B/C, S_tile=2/4/8, four shards, and one/four-worker accounting gate
invocation[15] target_kib=512 repeat=8 variant=B
command[15] "D:\Install\Dev\Projects\IA\Ejercise\cpu-native-arch\build\t0m_int8_probe.exe" --D 512 --S 1 --R 16 --mode fused --variant B --S-tile 8 --workers 4 --cpus 0,2,4,6 --rows-per-worker 1211,1136,683,1066 --iterations 1 --timed-repetitions 8 --warmup 2
exit_code=0
stdout_file=D:\Install\Dev\Projects\IA\Ejercise\cpu-native-arch\sweep-output\t0m-r16-repeat-diagnostic\invocation-015.stdout.txt
stderr_file=D:\Install\Dev\Projects\IA\Ejercise\cpu-native-arch\sweep-output\t0m-r16-repeat-diagnostic\invocation-015.stderr.txt
stdout[15] D,S,R,O_i,B_i,rows_per_worker,bytes_per_worker,mode,variant,S_tile,iterations,timed_repetitions,warmup,worker_count,worker_list,affinity,affinity_error,affinity_succeeded,timed_repetitions_exact,avx2_supported,kernel_used,eviction_bytes,eviction_checksum,elapsed_seconds,mac_total,mac_per_second,checksum
512,1,16,"1211,1136,683,1066","9920512,9306112,5595136,8732672","1211,1136,683,1066","9920512,9306112,5595136,8732672",fused,B,8,1,8,2,4,"0,2,4,6","true,true,true,true","0,0,0,0",true,true,true,avx2,0,0,0.0417072,268435456,6.43619e+09,18446744073530809057
stderr[15] T0-M correction passed: every Y[S x O_i] cell, fused/repeat/reference, A/B/C, S_tile=2/4/8, four shards, and one/four-worker accounting gate
invocation[16] target_kib=512 repeat=8 variant=A
command[16] "D:\Install\Dev\Projects\IA\Ejercise\cpu-native-arch\build\t0m_int8_probe.exe" --D 512 --S 1 --R 16 --mode fused --variant A --S-tile 8 --workers 4 --cpus 0,2,4,6 --rows-per-worker 1211,1136,683,1066 --iterations 1 --timed-repetitions 8 --warmup 2
exit_code=0
stdout_file=D:\Install\Dev\Projects\IA\Ejercise\cpu-native-arch\sweep-output\t0m-r16-repeat-diagnostic\invocation-016.stdout.txt
stderr_file=D:\Install\Dev\Projects\IA\Ejercise\cpu-native-arch\sweep-output\t0m-r16-repeat-diagnostic\invocation-016.stderr.txt
stdout[16] D,S,R,O_i,B_i,rows_per_worker,bytes_per_worker,mode,variant,S_tile,iterations,timed_repetitions,warmup,worker_count,worker_list,affinity,affinity_error,affinity_succeeded,timed_repetitions_exact,avx2_supported,kernel_used,eviction_bytes,eviction_checksum,elapsed_seconds,mac_total,mac_per_second,checksum
512,1,16,"1211,1136,683,1066","620032,581632,349696,545792","1211,1136,683,1066","620032,581632,349696,545792",fused,A,8,1,8,2,4,"0,2,4,6","true,true,true,true","0,0,0,0",true,true,true,avx2,0,0,0.0291941,268435456,9.19485e+09,81541731
stderr[16] T0-M correction passed: every Y[S x O_i] cell, fused/repeat/reference, A/B/C, S_tile=2/4/8, four shards, and one/four-worker accounting gate
invocation[17] target_kib=512 repeat=9 variant=A
command[17] "D:\Install\Dev\Projects\IA\Ejercise\cpu-native-arch\build\t0m_int8_probe.exe" --D 512 --S 1 --R 16 --mode fused --variant A --S-tile 8 --workers 4 --cpus 0,2,4,6 --rows-per-worker 1211,1136,683,1066 --iterations 1 --timed-repetitions 8 --warmup 2
exit_code=0
stdout_file=D:\Install\Dev\Projects\IA\Ejercise\cpu-native-arch\sweep-output\t0m-r16-repeat-diagnostic\invocation-017.stdout.txt
stderr_file=D:\Install\Dev\Projects\IA\Ejercise\cpu-native-arch\sweep-output\t0m-r16-repeat-diagnostic\invocation-017.stderr.txt
stdout[17] D,S,R,O_i,B_i,rows_per_worker,bytes_per_worker,mode,variant,S_tile,iterations,timed_repetitions,warmup,worker_count,worker_list,affinity,affinity_error,affinity_succeeded,timed_repetitions_exact,avx2_supported,kernel_used,eviction_bytes,eviction_checksum,elapsed_seconds,mac_total,mac_per_second,checksum
512,1,16,"1211,1136,683,1066","620032,581632,349696,545792","1211,1136,683,1066","620032,581632,349696,545792",fused,A,8,1,8,2,4,"0,2,4,6","true,true,true,true","0,0,0,0",true,true,true,avx2,0,0,0.0238421,268435456,1.12589e+10,81541731
stderr[17] T0-M correction passed: every Y[S x O_i] cell, fused/repeat/reference, A/B/C, S_tile=2/4/8, four shards, and one/four-worker accounting gate
invocation[18] target_kib=512 repeat=9 variant=B
command[18] "D:\Install\Dev\Projects\IA\Ejercise\cpu-native-arch\build\t0m_int8_probe.exe" --D 512 --S 1 --R 16 --mode fused --variant B --S-tile 8 --workers 4 --cpus 0,2,4,6 --rows-per-worker 1211,1136,683,1066 --iterations 1 --timed-repetitions 8 --warmup 2
exit_code=0
stdout_file=D:\Install\Dev\Projects\IA\Ejercise\cpu-native-arch\sweep-output\t0m-r16-repeat-diagnostic\invocation-018.stdout.txt
stderr_file=D:\Install\Dev\Projects\IA\Ejercise\cpu-native-arch\sweep-output\t0m-r16-repeat-diagnostic\invocation-018.stderr.txt
stdout[18] D,S,R,O_i,B_i,rows_per_worker,bytes_per_worker,mode,variant,S_tile,iterations,timed_repetitions,warmup,worker_count,worker_list,affinity,affinity_error,affinity_succeeded,timed_repetitions_exact,avx2_supported,kernel_used,eviction_bytes,eviction_checksum,elapsed_seconds,mac_total,mac_per_second,checksum
512,1,16,"1211,1136,683,1066","9920512,9306112,5595136,8732672","1211,1136,683,1066","9920512,9306112,5595136,8732672",fused,B,8,1,8,2,4,"0,2,4,6","true,true,true,true","0,0,0,0",true,true,true,avx2,0,0,0.0322669,268435456,8.31922e+09,18446744073530809057
stderr[18] T0-M correction passed: every Y[S x O_i] cell, fused/repeat/reference, A/B/C, S_tile=2/4/8, four shards, and one/four-worker accounting gate
invocation[19] target_kib=512 repeat=10 variant=B
command[19] "D:\Install\Dev\Projects\IA\Ejercise\cpu-native-arch\build\t0m_int8_probe.exe" --D 512 --S 1 --R 16 --mode fused --variant B --S-tile 8 --workers 4 --cpus 0,2,4,6 --rows-per-worker 1211,1136,683,1066 --iterations 1 --timed-repetitions 8 --warmup 2
exit_code=0
stdout_file=D:\Install\Dev\Projects\IA\Ejercise\cpu-native-arch\sweep-output\t0m-r16-repeat-diagnostic\invocation-019.stdout.txt
stderr_file=D:\Install\Dev\Projects\IA\Ejercise\cpu-native-arch\sweep-output\t0m-r16-repeat-diagnostic\invocation-019.stderr.txt
stdout[19] D,S,R,O_i,B_i,rows_per_worker,bytes_per_worker,mode,variant,S_tile,iterations,timed_repetitions,warmup,worker_count,worker_list,affinity,affinity_error,affinity_succeeded,timed_repetitions_exact,avx2_supported,kernel_used,eviction_bytes,eviction_checksum,elapsed_seconds,mac_total,mac_per_second,checksum
512,1,16,"1211,1136,683,1066","9920512,9306112,5595136,8732672","1211,1136,683,1066","9920512,9306112,5595136,8732672",fused,B,8,1,8,2,4,"0,2,4,6","true,true,true,true","0,0,0,0",true,true,true,avx2,0,0,0.0521688,268435456,5.14552e+09,18446744073530809057
stderr[19] T0-M correction passed: every Y[S x O_i] cell, fused/repeat/reference, A/B/C, S_tile=2/4/8, four shards, and one/four-worker accounting gate
invocation[20] target_kib=512 repeat=10 variant=A
command[20] "D:\Install\Dev\Projects\IA\Ejercise\cpu-native-arch\build\t0m_int8_probe.exe" --D 512 --S 1 --R 16 --mode fused --variant A --S-tile 8 --workers 4 --cpus 0,2,4,6 --rows-per-worker 1211,1136,683,1066 --iterations 1 --timed-repetitions 8 --warmup 2
exit_code=0
stdout_file=D:\Install\Dev\Projects\IA\Ejercise\cpu-native-arch\sweep-output\t0m-r16-repeat-diagnostic\invocation-020.stdout.txt
stderr_file=D:\Install\Dev\Projects\IA\Ejercise\cpu-native-arch\sweep-output\t0m-r16-repeat-diagnostic\invocation-020.stderr.txt
stdout[20] D,S,R,O_i,B_i,rows_per_worker,bytes_per_worker,mode,variant,S_tile,iterations,timed_repetitions,warmup,worker_count,worker_list,affinity,affinity_error,affinity_succeeded,timed_repetitions_exact,avx2_supported,kernel_used,eviction_bytes,eviction_checksum,elapsed_seconds,mac_total,mac_per_second,checksum
512,1,16,"1211,1136,683,1066","620032,581632,349696,545792","1211,1136,683,1066","620032,581632,349696,545792",fused,A,8,1,8,2,4,"0,2,4,6","true,true,true,true","0,0,0,0",true,true,true,avx2,0,0,0.0445462,268435456,6.026e+09,81541731
stderr[20] T0-M correction passed: every Y[S x O_i] cell, fused/repeat/reference, A/B/C, S_tile=2/4/8, four shards, and one/four-worker accounting gate
invocation[21] target_kib=768 repeat=1 variant=A
command[21] "D:\Install\Dev\Projects\IA\Ejercise\cpu-native-arch\build\t0m_int8_probe.exe" --D 512 --S 1 --R 16 --mode fused --variant A --S-tile 8 --workers 4 --cpus 0,2,4,6 --rows-per-worker 1816,1705,1023,1600 --iterations 1 --timed-repetitions 8 --warmup 2
exit_code=0
stdout_file=D:\Install\Dev\Projects\IA\Ejercise\cpu-native-arch\sweep-output\t0m-r16-repeat-diagnostic\invocation-021.stdout.txt
stderr_file=D:\Install\Dev\Projects\IA\Ejercise\cpu-native-arch\sweep-output\t0m-r16-repeat-diagnostic\invocation-021.stderr.txt
stdout[21] D,S,R,O_i,B_i,rows_per_worker,bytes_per_worker,mode,variant,S_tile,iterations,timed_repetitions,warmup,worker_count,worker_list,affinity,affinity_error,affinity_succeeded,timed_repetitions_exact,avx2_supported,kernel_used,eviction_bytes,eviction_checksum,elapsed_seconds,mac_total,mac_per_second,checksum
512,1,16,"1816,1705,1023,1600","929792,872960,523776,819200","1816,1705,1023,1600","929792,872960,523776,819200",fused,A,8,1,8,2,4,"0,2,4,6","true,true,true,true","0,0,0,0",true,true,true,avx2,0,0,0.0745647,402653184,5.40005e+09,18446744073656903484
stderr[21] T0-M correction passed: every Y[S x O_i] cell, fused/repeat/reference, A/B/C, S_tile=2/4/8, four shards, and one/four-worker accounting gate
invocation[22] target_kib=768 repeat=1 variant=B
command[22] "D:\Install\Dev\Projects\IA\Ejercise\cpu-native-arch\build\t0m_int8_probe.exe" --D 512 --S 1 --R 16 --mode fused --variant B --S-tile 8 --workers 4 --cpus 0,2,4,6 --rows-per-worker 1816,1705,1023,1600 --iterations 1 --timed-repetitions 8 --warmup 2
exit_code=0
stdout_file=D:\Install\Dev\Projects\IA\Ejercise\cpu-native-arch\sweep-output\t0m-r16-repeat-diagnostic\invocation-022.stdout.txt
stderr_file=D:\Install\Dev\Projects\IA\Ejercise\cpu-native-arch\sweep-output\t0m-r16-repeat-diagnostic\invocation-022.stderr.txt
stdout[22] D,S,R,O_i,B_i,rows_per_worker,bytes_per_worker,mode,variant,S_tile,iterations,timed_repetitions,warmup,worker_count,worker_list,affinity,affinity_error,affinity_succeeded,timed_repetitions_exact,avx2_supported,kernel_used,eviction_bytes,eviction_checksum,elapsed_seconds,mac_total,mac_per_second,checksum
512,1,16,"1816,1705,1023,1600","14876672,13967360,8380416,13107200","1816,1705,1023,1600","14876672,13967360,8380416,13107200",fused,B,8,1,8,2,4,"0,2,4,6","true,true,true,true","0,0,0,0",true,true,true,avx2,0,0,0.0647896,402653184,6.21478e+09,18446744072675525801
stderr[22] T0-M correction passed: every Y[S x O_i] cell, fused/repeat/reference, A/B/C, S_tile=2/4/8, four shards, and one/four-worker accounting gate
invocation[23] target_kib=768 repeat=2 variant=B
command[23] "D:\Install\Dev\Projects\IA\Ejercise\cpu-native-arch\build\t0m_int8_probe.exe" --D 512 --S 1 --R 16 --mode fused --variant B --S-tile 8 --workers 4 --cpus 0,2,4,6 --rows-per-worker 1816,1705,1023,1600 --iterations 1 --timed-repetitions 8 --warmup 2
exit_code=0
stdout_file=D:\Install\Dev\Projects\IA\Ejercise\cpu-native-arch\sweep-output\t0m-r16-repeat-diagnostic\invocation-023.stdout.txt
stderr_file=D:\Install\Dev\Projects\IA\Ejercise\cpu-native-arch\sweep-output\t0m-r16-repeat-diagnostic\invocation-023.stderr.txt
stdout[23] D,S,R,O_i,B_i,rows_per_worker,bytes_per_worker,mode,variant,S_tile,iterations,timed_repetitions,warmup,worker_count,worker_list,affinity,affinity_error,affinity_succeeded,timed_repetitions_exact,avx2_supported,kernel_used,eviction_bytes,eviction_checksum,elapsed_seconds,mac_total,mac_per_second,checksum
512,1,16,"1816,1705,1023,1600","14876672,13967360,8380416,13107200","1816,1705,1023,1600","14876672,13967360,8380416,13107200",fused,B,8,1,8,2,4,"0,2,4,6","true,true,true,true","0,0,0,0",true,true,true,avx2,0,0,0.0866697,402653184,4.64584e+09,18446744072675525801
stderr[23] T0-M correction passed: every Y[S x O_i] cell, fused/repeat/reference, A/B/C, S_tile=2/4/8, four shards, and one/four-worker accounting gate
invocation[24] target_kib=768 repeat=2 variant=A
command[24] "D:\Install\Dev\Projects\IA\Ejercise\cpu-native-arch\build\t0m_int8_probe.exe" --D 512 --S 1 --R 16 --mode fused --variant A --S-tile 8 --workers 4 --cpus 0,2,4,6 --rows-per-worker 1816,1705,1023,1600 --iterations 1 --timed-repetitions 8 --warmup 2
exit_code=0
stdout_file=D:\Install\Dev\Projects\IA\Ejercise\cpu-native-arch\sweep-output\t0m-r16-repeat-diagnostic\invocation-024.stdout.txt
stderr_file=D:\Install\Dev\Projects\IA\Ejercise\cpu-native-arch\sweep-output\t0m-r16-repeat-diagnostic\invocation-024.stderr.txt
stdout[24] D,S,R,O_i,B_i,rows_per_worker,bytes_per_worker,mode,variant,S_tile,iterations,timed_repetitions,warmup,worker_count,worker_list,affinity,affinity_error,affinity_succeeded,timed_repetitions_exact,avx2_supported,kernel_used,eviction_bytes,eviction_checksum,elapsed_seconds,mac_total,mac_per_second,checksum
512,1,16,"1816,1705,1023,1600","929792,872960,523776,819200","1816,1705,1023,1600","929792,872960,523776,819200",fused,A,8,1,8,2,4,"0,2,4,6","true,true,true,true","0,0,0,0",true,true,true,avx2,0,0,0.07099,402653184,5.67197e+09,18446744073656903484
stderr[24] T0-M correction passed: every Y[S x O_i] cell, fused/repeat/reference, A/B/C, S_tile=2/4/8, four shards, and one/four-worker accounting gate
invocation[25] target_kib=768 repeat=3 variant=A
command[25] "D:\Install\Dev\Projects\IA\Ejercise\cpu-native-arch\build\t0m_int8_probe.exe" --D 512 --S 1 --R 16 --mode fused --variant A --S-tile 8 --workers 4 --cpus 0,2,4,6 --rows-per-worker 1816,1705,1023,1600 --iterations 1 --timed-repetitions 8 --warmup 2
exit_code=0
stdout_file=D:\Install\Dev\Projects\IA\Ejercise\cpu-native-arch\sweep-output\t0m-r16-repeat-diagnostic\invocation-025.stdout.txt
stderr_file=D:\Install\Dev\Projects\IA\Ejercise\cpu-native-arch\sweep-output\t0m-r16-repeat-diagnostic\invocation-025.stderr.txt
stdout[25] D,S,R,O_i,B_i,rows_per_worker,bytes_per_worker,mode,variant,S_tile,iterations,timed_repetitions,warmup,worker_count,worker_list,affinity,affinity_error,affinity_succeeded,timed_repetitions_exact,avx2_supported,kernel_used,eviction_bytes,eviction_checksum,elapsed_seconds,mac_total,mac_per_second,checksum
512,1,16,"1816,1705,1023,1600","929792,872960,523776,819200","1816,1705,1023,1600","929792,872960,523776,819200",fused,A,8,1,8,2,4,"0,2,4,6","true,true,true,true","0,0,0,0",true,true,true,avx2,0,0,0.037853,402653184,1.06373e+10,18446744073656903484
stderr[25] T0-M correction passed: every Y[S x O_i] cell, fused/repeat/reference, A/B/C, S_tile=2/4/8, four shards, and one/four-worker accounting gate
invocation[26] target_kib=768 repeat=3 variant=B
command[26] "D:\Install\Dev\Projects\IA\Ejercise\cpu-native-arch\build\t0m_int8_probe.exe" --D 512 --S 1 --R 16 --mode fused --variant B --S-tile 8 --workers 4 --cpus 0,2,4,6 --rows-per-worker 1816,1705,1023,1600 --iterations 1 --timed-repetitions 8 --warmup 2
exit_code=0
stdout_file=D:\Install\Dev\Projects\IA\Ejercise\cpu-native-arch\sweep-output\t0m-r16-repeat-diagnostic\invocation-026.stdout.txt
stderr_file=D:\Install\Dev\Projects\IA\Ejercise\cpu-native-arch\sweep-output\t0m-r16-repeat-diagnostic\invocation-026.stderr.txt
stdout[26] D,S,R,O_i,B_i,rows_per_worker,bytes_per_worker,mode,variant,S_tile,iterations,timed_repetitions,warmup,worker_count,worker_list,affinity,affinity_error,affinity_succeeded,timed_repetitions_exact,avx2_supported,kernel_used,eviction_bytes,eviction_checksum,elapsed_seconds,mac_total,mac_per_second,checksum
512,1,16,"1816,1705,1023,1600","14876672,13967360,8380416,13107200","1816,1705,1023,1600","14876672,13967360,8380416,13107200",fused,B,8,1,8,2,4,"0,2,4,6","true,true,true,true","0,0,0,0",true,true,true,avx2,0,0,0.0513829,402653184,7.83633e+09,18446744072675525801
stderr[26] T0-M correction passed: every Y[S x O_i] cell, fused/repeat/reference, A/B/C, S_tile=2/4/8, four shards, and one/four-worker accounting gate
invocation[27] target_kib=768 repeat=4 variant=B
command[27] "D:\Install\Dev\Projects\IA\Ejercise\cpu-native-arch\build\t0m_int8_probe.exe" --D 512 --S 1 --R 16 --mode fused --variant B --S-tile 8 --workers 4 --cpus 0,2,4,6 --rows-per-worker 1816,1705,1023,1600 --iterations 1 --timed-repetitions 8 --warmup 2
exit_code=0
stdout_file=D:\Install\Dev\Projects\IA\Ejercise\cpu-native-arch\sweep-output\t0m-r16-repeat-diagnostic\invocation-027.stdout.txt
stderr_file=D:\Install\Dev\Projects\IA\Ejercise\cpu-native-arch\sweep-output\t0m-r16-repeat-diagnostic\invocation-027.stderr.txt
stdout[27] D,S,R,O_i,B_i,rows_per_worker,bytes_per_worker,mode,variant,S_tile,iterations,timed_repetitions,warmup,worker_count,worker_list,affinity,affinity_error,affinity_succeeded,timed_repetitions_exact,avx2_supported,kernel_used,eviction_bytes,eviction_checksum,elapsed_seconds,mac_total,mac_per_second,checksum
512,1,16,"1816,1705,1023,1600","14876672,13967360,8380416,13107200","1816,1705,1023,1600","14876672,13967360,8380416,13107200",fused,B,8,1,8,2,4,"0,2,4,6","true,true,true,true","0,0,0,0",true,true,true,avx2,0,0,0.194741,402653184,2.06763e+09,18446744072675525801
stderr[27] T0-M correction passed: every Y[S x O_i] cell, fused/repeat/reference, A/B/C, S_tile=2/4/8, four shards, and one/four-worker accounting gate
invocation[28] target_kib=768 repeat=4 variant=A
command[28] "D:\Install\Dev\Projects\IA\Ejercise\cpu-native-arch\build\t0m_int8_probe.exe" --D 512 --S 1 --R 16 --mode fused --variant A --S-tile 8 --workers 4 --cpus 0,2,4,6 --rows-per-worker 1816,1705,1023,1600 --iterations 1 --timed-repetitions 8 --warmup 2
exit_code=0
stdout_file=D:\Install\Dev\Projects\IA\Ejercise\cpu-native-arch\sweep-output\t0m-r16-repeat-diagnostic\invocation-028.stdout.txt
stderr_file=D:\Install\Dev\Projects\IA\Ejercise\cpu-native-arch\sweep-output\t0m-r16-repeat-diagnostic\invocation-028.stderr.txt
stdout[28] D,S,R,O_i,B_i,rows_per_worker,bytes_per_worker,mode,variant,S_tile,iterations,timed_repetitions,warmup,worker_count,worker_list,affinity,affinity_error,affinity_succeeded,timed_repetitions_exact,avx2_supported,kernel_used,eviction_bytes,eviction_checksum,elapsed_seconds,mac_total,mac_per_second,checksum
512,1,16,"1816,1705,1023,1600","929792,872960,523776,819200","1816,1705,1023,1600","929792,872960,523776,819200",fused,A,8,1,8,2,4,"0,2,4,6","true,true,true,true","0,0,0,0",true,true,true,avx2,0,0,0.125617,402653184,3.20541e+09,18446744073656903484
stderr[28] T0-M correction passed: every Y[S x O_i] cell, fused/repeat/reference, A/B/C, S_tile=2/4/8, four shards, and one/four-worker accounting gate
invocation[29] target_kib=768 repeat=5 variant=A
command[29] "D:\Install\Dev\Projects\IA\Ejercise\cpu-native-arch\build\t0m_int8_probe.exe" --D 512 --S 1 --R 16 --mode fused --variant A --S-tile 8 --workers 4 --cpus 0,2,4,6 --rows-per-worker 1816,1705,1023,1600 --iterations 1 --timed-repetitions 8 --warmup 2
exit_code=0
stdout_file=D:\Install\Dev\Projects\IA\Ejercise\cpu-native-arch\sweep-output\t0m-r16-repeat-diagnostic\invocation-029.stdout.txt
stderr_file=D:\Install\Dev\Projects\IA\Ejercise\cpu-native-arch\sweep-output\t0m-r16-repeat-diagnostic\invocation-029.stderr.txt
stdout[29] D,S,R,O_i,B_i,rows_per_worker,bytes_per_worker,mode,variant,S_tile,iterations,timed_repetitions,warmup,worker_count,worker_list,affinity,affinity_error,affinity_succeeded,timed_repetitions_exact,avx2_supported,kernel_used,eviction_bytes,eviction_checksum,elapsed_seconds,mac_total,mac_per_second,checksum
512,1,16,"1816,1705,1023,1600","929792,872960,523776,819200","1816,1705,1023,1600","929792,872960,523776,819200",fused,A,8,1,8,2,4,"0,2,4,6","true,true,true,true","0,0,0,0",true,true,true,avx2,0,0,0.0366433,402653184,1.09885e+10,18446744073656903484
stderr[29] T0-M correction passed: every Y[S x O_i] cell, fused/repeat/reference, A/B/C, S_tile=2/4/8, four shards, and one/four-worker accounting gate
invocation[30] target_kib=768 repeat=5 variant=B
command[30] "D:\Install\Dev\Projects\IA\Ejercise\cpu-native-arch\build\t0m_int8_probe.exe" --D 512 --S 1 --R 16 --mode fused --variant B --S-tile 8 --workers 4 --cpus 0,2,4,6 --rows-per-worker 1816,1705,1023,1600 --iterations 1 --timed-repetitions 8 --warmup 2
exit_code=0
stdout_file=D:\Install\Dev\Projects\IA\Ejercise\cpu-native-arch\sweep-output\t0m-r16-repeat-diagnostic\invocation-030.stdout.txt
stderr_file=D:\Install\Dev\Projects\IA\Ejercise\cpu-native-arch\sweep-output\t0m-r16-repeat-diagnostic\invocation-030.stderr.txt
stdout[30] D,S,R,O_i,B_i,rows_per_worker,bytes_per_worker,mode,variant,S_tile,iterations,timed_repetitions,warmup,worker_count,worker_list,affinity,affinity_error,affinity_succeeded,timed_repetitions_exact,avx2_supported,kernel_used,eviction_bytes,eviction_checksum,elapsed_seconds,mac_total,mac_per_second,checksum
512,1,16,"1816,1705,1023,1600","14876672,13967360,8380416,13107200","1816,1705,1023,1600","14876672,13967360,8380416,13107200",fused,B,8,1,8,2,4,"0,2,4,6","true,true,true,true","0,0,0,0",true,true,true,avx2,0,0,0.0537866,402653184,7.48612e+09,18446744072675525801
stderr[30] T0-M correction passed: every Y[S x O_i] cell, fused/repeat/reference, A/B/C, S_tile=2/4/8, four shards, and one/four-worker accounting gate
invocation[31] target_kib=768 repeat=6 variant=B
command[31] "D:\Install\Dev\Projects\IA\Ejercise\cpu-native-arch\build\t0m_int8_probe.exe" --D 512 --S 1 --R 16 --mode fused --variant B --S-tile 8 --workers 4 --cpus 0,2,4,6 --rows-per-worker 1816,1705,1023,1600 --iterations 1 --timed-repetitions 8 --warmup 2
exit_code=0
stdout_file=D:\Install\Dev\Projects\IA\Ejercise\cpu-native-arch\sweep-output\t0m-r16-repeat-diagnostic\invocation-031.stdout.txt
stderr_file=D:\Install\Dev\Projects\IA\Ejercise\cpu-native-arch\sweep-output\t0m-r16-repeat-diagnostic\invocation-031.stderr.txt
stdout[31] D,S,R,O_i,B_i,rows_per_worker,bytes_per_worker,mode,variant,S_tile,iterations,timed_repetitions,warmup,worker_count,worker_list,affinity,affinity_error,affinity_succeeded,timed_repetitions_exact,avx2_supported,kernel_used,eviction_bytes,eviction_checksum,elapsed_seconds,mac_total,mac_per_second,checksum
512,1,16,"1816,1705,1023,1600","14876672,13967360,8380416,13107200","1816,1705,1023,1600","14876672,13967360,8380416,13107200",fused,B,8,1,8,2,4,"0,2,4,6","true,true,true,true","0,0,0,0",true,true,true,avx2,0,0,0.0524401,402653184,7.67835e+09,18446744072675525801
stderr[31] T0-M correction passed: every Y[S x O_i] cell, fused/repeat/reference, A/B/C, S_tile=2/4/8, four shards, and one/four-worker accounting gate
invocation[32] target_kib=768 repeat=6 variant=A
command[32] "D:\Install\Dev\Projects\IA\Ejercise\cpu-native-arch\build\t0m_int8_probe.exe" --D 512 --S 1 --R 16 --mode fused --variant A --S-tile 8 --workers 4 --cpus 0,2,4,6 --rows-per-worker 1816,1705,1023,1600 --iterations 1 --timed-repetitions 8 --warmup 2
exit_code=0
stdout_file=D:\Install\Dev\Projects\IA\Ejercise\cpu-native-arch\sweep-output\t0m-r16-repeat-diagnostic\invocation-032.stdout.txt
stderr_file=D:\Install\Dev\Projects\IA\Ejercise\cpu-native-arch\sweep-output\t0m-r16-repeat-diagnostic\invocation-032.stderr.txt
stdout[32] D,S,R,O_i,B_i,rows_per_worker,bytes_per_worker,mode,variant,S_tile,iterations,timed_repetitions,warmup,worker_count,worker_list,affinity,affinity_error,affinity_succeeded,timed_repetitions_exact,avx2_supported,kernel_used,eviction_bytes,eviction_checksum,elapsed_seconds,mac_total,mac_per_second,checksum
512,1,16,"1816,1705,1023,1600","929792,872960,523776,819200","1816,1705,1023,1600","929792,872960,523776,819200",fused,A,8,1,8,2,4,"0,2,4,6","true,true,true,true","0,0,0,0",true,true,true,avx2,0,0,0.0523721,402653184,7.68831e+09,18446744073656903484
stderr[32] T0-M correction passed: every Y[S x O_i] cell, fused/repeat/reference, A/B/C, S_tile=2/4/8, four shards, and one/four-worker accounting gate
invocation[33] target_kib=768 repeat=7 variant=A
command[33] "D:\Install\Dev\Projects\IA\Ejercise\cpu-native-arch\build\t0m_int8_probe.exe" --D 512 --S 1 --R 16 --mode fused --variant A --S-tile 8 --workers 4 --cpus 0,2,4,6 --rows-per-worker 1816,1705,1023,1600 --iterations 1 --timed-repetitions 8 --warmup 2
exit_code=0
stdout_file=D:\Install\Dev\Projects\IA\Ejercise\cpu-native-arch\sweep-output\t0m-r16-repeat-diagnostic\invocation-033.stdout.txt
stderr_file=D:\Install\Dev\Projects\IA\Ejercise\cpu-native-arch\sweep-output\t0m-r16-repeat-diagnostic\invocation-033.stderr.txt
stdout[33] D,S,R,O_i,B_i,rows_per_worker,bytes_per_worker,mode,variant,S_tile,iterations,timed_repetitions,warmup,worker_count,worker_list,affinity,affinity_error,affinity_succeeded,timed_repetitions_exact,avx2_supported,kernel_used,eviction_bytes,eviction_checksum,elapsed_seconds,mac_total,mac_per_second,checksum
512,1,16,"1816,1705,1023,1600","929792,872960,523776,819200","1816,1705,1023,1600","929792,872960,523776,819200",fused,A,8,1,8,2,4,"0,2,4,6","true,true,true,true","0,0,0,0",true,true,true,avx2,0,0,0.0567405,402653184,7.0964e+09,18446744073656903484
stderr[33] T0-M correction passed: every Y[S x O_i] cell, fused/repeat/reference, A/B/C, S_tile=2/4/8, four shards, and one/four-worker accounting gate
invocation[34] target_kib=768 repeat=7 variant=B
command[34] "D:\Install\Dev\Projects\IA\Ejercise\cpu-native-arch\build\t0m_int8_probe.exe" --D 512 --S 1 --R 16 --mode fused --variant B --S-tile 8 --workers 4 --cpus 0,2,4,6 --rows-per-worker 1816,1705,1023,1600 --iterations 1 --timed-repetitions 8 --warmup 2
exit_code=0
stdout_file=D:\Install\Dev\Projects\IA\Ejercise\cpu-native-arch\sweep-output\t0m-r16-repeat-diagnostic\invocation-034.stdout.txt
stderr_file=D:\Install\Dev\Projects\IA\Ejercise\cpu-native-arch\sweep-output\t0m-r16-repeat-diagnostic\invocation-034.stderr.txt
stdout[34] D,S,R,O_i,B_i,rows_per_worker,bytes_per_worker,mode,variant,S_tile,iterations,timed_repetitions,warmup,worker_count,worker_list,affinity,affinity_error,affinity_succeeded,timed_repetitions_exact,avx2_supported,kernel_used,eviction_bytes,eviction_checksum,elapsed_seconds,mac_total,mac_per_second,checksum
512,1,16,"1816,1705,1023,1600","14876672,13967360,8380416,13107200","1816,1705,1023,1600","14876672,13967360,8380416,13107200",fused,B,8,1,8,2,4,"0,2,4,6","true,true,true,true","0,0,0,0",true,true,true,avx2,0,0,0.0517762,402653184,7.7768e+09,18446744072675525801
stderr[34] T0-M correction passed: every Y[S x O_i] cell, fused/repeat/reference, A/B/C, S_tile=2/4/8, four shards, and one/four-worker accounting gate
invocation[35] target_kib=768 repeat=8 variant=B
command[35] "D:\Install\Dev\Projects\IA\Ejercise\cpu-native-arch\build\t0m_int8_probe.exe" --D 512 --S 1 --R 16 --mode fused --variant B --S-tile 8 --workers 4 --cpus 0,2,4,6 --rows-per-worker 1816,1705,1023,1600 --iterations 1 --timed-repetitions 8 --warmup 2
exit_code=0
stdout_file=D:\Install\Dev\Projects\IA\Ejercise\cpu-native-arch\sweep-output\t0m-r16-repeat-diagnostic\invocation-035.stdout.txt
stderr_file=D:\Install\Dev\Projects\IA\Ejercise\cpu-native-arch\sweep-output\t0m-r16-repeat-diagnostic\invocation-035.stderr.txt
stdout[35] D,S,R,O_i,B_i,rows_per_worker,bytes_per_worker,mode,variant,S_tile,iterations,timed_repetitions,warmup,worker_count,worker_list,affinity,affinity_error,affinity_succeeded,timed_repetitions_exact,avx2_supported,kernel_used,eviction_bytes,eviction_checksum,elapsed_seconds,mac_total,mac_per_second,checksum
512,1,16,"1816,1705,1023,1600","14876672,13967360,8380416,13107200","1816,1705,1023,1600","14876672,13967360,8380416,13107200",fused,B,8,1,8,2,4,"0,2,4,6","true,true,true,true","0,0,0,0",true,true,true,avx2,0,0,0.0474174,402653184,8.49168e+09,18446744072675525801
stderr[35] T0-M correction passed: every Y[S x O_i] cell, fused/repeat/reference, A/B/C, S_tile=2/4/8, four shards, and one/four-worker accounting gate
invocation[36] target_kib=768 repeat=8 variant=A
command[36] "D:\Install\Dev\Projects\IA\Ejercise\cpu-native-arch\build\t0m_int8_probe.exe" --D 512 --S 1 --R 16 --mode fused --variant A --S-tile 8 --workers 4 --cpus 0,2,4,6 --rows-per-worker 1816,1705,1023,1600 --iterations 1 --timed-repetitions 8 --warmup 2
exit_code=0
stdout_file=D:\Install\Dev\Projects\IA\Ejercise\cpu-native-arch\sweep-output\t0m-r16-repeat-diagnostic\invocation-036.stdout.txt
stderr_file=D:\Install\Dev\Projects\IA\Ejercise\cpu-native-arch\sweep-output\t0m-r16-repeat-diagnostic\invocation-036.stderr.txt
stdout[36] D,S,R,O_i,B_i,rows_per_worker,bytes_per_worker,mode,variant,S_tile,iterations,timed_repetitions,warmup,worker_count,worker_list,affinity,affinity_error,affinity_succeeded,timed_repetitions_exact,avx2_supported,kernel_used,eviction_bytes,eviction_checksum,elapsed_seconds,mac_total,mac_per_second,checksum
512,1,16,"1816,1705,1023,1600","929792,872960,523776,819200","1816,1705,1023,1600","929792,872960,523776,819200",fused,A,8,1,8,2,4,"0,2,4,6","true,true,true,true","0,0,0,0",true,true,true,avx2,0,0,0.047524,402653184,8.47263e+09,18446744073656903484
stderr[36] T0-M correction passed: every Y[S x O_i] cell, fused/repeat/reference, A/B/C, S_tile=2/4/8, four shards, and one/four-worker accounting gate
invocation[37] target_kib=768 repeat=9 variant=A
command[37] "D:\Install\Dev\Projects\IA\Ejercise\cpu-native-arch\build\t0m_int8_probe.exe" --D 512 --S 1 --R 16 --mode fused --variant A --S-tile 8 --workers 4 --cpus 0,2,4,6 --rows-per-worker 1816,1705,1023,1600 --iterations 1 --timed-repetitions 8 --warmup 2
exit_code=0
stdout_file=D:\Install\Dev\Projects\IA\Ejercise\cpu-native-arch\sweep-output\t0m-r16-repeat-diagnostic\invocation-037.stdout.txt
stderr_file=D:\Install\Dev\Projects\IA\Ejercise\cpu-native-arch\sweep-output\t0m-r16-repeat-diagnostic\invocation-037.stderr.txt
stdout[37] D,S,R,O_i,B_i,rows_per_worker,bytes_per_worker,mode,variant,S_tile,iterations,timed_repetitions,warmup,worker_count,worker_list,affinity,affinity_error,affinity_succeeded,timed_repetitions_exact,avx2_supported,kernel_used,eviction_bytes,eviction_checksum,elapsed_seconds,mac_total,mac_per_second,checksum
512,1,16,"1816,1705,1023,1600","929792,872960,523776,819200","1816,1705,1023,1600","929792,872960,523776,819200",fused,A,8,1,8,2,4,"0,2,4,6","true,true,true,true","0,0,0,0",true,true,true,avx2,0,0,0.0519821,402653184,7.746e+09,18446744073656903484
stderr[37] T0-M correction passed: every Y[S x O_i] cell, fused/repeat/reference, A/B/C, S_tile=2/4/8, four shards, and one/four-worker accounting gate
invocation[38] target_kib=768 repeat=9 variant=B
command[38] "D:\Install\Dev\Projects\IA\Ejercise\cpu-native-arch\build\t0m_int8_probe.exe" --D 512 --S 1 --R 16 --mode fused --variant B --S-tile 8 --workers 4 --cpus 0,2,4,6 --rows-per-worker 1816,1705,1023,1600 --iterations 1 --timed-repetitions 8 --warmup 2
exit_code=0
stdout_file=D:\Install\Dev\Projects\IA\Ejercise\cpu-native-arch\sweep-output\t0m-r16-repeat-diagnostic\invocation-038.stdout.txt
stderr_file=D:\Install\Dev\Projects\IA\Ejercise\cpu-native-arch\sweep-output\t0m-r16-repeat-diagnostic\invocation-038.stderr.txt
stdout[38] D,S,R,O_i,B_i,rows_per_worker,bytes_per_worker,mode,variant,S_tile,iterations,timed_repetitions,warmup,worker_count,worker_list,affinity,affinity_error,affinity_succeeded,timed_repetitions_exact,avx2_supported,kernel_used,eviction_bytes,eviction_checksum,elapsed_seconds,mac_total,mac_per_second,checksum
512,1,16,"1816,1705,1023,1600","14876672,13967360,8380416,13107200","1816,1705,1023,1600","14876672,13967360,8380416,13107200",fused,B,8,1,8,2,4,"0,2,4,6","true,true,true,true","0,0,0,0",true,true,true,avx2,0,0,0.0490312,402653184,8.21218e+09,18446744072675525801
stderr[38] T0-M correction passed: every Y[S x O_i] cell, fused/repeat/reference, A/B/C, S_tile=2/4/8, four shards, and one/four-worker accounting gate
invocation[39] target_kib=768 repeat=10 variant=B
command[39] "D:\Install\Dev\Projects\IA\Ejercise\cpu-native-arch\build\t0m_int8_probe.exe" --D 512 --S 1 --R 16 --mode fused --variant B --S-tile 8 --workers 4 --cpus 0,2,4,6 --rows-per-worker 1816,1705,1023,1600 --iterations 1 --timed-repetitions 8 --warmup 2
exit_code=0
stdout_file=D:\Install\Dev\Projects\IA\Ejercise\cpu-native-arch\sweep-output\t0m-r16-repeat-diagnostic\invocation-039.stdout.txt
stderr_file=D:\Install\Dev\Projects\IA\Ejercise\cpu-native-arch\sweep-output\t0m-r16-repeat-diagnostic\invocation-039.stderr.txt
stdout[39] D,S,R,O_i,B_i,rows_per_worker,bytes_per_worker,mode,variant,S_tile,iterations,timed_repetitions,warmup,worker_count,worker_list,affinity,affinity_error,affinity_succeeded,timed_repetitions_exact,avx2_supported,kernel_used,eviction_bytes,eviction_checksum,elapsed_seconds,mac_total,mac_per_second,checksum
512,1,16,"1816,1705,1023,1600","14876672,13967360,8380416,13107200","1816,1705,1023,1600","14876672,13967360,8380416,13107200",fused,B,8,1,8,2,4,"0,2,4,6","true,true,true,true","0,0,0,0",true,true,true,avx2,0,0,0.0615102,402653184,6.54612e+09,18446744072675525801
stderr[39] T0-M correction passed: every Y[S x O_i] cell, fused/repeat/reference, A/B/C, S_tile=2/4/8, four shards, and one/four-worker accounting gate
invocation[40] target_kib=768 repeat=10 variant=A
command[40] "D:\Install\Dev\Projects\IA\Ejercise\cpu-native-arch\build\t0m_int8_probe.exe" --D 512 --S 1 --R 16 --mode fused --variant A --S-tile 8 --workers 4 --cpus 0,2,4,6 --rows-per-worker 1816,1705,1023,1600 --iterations 1 --timed-repetitions 8 --warmup 2
exit_code=0
stdout_file=D:\Install\Dev\Projects\IA\Ejercise\cpu-native-arch\sweep-output\t0m-r16-repeat-diagnostic\invocation-040.stdout.txt
stderr_file=D:\Install\Dev\Projects\IA\Ejercise\cpu-native-arch\sweep-output\t0m-r16-repeat-diagnostic\invocation-040.stderr.txt
stdout[40] D,S,R,O_i,B_i,rows_per_worker,bytes_per_worker,mode,variant,S_tile,iterations,timed_repetitions,warmup,worker_count,worker_list,affinity,affinity_error,affinity_succeeded,timed_repetitions_exact,avx2_supported,kernel_used,eviction_bytes,eviction_checksum,elapsed_seconds,mac_total,mac_per_second,checksum
512,1,16,"1816,1705,1023,1600","929792,872960,523776,819200","1816,1705,1023,1600","929792,872960,523776,819200",fused,A,8,1,8,2,4,"0,2,4,6","true,true,true,true","0,0,0,0",true,true,true,avx2,0,0,0.0393872,402653184,1.02229e+10,18446744073656903484
stderr[40] T0-M correction passed: every Y[S x O_i] cell, fused/repeat/reference, A/B/C, S_tile=2/4/8, four shards, and one/four-worker accounting gate
