{
  "accuracy_by_operation": {
    "ADD": {
      "accuracy": 1.0,
      "correct": 1024,
      "total": 1024
    },
    "MUL": {
      "accuracy": 1.0,
      "correct": 1024,
      "total": 1024
    },
    "SUB": {
      "accuracy": 1.0,
      "correct": 1024,
      "total": 1024
    }
  },
  "elapsed_seconds": 101.73176740016788,
  "finite": true,
  "overall_accuracy": 1.0,
  "seed": 303,
  "status": "completed",
  "steps": 5000,
  "table_size": 3072
}
D:\Install\Dev\Projects\IA\Ejercise\t1_trainability_lab_v0.1.0\.venv\Scripts\python.exe D:\Install\Dev\Projects\IA\Ejercise\t1_trainability_lab_v0.1.0\scripts\train_sequential_update_su4.py --seed 303 --max-steps 5000 --output-dir D:\Install\Dev\Projects\IA\Ejercise\t1_trainability_lab_v0.1.0\campaign\sequential_update_su4_su5_replication\seed_303\su4
