T0-M proportional sharding diagnostic command outputs
invocation[1] label=old size=512 R=1 variant=A
command[1] "D:\Install\Dev\Projects\IA\Ejercise\cpu-native-arch\archive\t0r\int8_probe.exe" --K 512 --target-kib 512 --depth 1 --variant A --kernel avx2 --parallel-cpus 0,2,4,6 --parallel-rows 1211,1136,683,1066 --iterations 1 --repetitions 8 --warmup 2
exit_code=0
stdout[1] probe,kernel_requested,kernel_used,avx2_supported,target_kib,m,K,depth,variant,iterations,repetitions,warmup,worker_count,logical_cpu_indices,rows_per_worker,all_affinity_succeeded,affinity_error,kernel_elapsed_seconds,wall_elapsed_seconds,mac_count,mac_per_second,checksum
int8_batch,avx2,avx2,true,512,1024,512,1,A,1,8,2,4,"0,2,4,6","1211,1136,683,1066",true,0,0.000279,0.000285,16777216,6.01334e+10,-68718712
stderr[1] int8 AVX2 correction test passed; scalar_checksum=320040, avx2_checksum=320040, difference=0
invocation[2] label=new size=512 R=1 variant=A
command[2] "D:\Install\Dev\Projects\IA\Ejercise\cpu-native-arch\build\t0m_int8_probe.exe" --D 512 --S 1 --R 1 --mode fused --variant A --S-tile 8 --workers 4 --cpus 0,2,4,6 --rows-per-worker 1211,1136,683,1066 --iterations 1 --timed-repetitions 8 --warmup 2
exit_code=0
stdout[2] D,S,R,O_i,B_i,rows_per_worker,bytes_per_worker,mode,variant,S_tile,iterations,timed_repetitions,warmup,worker_count,worker_list,affinity,affinity_error,affinity_succeeded,timed_repetitions_exact,avx2_supported,kernel_used,eviction_bytes,eviction_checksum,elapsed_seconds,mac_total,mac_per_second,checksum
512,1,1,"1211,1136,683,1066","620032,581632,349696,545792","1211,1136,683,1066","620032,581632,349696,545792",fused,A,8,1,8,2,4,"0,2,4,6","true,true,true,true","0,0,0,0",true,true,true,avx2,0,0,0.0023102,16777216,7.26224e+09,81541731
stderr[2] T0-M correction passed: every Y[S x O_i] cell, fused/repeat/reference, A/B/C, S_tile=2/4/8, four shards, and one/four-worker accounting gate
invocation[3] label=old size=512 R=1 variant=B
command[3] "D:\Install\Dev\Projects\IA\Ejercise\cpu-native-arch\archive\t0r\int8_probe.exe" --K 512 --target-kib 512 --depth 1 --variant B --kernel avx2 --parallel-cpus 0,2,4,6 --parallel-rows 1211,1136,683,1066 --iterations 1 --repetitions 8 --warmup 2
exit_code=0
stdout[3] probe,kernel_requested,kernel_used,avx2_supported,target_kib,m,K,depth,variant,iterations,repetitions,warmup,worker_count,logical_cpu_indices,rows_per_worker,all_affinity_succeeded,affinity_error,kernel_elapsed_seconds,wall_elapsed_seconds,mac_count,mac_per_second,checksum
int8_batch,avx2,avx2,true,512,1024,512,1,B,1,8,2,4,"0,2,4,6","1211,1136,683,1066",true,0,0.0001766,0.0001852,16777216,9.50012e+10,-68718712
stderr[3] int8 AVX2 correction test passed; scalar_checksum=320040, avx2_checksum=320040, difference=0
invocation[4] label=new size=512 R=1 variant=B
command[4] "D:\Install\Dev\Projects\IA\Ejercise\cpu-native-arch\build\t0m_int8_probe.exe" --D 512 --S 1 --R 1 --mode fused --variant B --S-tile 8 --workers 4 --cpus 0,2,4,6 --rows-per-worker 1211,1136,683,1066 --iterations 1 --timed-repetitions 8 --warmup 2
exit_code=0
stdout[4] D,S,R,O_i,B_i,rows_per_worker,bytes_per_worker,mode,variant,S_tile,iterations,timed_repetitions,warmup,worker_count,worker_list,affinity,affinity_error,affinity_succeeded,timed_repetitions_exact,avx2_supported,kernel_used,eviction_bytes,eviction_checksum,elapsed_seconds,mac_total,mac_per_second,checksum
512,1,1,"1211,1136,683,1066","620032,581632,349696,545792","1211,1136,683,1066","620032,581632,349696,545792",fused,B,8,1,8,2,4,"0,2,4,6","true,true,true,true","0,0,0,0",true,true,true,avx2,0,0,0.0019021,16777216,8.82036e+09,81541731
stderr[4] T0-M correction passed: every Y[S x O_i] cell, fused/repeat/reference, A/B/C, S_tile=2/4/8, four shards, and one/four-worker accounting gate
invocation[5] label=old size=512 R=4 variant=A
command[5] "D:\Install\Dev\Projects\IA\Ejercise\cpu-native-arch\archive\t0r\int8_probe.exe" --K 512 --target-kib 512 --depth 4 --variant A --kernel avx2 --parallel-cpus 0,2,4,6 --parallel-rows 1211,1136,683,1066 --iterations 1 --repetitions 8 --warmup 2
exit_code=0
stdout[5] probe,kernel_requested,kernel_used,avx2_supported,target_kib,m,K,depth,variant,iterations,repetitions,warmup,worker_count,logical_cpu_indices,rows_per_worker,all_affinity_succeeded,affinity_error,kernel_elapsed_seconds,wall_elapsed_seconds,mac_count,mac_per_second,checksum
int8_batch,avx2,avx2,true,512,1024,512,4,A,1,8,2,4,"0,2,4,6","1211,1136,683,1066",true,0,0.0006972,0.0007172,67108864,9.62548e+10,-274874848
stderr[5] int8 AVX2 correction test passed; scalar_checksum=320040, avx2_checksum=320040, difference=0
invocation[6] label=new size=512 R=4 variant=A
command[6] "D:\Install\Dev\Projects\IA\Ejercise\cpu-native-arch\build\t0m_int8_probe.exe" --D 512 --S 1 --R 4 --mode fused --variant A --S-tile 8 --workers 4 --cpus 0,2,4,6 --rows-per-worker 1211,1136,683,1066 --iterations 1 --timed-repetitions 8 --warmup 2
exit_code=0
stdout[6] D,S,R,O_i,B_i,rows_per_worker,bytes_per_worker,mode,variant,S_tile,iterations,timed_repetitions,warmup,worker_count,worker_list,affinity,affinity_error,affinity_succeeded,timed_repetitions_exact,avx2_supported,kernel_used,eviction_bytes,eviction_checksum,elapsed_seconds,mac_total,mac_per_second,checksum
512,1,4,"1211,1136,683,1066","620032,581632,349696,545792","1211,1136,683,1066","620032,581632,349696,545792",fused,A,8,1,8,2,4,"0,2,4,6","true,true,true,true","0,0,0,0",true,true,true,avx2,0,0,0.0081686,67108864,8.21547e+09,81541731
stderr[6] T0-M correction passed: every Y[S x O_i] cell, fused/repeat/reference, A/B/C, S_tile=2/4/8, four shards, and one/four-worker accounting gate
invocation[7] label=old size=512 R=4 variant=B
command[7] "D:\Install\Dev\Projects\IA\Ejercise\cpu-native-arch\archive\t0r\int8_probe.exe" --K 512 --target-kib 512 --depth 4 --variant B --kernel avx2 --parallel-cpus 0,2,4,6 --parallel-rows 1211,1136,683,1066 --iterations 1 --repetitions 8 --warmup 2
exit_code=0
stdout[7] probe,kernel_requested,kernel_used,avx2_supported,target_kib,m,K,depth,variant,iterations,repetitions,warmup,worker_count,logical_cpu_indices,rows_per_worker,all_affinity_succeeded,affinity_error,kernel_elapsed_seconds,wall_elapsed_seconds,mac_count,mac_per_second,checksum
int8_batch,avx2,avx2,true,512,1024,512,4,B,1,8,2,4,"0,2,4,6","1211,1136,683,1066",true,0,0.0007263,0.0007721,67108864,9.23983e+10,207442240
stderr[7] int8 AVX2 correction test passed; scalar_checksum=320040, avx2_checksum=320040, difference=0
invocation[8] label=new size=512 R=4 variant=B
command[8] "D:\Install\Dev\Projects\IA\Ejercise\cpu-native-arch\build\t0m_int8_probe.exe" --D 512 --S 1 --R 4 --mode fused --variant B --S-tile 8 --workers 4 --cpus 0,2,4,6 --rows-per-worker 1211,1136,683,1066 --iterations 1 --timed-repetitions 8 --warmup 2
exit_code=0
stdout[8] D,S,R,O_i,B_i,rows_per_worker,bytes_per_worker,mode,variant,S_tile,iterations,timed_repetitions,warmup,worker_count,worker_list,affinity,affinity_error,affinity_succeeded,timed_repetitions_exact,avx2_supported,kernel_used,eviction_bytes,eviction_checksum,elapsed_seconds,mac_total,mac_per_second,checksum
512,1,4,"1211,1136,683,1066","2480128,2326528,1398784,2183168","1211,1136,683,1066","2480128,2326528,1398784,2183168",fused,B,8,1,8,2,4,"0,2,4,6","true,true,true,true","0,0,0,0",true,true,true,avx2,0,0,0.0063735,67108864,1.05294e+10,18446744073404312357
stderr[8] T0-M correction passed: every Y[S x O_i] cell, fused/repeat/reference, A/B/C, S_tile=2/4/8, four shards, and one/four-worker accounting gate
invocation[9] label=old size=512 R=8 variant=A
command[9] "D:\Install\Dev\Projects\IA\Ejercise\cpu-native-arch\archive\t0r\int8_probe.exe" --K 512 --target-kib 512 --depth 8 --variant A --kernel avx2 --parallel-cpus 0,2,4,6 --parallel-rows 1211,1136,683,1066 --iterations 1 --repetitions 8 --warmup 2
exit_code=0
stdout[9] probe,kernel_requested,kernel_used,avx2_supported,target_kib,m,K,depth,variant,iterations,repetitions,warmup,worker_count,logical_cpu_indices,rows_per_worker,all_affinity_succeeded,affinity_error,kernel_elapsed_seconds,wall_elapsed_seconds,mac_count,mac_per_second,checksum
int8_batch,avx2,avx2,true,512,1024,512,8,A,1,8,2,4,"0,2,4,6","1211,1136,683,1066",true,0,0.0023574,0.0024189,134217728,5.69346e+10,-549749696
stderr[9] int8 AVX2 correction test passed; scalar_checksum=320040, avx2_checksum=320040, difference=0
invocation[10] label=new size=512 R=8 variant=A
command[10] "D:\Install\Dev\Projects\IA\Ejercise\cpu-native-arch\build\t0m_int8_probe.exe" --D 512 --S 1 --R 8 --mode fused --variant A --S-tile 8 --workers 4 --cpus 0,2,4,6 --rows-per-worker 1211,1136,683,1066 --iterations 1 --timed-repetitions 8 --warmup 2
exit_code=0
stdout[10] D,S,R,O_i,B_i,rows_per_worker,bytes_per_worker,mode,variant,S_tile,iterations,timed_repetitions,warmup,worker_count,worker_list,affinity,affinity_error,affinity_succeeded,timed_repetitions_exact,avx2_supported,kernel_used,eviction_bytes,eviction_checksum,elapsed_seconds,mac_total,mac_per_second,checksum
512,1,8,"1211,1136,683,1066","620032,581632,349696,545792","1211,1136,683,1066","620032,581632,349696,545792",fused,A,8,1,8,2,4,"0,2,4,6","true,true,true,true","0,0,0,0",true,true,true,avx2,0,0,0.0117581,134217728,1.14149e+10,81541731
stderr[10] T0-M correction passed: every Y[S x O_i] cell, fused/repeat/reference, A/B/C, S_tile=2/4/8, four shards, and one/four-worker accounting gate
invocation[11] label=old size=512 R=8 variant=B
command[11] "D:\Install\Dev\Projects\IA\Ejercise\cpu-native-arch\archive\t0r\int8_probe.exe" --K 512 --target-kib 512 --depth 8 --variant B --kernel avx2 --parallel-cpus 0,2,4,6 --parallel-rows 1211,1136,683,1066 --iterations 1 --repetitions 8 --warmup 2
exit_code=0
stdout[11] probe,kernel_requested,kernel_used,avx2_supported,target_kib,m,K,depth,variant,iterations,repetitions,warmup,worker_count,logical_cpu_indices,rows_per_worker,all_affinity_succeeded,affinity_error,kernel_elapsed_seconds,wall_elapsed_seconds,mac_count,mac_per_second,checksum
int8_batch,avx2,avx2,true,512,1024,512,8,B,1,8,2,4,"0,2,4,6","1211,1136,683,1066",true,0,0.0024895,0.0025463,134217728,5.39135e+10,31975776
stderr[11] int8 AVX2 correction test passed; scalar_checksum=320040, avx2_checksum=320040, difference=0
invocation[12] label=new size=512 R=8 variant=B
command[12] "D:\Install\Dev\Projects\IA\Ejercise\cpu-native-arch\build\t0m_int8_probe.exe" --D 512 --S 1 --R 8 --mode fused --variant B --S-tile 8 --workers 4 --cpus 0,2,4,6 --rows-per-worker 1211,1136,683,1066 --iterations 1 --timed-repetitions 8 --warmup 2
exit_code=0
stdout[12] D,S,R,O_i,B_i,rows_per_worker,bytes_per_worker,mode,variant,S_tile,iterations,timed_repetitions,warmup,worker_count,worker_list,affinity,affinity_error,affinity_succeeded,timed_repetitions_exact,avx2_supported,kernel_used,eviction_bytes,eviction_checksum,elapsed_seconds,mac_total,mac_per_second,checksum
512,1,8,"1211,1136,683,1066","4960256,4653056,2797568,4366336","1211,1136,683,1066","4960256,4653056,2797568,4366336",fused,B,8,1,8,2,4,"0,2,4,6","true,true,true,true","0,0,0,0",true,true,true,avx2,0,0,0.0155166,134217728,8.64994e+09,18446744072899154372
stderr[12] T0-M correction passed: every Y[S x O_i] cell, fused/repeat/reference, A/B/C, S_tile=2/4/8, four shards, and one/four-worker accounting gate
invocation[13] label=old size=512 R=16 variant=A
command[13] "D:\Install\Dev\Projects\IA\Ejercise\cpu-native-arch\archive\t0r\int8_probe.exe" --K 512 --target-kib 512 --depth 16 --variant A --kernel avx2 --parallel-cpus 0,2,4,6 --parallel-rows 1211,1136,683,1066 --iterations 1 --repetitions 8 --warmup 2
exit_code=0
stdout[13] probe,kernel_requested,kernel_used,avx2_supported,target_kib,m,K,depth,variant,iterations,repetitions,warmup,worker_count,logical_cpu_indices,rows_per_worker,all_affinity_succeeded,affinity_error,kernel_elapsed_seconds,wall_elapsed_seconds,mac_count,mac_per_second,checksum
int8_batch,avx2,avx2,true,512,1024,512,16,A,1,8,2,4,"0,2,4,6","1211,1136,683,1066",true,0,0.0034972,0.0035594,268435456,7.67573e+10,-1099499392
stderr[13] int8 AVX2 correction test passed; scalar_checksum=320040, avx2_checksum=320040, difference=0
invocation[14] label=new size=512 R=16 variant=A
command[14] "D:\Install\Dev\Projects\IA\Ejercise\cpu-native-arch\build\t0m_int8_probe.exe" --D 512 --S 1 --R 16 --mode fused --variant A --S-tile 8 --workers 4 --cpus 0,2,4,6 --rows-per-worker 1211,1136,683,1066 --iterations 1 --timed-repetitions 8 --warmup 2
exit_code=0
stdout[14] D,S,R,O_i,B_i,rows_per_worker,bytes_per_worker,mode,variant,S_tile,iterations,timed_repetitions,warmup,worker_count,worker_list,affinity,affinity_error,affinity_succeeded,timed_repetitions_exact,avx2_supported,kernel_used,eviction_bytes,eviction_checksum,elapsed_seconds,mac_total,mac_per_second,checksum
512,1,16,"1211,1136,683,1066","620032,581632,349696,545792","1211,1136,683,1066","620032,581632,349696,545792",fused,A,8,1,8,2,4,"0,2,4,6","true,true,true,true","0,0,0,0",true,true,true,avx2,0,0,0.0225266,268435456,1.19164e+10,81541731
stderr[14] T0-M correction passed: every Y[S x O_i] cell, fused/repeat/reference, A/B/C, S_tile=2/4/8, four shards, and one/four-worker accounting gate
invocation[15] label=old size=512 R=16 variant=B
command[15] "D:\Install\Dev\Projects\IA\Ejercise\cpu-native-arch\archive\t0r\int8_probe.exe" --K 512 --target-kib 512 --depth 16 --variant B --kernel avx2 --parallel-cpus 0,2,4,6 --parallel-rows 1211,1136,683,1066 --iterations 1 --repetitions 8 --warmup 2
exit_code=0
stdout[15] probe,kernel_requested,kernel_used,avx2_supported,target_kib,m,K,depth,variant,iterations,repetitions,warmup,worker_count,logical_cpu_indices,rows_per_worker,all_affinity_succeeded,affinity_error,kernel_elapsed_seconds,wall_elapsed_seconds,mac_count,mac_per_second,checksum
int8_batch,avx2,avx2,true,512,1024,512,16,B,1,8,2,4,"0,2,4,6","1211,1136,683,1066",true,0,0.0073081,0.0099548,268435456,3.67312e+10,276226424
stderr[15] int8 AVX2 correction test passed; scalar_checksum=320040, avx2_checksum=320040, difference=0
invocation[16] label=new size=512 R=16 variant=B
command[16] "D:\Install\Dev\Projects\IA\Ejercise\cpu-native-arch\build\t0m_int8_probe.exe" --D 512 --S 1 --R 16 --mode fused --variant B --S-tile 8 --workers 4 --cpus 0,2,4,6 --rows-per-worker 1211,1136,683,1066 --iterations 1 --timed-repetitions 8 --warmup 2
exit_code=0
stdout[16] D,S,R,O_i,B_i,rows_per_worker,bytes_per_worker,mode,variant,S_tile,iterations,timed_repetitions,warmup,worker_count,worker_list,affinity,affinity_error,affinity_succeeded,timed_repetitions_exact,avx2_supported,kernel_used,eviction_bytes,eviction_checksum,elapsed_seconds,mac_total,mac_per_second,checksum
512,1,16,"1211,1136,683,1066","9920512,9306112,5595136,8732672","1211,1136,683,1066","9920512,9306112,5595136,8732672",fused,B,8,1,8,2,4,"0,2,4,6","true,true,true,true","0,0,0,0",true,true,true,avx2,0,0,0.0276465,268435456,9.70956e+09,18446744073530809057
stderr[16] T0-M correction passed: every Y[S x O_i] cell, fused/repeat/reference, A/B/C, S_tile=2/4/8, four shards, and one/four-worker accounting gate
invocation[17] label=old size=768 R=1 variant=A
command[17] "D:\Install\Dev\Projects\IA\Ejercise\cpu-native-arch\archive\t0r\int8_probe.exe" --K 512 --target-kib 768 --depth 1 --variant A --kernel avx2 --parallel-cpus 0,2,4,6 --parallel-rows 1816,1705,1023,1600 --iterations 1 --repetitions 8 --warmup 2
exit_code=0
stdout[17] probe,kernel_requested,kernel_used,avx2_supported,target_kib,m,K,depth,variant,iterations,repetitions,warmup,worker_count,logical_cpu_indices,rows_per_worker,all_affinity_succeeded,affinity_error,kernel_elapsed_seconds,wall_elapsed_seconds,mac_count,mac_per_second,checksum
int8_batch,avx2,avx2,true,768,1536,512,1,A,1,8,2,4,"0,2,4,6","1816,1705,1023,1600",true,0,0.0002879,0.0003008,25165824,8.74117e+10,-149468616
stderr[17] int8 AVX2 correction test passed; scalar_checksum=320040, avx2_checksum=320040, difference=0
invocation[18] label=new size=768 R=1 variant=A
command[18] "D:\Install\Dev\Projects\IA\Ejercise\cpu-native-arch\build\t0m_int8_probe.exe" --D 512 --S 1 --R 1 --mode fused --variant A --S-tile 8 --workers 4 --cpus 0,2,4,6 --rows-per-worker 1816,1705,1023,1600 --iterations 1 --timed-repetitions 8 --warmup 2
exit_code=0
stdout[18] D,S,R,O_i,B_i,rows_per_worker,bytes_per_worker,mode,variant,S_tile,iterations,timed_repetitions,warmup,worker_count,worker_list,affinity,affinity_error,affinity_succeeded,timed_repetitions_exact,avx2_supported,kernel_used,eviction_bytes,eviction_checksum,elapsed_seconds,mac_total,mac_per_second,checksum
512,1,1,"1816,1705,1023,1600","929792,872960,523776,819200","1816,1705,1023,1600","929792,872960,523776,819200",fused,A,8,1,8,2,4,"0,2,4,6","true,true,true,true","0,0,0,0",true,true,true,avx2,0,0,0.0022209,25165824,1.13314e+10,18446744073656903484
stderr[18] T0-M correction passed: every Y[S x O_i] cell, fused/repeat/reference, A/B/C, S_tile=2/4/8, four shards, and one/four-worker accounting gate
invocation[19] label=old size=768 R=1 variant=B
command[19] "D:\Install\Dev\Projects\IA\Ejercise\cpu-native-arch\archive\t0r\int8_probe.exe" --K 512 --target-kib 768 --depth 1 --variant B --kernel avx2 --parallel-cpus 0,2,4,6 --parallel-rows 1816,1705,1023,1600 --iterations 1 --repetitions 8 --warmup 2
exit_code=0
stdout[19] probe,kernel_requested,kernel_used,avx2_supported,target_kib,m,K,depth,variant,iterations,repetitions,warmup,worker_count,logical_cpu_indices,rows_per_worker,all_affinity_succeeded,affinity_error,kernel_elapsed_seconds,wall_elapsed_seconds,mac_count,mac_per_second,checksum
int8_batch,avx2,avx2,true,768,1536,512,1,B,1,8,2,4,"0,2,4,6","1816,1705,1023,1600",true,0,0.0002532,0.000262,25165824,9.93911e+10,-149468616
stderr[19] int8 AVX2 correction test passed; scalar_checksum=320040, avx2_checksum=320040, difference=0
invocation[20] label=new size=768 R=1 variant=B
command[20] "D:\Install\Dev\Projects\IA\Ejercise\cpu-native-arch\build\t0m_int8_probe.exe" --D 512 --S 1 --R 1 --mode fused --variant B --S-tile 8 --workers 4 --cpus 0,2,4,6 --rows-per-worker 1816,1705,1023,1600 --iterations 1 --timed-repetitions 8 --warmup 2
exit_code=0
stdout[20] D,S,R,O_i,B_i,rows_per_worker,bytes_per_worker,mode,variant,S_tile,iterations,timed_repetitions,warmup,worker_count,worker_list,affinity,affinity_error,affinity_succeeded,timed_repetitions_exact,avx2_supported,kernel_used,eviction_bytes,eviction_checksum,elapsed_seconds,mac_total,mac_per_second,checksum
512,1,1,"1816,1705,1023,1600","929792,872960,523776,819200","1816,1705,1023,1600","929792,872960,523776,819200",fused,B,8,1,8,2,4,"0,2,4,6","true,true,true,true","0,0,0,0",true,true,true,avx2,0,0,0.002444,25165824,1.0297e+10,18446744073656903484
stderr[20] T0-M correction passed: every Y[S x O_i] cell, fused/repeat/reference, A/B/C, S_tile=2/4/8, four shards, and one/four-worker accounting gate
invocation[21] label=old size=768 R=4 variant=A
command[21] "D:\Install\Dev\Projects\IA\Ejercise\cpu-native-arch\archive\t0r\int8_probe.exe" --K 512 --target-kib 768 --depth 4 --variant A --kernel avx2 --parallel-cpus 0,2,4,6 --parallel-rows 1816,1705,1023,1600 --iterations 1 --repetitions 8 --warmup 2
exit_code=0
stdout[21] probe,kernel_requested,kernel_used,avx2_supported,target_kib,m,K,depth,variant,iterations,repetitions,warmup,worker_count,logical_cpu_indices,rows_per_worker,all_affinity_succeeded,affinity_error,kernel_elapsed_seconds,wall_elapsed_seconds,mac_count,mac_per_second,checksum
int8_batch,avx2,avx2,true,768,1536,512,4,A,1,8,2,4,"0,2,4,6","1816,1705,1023,1600",true,0,0.0014092,0.0015216,100663296,7.14329e+10,-597874464
stderr[21] int8 AVX2 correction test passed; scalar_checksum=320040, avx2_checksum=320040, difference=0
invocation[22] label=new size=768 R=4 variant=A
command[22] "D:\Install\Dev\Projects\IA\Ejercise\cpu-native-arch\build\t0m_int8_probe.exe" --D 512 --S 1 --R 4 --mode fused --variant A --S-tile 8 --workers 4 --cpus 0,2,4,6 --rows-per-worker 1816,1705,1023,1600 --iterations 1 --timed-repetitions 8 --warmup 2
exit_code=0
stdout[22] D,S,R,O_i,B_i,rows_per_worker,bytes_per_worker,mode,variant,S_tile,iterations,timed_repetitions,warmup,worker_count,worker_list,affinity,affinity_error,affinity_succeeded,timed_repetitions_exact,avx2_supported,kernel_used,eviction_bytes,eviction_checksum,elapsed_seconds,mac_total,mac_per_second,checksum
512,1,4,"1816,1705,1023,1600","929792,872960,523776,819200","1816,1705,1023,1600","929792,872960,523776,819200",fused,A,8,1,8,2,4,"0,2,4,6","true,true,true,true","0,0,0,0",true,true,true,avx2,0,0,0.0088241,100663296,1.14078e+10,18446744073656903484
stderr[22] T0-M correction passed: every Y[S x O_i] cell, fused/repeat/reference, A/B/C, S_tile=2/4/8, four shards, and one/four-worker accounting gate
invocation[23] label=old size=768 R=4 variant=B
command[23] "D:\Install\Dev\Projects\IA\Ejercise\cpu-native-arch\archive\t0r\int8_probe.exe" --K 512 --target-kib 768 --depth 4 --variant B --kernel avx2 --parallel-cpus 0,2,4,6 --parallel-rows 1816,1705,1023,1600 --iterations 1 --repetitions 8 --warmup 2
exit_code=0
stdout[23] probe,kernel_requested,kernel_used,avx2_supported,target_kib,m,K,depth,variant,iterations,repetitions,warmup,worker_count,logical_cpu_indices,rows_per_worker,all_affinity_succeeded,affinity_error,kernel_elapsed_seconds,wall_elapsed_seconds,mac_count,mac_per_second,checksum
int8_batch,avx2,avx2,true,768,1536,512,4,B,1,8,2,4,"0,2,4,6","1816,1705,1023,1600",true,0,0.0012717,0.0013024,100663296,7.91565e+10,98225480
stderr[23] int8 AVX2 correction test passed; scalar_checksum=320040, avx2_checksum=320040, difference=0
invocation[24] label=new size=768 R=4 variant=B
command[24] "D:\Install\Dev\Projects\IA\Ejercise\cpu-native-arch\build\t0m_int8_probe.exe" --D 512 --S 1 --R 4 --mode fused --variant B --S-tile 8 --workers 4 --cpus 0,2,4,6 --rows-per-worker 1816,1705,1023,1600 --iterations 1 --timed-repetitions 8 --warmup 2
exit_code=0
stdout[24] D,S,R,O_i,B_i,rows_per_worker,bytes_per_worker,mode,variant,S_tile,iterations,timed_repetitions,warmup,worker_count,worker_list,affinity,affinity_error,affinity_succeeded,timed_repetitions_exact,avx2_supported,kernel_used,eviction_bytes,eviction_checksum,elapsed_seconds,mac_total,mac_per_second,checksum
512,1,4,"1816,1705,1023,1600","3719168,3491840,2095104,3276800","1816,1705,1023,1600","3719168,3491840,2095104,3276800",fused,B,8,1,8,2,4,"0,2,4,6","true,true,true,true","0,0,0,0",true,true,true,avx2,0,0,0.0156382,100663296,6.43701e+09,18446744073105302100
stderr[24] T0-M correction passed: every Y[S x O_i] cell, fused/repeat/reference, A/B/C, S_tile=2/4/8, four shards, and one/four-worker accounting gate
invocation[25] label=old size=768 R=8 variant=A
command[25] "D:\Install\Dev\Projects\IA\Ejercise\cpu-native-arch\archive\t0r\int8_probe.exe" --K 512 --target-kib 768 --depth 8 --variant A --kernel avx2 --parallel-cpus 0,2,4,6 --parallel-rows 1816,1705,1023,1600 --iterations 1 --repetitions 8 --warmup 2
exit_code=0
stdout[25] probe,kernel_requested,kernel_used,avx2_supported,target_kib,m,K,depth,variant,iterations,repetitions,warmup,worker_count,logical_cpu_indices,rows_per_worker,all_affinity_succeeded,affinity_error,kernel_elapsed_seconds,wall_elapsed_seconds,mac_count,mac_per_second,checksum
int8_batch,avx2,avx2,true,768,1536,512,8,A,1,8,2,4,"0,2,4,6","1816,1705,1023,1600",true,0,0.0021974,0.0029154,201326592,9.16204e+10,-1195748928
stderr[25] int8 AVX2 correction test passed; scalar_checksum=320040, avx2_checksum=320040, difference=0
invocation[26] label=new size=768 R=8 variant=A
command[26] "D:\Install\Dev\Projects\IA\Ejercise\cpu-native-arch\build\t0m_int8_probe.exe" --D 512 --S 1 --R 8 --mode fused --variant A --S-tile 8 --workers 4 --cpus 0,2,4,6 --rows-per-worker 1816,1705,1023,1600 --iterations 1 --timed-repetitions 8 --warmup 2
exit_code=0
stdout[26] D,S,R,O_i,B_i,rows_per_worker,bytes_per_worker,mode,variant,S_tile,iterations,timed_repetitions,warmup,worker_count,worker_list,affinity,affinity_error,affinity_succeeded,timed_repetitions_exact,avx2_supported,kernel_used,eviction_bytes,eviction_checksum,elapsed_seconds,mac_total,mac_per_second,checksum
512,1,8,"1816,1705,1023,1600","929792,872960,523776,819200","1816,1705,1023,1600","929792,872960,523776,819200",fused,A,8,1,8,2,4,"0,2,4,6","true,true,true,true","0,0,0,0",true,true,true,avx2,0,0,0.0201253,201326592,1.00037e+10,18446744073656903484
stderr[26] T0-M correction passed: every Y[S x O_i] cell, fused/repeat/reference, A/B/C, S_tile=2/4/8, four shards, and one/four-worker accounting gate
invocation[27] label=old size=768 R=8 variant=B
command[27] "D:\Install\Dev\Projects\IA\Ejercise\cpu-native-arch\archive\t0r\int8_probe.exe" --K 512 --target-kib 768 --depth 8 --variant B --kernel avx2 --parallel-cpus 0,2,4,6 --parallel-rows 1816,1705,1023,1600 --iterations 1 --repetitions 8 --warmup 2
exit_code=0
stdout[27] probe,kernel_requested,kernel_used,avx2_supported,target_kib,m,K,depth,variant,iterations,repetitions,warmup,worker_count,logical_cpu_indices,rows_per_worker,all_affinity_succeeded,affinity_error,kernel_elapsed_seconds,wall_elapsed_seconds,mac_count,mac_per_second,checksum
int8_batch,avx2,avx2,true,768,1536,512,8,B,1,8,2,4,"0,2,4,6","1816,1705,1023,1600",true,0,0.0041809,0.0042273,201326592,4.81539e+10,66880528
stderr[27] int8 AVX2 correction test passed; scalar_checksum=320040, avx2_checksum=320040, difference=0
invocation[28] label=new size=768 R=8 variant=B
command[28] "D:\Install\Dev\Projects\IA\Ejercise\cpu-native-arch\build\t0m_int8_probe.exe" --D 512 --S 1 --R 8 --mode fused --variant B --S-tile 8 --workers 4 --cpus 0,2,4,6 --rows-per-worker 1816,1705,1023,1600 --iterations 1 --timed-repetitions 8 --warmup 2
exit_code=0
stdout[28] D,S,R,O_i,B_i,rows_per_worker,bytes_per_worker,mode,variant,S_tile,iterations,timed_repetitions,warmup,worker_count,worker_list,affinity,affinity_error,affinity_succeeded,timed_repetitions_exact,avx2_supported,kernel_used,eviction_bytes,eviction_checksum,elapsed_seconds,mac_total,mac_per_second,checksum
512,1,8,"1816,1705,1023,1600","7438336,6983680,4190208,6553600","1816,1705,1023,1600","7438336,6983680,4190208,6553600",fused,B,8,1,8,2,4,"0,2,4,6","true,true,true,true","0,0,0,0",true,true,true,avx2,0,0,0.0211814,201326592,9.50488e+09,18446744072251431697
stderr[28] T0-M correction passed: every Y[S x O_i] cell, fused/repeat/reference, A/B/C, S_tile=2/4/8, four shards, and one/four-worker accounting gate
invocation[29] label=old size=768 R=16 variant=A
command[29] "D:\Install\Dev\Projects\IA\Ejercise\cpu-native-arch\archive\t0r\int8_probe.exe" --K 512 --target-kib 768 --depth 16 --variant A --kernel avx2 --parallel-cpus 0,2,4,6 --parallel-rows 1816,1705,1023,1600 --iterations 1 --repetitions 8 --warmup 2
exit_code=0
stdout[29] probe,kernel_requested,kernel_used,avx2_supported,target_kib,m,K,depth,variant,iterations,repetitions,warmup,worker_count,logical_cpu_indices,rows_per_worker,all_affinity_succeeded,affinity_error,kernel_elapsed_seconds,wall_elapsed_seconds,mac_count,mac_per_second,checksum
int8_batch,avx2,avx2,true,768,1536,512,16,A,1,8,2,4,"0,2,4,6","1816,1705,1023,1600",true,0,0.0043095,0.0044979,402653184,9.34339e+10,-2391497856
stderr[29] int8 AVX2 correction test passed; scalar_checksum=320040, avx2_checksum=320040, difference=0
invocation[30] label=new size=768 R=16 variant=A
command[30] "D:\Install\Dev\Projects\IA\Ejercise\cpu-native-arch\build\t0m_int8_probe.exe" --D 512 --S 1 --R 16 --mode fused --variant A --S-tile 8 --workers 4 --cpus 0,2,4,6 --rows-per-worker 1816,1705,1023,1600 --iterations 1 --timed-repetitions 8 --warmup 2
exit_code=0
stdout[30] D,S,R,O_i,B_i,rows_per_worker,bytes_per_worker,mode,variant,S_tile,iterations,timed_repetitions,warmup,worker_count,worker_list,affinity,affinity_error,affinity_succeeded,timed_repetitions_exact,avx2_supported,kernel_used,eviction_bytes,eviction_checksum,elapsed_seconds,mac_total,mac_per_second,checksum
512,1,16,"1816,1705,1023,1600","929792,872960,523776,819200","1816,1705,1023,1600","929792,872960,523776,819200",fused,A,8,1,8,2,4,"0,2,4,6","true,true,true,true","0,0,0,0",true,true,true,avx2,0,0,0.0337752,402653184,1.19216e+10,18446744073656903484
stderr[30] T0-M correction passed: every Y[S x O_i] cell, fused/repeat/reference, A/B/C, S_tile=2/4/8, four shards, and one/four-worker accounting gate
invocation[31] label=old size=768 R=16 variant=B
command[31] "D:\Install\Dev\Projects\IA\Ejercise\cpu-native-arch\archive\t0r\int8_probe.exe" --K 512 --target-kib 768 --depth 16 --variant B --kernel avx2 --parallel-cpus 0,2,4,6 --parallel-rows 1816,1705,1023,1600 --iterations 1 --repetitions 8 --warmup 2
exit_code=0
stdout[31] probe,kernel_requested,kernel_used,avx2_supported,target_kib,m,K,depth,variant,iterations,repetitions,warmup,worker_count,logical_cpu_indices,rows_per_worker,all_affinity_succeeded,affinity_error,kernel_elapsed_seconds,wall_elapsed_seconds,mac_count,mac_per_second,checksum
int8_batch,avx2,avx2,true,768,1536,512,16,B,1,8,2,4,"0,2,4,6","1816,1705,1023,1600",true,0,0.0115518,0.0128669,402653184,3.48563e+10,255186448
stderr[31] int8 AVX2 correction test passed; scalar_checksum=320040, avx2_checksum=320040, difference=0
invocation[32] label=new size=768 R=16 variant=B
command[32] "D:\Install\Dev\Projects\IA\Ejercise\cpu-native-arch\build\t0m_int8_probe.exe" --D 512 --S 1 --R 16 --mode fused --variant B --S-tile 8 --workers 4 --cpus 0,2,4,6 --rows-per-worker 1816,1705,1023,1600 --iterations 1 --timed-repetitions 8 --warmup 2
exit_code=0
stdout[32] D,S,R,O_i,B_i,rows_per_worker,bytes_per_worker,mode,variant,S_tile,iterations,timed_repetitions,warmup,worker_count,worker_list,affinity,affinity_error,affinity_succeeded,timed_repetitions_exact,avx2_supported,kernel_used,eviction_bytes,eviction_checksum,elapsed_seconds,mac_total,mac_per_second,checksum
512,1,16,"1816,1705,1023,1600","14876672,13967360,8380416,13107200","1816,1705,1023,1600","14876672,13967360,8380416,13107200",fused,B,8,1,8,2,4,"0,2,4,6","true,true,true,true","0,0,0,0",true,true,true,avx2,0,0,0.0441323,402653184,9.12378e+09,18446744072675525801
stderr[32] T0-M correction passed: every Y[S x O_i] cell, fused/repeat/reference, A/B/C, S_tile=2/4/8, four shards, and one/four-worker accounting gate
