{
  "accuracy_matrix": {
    "1": {
      "1": 1.0,
      "2": 1.0,
      "4": 1.0
    },
    "2": {
      "1": 0.0,
      "2": 1.0,
      "4": 1.0
    },
    "3": {
      "1": 0.0,
      "2": 0.0,
      "4": 1.0
    },
    "4": {
      "1": 0.0,
      "2": 0.0,
      "4": 1.0
    }
  },
  "best_step": 900,
  "best_val_mean_r4": 1.0,
  "elapsed_seconds": 39.8699771000538,
  "finite": true,
  "seed": 202,
  "status": "completed",
  "steps": 5000,
  "task": "pointer_chasing"
}
D:\Install\Dev\Projects\IA\Ejercise\t1_trainability_lab_v0.1.0\.venv\Scripts\python.exe D:\Install\Dev\Projects\IA\Ejercise\t1_trainability_lab_v0.1.0\scripts\train_pointer_chasing.py --seed 202 --max-steps 5000 --pointer-transition pointer_replacement --output-dir campaign\p2_replication\seed_202
