H0 parallel sweep stderr and command log
executable=D:\Install\Dev\Projects\IA\Ejercise\cpu-native-arch\build\cpu_native_q4_probe.exe
kernel=avx2; workers=8; K=512; repetitions=8; warmup=2
target_kib=128,192,512,1024,1280; depths=4,8,16; variants=A,B
command[1/30]="D:\Install\Dev\Projects\IA\Ejercise\cpu-native-arch\build\cpu_native_q4_probe.exe" --K 512 --target-kib 128 --depth 4 --variant A --kernel avx2 --parallel-workers 8 --iterations 1 --repetitions 8 --warmup 2
AVX2 correction test passed; scalar_checksum=-9.02812, avx2_checksum=-9.02812, abs_difference=0, tolerance=0.00902812
T0 parallel Q4 throughput probe; wall-clock batch timing; not an exact model-kernel equivalence claim
shape m=409 K=512, target_kib=128, variant=A, kernel_requested=avx2, kernel_used=avx2, workers=8
command[2/30]="D:\Install\Dev\Projects\IA\Ejercise\cpu-native-arch\build\cpu_native_q4_probe.exe" --K 512 --target-kib 128 --depth 4 --variant B --kernel avx2 --parallel-workers 8 --iterations 1 --repetitions 8 --warmup 2
AVX2 correction test passed; scalar_checksum=-9.02812, avx2_checksum=-9.02812, abs_difference=0, tolerance=0.00902812
T0 parallel Q4 throughput probe; wall-clock batch timing; not an exact model-kernel equivalence claim
shape m=409 K=512, target_kib=128, variant=B, kernel_requested=avx2, kernel_used=avx2, workers=8
command[3/30]="D:\Install\Dev\Projects\IA\Ejercise\cpu-native-arch\build\cpu_native_q4_probe.exe" --K 512 --target-kib 128 --depth 8 --variant A --kernel avx2 --parallel-workers 8 --iterations 1 --repetitions 8 --warmup 2
AVX2 correction test passed; scalar_checksum=-9.02812, avx2_checksum=-9.02812, abs_difference=0, tolerance=0.00902812
T0 parallel Q4 throughput probe; wall-clock batch timing; not an exact model-kernel equivalence claim
shape m=409 K=512, target_kib=128, variant=A, kernel_requested=avx2, kernel_used=avx2, workers=8
command[4/30]="D:\Install\Dev\Projects\IA\Ejercise\cpu-native-arch\build\cpu_native_q4_probe.exe" --K 512 --target-kib 128 --depth 8 --variant B --kernel avx2 --parallel-workers 8 --iterations 1 --repetitions 8 --warmup 2
AVX2 correction test passed; scalar_checksum=-9.02812, avx2_checksum=-9.02812, abs_difference=0, tolerance=0.00902812
T0 parallel Q4 throughput probe; wall-clock batch timing; not an exact model-kernel equivalence claim
shape m=409 K=512, target_kib=128, variant=B, kernel_requested=avx2, kernel_used=avx2, workers=8
command[5/30]="D:\Install\Dev\Projects\IA\Ejercise\cpu-native-arch\build\cpu_native_q4_probe.exe" --K 512 --target-kib 128 --depth 16 --variant A --kernel avx2 --parallel-workers 8 --iterations 1 --repetitions 8 --warmup 2
AVX2 correction test passed; scalar_checksum=-9.02812, avx2_checksum=-9.02812, abs_difference=0, tolerance=0.00902812
T0 parallel Q4 throughput probe; wall-clock batch timing; not an exact model-kernel equivalence claim
shape m=409 K=512, target_kib=128, variant=A, kernel_requested=avx2, kernel_used=avx2, workers=8
command[6/30]="D:\Install\Dev\Projects\IA\Ejercise\cpu-native-arch\build\cpu_native_q4_probe.exe" --K 512 --target-kib 128 --depth 16 --variant B --kernel avx2 --parallel-workers 8 --iterations 1 --repetitions 8 --warmup 2
AVX2 correction test passed; scalar_checksum=-9.02812, avx2_checksum=-9.02812, abs_difference=0, tolerance=0.00902812
T0 parallel Q4 throughput probe; wall-clock batch timing; not an exact model-kernel equivalence claim
shape m=409 K=512, target_kib=128, variant=B, kernel_requested=avx2, kernel_used=avx2, workers=8
command[7/30]="D:\Install\Dev\Projects\IA\Ejercise\cpu-native-arch\build\cpu_native_q4_probe.exe" --K 512 --target-kib 192 --depth 4 --variant A --kernel avx2 --parallel-workers 8 --iterations 1 --repetitions 8 --warmup 2
AVX2 correction test passed; scalar_checksum=-9.02812, avx2_checksum=-9.02812, abs_difference=0, tolerance=0.00902812
T0 parallel Q4 throughput probe; wall-clock batch timing; not an exact model-kernel equivalence claim
shape m=614 K=512, target_kib=192, variant=A, kernel_requested=avx2, kernel_used=avx2, workers=8
command[8/30]="D:\Install\Dev\Projects\IA\Ejercise\cpu-native-arch\build\cpu_native_q4_probe.exe" --K 512 --target-kib 192 --depth 4 --variant B --kernel avx2 --parallel-workers 8 --iterations 1 --repetitions 8 --warmup 2
AVX2 correction test passed; scalar_checksum=-9.02812, avx2_checksum=-9.02812, abs_difference=0, tolerance=0.00902812
T0 parallel Q4 throughput probe; wall-clock batch timing; not an exact model-kernel equivalence claim
shape m=614 K=512, target_kib=192, variant=B, kernel_requested=avx2, kernel_used=avx2, workers=8
command[9/30]="D:\Install\Dev\Projects\IA\Ejercise\cpu-native-arch\build\cpu_native_q4_probe.exe" --K 512 --target-kib 192 --depth 8 --variant A --kernel avx2 --parallel-workers 8 --iterations 1 --repetitions 8 --warmup 2
AVX2 correction test passed; scalar_checksum=-9.02812, avx2_checksum=-9.02812, abs_difference=0, tolerance=0.00902812
T0 parallel Q4 throughput probe; wall-clock batch timing; not an exact model-kernel equivalence claim
shape m=614 K=512, target_kib=192, variant=A, kernel_requested=avx2, kernel_used=avx2, workers=8
command[10/30]="D:\Install\Dev\Projects\IA\Ejercise\cpu-native-arch\build\cpu_native_q4_probe.exe" --K 512 --target-kib 192 --depth 8 --variant B --kernel avx2 --parallel-workers 8 --iterations 1 --repetitions 8 --warmup 2
AVX2 correction test passed; scalar_checksum=-9.02812, avx2_checksum=-9.02812, abs_difference=0, tolerance=0.00902812
T0 parallel Q4 throughput probe; wall-clock batch timing; not an exact model-kernel equivalence claim
shape m=614 K=512, target_kib=192, variant=B, kernel_requested=avx2, kernel_used=avx2, workers=8
command[11/30]="D:\Install\Dev\Projects\IA\Ejercise\cpu-native-arch\build\cpu_native_q4_probe.exe" --K 512 --target-kib 192 --depth 16 --variant A --kernel avx2 --parallel-workers 8 --iterations 1 --repetitions 8 --warmup 2
AVX2 correction test passed; scalar_checksum=-9.02812, avx2_checksum=-9.02812, abs_difference=0, tolerance=0.00902812
T0 parallel Q4 throughput probe; wall-clock batch timing; not an exact model-kernel equivalence claim
shape m=614 K=512, target_kib=192, variant=A, kernel_requested=avx2, kernel_used=avx2, workers=8
command[12/30]="D:\Install\Dev\Projects\IA\Ejercise\cpu-native-arch\build\cpu_native_q4_probe.exe" --K 512 --target-kib 192 --depth 16 --variant B --kernel avx2 --parallel-workers 8 --iterations 1 --repetitions 8 --warmup 2
AVX2 correction test passed; scalar_checksum=-9.02812, avx2_checksum=-9.02812, abs_difference=0, tolerance=0.00902812
T0 parallel Q4 throughput probe; wall-clock batch timing; not an exact model-kernel equivalence claim
shape m=614 K=512, target_kib=192, variant=B, kernel_requested=avx2, kernel_used=avx2, workers=8
command[13/30]="D:\Install\Dev\Projects\IA\Ejercise\cpu-native-arch\build\cpu_native_q4_probe.exe" --K 512 --target-kib 512 --depth 4 --variant A --kernel avx2 --parallel-workers 8 --iterations 1 --repetitions 8 --warmup 2
AVX2 correction test passed; scalar_checksum=-9.02812, avx2_checksum=-9.02812, abs_difference=0, tolerance=0.00902812
T0 parallel Q4 throughput probe; wall-clock batch timing; not an exact model-kernel equivalence claim
shape m=1638 K=512, target_kib=512, variant=A, kernel_requested=avx2, kernel_used=avx2, workers=8
command[14/30]="D:\Install\Dev\Projects\IA\Ejercise\cpu-native-arch\build\cpu_native_q4_probe.exe" --K 512 --target-kib 512 --depth 4 --variant B --kernel avx2 --parallel-workers 8 --iterations 1 --repetitions 8 --warmup 2
AVX2 correction test passed; scalar_checksum=-9.02812, avx2_checksum=-9.02812, abs_difference=0, tolerance=0.00902812
T0 parallel Q4 throughput probe; wall-clock batch timing; not an exact model-kernel equivalence claim
shape m=1638 K=512, target_kib=512, variant=B, kernel_requested=avx2, kernel_used=avx2, workers=8
command[15/30]="D:\Install\Dev\Projects\IA\Ejercise\cpu-native-arch\build\cpu_native_q4_probe.exe" --K 512 --target-kib 512 --depth 8 --variant A --kernel avx2 --parallel-workers 8 --iterations 1 --repetitions 8 --warmup 2
AVX2 correction test passed; scalar_checksum=-9.02812, avx2_checksum=-9.02812, abs_difference=0, tolerance=0.00902812
T0 parallel Q4 throughput probe; wall-clock batch timing; not an exact model-kernel equivalence claim
shape m=1638 K=512, target_kib=512, variant=A, kernel_requested=avx2, kernel_used=avx2, workers=8
command[16/30]="D:\Install\Dev\Projects\IA\Ejercise\cpu-native-arch\build\cpu_native_q4_probe.exe" --K 512 --target-kib 512 --depth 8 --variant B --kernel avx2 --parallel-workers 8 --iterations 1 --repetitions 8 --warmup 2
AVX2 correction test passed; scalar_checksum=-9.02812, avx2_checksum=-9.02812, abs_difference=0, tolerance=0.00902812
T0 parallel Q4 throughput probe; wall-clock batch timing; not an exact model-kernel equivalence claim
shape m=1638 K=512, target_kib=512, variant=B, kernel_requested=avx2, kernel_used=avx2, workers=8
command[17/30]="D:\Install\Dev\Projects\IA\Ejercise\cpu-native-arch\build\cpu_native_q4_probe.exe" --K 512 --target-kib 512 --depth 16 --variant A --kernel avx2 --parallel-workers 8 --iterations 1 --repetitions 8 --warmup 2
AVX2 correction test passed; scalar_checksum=-9.02812, avx2_checksum=-9.02812, abs_difference=0, tolerance=0.00902812
T0 parallel Q4 throughput probe; wall-clock batch timing; not an exact model-kernel equivalence claim
shape m=1638 K=512, target_kib=512, variant=A, kernel_requested=avx2, kernel_used=avx2, workers=8
command[18/30]="D:\Install\Dev\Projects\IA\Ejercise\cpu-native-arch\build\cpu_native_q4_probe.exe" --K 512 --target-kib 512 --depth 16 --variant B --kernel avx2 --parallel-workers 8 --iterations 1 --repetitions 8 --warmup 2
AVX2 correction test passed; scalar_checksum=-9.02812, avx2_checksum=-9.02812, abs_difference=0, tolerance=0.00902812
T0 parallel Q4 throughput probe; wall-clock batch timing; not an exact model-kernel equivalence claim
shape m=1638 K=512, target_kib=512, variant=B, kernel_requested=avx2, kernel_used=avx2, workers=8
command[19/30]="D:\Install\Dev\Projects\IA\Ejercise\cpu-native-arch\build\cpu_native_q4_probe.exe" --K 512 --target-kib 1024 --depth 4 --variant A --kernel avx2 --parallel-workers 8 --iterations 1 --repetitions 8 --warmup 2
AVX2 correction test passed; scalar_checksum=-9.02812, avx2_checksum=-9.02812, abs_difference=0, tolerance=0.00902812
T0 parallel Q4 throughput probe; wall-clock batch timing; not an exact model-kernel equivalence claim
shape m=3276 K=512, target_kib=1024, variant=A, kernel_requested=avx2, kernel_used=avx2, workers=8
command[20/30]="D:\Install\Dev\Projects\IA\Ejercise\cpu-native-arch\build\cpu_native_q4_probe.exe" --K 512 --target-kib 1024 --depth 4 --variant B --kernel avx2 --parallel-workers 8 --iterations 1 --repetitions 8 --warmup 2
AVX2 correction test passed; scalar_checksum=-9.02812, avx2_checksum=-9.02812, abs_difference=0, tolerance=0.00902812
T0 parallel Q4 throughput probe; wall-clock batch timing; not an exact model-kernel equivalence claim
shape m=3276 K=512, target_kib=1024, variant=B, kernel_requested=avx2, kernel_used=avx2, workers=8
command[21/30]="D:\Install\Dev\Projects\IA\Ejercise\cpu-native-arch\build\cpu_native_q4_probe.exe" --K 512 --target-kib 1024 --depth 8 --variant A --kernel avx2 --parallel-workers 8 --iterations 1 --repetitions 8 --warmup 2
AVX2 correction test passed; scalar_checksum=-9.02812, avx2_checksum=-9.02812, abs_difference=0, tolerance=0.00902812
T0 parallel Q4 throughput probe; wall-clock batch timing; not an exact model-kernel equivalence claim
shape m=3276 K=512, target_kib=1024, variant=A, kernel_requested=avx2, kernel_used=avx2, workers=8
command[22/30]="D:\Install\Dev\Projects\IA\Ejercise\cpu-native-arch\build\cpu_native_q4_probe.exe" --K 512 --target-kib 1024 --depth 8 --variant B --kernel avx2 --parallel-workers 8 --iterations 1 --repetitions 8 --warmup 2
AVX2 correction test passed; scalar_checksum=-9.02812, avx2_checksum=-9.02812, abs_difference=0, tolerance=0.00902812
T0 parallel Q4 throughput probe; wall-clock batch timing; not an exact model-kernel equivalence claim
shape m=3276 K=512, target_kib=1024, variant=B, kernel_requested=avx2, kernel_used=avx2, workers=8
command[23/30]="D:\Install\Dev\Projects\IA\Ejercise\cpu-native-arch\build\cpu_native_q4_probe.exe" --K 512 --target-kib 1024 --depth 16 --variant A --kernel avx2 --parallel-workers 8 --iterations 1 --repetitions 8 --warmup 2
AVX2 correction test passed; scalar_checksum=-9.02812, avx2_checksum=-9.02812, abs_difference=0, tolerance=0.00902812
T0 parallel Q4 throughput probe; wall-clock batch timing; not an exact model-kernel equivalence claim
shape m=3276 K=512, target_kib=1024, variant=A, kernel_requested=avx2, kernel_used=avx2, workers=8
command[24/30]="D:\Install\Dev\Projects\IA\Ejercise\cpu-native-arch\build\cpu_native_q4_probe.exe" --K 512 --target-kib 1024 --depth 16 --variant B --kernel avx2 --parallel-workers 8 --iterations 1 --repetitions 8 --warmup 2
AVX2 correction test passed; scalar_checksum=-9.02812, avx2_checksum=-9.02812, abs_difference=0, tolerance=0.00902812
T0 parallel Q4 throughput probe; wall-clock batch timing; not an exact model-kernel equivalence claim
shape m=3276 K=512, target_kib=1024, variant=B, kernel_requested=avx2, kernel_used=avx2, workers=8
command[25/30]="D:\Install\Dev\Projects\IA\Ejercise\cpu-native-arch\build\cpu_native_q4_probe.exe" --K 512 --target-kib 1280 --depth 4 --variant A --kernel avx2 --parallel-workers 8 --iterations 1 --repetitions 8 --warmup 2
AVX2 correction test passed; scalar_checksum=-9.02812, avx2_checksum=-9.02812, abs_difference=0, tolerance=0.00902812
T0 parallel Q4 throughput probe; wall-clock batch timing; not an exact model-kernel equivalence claim
shape m=4096 K=512, target_kib=1280, variant=A, kernel_requested=avx2, kernel_used=avx2, workers=8
command[26/30]="D:\Install\Dev\Projects\IA\Ejercise\cpu-native-arch\build\cpu_native_q4_probe.exe" --K 512 --target-kib 1280 --depth 4 --variant B --kernel avx2 --parallel-workers 8 --iterations 1 --repetitions 8 --warmup 2
AVX2 correction test passed; scalar_checksum=-9.02812, avx2_checksum=-9.02812, abs_difference=0, tolerance=0.00902812
T0 parallel Q4 throughput probe; wall-clock batch timing; not an exact model-kernel equivalence claim
shape m=4096 K=512, target_kib=1280, variant=B, kernel_requested=avx2, kernel_used=avx2, workers=8
command[27/30]="D:\Install\Dev\Projects\IA\Ejercise\cpu-native-arch\build\cpu_native_q4_probe.exe" --K 512 --target-kib 1280 --depth 8 --variant A --kernel avx2 --parallel-workers 8 --iterations 1 --repetitions 8 --warmup 2
AVX2 correction test passed; scalar_checksum=-9.02812, avx2_checksum=-9.02812, abs_difference=0, tolerance=0.00902812
T0 parallel Q4 throughput probe; wall-clock batch timing; not an exact model-kernel equivalence claim
shape m=4096 K=512, target_kib=1280, variant=A, kernel_requested=avx2, kernel_used=avx2, workers=8
command[28/30]="D:\Install\Dev\Projects\IA\Ejercise\cpu-native-arch\build\cpu_native_q4_probe.exe" --K 512 --target-kib 1280 --depth 8 --variant B --kernel avx2 --parallel-workers 8 --iterations 1 --repetitions 8 --warmup 2
AVX2 correction test passed; scalar_checksum=-9.02812, avx2_checksum=-9.02812, abs_difference=0, tolerance=0.00902812
T0 parallel Q4 throughput probe; wall-clock batch timing; not an exact model-kernel equivalence claim
shape m=4096 K=512, target_kib=1280, variant=B, kernel_requested=avx2, kernel_used=avx2, workers=8
command[29/30]="D:\Install\Dev\Projects\IA\Ejercise\cpu-native-arch\build\cpu_native_q4_probe.exe" --K 512 --target-kib 1280 --depth 16 --variant A --kernel avx2 --parallel-workers 8 --iterations 1 --repetitions 8 --warmup 2
AVX2 correction test passed; scalar_checksum=-9.02812, avx2_checksum=-9.02812, abs_difference=0, tolerance=0.00902812
T0 parallel Q4 throughput probe; wall-clock batch timing; not an exact model-kernel equivalence claim
shape m=4096 K=512, target_kib=1280, variant=A, kernel_requested=avx2, kernel_used=avx2, workers=8
command[30/30]="D:\Install\Dev\Projects\IA\Ejercise\cpu-native-arch\build\cpu_native_q4_probe.exe" --K 512 --target-kib 1280 --depth 16 --variant B --kernel avx2 --parallel-workers 8 --iterations 1 --repetitions 8 --warmup 2
AVX2 correction test passed; scalar_checksum=-9.02812, avx2_checksum=-9.02812, abs_difference=0, tolerance=0.00902812
T0 parallel Q4 throughput probe; wall-clock batch timing; not an exact model-kernel equivalence claim
shape m=4096 K=512, target_kib=1280, variant=B, kernel_requested=avx2, kernel_used=avx2, workers=8
