{
  "R_t": 0.891306011246578,
  "campaign_id": "OMEGA-TBPTT-DIRECTIONAL-PROBE",
  "classification": {
    "final": "DIRECTIONAL-STOP",
    "quality": "QUALITY_BAD",
    "technical": "TECH_POSITIVE"
  },
  "correctness_gate": {
    "atol": 1e-05,
    "checks": {
      "adamw_moments": true,
      "clip_norm": true,
      "gradients": true,
      "loss": true,
      "parameters_after_step": true,
      "state": true
    },
    "horizon": 16,
    "passed": true,
    "rtol": 1e-05,
    "segments_per_update": 16
  },
  "cost_report": "results/cost_preflight_report.json",
  "delta_16": [
    {
      "delta_tbptt_minus_full": 0.0,
      "update": 0
    },
    {
      "delta_tbptt_minus_full": 0.03574007749557495,
      "update": 500
    },
    {
      "delta_tbptt_minus_full": 0.1353532373905182,
      "update": 1000
    },
    {
      "delta_tbptt_minus_full": 0.24973487854003906,
      "update": 1500
    },
    {
      "delta_tbptt_minus_full": 0.3789043426513672,
      "update": 2000
    }
  ],
  "delta_16_at_2000": 0.3789043426513672,
  "frozen_full_bptt_curve": "D:\\Install\\Dev\\Projects\\IA\\Ejercise\\t1_trainability_lab_v0.1.0\\campaign\\omega_ce_only_baseline\\results\\runs\\CE-K4_seed_20260913\\validation_curve.json",
  "report_self_hash": "d0096f97c1b82dadce48e0d5dc93be4a85077ee0f642419ea95e9c6ac22659f8",
  "rss_reduction": 0.627552016168013,
  "run_dir": "D:/Install/Dev/Projects/IA/Ejercise/t1_trainability_lab_v0.1.0/campaign/omega_tbptt_directional_probe/results/runs/TBPTT16-K4_seed_20260913",
  "schema": "omega-tbptt-directional-probe-final-report-v1",
  "tbptt_validation_curve": [
    {
      "finite": true,
      "nll": 10.916903972625732,
      "tokens": 4096,
      "update": 0
    },
    {
      "finite": true,
      "nll": 7.512093633413315,
      "tokens": 4096,
      "update": 500
    },
    {
      "finite": true,
      "nll": 7.098132848739624,
      "tokens": 4096,
      "update": 1000
    },
    {
      "finite": true,
      "nll": 7.045664548873901,
      "tokens": 4096,
      "update": 1500
    },
    {
      "finite": true,
      "nll": 7.122863590717316,
      "tokens": 4096,
      "update": 2000
    }
  ],
  "training_performed": true
}
