literal fused Bclone campaign process log
[1] variant=Bclone run=1 order_index=1 exit=0
stdout:
D,S,R,O_i,B_i,rows_per_worker,bytes_per_worker,mode,variant,S_tile,iterations,timed_repetitions,warmup,worker_count,worker_list,affinity,affinity_error,affinity_succeeded,timed_repetitions_exact,avx2_supported,kernel_used,eviction_bytes,eviction_checksum,elapsed_seconds,mac_total,mac_per_second,checksum
1472,1,16,"457,297,347,371","10763264,6994944,8172544,8737792","457,297,347,371","10763264,6994944,8172544,8737792",fused,Bclone,8,1,8,2,4,"0,2,4,6","true,true,true,true","0,0,0,0",true,true,true,avx2,0,0,0.0163628,277348352,1.69499e+10,37367653
stderr:

[2] variant=A run=1 order_index=2 exit=0
stdout:
D,S,R,O_i,B_i,rows_per_worker,bytes_per_worker,mode,variant,S_tile,iterations,timed_repetitions,warmup,worker_count,worker_list,affinity,affinity_error,affinity_succeeded,timed_repetitions_exact,avx2_supported,kernel_used,eviction_bytes,eviction_checksum,elapsed_seconds,mac_total,mac_per_second,checksum
1472,1,16,"457,297,347,371","672704,437184,510784,546112","457,297,347,371","672704,437184,510784,546112",fused,A,8,1,8,2,4,"0,2,4,6","true,true,true,true","0,0,0,0",true,true,true,avx2,0,0,0.0140856,277348352,1.96902e+10,37367653
stderr:

[3] variant=A run=2 order_index=1 exit=0
stdout:
D,S,R,O_i,B_i,rows_per_worker,bytes_per_worker,mode,variant,S_tile,iterations,timed_repetitions,warmup,worker_count,worker_list,affinity,affinity_error,affinity_succeeded,timed_repetitions_exact,avx2_supported,kernel_used,eviction_bytes,eviction_checksum,elapsed_seconds,mac_total,mac_per_second,checksum
1472,1,16,"457,297,347,371","672704,437184,510784,546112","457,297,347,371","672704,437184,510784,546112",fused,A,8,1,8,2,4,"0,2,4,6","true,true,true,true","0,0,0,0",true,true,true,avx2,0,0,0.0084775,277348352,3.27158e+10,37367653
stderr:

[4] variant=Bclone run=2 order_index=2 exit=0
stdout:
D,S,R,O_i,B_i,rows_per_worker,bytes_per_worker,mode,variant,S_tile,iterations,timed_repetitions,warmup,worker_count,worker_list,affinity,affinity_error,affinity_succeeded,timed_repetitions_exact,avx2_supported,kernel_used,eviction_bytes,eviction_checksum,elapsed_seconds,mac_total,mac_per_second,checksum
1472,1,16,"457,297,347,371","10763264,6994944,8172544,8737792","457,297,347,371","10763264,6994944,8172544,8737792",fused,Bclone,8,1,8,2,4,"0,2,4,6","true,true,true,true","0,0,0,0",true,true,true,avx2,0,0,0.014968,277348352,1.85294e+10,37367653
stderr:

[5] variant=Bclone run=3 order_index=1 exit=0
stdout:
D,S,R,O_i,B_i,rows_per_worker,bytes_per_worker,mode,variant,S_tile,iterations,timed_repetitions,warmup,worker_count,worker_list,affinity,affinity_error,affinity_succeeded,timed_repetitions_exact,avx2_supported,kernel_used,eviction_bytes,eviction_checksum,elapsed_seconds,mac_total,mac_per_second,checksum
1472,1,16,"457,297,347,371","10763264,6994944,8172544,8737792","457,297,347,371","10763264,6994944,8172544,8737792",fused,Bclone,8,1,8,2,4,"0,2,4,6","true,true,true,true","0,0,0,0",true,true,true,avx2,0,0,0.0119151,277348352,2.3277e+10,37367653
stderr:

[6] variant=A run=3 order_index=2 exit=0
stdout:
D,S,R,O_i,B_i,rows_per_worker,bytes_per_worker,mode,variant,S_tile,iterations,timed_repetitions,warmup,worker_count,worker_list,affinity,affinity_error,affinity_succeeded,timed_repetitions_exact,avx2_supported,kernel_used,eviction_bytes,eviction_checksum,elapsed_seconds,mac_total,mac_per_second,checksum
1472,1,16,"457,297,347,371","672704,437184,510784,546112","457,297,347,371","672704,437184,510784,546112",fused,A,8,1,8,2,4,"0,2,4,6","true,true,true,true","0,0,0,0",true,true,true,avx2,0,0,0.0076877,277348352,3.60769e+10,37367653
stderr:

[7] variant=A run=4 order_index=1 exit=0
stdout:
D,S,R,O_i,B_i,rows_per_worker,bytes_per_worker,mode,variant,S_tile,iterations,timed_repetitions,warmup,worker_count,worker_list,affinity,affinity_error,affinity_succeeded,timed_repetitions_exact,avx2_supported,kernel_used,eviction_bytes,eviction_checksum,elapsed_seconds,mac_total,mac_per_second,checksum
1472,1,16,"457,297,347,371","672704,437184,510784,546112","457,297,347,371","672704,437184,510784,546112",fused,A,8,1,8,2,4,"0,2,4,6","true,true,true,true","0,0,0,0",true,true,true,avx2,0,0,0.0072319,277348352,3.83507e+10,37367653
stderr:

[8] variant=Bclone run=4 order_index=2 exit=0
stdout:
D,S,R,O_i,B_i,rows_per_worker,bytes_per_worker,mode,variant,S_tile,iterations,timed_repetitions,warmup,worker_count,worker_list,affinity,affinity_error,affinity_succeeded,timed_repetitions_exact,avx2_supported,kernel_used,eviction_bytes,eviction_checksum,elapsed_seconds,mac_total,mac_per_second,checksum
1472,1,16,"457,297,347,371","10763264,6994944,8172544,8737792","457,297,347,371","10763264,6994944,8172544,8737792",fused,Bclone,8,1,8,2,4,"0,2,4,6","true,true,true,true","0,0,0,0",true,true,true,avx2,0,0,0.0093017,277348352,2.9817e+10,37367653
stderr:

[9] variant=Bclone run=5 order_index=1 exit=0
stdout:
D,S,R,O_i,B_i,rows_per_worker,bytes_per_worker,mode,variant,S_tile,iterations,timed_repetitions,warmup,worker_count,worker_list,affinity,affinity_error,affinity_succeeded,timed_repetitions_exact,avx2_supported,kernel_used,eviction_bytes,eviction_checksum,elapsed_seconds,mac_total,mac_per_second,checksum
1472,1,16,"457,297,347,371","10763264,6994944,8172544,8737792","457,297,347,371","10763264,6994944,8172544,8737792",fused,Bclone,8,1,8,2,4,"0,2,4,6","true,true,true,true","0,0,0,0",true,true,true,avx2,0,0,0.0095514,277348352,2.90375e+10,37367653
stderr:

[10] variant=A run=5 order_index=2 exit=0
stdout:
D,S,R,O_i,B_i,rows_per_worker,bytes_per_worker,mode,variant,S_tile,iterations,timed_repetitions,warmup,worker_count,worker_list,affinity,affinity_error,affinity_succeeded,timed_repetitions_exact,avx2_supported,kernel_used,eviction_bytes,eviction_checksum,elapsed_seconds,mac_total,mac_per_second,checksum
1472,1,16,"457,297,347,371","672704,437184,510784,546112","457,297,347,371","672704,437184,510784,546112",fused,A,8,1,8,2,4,"0,2,4,6","true,true,true,true","0,0,0,0",true,true,true,avx2,0,0,0.0042957,277348352,6.45642e+10,37367653
stderr:

[11] variant=A run=6 order_index=1 exit=0
stdout:
D,S,R,O_i,B_i,rows_per_worker,bytes_per_worker,mode,variant,S_tile,iterations,timed_repetitions,warmup,worker_count,worker_list,affinity,affinity_error,affinity_succeeded,timed_repetitions_exact,avx2_supported,kernel_used,eviction_bytes,eviction_checksum,elapsed_seconds,mac_total,mac_per_second,checksum
1472,1,16,"457,297,347,371","672704,437184,510784,546112","457,297,347,371","672704,437184,510784,546112",fused,A,8,1,8,2,4,"0,2,4,6","true,true,true,true","0,0,0,0",true,true,true,avx2,0,0,0.0083769,277348352,3.31087e+10,37367653
stderr:

[12] variant=Bclone run=6 order_index=2 exit=0
stdout:
D,S,R,O_i,B_i,rows_per_worker,bytes_per_worker,mode,variant,S_tile,iterations,timed_repetitions,warmup,worker_count,worker_list,affinity,affinity_error,affinity_succeeded,timed_repetitions_exact,avx2_supported,kernel_used,eviction_bytes,eviction_checksum,elapsed_seconds,mac_total,mac_per_second,checksum
1472,1,16,"457,297,347,371","10763264,6994944,8172544,8737792","457,297,347,371","10763264,6994944,8172544,8737792",fused,Bclone,8,1,8,2,4,"0,2,4,6","true,true,true,true","0,0,0,0",true,true,true,avx2,0,0,0.0117502,277348352,2.36037e+10,37367653
stderr:

[13] variant=Bclone run=7 order_index=1 exit=0
stdout:
D,S,R,O_i,B_i,rows_per_worker,bytes_per_worker,mode,variant,S_tile,iterations,timed_repetitions,warmup,worker_count,worker_list,affinity,affinity_error,affinity_succeeded,timed_repetitions_exact,avx2_supported,kernel_used,eviction_bytes,eviction_checksum,elapsed_seconds,mac_total,mac_per_second,checksum
1472,1,16,"457,297,347,371","10763264,6994944,8172544,8737792","457,297,347,371","10763264,6994944,8172544,8737792",fused,Bclone,8,1,8,2,4,"0,2,4,6","true,true,true,true","0,0,0,0",true,true,true,avx2,0,0,0.0110404,277348352,2.51212e+10,37367653
stderr:

[14] variant=A run=7 order_index=2 exit=0
stdout:
D,S,R,O_i,B_i,rows_per_worker,bytes_per_worker,mode,variant,S_tile,iterations,timed_repetitions,warmup,worker_count,worker_list,affinity,affinity_error,affinity_succeeded,timed_repetitions_exact,avx2_supported,kernel_used,eviction_bytes,eviction_checksum,elapsed_seconds,mac_total,mac_per_second,checksum
1472,1,16,"457,297,347,371","672704,437184,510784,546112","457,297,347,371","672704,437184,510784,546112",fused,A,8,1,8,2,4,"0,2,4,6","true,true,true,true","0,0,0,0",true,true,true,avx2,0,0,0.010603,277348352,2.61575e+10,37367653
stderr:

[15] variant=A run=8 order_index=1 exit=0
stdout:
D,S,R,O_i,B_i,rows_per_worker,bytes_per_worker,mode,variant,S_tile,iterations,timed_repetitions,warmup,worker_count,worker_list,affinity,affinity_error,affinity_succeeded,timed_repetitions_exact,avx2_supported,kernel_used,eviction_bytes,eviction_checksum,elapsed_seconds,mac_total,mac_per_second,checksum
1472,1,16,"457,297,347,371","672704,437184,510784,546112","457,297,347,371","672704,437184,510784,546112",fused,A,8,1,8,2,4,"0,2,4,6","true,true,true,true","0,0,0,0",true,true,true,avx2,0,0,0.009458,277348352,2.93242e+10,37367653
stderr:

[16] variant=Bclone run=8 order_index=2 exit=0
stdout:
D,S,R,O_i,B_i,rows_per_worker,bytes_per_worker,mode,variant,S_tile,iterations,timed_repetitions,warmup,worker_count,worker_list,affinity,affinity_error,affinity_succeeded,timed_repetitions_exact,avx2_supported,kernel_used,eviction_bytes,eviction_checksum,elapsed_seconds,mac_total,mac_per_second,checksum
1472,1,16,"457,297,347,371","10763264,6994944,8172544,8737792","457,297,347,371","10763264,6994944,8172544,8737792",fused,Bclone,8,1,8,2,4,"0,2,4,6","true,true,true,true","0,0,0,0",true,true,true,avx2,0,0,0.0226769,277348352,1.22304e+10,37367653
stderr:

[17] variant=Bclone run=9 order_index=1 exit=0
stdout:
D,S,R,O_i,B_i,rows_per_worker,bytes_per_worker,mode,variant,S_tile,iterations,timed_repetitions,warmup,worker_count,worker_list,affinity,affinity_error,affinity_succeeded,timed_repetitions_exact,avx2_supported,kernel_used,eviction_bytes,eviction_checksum,elapsed_seconds,mac_total,mac_per_second,checksum
1472,1,16,"457,297,347,371","10763264,6994944,8172544,8737792","457,297,347,371","10763264,6994944,8172544,8737792",fused,Bclone,8,1,8,2,4,"0,2,4,6","true,true,true,true","0,0,0,0",true,true,true,avx2,0,0,0.0222515,277348352,1.24643e+10,37367653
stderr:

[18] variant=A run=9 order_index=2 exit=0
stdout:
D,S,R,O_i,B_i,rows_per_worker,bytes_per_worker,mode,variant,S_tile,iterations,timed_repetitions,warmup,worker_count,worker_list,affinity,affinity_error,affinity_succeeded,timed_repetitions_exact,avx2_supported,kernel_used,eviction_bytes,eviction_checksum,elapsed_seconds,mac_total,mac_per_second,checksum
1472,1,16,"457,297,347,371","672704,437184,510784,546112","457,297,347,371","672704,437184,510784,546112",fused,A,8,1,8,2,4,"0,2,4,6","true,true,true,true","0,0,0,0",true,true,true,avx2,0,0,0.0215101,277348352,1.28939e+10,37367653
stderr:

[19] variant=A run=10 order_index=1 exit=0
stdout:
D,S,R,O_i,B_i,rows_per_worker,bytes_per_worker,mode,variant,S_tile,iterations,timed_repetitions,warmup,worker_count,worker_list,affinity,affinity_error,affinity_succeeded,timed_repetitions_exact,avx2_supported,kernel_used,eviction_bytes,eviction_checksum,elapsed_seconds,mac_total,mac_per_second,checksum
1472,1,16,"457,297,347,371","672704,437184,510784,546112","457,297,347,371","672704,437184,510784,546112",fused,A,8,1,8,2,4,"0,2,4,6","true,true,true,true","0,0,0,0",true,true,true,avx2,0,0,0.0141584,277348352,1.9589e+10,37367653
stderr:

[20] variant=Bclone run=10 order_index=2 exit=0
stdout:
D,S,R,O_i,B_i,rows_per_worker,bytes_per_worker,mode,variant,S_tile,iterations,timed_repetitions,warmup,worker_count,worker_list,affinity,affinity_error,affinity_succeeded,timed_repetitions_exact,avx2_supported,kernel_used,eviction_bytes,eviction_checksum,elapsed_seconds,mac_total,mac_per_second,checksum
1472,1,16,"457,297,347,371","10763264,6994944,8172544,8737792","457,297,347,371","10763264,6994944,8172544,8737792",fused,Bclone,8,1,8,2,4,"0,2,4,6","true,true,true,true","0,0,0,0",true,true,true,avx2,0,0,0.0225302,277348352,1.23101e+10,37367653
stderr:

