T0-R block timing diagnostic stderr
boundaries=QPC immediately before and after make_data block-construction loop; input fill and all code outside loop excluded
bclone_first=first WeightBlock copy plus push_back operation only; clone_copy_elapsed_seconds=sum of each clone copy operation; remaining=total-first
diagnostic_enabled=True
invocation=1 block_timing variant=A worker=0 cpu=0 row=1332 block_loop_elapsed_seconds=0.0010976 first_clone_copy_elapsed_seconds=0 clone_copy_elapsed_seconds=0 remaining_clone_copy_elapsed_seconds=0
invocation=1 block_timing variant=A worker=1 cpu=2 row=807 block_loop_elapsed_seconds=0.0008948 first_clone_copy_elapsed_seconds=0 clone_copy_elapsed_seconds=0 remaining_clone_copy_elapsed_seconds=0
invocation=1 block_timing variant=A worker=2 cpu=4 row=965 block_loop_elapsed_seconds=0.0007689 first_clone_copy_elapsed_seconds=0 clone_copy_elapsed_seconds=0 remaining_clone_copy_elapsed_seconds=0
invocation=1 block_timing variant=A worker=3 cpu=6 row=992 block_loop_elapsed_seconds=0.0012063 first_clone_copy_elapsed_seconds=0 clone_copy_elapsed_seconds=0 remaining_clone_copy_elapsed_seconds=0
invocation=2 block_timing variant=B worker=0 cpu=0 row=1332 block_loop_elapsed_seconds=0.0188927 first_clone_copy_elapsed_seconds=0 clone_copy_elapsed_seconds=0 remaining_clone_copy_elapsed_seconds=0
invocation=2 block_timing variant=B worker=1 cpu=2 row=807 block_loop_elapsed_seconds=0.0137744 first_clone_copy_elapsed_seconds=0 clone_copy_elapsed_seconds=0 remaining_clone_copy_elapsed_seconds=0
invocation=2 block_timing variant=B worker=2 cpu=4 row=965 block_loop_elapsed_seconds=0.0155202 first_clone_copy_elapsed_seconds=0 clone_copy_elapsed_seconds=0 remaining_clone_copy_elapsed_seconds=0
invocation=2 block_timing variant=B worker=3 cpu=6 row=992 block_loop_elapsed_seconds=0.0140106 first_clone_copy_elapsed_seconds=0 clone_copy_elapsed_seconds=0 remaining_clone_copy_elapsed_seconds=0
invocation=3 block_timing variant=Bclone worker=0 cpu=0 row=1332 block_loop_elapsed_seconds=0.0040017 first_clone_copy_elapsed_seconds=0.0001898 clone_copy_elapsed_seconds=0.0029651 remaining_clone_copy_elapsed_seconds=0.0027753
invocation=3 block_timing variant=Bclone worker=1 cpu=2 row=807 block_loop_elapsed_seconds=0.002637 first_clone_copy_elapsed_seconds=8.74e-05 clone_copy_elapsed_seconds=0.0017865 remaining_clone_copy_elapsed_seconds=0.0016991
invocation=3 block_timing variant=Bclone worker=2 cpu=4 row=965 block_loop_elapsed_seconds=0.0030851 first_clone_copy_elapsed_seconds=7.79e-05 clone_copy_elapsed_seconds=0.0022891 remaining_clone_copy_elapsed_seconds=0.0022112
invocation=3 block_timing variant=Bclone worker=3 cpu=6 row=992 block_loop_elapsed_seconds=0.0031752 first_clone_copy_elapsed_seconds=0.0001199 clone_copy_elapsed_seconds=0.0021489 remaining_clone_copy_elapsed_seconds=0.002029
invocation=4 block_timing variant=Bclone worker=0 cpu=0 row=1332 block_loop_elapsed_seconds=0.0041357 first_clone_copy_elapsed_seconds=0.000224 clone_copy_elapsed_seconds=0.0031002 remaining_clone_copy_elapsed_seconds=0.0028762
invocation=4 block_timing variant=Bclone worker=1 cpu=2 row=807 block_loop_elapsed_seconds=0.0029492 first_clone_copy_elapsed_seconds=9.67e-05 clone_copy_elapsed_seconds=0.0020967 remaining_clone_copy_elapsed_seconds=0.002
invocation=4 block_timing variant=Bclone worker=2 cpu=4 row=965 block_loop_elapsed_seconds=0.0031695 first_clone_copy_elapsed_seconds=6.23e-05 clone_copy_elapsed_seconds=0.002381 remaining_clone_copy_elapsed_seconds=0.0023187
invocation=4 block_timing variant=Bclone worker=3 cpu=6 row=992 block_loop_elapsed_seconds=0.0035052 first_clone_copy_elapsed_seconds=0.0001288 clone_copy_elapsed_seconds=0.0024956 remaining_clone_copy_elapsed_seconds=0.0023668
invocation=5 block_timing variant=B worker=0 cpu=0 row=1332 block_loop_elapsed_seconds=0.0200446 first_clone_copy_elapsed_seconds=0 clone_copy_elapsed_seconds=0 remaining_clone_copy_elapsed_seconds=0
invocation=5 block_timing variant=B worker=1 cpu=2 row=807 block_loop_elapsed_seconds=0.0099863 first_clone_copy_elapsed_seconds=0 clone_copy_elapsed_seconds=0 remaining_clone_copy_elapsed_seconds=0
invocation=5 block_timing variant=B worker=2 cpu=4 row=965 block_loop_elapsed_seconds=0.0152564 first_clone_copy_elapsed_seconds=0 clone_copy_elapsed_seconds=0 remaining_clone_copy_elapsed_seconds=0
invocation=5 block_timing variant=B worker=3 cpu=6 row=992 block_loop_elapsed_seconds=0.0146687 first_clone_copy_elapsed_seconds=0 clone_copy_elapsed_seconds=0 remaining_clone_copy_elapsed_seconds=0
invocation=6 block_timing variant=A worker=0 cpu=0 row=1332 block_loop_elapsed_seconds=0.001049 first_clone_copy_elapsed_seconds=0 clone_copy_elapsed_seconds=0 remaining_clone_copy_elapsed_seconds=0
invocation=6 block_timing variant=A worker=1 cpu=2 row=807 block_loop_elapsed_seconds=0.0008214 first_clone_copy_elapsed_seconds=0 clone_copy_elapsed_seconds=0 remaining_clone_copy_elapsed_seconds=0
invocation=6 block_timing variant=A worker=2 cpu=4 row=965 block_loop_elapsed_seconds=0.0009724 first_clone_copy_elapsed_seconds=0 clone_copy_elapsed_seconds=0 remaining_clone_copy_elapsed_seconds=0
invocation=6 block_timing variant=A worker=3 cpu=6 row=992 block_loop_elapsed_seconds=0.0008342 first_clone_copy_elapsed_seconds=0 clone_copy_elapsed_seconds=0 remaining_clone_copy_elapsed_seconds=0
invocation=7 block_timing variant=A worker=0 cpu=0 row=1332 block_loop_elapsed_seconds=0.0010443 first_clone_copy_elapsed_seconds=0 clone_copy_elapsed_seconds=0 remaining_clone_copy_elapsed_seconds=0
invocation=7 block_timing variant=A worker=1 cpu=2 row=807 block_loop_elapsed_seconds=0.0008171 first_clone_copy_elapsed_seconds=0 clone_copy_elapsed_seconds=0 remaining_clone_copy_elapsed_seconds=0
invocation=7 block_timing variant=A worker=2 cpu=4 row=965 block_loop_elapsed_seconds=0.0009896 first_clone_copy_elapsed_seconds=0 clone_copy_elapsed_seconds=0 remaining_clone_copy_elapsed_seconds=0
invocation=7 block_timing variant=A worker=3 cpu=6 row=992 block_loop_elapsed_seconds=0.0008484 first_clone_copy_elapsed_seconds=0 clone_copy_elapsed_seconds=0 remaining_clone_copy_elapsed_seconds=0
invocation=8 block_timing variant=B worker=0 cpu=0 row=1332 block_loop_elapsed_seconds=0.0188611 first_clone_copy_elapsed_seconds=0 clone_copy_elapsed_seconds=0 remaining_clone_copy_elapsed_seconds=0
invocation=8 block_timing variant=B worker=1 cpu=2 row=807 block_loop_elapsed_seconds=0.0127581 first_clone_copy_elapsed_seconds=0 clone_copy_elapsed_seconds=0 remaining_clone_copy_elapsed_seconds=0
invocation=8 block_timing variant=B worker=2 cpu=4 row=965 block_loop_elapsed_seconds=0.0118223 first_clone_copy_elapsed_seconds=0 clone_copy_elapsed_seconds=0 remaining_clone_copy_elapsed_seconds=0
invocation=8 block_timing variant=B worker=3 cpu=6 row=992 block_loop_elapsed_seconds=0.0159249 first_clone_copy_elapsed_seconds=0 clone_copy_elapsed_seconds=0 remaining_clone_copy_elapsed_seconds=0
invocation=9 block_timing variant=Bclone worker=0 cpu=0 row=1332 block_loop_elapsed_seconds=0.0039524 first_clone_copy_elapsed_seconds=0.0001277 clone_copy_elapsed_seconds=0.0028974 remaining_clone_copy_elapsed_seconds=0.0027697
invocation=9 block_timing variant=Bclone worker=1 cpu=2 row=807 block_loop_elapsed_seconds=0.0028063 first_clone_copy_elapsed_seconds=5e-05 clone_copy_elapsed_seconds=0.0019905 remaining_clone_copy_elapsed_seconds=0.0019405
invocation=9 block_timing variant=Bclone worker=2 cpu=4 row=965 block_loop_elapsed_seconds=0.0033796 first_clone_copy_elapsed_seconds=0.0001218 clone_copy_elapsed_seconds=0.0023966 remaining_clone_copy_elapsed_seconds=0.0022748
invocation=9 block_timing variant=Bclone worker=3 cpu=6 row=992 block_loop_elapsed_seconds=0.0030941 first_clone_copy_elapsed_seconds=9.29e-05 clone_copy_elapsed_seconds=0.002261 remaining_clone_copy_elapsed_seconds=0.0021681
invocation=10 block_timing variant=Bclone worker=0 cpu=0 row=1332 block_loop_elapsed_seconds=0.0041881 first_clone_copy_elapsed_seconds=0.0002448 clone_copy_elapsed_seconds=0.0027296 remaining_clone_copy_elapsed_seconds=0.0024848
invocation=10 block_timing variant=Bclone worker=1 cpu=2 row=807 block_loop_elapsed_seconds=0.0026248 first_clone_copy_elapsed_seconds=6.84e-05 clone_copy_elapsed_seconds=0.001807 remaining_clone_copy_elapsed_seconds=0.0017386
invocation=10 block_timing variant=Bclone worker=2 cpu=4 row=965 block_loop_elapsed_seconds=0.0026849 first_clone_copy_elapsed_seconds=7.83e-05 clone_copy_elapsed_seconds=0.0019234 remaining_clone_copy_elapsed_seconds=0.0018451
invocation=10 block_timing variant=Bclone worker=3 cpu=6 row=992 block_loop_elapsed_seconds=0.0032974 first_clone_copy_elapsed_seconds=0.0001412 clone_copy_elapsed_seconds=0.002221 remaining_clone_copy_elapsed_seconds=0.0020798
invocation=11 block_timing variant=B worker=0 cpu=0 row=1332 block_loop_elapsed_seconds=0.0188709 first_clone_copy_elapsed_seconds=0 clone_copy_elapsed_seconds=0 remaining_clone_copy_elapsed_seconds=0
invocation=11 block_timing variant=B worker=1 cpu=2 row=807 block_loop_elapsed_seconds=0.0130647 first_clone_copy_elapsed_seconds=0 clone_copy_elapsed_seconds=0 remaining_clone_copy_elapsed_seconds=0
invocation=11 block_timing variant=B worker=2 cpu=4 row=965 block_loop_elapsed_seconds=0.0127369 first_clone_copy_elapsed_seconds=0 clone_copy_elapsed_seconds=0 remaining_clone_copy_elapsed_seconds=0
invocation=11 block_timing variant=B worker=3 cpu=6 row=992 block_loop_elapsed_seconds=0.0147617 first_clone_copy_elapsed_seconds=0 clone_copy_elapsed_seconds=0 remaining_clone_copy_elapsed_seconds=0
invocation=12 block_timing variant=A worker=0 cpu=0 row=1332 block_loop_elapsed_seconds=0.001046 first_clone_copy_elapsed_seconds=0 clone_copy_elapsed_seconds=0 remaining_clone_copy_elapsed_seconds=0
invocation=12 block_timing variant=A worker=1 cpu=2 row=807 block_loop_elapsed_seconds=0.0008976 first_clone_copy_elapsed_seconds=0 clone_copy_elapsed_seconds=0 remaining_clone_copy_elapsed_seconds=0
invocation=12 block_timing variant=A worker=2 cpu=4 row=965 block_loop_elapsed_seconds=0.0007964 first_clone_copy_elapsed_seconds=0 clone_copy_elapsed_seconds=0 remaining_clone_copy_elapsed_seconds=0
invocation=12 block_timing variant=A worker=3 cpu=6 row=992 block_loop_elapsed_seconds=0.0011273 first_clone_copy_elapsed_seconds=0 clone_copy_elapsed_seconds=0 remaining_clone_copy_elapsed_seconds=0
invocation=13 block_timing variant=A worker=0 cpu=0 row=1332 block_loop_elapsed_seconds=0.0010296 first_clone_copy_elapsed_seconds=0 clone_copy_elapsed_seconds=0 remaining_clone_copy_elapsed_seconds=0
invocation=13 block_timing variant=A worker=1 cpu=2 row=807 block_loop_elapsed_seconds=0.0006661 first_clone_copy_elapsed_seconds=0 clone_copy_elapsed_seconds=0 remaining_clone_copy_elapsed_seconds=0
invocation=13 block_timing variant=A worker=2 cpu=4 row=965 block_loop_elapsed_seconds=0.001012 first_clone_copy_elapsed_seconds=0 clone_copy_elapsed_seconds=0 remaining_clone_copy_elapsed_seconds=0
invocation=13 block_timing variant=A worker=3 cpu=6 row=992 block_loop_elapsed_seconds=0.0010589 first_clone_copy_elapsed_seconds=0 clone_copy_elapsed_seconds=0 remaining_clone_copy_elapsed_seconds=0
invocation=14 block_timing variant=B worker=0 cpu=0 row=1332 block_loop_elapsed_seconds=0.0200703 first_clone_copy_elapsed_seconds=0 clone_copy_elapsed_seconds=0 remaining_clone_copy_elapsed_seconds=0
invocation=14 block_timing variant=B worker=1 cpu=2 row=807 block_loop_elapsed_seconds=0.0103651 first_clone_copy_elapsed_seconds=0 clone_copy_elapsed_seconds=0 remaining_clone_copy_elapsed_seconds=0
invocation=14 block_timing variant=B worker=2 cpu=4 row=965 block_loop_elapsed_seconds=0.0127222 first_clone_copy_elapsed_seconds=0 clone_copy_elapsed_seconds=0 remaining_clone_copy_elapsed_seconds=0
invocation=14 block_timing variant=B worker=3 cpu=6 row=992 block_loop_elapsed_seconds=0.0154515 first_clone_copy_elapsed_seconds=0 clone_copy_elapsed_seconds=0 remaining_clone_copy_elapsed_seconds=0
invocation=15 block_timing variant=Bclone worker=0 cpu=0 row=1332 block_loop_elapsed_seconds=0.0035056 first_clone_copy_elapsed_seconds=0.0001654 clone_copy_elapsed_seconds=0.0024649 remaining_clone_copy_elapsed_seconds=0.0022995
invocation=15 block_timing variant=Bclone worker=1 cpu=2 row=807 block_loop_elapsed_seconds=0.002609 first_clone_copy_elapsed_seconds=7.19e-05 clone_copy_elapsed_seconds=0.0017844 remaining_clone_copy_elapsed_seconds=0.0017125
invocation=15 block_timing variant=Bclone worker=2 cpu=4 row=965 block_loop_elapsed_seconds=0.0031259 first_clone_copy_elapsed_seconds=0.0001054 clone_copy_elapsed_seconds=0.002156 remaining_clone_copy_elapsed_seconds=0.0020506
invocation=15 block_timing variant=Bclone worker=3 cpu=6 row=992 block_loop_elapsed_seconds=0.0029712 first_clone_copy_elapsed_seconds=9.17e-05 clone_copy_elapsed_seconds=0.0021609 remaining_clone_copy_elapsed_seconds=0.0020692
invocation=16 block_timing variant=Bclone worker=0 cpu=0 row=1332 block_loop_elapsed_seconds=0.0042404 first_clone_copy_elapsed_seconds=0.0001716 clone_copy_elapsed_seconds=0.0028976 remaining_clone_copy_elapsed_seconds=0.002726
invocation=16 block_timing variant=Bclone worker=1 cpu=2 row=807 block_loop_elapsed_seconds=0.0025237 first_clone_copy_elapsed_seconds=6.09e-05 clone_copy_elapsed_seconds=0.0018298 remaining_clone_copy_elapsed_seconds=0.0017689
invocation=16 block_timing variant=Bclone worker=2 cpu=4 row=965 block_loop_elapsed_seconds=0.0032377 first_clone_copy_elapsed_seconds=0.0001235 clone_copy_elapsed_seconds=0.0022417 remaining_clone_copy_elapsed_seconds=0.0021182
invocation=16 block_timing variant=Bclone worker=3 cpu=6 row=992 block_loop_elapsed_seconds=0.0029935 first_clone_copy_elapsed_seconds=0.0001008 clone_copy_elapsed_seconds=0.0022117 remaining_clone_copy_elapsed_seconds=0.0021109
invocation=17 block_timing variant=B worker=0 cpu=0 row=1332 block_loop_elapsed_seconds=0.0164788 first_clone_copy_elapsed_seconds=0 clone_copy_elapsed_seconds=0 remaining_clone_copy_elapsed_seconds=0
invocation=17 block_timing variant=B worker=1 cpu=2 row=807 block_loop_elapsed_seconds=0.0117788 first_clone_copy_elapsed_seconds=0 clone_copy_elapsed_seconds=0 remaining_clone_copy_elapsed_seconds=0
invocation=17 block_timing variant=B worker=2 cpu=4 row=965 block_loop_elapsed_seconds=0.0140597 first_clone_copy_elapsed_seconds=0 clone_copy_elapsed_seconds=0 remaining_clone_copy_elapsed_seconds=0
invocation=17 block_timing variant=B worker=3 cpu=6 row=992 block_loop_elapsed_seconds=0.0158641 first_clone_copy_elapsed_seconds=0 clone_copy_elapsed_seconds=0 remaining_clone_copy_elapsed_seconds=0
invocation=18 block_timing variant=A worker=0 cpu=0 row=1332 block_loop_elapsed_seconds=0.0010485 first_clone_copy_elapsed_seconds=0 clone_copy_elapsed_seconds=0 remaining_clone_copy_elapsed_seconds=0
invocation=18 block_timing variant=A worker=1 cpu=2 row=807 block_loop_elapsed_seconds=0.0008586 first_clone_copy_elapsed_seconds=0 clone_copy_elapsed_seconds=0 remaining_clone_copy_elapsed_seconds=0
invocation=18 block_timing variant=A worker=2 cpu=4 row=965 block_loop_elapsed_seconds=0.0010183 first_clone_copy_elapsed_seconds=0 clone_copy_elapsed_seconds=0 remaining_clone_copy_elapsed_seconds=0
invocation=18 block_timing variant=A worker=3 cpu=6 row=992 block_loop_elapsed_seconds=0.000808 first_clone_copy_elapsed_seconds=0 clone_copy_elapsed_seconds=0 remaining_clone_copy_elapsed_seconds=0
invocation=19 block_timing variant=A worker=0 cpu=0 row=1332 block_loop_elapsed_seconds=0.0010726 first_clone_copy_elapsed_seconds=0 clone_copy_elapsed_seconds=0 remaining_clone_copy_elapsed_seconds=0
invocation=19 block_timing variant=A worker=1 cpu=2 row=807 block_loop_elapsed_seconds=0.0006916 first_clone_copy_elapsed_seconds=0 clone_copy_elapsed_seconds=0 remaining_clone_copy_elapsed_seconds=0
invocation=19 block_timing variant=A worker=2 cpu=4 row=965 block_loop_elapsed_seconds=0.0009822 first_clone_copy_elapsed_seconds=0 clone_copy_elapsed_seconds=0 remaining_clone_copy_elapsed_seconds=0
invocation=19 block_timing variant=A worker=3 cpu=6 row=992 block_loop_elapsed_seconds=0.0010118 first_clone_copy_elapsed_seconds=0 clone_copy_elapsed_seconds=0 remaining_clone_copy_elapsed_seconds=0
invocation=20 block_timing variant=B worker=0 cpu=0 row=1332 block_loop_elapsed_seconds=0.0195038 first_clone_copy_elapsed_seconds=0 clone_copy_elapsed_seconds=0 remaining_clone_copy_elapsed_seconds=0
invocation=20 block_timing variant=B worker=1 cpu=2 row=807 block_loop_elapsed_seconds=0.0130606 first_clone_copy_elapsed_seconds=0 clone_copy_elapsed_seconds=0 remaining_clone_copy_elapsed_seconds=0
invocation=20 block_timing variant=B worker=2 cpu=4 row=965 block_loop_elapsed_seconds=0.0143539 first_clone_copy_elapsed_seconds=0 clone_copy_elapsed_seconds=0 remaining_clone_copy_elapsed_seconds=0
invocation=20 block_timing variant=B worker=3 cpu=6 row=992 block_loop_elapsed_seconds=0.0137513 first_clone_copy_elapsed_seconds=0 clone_copy_elapsed_seconds=0 remaining_clone_copy_elapsed_seconds=0
invocation=21 block_timing variant=Bclone worker=0 cpu=0 row=1332 block_loop_elapsed_seconds=0.0039553 first_clone_copy_elapsed_seconds=0.0001867 clone_copy_elapsed_seconds=0.0029006 remaining_clone_copy_elapsed_seconds=0.0027139
invocation=21 block_timing variant=Bclone worker=1 cpu=2 row=807 block_loop_elapsed_seconds=0.0026305 first_clone_copy_elapsed_seconds=6.75e-05 clone_copy_elapsed_seconds=0.0018168 remaining_clone_copy_elapsed_seconds=0.0017493
invocation=21 block_timing variant=Bclone worker=2 cpu=4 row=965 block_loop_elapsed_seconds=0.0030778 first_clone_copy_elapsed_seconds=0.000142 clone_copy_elapsed_seconds=0.0021035 remaining_clone_copy_elapsed_seconds=0.0019615
invocation=21 block_timing variant=Bclone worker=3 cpu=6 row=992 block_loop_elapsed_seconds=0.0028394 first_clone_copy_elapsed_seconds=8.28e-05 clone_copy_elapsed_seconds=0.0020116 remaining_clone_copy_elapsed_seconds=0.0019288
invocation=22 block_timing variant=Bclone worker=0 cpu=0 row=1332 block_loop_elapsed_seconds=0.0038491 first_clone_copy_elapsed_seconds=0.0001705 clone_copy_elapsed_seconds=0.0028061 remaining_clone_copy_elapsed_seconds=0.0026356
invocation=22 block_timing variant=Bclone worker=1 cpu=2 row=807 block_loop_elapsed_seconds=0.0025589 first_clone_copy_elapsed_seconds=0.0001152 clone_copy_elapsed_seconds=0.0017079 remaining_clone_copy_elapsed_seconds=0.0015927
invocation=22 block_timing variant=Bclone worker=2 cpu=4 row=965 block_loop_elapsed_seconds=0.0031878 first_clone_copy_elapsed_seconds=6.33e-05 clone_copy_elapsed_seconds=0.0023945 remaining_clone_copy_elapsed_seconds=0.0023312
invocation=22 block_timing variant=Bclone worker=3 cpu=6 row=992 block_loop_elapsed_seconds=0.0031405 first_clone_copy_elapsed_seconds=0.0001068 clone_copy_elapsed_seconds=0.0021317 remaining_clone_copy_elapsed_seconds=0.0020249
invocation=23 block_timing variant=B worker=0 cpu=0 row=1332 block_loop_elapsed_seconds=0.0190683 first_clone_copy_elapsed_seconds=0 clone_copy_elapsed_seconds=0 remaining_clone_copy_elapsed_seconds=0
invocation=23 block_timing variant=B worker=1 cpu=2 row=807 block_loop_elapsed_seconds=0.0119313 first_clone_copy_elapsed_seconds=0 clone_copy_elapsed_seconds=0 remaining_clone_copy_elapsed_seconds=0
invocation=23 block_timing variant=B worker=2 cpu=4 row=965 block_loop_elapsed_seconds=0.014283 first_clone_copy_elapsed_seconds=0 clone_copy_elapsed_seconds=0 remaining_clone_copy_elapsed_seconds=0
invocation=23 block_timing variant=B worker=3 cpu=6 row=992 block_loop_elapsed_seconds=0.013916 first_clone_copy_elapsed_seconds=0 clone_copy_elapsed_seconds=0 remaining_clone_copy_elapsed_seconds=0
invocation=24 block_timing variant=A worker=0 cpu=0 row=1332 block_loop_elapsed_seconds=0.0012529 first_clone_copy_elapsed_seconds=0 clone_copy_elapsed_seconds=0 remaining_clone_copy_elapsed_seconds=0
invocation=24 block_timing variant=A worker=1 cpu=2 row=807 block_loop_elapsed_seconds=0.00066 first_clone_copy_elapsed_seconds=0 clone_copy_elapsed_seconds=0 remaining_clone_copy_elapsed_seconds=0
invocation=24 block_timing variant=A worker=2 cpu=4 row=965 block_loop_elapsed_seconds=0.0010544 first_clone_copy_elapsed_seconds=0 clone_copy_elapsed_seconds=0 remaining_clone_copy_elapsed_seconds=0
invocation=24 block_timing variant=A worker=3 cpu=6 row=992 block_loop_elapsed_seconds=0.0008442 first_clone_copy_elapsed_seconds=0 clone_copy_elapsed_seconds=0 remaining_clone_copy_elapsed_seconds=0
invocation=25 block_timing variant=A worker=0 cpu=0 row=1332 block_loop_elapsed_seconds=0.0011125 first_clone_copy_elapsed_seconds=0 clone_copy_elapsed_seconds=0 remaining_clone_copy_elapsed_seconds=0
invocation=25 block_timing variant=A worker=1 cpu=2 row=807 block_loop_elapsed_seconds=0.0009545 first_clone_copy_elapsed_seconds=0 clone_copy_elapsed_seconds=0 remaining_clone_copy_elapsed_seconds=0
invocation=25 block_timing variant=A worker=2 cpu=4 row=965 block_loop_elapsed_seconds=0.0008509 first_clone_copy_elapsed_seconds=0 clone_copy_elapsed_seconds=0 remaining_clone_copy_elapsed_seconds=0
invocation=25 block_timing variant=A worker=3 cpu=6 row=992 block_loop_elapsed_seconds=0.0011247 first_clone_copy_elapsed_seconds=0 clone_copy_elapsed_seconds=0 remaining_clone_copy_elapsed_seconds=0
invocation=26 block_timing variant=B worker=0 cpu=0 row=1332 block_loop_elapsed_seconds=0.0197101 first_clone_copy_elapsed_seconds=0 clone_copy_elapsed_seconds=0 remaining_clone_copy_elapsed_seconds=0
invocation=26 block_timing variant=B worker=1 cpu=2 row=807 block_loop_elapsed_seconds=0.0104487 first_clone_copy_elapsed_seconds=0 clone_copy_elapsed_seconds=0 remaining_clone_copy_elapsed_seconds=0
invocation=26 block_timing variant=B worker=2 cpu=4 row=965 block_loop_elapsed_seconds=0.0134731 first_clone_copy_elapsed_seconds=0 clone_copy_elapsed_seconds=0 remaining_clone_copy_elapsed_seconds=0
invocation=26 block_timing variant=B worker=3 cpu=6 row=992 block_loop_elapsed_seconds=0.0155306 first_clone_copy_elapsed_seconds=0 clone_copy_elapsed_seconds=0 remaining_clone_copy_elapsed_seconds=0
invocation=27 block_timing variant=Bclone worker=0 cpu=0 row=1332 block_loop_elapsed_seconds=0.00481 first_clone_copy_elapsed_seconds=0.0001848 clone_copy_elapsed_seconds=0.0037287 remaining_clone_copy_elapsed_seconds=0.0035439
invocation=27 block_timing variant=Bclone worker=1 cpu=2 row=807 block_loop_elapsed_seconds=0.0032958 first_clone_copy_elapsed_seconds=0.0001118 clone_copy_elapsed_seconds=0.0024244 remaining_clone_copy_elapsed_seconds=0.0023126
invocation=27 block_timing variant=Bclone worker=2 cpu=4 row=965 block_loop_elapsed_seconds=0.0042998 first_clone_copy_elapsed_seconds=0.0002573 clone_copy_elapsed_seconds=0.0032698 remaining_clone_copy_elapsed_seconds=0.0030125
invocation=27 block_timing variant=Bclone worker=3 cpu=6 row=992 block_loop_elapsed_seconds=0.0039281 first_clone_copy_elapsed_seconds=0.0001443 clone_copy_elapsed_seconds=0.0029016 remaining_clone_copy_elapsed_seconds=0.0027573
invocation=28 block_timing variant=Bclone worker=0 cpu=0 row=1332 block_loop_elapsed_seconds=0.0045349 first_clone_copy_elapsed_seconds=0.000192 clone_copy_elapsed_seconds=0.0034305 remaining_clone_copy_elapsed_seconds=0.0032385
invocation=28 block_timing variant=Bclone worker=1 cpu=2 row=807 block_loop_elapsed_seconds=0.0028399 first_clone_copy_elapsed_seconds=6.34e-05 clone_copy_elapsed_seconds=0.0021687 remaining_clone_copy_elapsed_seconds=0.0021053
invocation=28 block_timing variant=Bclone worker=2 cpu=4 row=965 block_loop_elapsed_seconds=0.0038873 first_clone_copy_elapsed_seconds=0.0002216 clone_copy_elapsed_seconds=0.002812 remaining_clone_copy_elapsed_seconds=0.0025904
invocation=28 block_timing variant=Bclone worker=3 cpu=6 row=992 block_loop_elapsed_seconds=0.0040693 first_clone_copy_elapsed_seconds=0.0002088 clone_copy_elapsed_seconds=0.0029896 remaining_clone_copy_elapsed_seconds=0.0027808
invocation=29 block_timing variant=B worker=0 cpu=0 row=1332 block_loop_elapsed_seconds=0.0173212 first_clone_copy_elapsed_seconds=0 clone_copy_elapsed_seconds=0 remaining_clone_copy_elapsed_seconds=0
invocation=29 block_timing variant=B worker=1 cpu=2 row=807 block_loop_elapsed_seconds=0.0138796 first_clone_copy_elapsed_seconds=0 clone_copy_elapsed_seconds=0 remaining_clone_copy_elapsed_seconds=0
invocation=29 block_timing variant=B worker=2 cpu=4 row=965 block_loop_elapsed_seconds=0.0159844 first_clone_copy_elapsed_seconds=0 clone_copy_elapsed_seconds=0 remaining_clone_copy_elapsed_seconds=0
invocation=29 block_timing variant=B worker=3 cpu=6 row=992 block_loop_elapsed_seconds=0.0133907 first_clone_copy_elapsed_seconds=0 clone_copy_elapsed_seconds=0 remaining_clone_copy_elapsed_seconds=0
invocation=30 block_timing variant=A worker=0 cpu=0 row=1332 block_loop_elapsed_seconds=0.0010413 first_clone_copy_elapsed_seconds=0 clone_copy_elapsed_seconds=0 remaining_clone_copy_elapsed_seconds=0
invocation=30 block_timing variant=A worker=1 cpu=2 row=807 block_loop_elapsed_seconds=0.0006765 first_clone_copy_elapsed_seconds=0 clone_copy_elapsed_seconds=0 remaining_clone_copy_elapsed_seconds=0
invocation=30 block_timing variant=A worker=2 cpu=4 row=965 block_loop_elapsed_seconds=0.0010413 first_clone_copy_elapsed_seconds=0 clone_copy_elapsed_seconds=0 remaining_clone_copy_elapsed_seconds=0
invocation=30 block_timing variant=A worker=3 cpu=6 row=992 block_loop_elapsed_seconds=0.0010899 first_clone_copy_elapsed_seconds=0 clone_copy_elapsed_seconds=0 remaining_clone_copy_elapsed_seconds=0
