T0-R ready timing diagnostic stderr
boundaries=worker lambda entry through immediate QPC after existing ready.arrive_and_wait returns; includes make_data, output allocation, eviction allocation, AffinityGuard, warmup, and wait for coordinator ready arrival
diagnostic_enabled=True
ready_timing variant=A worker=0 cpu=0 row=1332 ready_elapsed_seconds=0.0026888
ready_timing variant=A worker=1 cpu=2 row=807 ready_elapsed_seconds=0.0027362
ready_timing variant=A worker=2 cpu=4 row=965 ready_elapsed_seconds=0.005834
ready_timing variant=A worker=3 cpu=6 row=992 ready_elapsed_seconds=0.0027455
ready_timing_aggregate variant=A min_seconds=0.0026888 max_seconds=0.005834 mean_seconds=0.00350112
coordinator_kernel_elapsed variant=A kernel_elapsed_seconds=0.0158861
ready_timing variant=B worker=0 cpu=0 row=1332 ready_elapsed_seconds=0.020927
ready_timing variant=B worker=1 cpu=2 row=807 ready_elapsed_seconds=0.0209303
ready_timing variant=B worker=2 cpu=4 row=965 ready_elapsed_seconds=0.0209198
ready_timing variant=B worker=3 cpu=6 row=992 ready_elapsed_seconds=0.0209133
ready_timing_aggregate variant=B min_seconds=0.0209133 max_seconds=0.0209303 mean_seconds=0.0209226
coordinator_kernel_elapsed variant=B kernel_elapsed_seconds=0.008205
ready_timing variant=Bclone worker=0 cpu=0 row=1332 ready_elapsed_seconds=0.253028
ready_timing variant=Bclone worker=1 cpu=2 row=807 ready_elapsed_seconds=0.253029
ready_timing variant=Bclone worker=2 cpu=4 row=965 ready_elapsed_seconds=0.253031
ready_timing variant=Bclone worker=3 cpu=6 row=992 ready_elapsed_seconds=0.252985
ready_timing_aggregate variant=Bclone min_seconds=0.252985 max_seconds=0.253031 mean_seconds=0.253018
coordinator_kernel_elapsed variant=Bclone kernel_elapsed_seconds=0.0598071
ready_timing variant=Bclone worker=0 cpu=0 row=1332 ready_elapsed_seconds=0.283369
ready_timing variant=Bclone worker=1 cpu=2 row=807 ready_elapsed_seconds=0.283378
ready_timing variant=Bclone worker=2 cpu=4 row=965 ready_elapsed_seconds=0.283423
ready_timing variant=Bclone worker=3 cpu=6 row=992 ready_elapsed_seconds=0.283392
ready_timing_aggregate variant=Bclone min_seconds=0.283369 max_seconds=0.283423 mean_seconds=0.28339
coordinator_kernel_elapsed variant=Bclone kernel_elapsed_seconds=0.0475685
ready_timing variant=B worker=0 cpu=0 row=1332 ready_elapsed_seconds=0.02952
ready_timing variant=B worker=1 cpu=2 row=807 ready_elapsed_seconds=0.0305194
ready_timing variant=B worker=2 cpu=4 row=965 ready_elapsed_seconds=0.0294812
ready_timing variant=B worker=3 cpu=6 row=992 ready_elapsed_seconds=0.029381
ready_timing_aggregate variant=B min_seconds=0.029381 max_seconds=0.0305194 mean_seconds=0.0297254
coordinator_kernel_elapsed variant=B kernel_elapsed_seconds=0.0159676
ready_timing variant=A worker=0 cpu=0 row=1332 ready_elapsed_seconds=0.0030756
ready_timing variant=A worker=1 cpu=2 row=807 ready_elapsed_seconds=0.0024788
ready_timing variant=A worker=2 cpu=4 row=965 ready_elapsed_seconds=0.0031335
ready_timing variant=A worker=3 cpu=6 row=992 ready_elapsed_seconds=0.0024645
ready_timing_aggregate variant=A min_seconds=0.0024645 max_seconds=0.0031335 mean_seconds=0.0027881
coordinator_kernel_elapsed variant=A kernel_elapsed_seconds=0.0096722
ready_timing variant=A worker=0 cpu=0 row=1332 ready_elapsed_seconds=0.0033309
ready_timing variant=A worker=1 cpu=2 row=807 ready_elapsed_seconds=0.0033109
ready_timing variant=A worker=2 cpu=4 row=965 ready_elapsed_seconds=0.0033446
ready_timing variant=A worker=3 cpu=6 row=992 ready_elapsed_seconds=0.0032528
ready_timing_aggregate variant=A min_seconds=0.0032528 max_seconds=0.0033446 mean_seconds=0.0033098
coordinator_kernel_elapsed variant=A kernel_elapsed_seconds=0.0100933
ready_timing variant=B worker=0 cpu=0 row=1332 ready_elapsed_seconds=0.0246192
ready_timing variant=B worker=1 cpu=2 row=807 ready_elapsed_seconds=0.0246311
ready_timing variant=B worker=2 cpu=4 row=965 ready_elapsed_seconds=0.0246274
ready_timing variant=B worker=3 cpu=6 row=992 ready_elapsed_seconds=0.024627
ready_timing_aggregate variant=B min_seconds=0.0246192 max_seconds=0.0246311 mean_seconds=0.0246262
coordinator_kernel_elapsed variant=B kernel_elapsed_seconds=0.0099441
ready_timing variant=Bclone worker=0 cpu=0 row=1332 ready_elapsed_seconds=0.289841
ready_timing variant=Bclone worker=1 cpu=2 row=807 ready_elapsed_seconds=0.289816
ready_timing variant=Bclone worker=2 cpu=4 row=965 ready_elapsed_seconds=0.289819
ready_timing variant=Bclone worker=3 cpu=6 row=992 ready_elapsed_seconds=0.289824
ready_timing_aggregate variant=Bclone min_seconds=0.289816 max_seconds=0.289841 mean_seconds=0.289825
coordinator_kernel_elapsed variant=Bclone kernel_elapsed_seconds=0.056734
ready_timing variant=Bclone worker=0 cpu=0 row=1332 ready_elapsed_seconds=0.274544
ready_timing variant=Bclone worker=1 cpu=2 row=807 ready_elapsed_seconds=0.274164
ready_timing variant=Bclone worker=2 cpu=4 row=965 ready_elapsed_seconds=0.274548
ready_timing variant=Bclone worker=3 cpu=6 row=992 ready_elapsed_seconds=0.27455
ready_timing_aggregate variant=Bclone min_seconds=0.274164 max_seconds=0.27455 mean_seconds=0.274451
coordinator_kernel_elapsed variant=Bclone kernel_elapsed_seconds=0.0499124
ready_timing variant=B worker=0 cpu=0 row=1332 ready_elapsed_seconds=0.0222707
ready_timing variant=B worker=1 cpu=2 row=807 ready_elapsed_seconds=0.0222814
ready_timing variant=B worker=2 cpu=4 row=965 ready_elapsed_seconds=0.0222738
ready_timing variant=B worker=3 cpu=6 row=992 ready_elapsed_seconds=0.0222641
ready_timing_aggregate variant=B min_seconds=0.0222641 max_seconds=0.0222814 mean_seconds=0.0222725
coordinator_kernel_elapsed variant=B kernel_elapsed_seconds=0.0119216
ready_timing variant=A worker=0 cpu=0 row=1332 ready_elapsed_seconds=0.0027514
ready_timing variant=A worker=1 cpu=2 row=807 ready_elapsed_seconds=0.0027514
ready_timing variant=A worker=2 cpu=4 row=965 ready_elapsed_seconds=0.0027729
ready_timing variant=A worker=3 cpu=6 row=992 ready_elapsed_seconds=0.0065708
ready_timing_aggregate variant=A min_seconds=0.0027514 max_seconds=0.0065708 mean_seconds=0.00371163
coordinator_kernel_elapsed variant=A kernel_elapsed_seconds=0.0070564
ready_timing variant=A worker=0 cpu=0 row=1332 ready_elapsed_seconds=0.0021404
ready_timing variant=A worker=1 cpu=2 row=807 ready_elapsed_seconds=0.0021589
ready_timing variant=A worker=2 cpu=4 row=965 ready_elapsed_seconds=0.0021877
ready_timing variant=A worker=3 cpu=6 row=992 ready_elapsed_seconds=0.0037152
ready_timing_aggregate variant=A min_seconds=0.0021404 max_seconds=0.0037152 mean_seconds=0.00255055
coordinator_kernel_elapsed variant=A kernel_elapsed_seconds=0.0102699
ready_timing variant=B worker=0 cpu=0 row=1332 ready_elapsed_seconds=0.0245702
ready_timing variant=B worker=1 cpu=2 row=807 ready_elapsed_seconds=0.0245792
ready_timing variant=B worker=2 cpu=4 row=965 ready_elapsed_seconds=0.0245753
ready_timing variant=B worker=3 cpu=6 row=992 ready_elapsed_seconds=0.0245641
ready_timing_aggregate variant=B min_seconds=0.0245641 max_seconds=0.0245792 mean_seconds=0.0245722
coordinator_kernel_elapsed variant=B kernel_elapsed_seconds=0.012825
ready_timing variant=Bclone worker=0 cpu=0 row=1332 ready_elapsed_seconds=0.267568
ready_timing variant=Bclone worker=1 cpu=2 row=807 ready_elapsed_seconds=0.267562
ready_timing variant=Bclone worker=2 cpu=4 row=965 ready_elapsed_seconds=0.267574
ready_timing variant=Bclone worker=3 cpu=6 row=992 ready_elapsed_seconds=0.267572
ready_timing_aggregate variant=Bclone min_seconds=0.267562 max_seconds=0.267574 mean_seconds=0.267569
coordinator_kernel_elapsed variant=Bclone kernel_elapsed_seconds=0.0316758
ready_timing variant=Bclone worker=0 cpu=0 row=1332 ready_elapsed_seconds=0.269705
ready_timing variant=Bclone worker=1 cpu=2 row=807 ready_elapsed_seconds=0.269728
ready_timing variant=Bclone worker=2 cpu=4 row=965 ready_elapsed_seconds=0.269825
ready_timing variant=Bclone worker=3 cpu=6 row=992 ready_elapsed_seconds=0.269687
ready_timing_aggregate variant=Bclone min_seconds=0.269687 max_seconds=0.269825 mean_seconds=0.269736
coordinator_kernel_elapsed variant=Bclone kernel_elapsed_seconds=0.0361871
ready_timing variant=B worker=0 cpu=0 row=1332 ready_elapsed_seconds=0.0236699
ready_timing variant=B worker=1 cpu=2 row=807 ready_elapsed_seconds=0.0236587
ready_timing variant=B worker=2 cpu=4 row=965 ready_elapsed_seconds=0.0236489
ready_timing variant=B worker=3 cpu=6 row=992 ready_elapsed_seconds=0.0236726
ready_timing_aggregate variant=B min_seconds=0.0236489 max_seconds=0.0236726 mean_seconds=0.0236625
coordinator_kernel_elapsed variant=B kernel_elapsed_seconds=0.0089788
ready_timing variant=A worker=0 cpu=0 row=1332 ready_elapsed_seconds=0.0019533
ready_timing variant=A worker=1 cpu=2 row=807 ready_elapsed_seconds=0.0019553
ready_timing variant=A worker=2 cpu=4 row=965 ready_elapsed_seconds=0.0019542
ready_timing variant=A worker=3 cpu=6 row=992 ready_elapsed_seconds=0.0019492
ready_timing_aggregate variant=A min_seconds=0.0019492 max_seconds=0.0019553 mean_seconds=0.001953
coordinator_kernel_elapsed variant=A kernel_elapsed_seconds=0.0045658
ready_timing variant=A worker=0 cpu=0 row=1332 ready_elapsed_seconds=0.001894
ready_timing variant=A worker=1 cpu=2 row=807 ready_elapsed_seconds=0.0018952
ready_timing variant=A worker=2 cpu=4 row=965 ready_elapsed_seconds=0.0018387
ready_timing variant=A worker=3 cpu=6 row=992 ready_elapsed_seconds=0.0018625
ready_timing_aggregate variant=A min_seconds=0.0018387 max_seconds=0.0018952 mean_seconds=0.0018726
coordinator_kernel_elapsed variant=A kernel_elapsed_seconds=0.0074163
ready_timing variant=B worker=0 cpu=0 row=1332 ready_elapsed_seconds=0.0218309
ready_timing variant=B worker=1 cpu=2 row=807 ready_elapsed_seconds=0.0218015
ready_timing variant=B worker=2 cpu=4 row=965 ready_elapsed_seconds=0.0217787
ready_timing variant=B worker=3 cpu=6 row=992 ready_elapsed_seconds=0.0218129
ready_timing_aggregate variant=B min_seconds=0.0217787 max_seconds=0.0218309 mean_seconds=0.021806
coordinator_kernel_elapsed variant=B kernel_elapsed_seconds=0.0078398
ready_timing variant=Bclone worker=0 cpu=0 row=1332 ready_elapsed_seconds=0.243482
ready_timing variant=Bclone worker=1 cpu=2 row=807 ready_elapsed_seconds=0.243223
ready_timing variant=Bclone worker=2 cpu=4 row=965 ready_elapsed_seconds=0.243448
ready_timing variant=Bclone worker=3 cpu=6 row=992 ready_elapsed_seconds=0.243478
ready_timing_aggregate variant=Bclone min_seconds=0.243223 max_seconds=0.243482 mean_seconds=0.243407
coordinator_kernel_elapsed variant=Bclone kernel_elapsed_seconds=0.025725
ready_timing variant=Bclone worker=0 cpu=0 row=1332 ready_elapsed_seconds=0.243836
ready_timing variant=Bclone worker=1 cpu=2 row=807 ready_elapsed_seconds=0.243836
ready_timing variant=Bclone worker=2 cpu=4 row=965 ready_elapsed_seconds=0.24383
ready_timing variant=Bclone worker=3 cpu=6 row=992 ready_elapsed_seconds=0.243868
ready_timing_aggregate variant=Bclone min_seconds=0.24383 max_seconds=0.243868 mean_seconds=0.243842
coordinator_kernel_elapsed variant=Bclone kernel_elapsed_seconds=0.0408066
ready_timing variant=B worker=0 cpu=0 row=1332 ready_elapsed_seconds=0.0228107
ready_timing variant=B worker=1 cpu=2 row=807 ready_elapsed_seconds=0.0228156
ready_timing variant=B worker=2 cpu=4 row=965 ready_elapsed_seconds=0.0228121
ready_timing variant=B worker=3 cpu=6 row=992 ready_elapsed_seconds=0.0228108
ready_timing_aggregate variant=B min_seconds=0.0228107 max_seconds=0.0228156 mean_seconds=0.0228123
coordinator_kernel_elapsed variant=B kernel_elapsed_seconds=0.0103057
ready_timing variant=A worker=0 cpu=0 row=1332 ready_elapsed_seconds=0.003289
ready_timing variant=A worker=1 cpu=2 row=807 ready_elapsed_seconds=0.0032954
ready_timing variant=A worker=2 cpu=4 row=965 ready_elapsed_seconds=0.0032645
ready_timing variant=A worker=3 cpu=6 row=992 ready_elapsed_seconds=0.0032864
ready_timing_aggregate variant=A min_seconds=0.0032645 max_seconds=0.0032954 mean_seconds=0.00328383
coordinator_kernel_elapsed variant=A kernel_elapsed_seconds=0.0087238
ready_timing variant=A worker=0 cpu=0 row=1332 ready_elapsed_seconds=0.0045262
ready_timing variant=A worker=1 cpu=2 row=807 ready_elapsed_seconds=0.0045529
ready_timing variant=A worker=2 cpu=4 row=965 ready_elapsed_seconds=0.0061013
ready_timing variant=A worker=3 cpu=6 row=992 ready_elapsed_seconds=0.0045222
ready_timing_aggregate variant=A min_seconds=0.0045222 max_seconds=0.0061013 mean_seconds=0.00492565
coordinator_kernel_elapsed variant=A kernel_elapsed_seconds=0.0093226
ready_timing variant=B worker=0 cpu=0 row=1332 ready_elapsed_seconds=0.0233961
ready_timing variant=B worker=1 cpu=2 row=807 ready_elapsed_seconds=0.0233982
ready_timing variant=B worker=2 cpu=4 row=965 ready_elapsed_seconds=0.0233961
ready_timing variant=B worker=3 cpu=6 row=992 ready_elapsed_seconds=0.0233953
ready_timing_aggregate variant=B min_seconds=0.0233953 max_seconds=0.0233982 mean_seconds=0.0233964
coordinator_kernel_elapsed variant=B kernel_elapsed_seconds=0.0096315
ready_timing variant=Bclone worker=0 cpu=0 row=1332 ready_elapsed_seconds=0.279494
ready_timing variant=Bclone worker=1 cpu=2 row=807 ready_elapsed_seconds=0.279481
ready_timing variant=Bclone worker=2 cpu=4 row=965 ready_elapsed_seconds=0.279479
ready_timing variant=Bclone worker=3 cpu=6 row=992 ready_elapsed_seconds=0.279481
ready_timing_aggregate variant=Bclone min_seconds=0.279479 max_seconds=0.279494 mean_seconds=0.279484
coordinator_kernel_elapsed variant=Bclone kernel_elapsed_seconds=0.0344664
ready_timing variant=Bclone worker=0 cpu=0 row=1332 ready_elapsed_seconds=0.276702
ready_timing variant=Bclone worker=1 cpu=2 row=807 ready_elapsed_seconds=0.276702
ready_timing variant=Bclone worker=2 cpu=4 row=965 ready_elapsed_seconds=0.276702
ready_timing variant=Bclone worker=3 cpu=6 row=992 ready_elapsed_seconds=0.276727
ready_timing_aggregate variant=Bclone min_seconds=0.276702 max_seconds=0.276727 mean_seconds=0.276708
coordinator_kernel_elapsed variant=Bclone kernel_elapsed_seconds=0.0527298
ready_timing variant=B worker=0 cpu=0 row=1332 ready_elapsed_seconds=0.0214769
ready_timing variant=B worker=1 cpu=2 row=807 ready_elapsed_seconds=0.0213734
ready_timing variant=B worker=2 cpu=4 row=965 ready_elapsed_seconds=0.0214539
ready_timing variant=B worker=3 cpu=6 row=992 ready_elapsed_seconds=0.0213882
ready_timing_aggregate variant=B min_seconds=0.0213734 max_seconds=0.0214769 mean_seconds=0.0214231
coordinator_kernel_elapsed variant=B kernel_elapsed_seconds=0.0147576
ready_timing variant=A worker=0 cpu=0 row=1332 ready_elapsed_seconds=0.001959
ready_timing variant=A worker=1 cpu=2 row=807 ready_elapsed_seconds=0.0019752
ready_timing variant=A worker=2 cpu=4 row=965 ready_elapsed_seconds=0.0019603
ready_timing variant=A worker=3 cpu=6 row=992 ready_elapsed_seconds=0.0019465
ready_timing_aggregate variant=A min_seconds=0.0019465 max_seconds=0.0019752 mean_seconds=0.00196025
coordinator_kernel_elapsed variant=A kernel_elapsed_seconds=0.0053831
