{
  "accuracy_direct": {
    "1": 0.999,
    "2": 0.999,
    "4": 0.999
  },
  "best_step": 200,
  "best_val_accuracy_r4": 1.0,
  "elapsed_seconds": 24.865912600187585,
  "finite": true,
  "seed": 202,
  "status": "completed",
  "steps": 5000,
  "value_accuracy_by_round": {
    "1": 0.999,
    "2": 0.999,
    "3": 0.999,
    "4": 0.999
  }
}
D:\Install\Dev\Projects\IA\Ejercise\t1_trainability_lab_v0.1.0\.venv\Scripts\python.exe D:\Install\Dev\Projects\IA\Ejercise\t1_trainability_lab_v0.1.0\scripts\train_associative_typed.py --seed 202 --max-steps 5000 --output-dir D:\Install\Dev\Projects\IA\Ejercise\t1_trainability_lab_v0.1.0\campaign\associative_typed_replication\seed_202
