{
  "best_step": 300,
  "best_val_r4_mean": 1.0,
  "elapsed_seconds": 43.562395700020716,
  "finite": true,
  "seed": 505,
  "status": "completed",
  "steps": 5000,
  "test_matrix": {
    "1": {
      "1": 1.0,
      "2": 1.0,
      "3": 1.0,
      "4": 1.0
    },
    "2": {
      "1": 0.0,
      "2": 1.0,
      "3": 1.0,
      "4": 1.0
    },
    "3": {
      "1": 0.0,
      "2": 0.0,
      "3": 1.0,
      "4": 1.0
    },
    "4": {
      "1": 0.0,
      "2": 0.0,
      "3": 0.0,
      "4": 1.0
    }
  }
}
D:\Install\Dev\Projects\IA\Ejercise\t1_trainability_lab_v0.1.0\.venv\Scripts\python.exe D:\Install\Dev\Projects\IA\Ejercise\t1_trainability_lab_v0.1.0\scripts\train_multihop_pointer.py --seed 505 --max-steps 5000 --output-dir campaign\multihop_pointer_replication\seed_505
