T0-R block timing diagnostic stderr
boundaries=QPC immediately before and after make_data block-construction loop; input fill and all code outside loop excluded
bclone_first=first WeightBlock copy plus push_back operation only; clone_copy_elapsed_seconds=sum of each clone copy operation; remaining=total-first
diagnostic_enabled=True
invocation=1 block_timing variant=A worker=0 cpu=0 row=1332 block_loop_elapsed_seconds=0.0010939 first_clone_copy_elapsed_seconds=0 clone_copy_elapsed_seconds=0 remaining_clone_copy_elapsed_seconds=0
invocation=1 block_timing variant=A worker=1 cpu=2 row=807 block_loop_elapsed_seconds=0.0008146 first_clone_copy_elapsed_seconds=0 clone_copy_elapsed_seconds=0 remaining_clone_copy_elapsed_seconds=0
invocation=1 block_timing variant=A worker=2 cpu=4 row=965 block_loop_elapsed_seconds=0.0010217 first_clone_copy_elapsed_seconds=0 clone_copy_elapsed_seconds=0 remaining_clone_copy_elapsed_seconds=0
invocation=1 block_timing variant=A worker=3 cpu=6 row=992 block_loop_elapsed_seconds=0.0008808 first_clone_copy_elapsed_seconds=0 clone_copy_elapsed_seconds=0 remaining_clone_copy_elapsed_seconds=0
invocation=2 block_timing variant=B worker=0 cpu=0 row=1332 block_loop_elapsed_seconds=0.0206783 first_clone_copy_elapsed_seconds=0 clone_copy_elapsed_seconds=0 remaining_clone_copy_elapsed_seconds=0
invocation=2 block_timing variant=B worker=1 cpu=2 row=807 block_loop_elapsed_seconds=0.0109931 first_clone_copy_elapsed_seconds=0 clone_copy_elapsed_seconds=0 remaining_clone_copy_elapsed_seconds=0
invocation=2 block_timing variant=B worker=2 cpu=4 row=965 block_loop_elapsed_seconds=0.0145851 first_clone_copy_elapsed_seconds=0 clone_copy_elapsed_seconds=0 remaining_clone_copy_elapsed_seconds=0
invocation=2 block_timing variant=B worker=3 cpu=6 row=992 block_loop_elapsed_seconds=0.0150685 first_clone_copy_elapsed_seconds=0 clone_copy_elapsed_seconds=0 remaining_clone_copy_elapsed_seconds=0
invocation=3 block_timing variant=Bclone worker=0 cpu=0 row=1332 block_loop_elapsed_seconds=0.0038248 first_clone_copy_elapsed_seconds=0.0001506 clone_copy_elapsed_seconds=0.0028079 remaining_clone_copy_elapsed_seconds=0.0026573
invocation=3 block_timing variant=Bclone worker=1 cpu=2 row=807 block_loop_elapsed_seconds=0.0030605 first_clone_copy_elapsed_seconds=5.32e-05 clone_copy_elapsed_seconds=0.0022196 remaining_clone_copy_elapsed_seconds=0.0021664
invocation=3 block_timing variant=Bclone worker=2 cpu=4 row=965 block_loop_elapsed_seconds=0.0031663 first_clone_copy_elapsed_seconds=8.61e-05 clone_copy_elapsed_seconds=0.0023942 remaining_clone_copy_elapsed_seconds=0.0023081
invocation=3 block_timing variant=Bclone worker=3 cpu=6 row=992 block_loop_elapsed_seconds=0.0035376 first_clone_copy_elapsed_seconds=0.0001502 clone_copy_elapsed_seconds=0.0025003 remaining_clone_copy_elapsed_seconds=0.0023501
invocation=4 block_timing variant=Bclone worker=0 cpu=0 row=1332 block_loop_elapsed_seconds=0.0043836 first_clone_copy_elapsed_seconds=0.0002276 clone_copy_elapsed_seconds=0.0033143 remaining_clone_copy_elapsed_seconds=0.0030867
invocation=4 block_timing variant=Bclone worker=1 cpu=2 row=807 block_loop_elapsed_seconds=0.0033463 first_clone_copy_elapsed_seconds=9.17e-05 clone_copy_elapsed_seconds=0.0024267 remaining_clone_copy_elapsed_seconds=0.002335
invocation=4 block_timing variant=Bclone worker=2 cpu=4 row=965 block_loop_elapsed_seconds=0.0042241 first_clone_copy_elapsed_seconds=0.0002278 clone_copy_elapsed_seconds=0.0031909 remaining_clone_copy_elapsed_seconds=0.0029631
invocation=4 block_timing variant=Bclone worker=3 cpu=6 row=992 block_loop_elapsed_seconds=0.0039371 first_clone_copy_elapsed_seconds=0.0002005 clone_copy_elapsed_seconds=0.0028049 remaining_clone_copy_elapsed_seconds=0.0026044
invocation=5 block_timing variant=B worker=0 cpu=0 row=1332 block_loop_elapsed_seconds=0.0181789 first_clone_copy_elapsed_seconds=0 clone_copy_elapsed_seconds=0 remaining_clone_copy_elapsed_seconds=0
invocation=5 block_timing variant=B worker=1 cpu=2 row=807 block_loop_elapsed_seconds=0.0106768 first_clone_copy_elapsed_seconds=0 clone_copy_elapsed_seconds=0 remaining_clone_copy_elapsed_seconds=0
invocation=5 block_timing variant=B worker=2 cpu=4 row=965 block_loop_elapsed_seconds=0.0159968 first_clone_copy_elapsed_seconds=0 clone_copy_elapsed_seconds=0 remaining_clone_copy_elapsed_seconds=0
invocation=5 block_timing variant=B worker=3 cpu=6 row=992 block_loop_elapsed_seconds=0.0165272 first_clone_copy_elapsed_seconds=0 clone_copy_elapsed_seconds=0 remaining_clone_copy_elapsed_seconds=0
invocation=6 block_timing variant=A worker=0 cpu=0 row=1332 block_loop_elapsed_seconds=0.0010309 first_clone_copy_elapsed_seconds=0 clone_copy_elapsed_seconds=0 remaining_clone_copy_elapsed_seconds=0
invocation=6 block_timing variant=A worker=1 cpu=2 row=807 block_loop_elapsed_seconds=0.0009067 first_clone_copy_elapsed_seconds=0 clone_copy_elapsed_seconds=0 remaining_clone_copy_elapsed_seconds=0
invocation=6 block_timing variant=A worker=2 cpu=4 row=965 block_loop_elapsed_seconds=0.0008024 first_clone_copy_elapsed_seconds=0 clone_copy_elapsed_seconds=0 remaining_clone_copy_elapsed_seconds=0
invocation=6 block_timing variant=A worker=3 cpu=6 row=992 block_loop_elapsed_seconds=0.0010945 first_clone_copy_elapsed_seconds=0 clone_copy_elapsed_seconds=0 remaining_clone_copy_elapsed_seconds=0
invocation=7 block_timing variant=A worker=0 cpu=0 row=1332 block_loop_elapsed_seconds=0.0010356 first_clone_copy_elapsed_seconds=0 clone_copy_elapsed_seconds=0 remaining_clone_copy_elapsed_seconds=0
invocation=7 block_timing variant=A worker=1 cpu=2 row=807 block_loop_elapsed_seconds=0.0008281 first_clone_copy_elapsed_seconds=0 clone_copy_elapsed_seconds=0 remaining_clone_copy_elapsed_seconds=0
invocation=7 block_timing variant=A worker=2 cpu=4 row=965 block_loop_elapsed_seconds=0.0007854 first_clone_copy_elapsed_seconds=0 clone_copy_elapsed_seconds=0 remaining_clone_copy_elapsed_seconds=0
invocation=7 block_timing variant=A worker=3 cpu=6 row=992 block_loop_elapsed_seconds=0.0010987 first_clone_copy_elapsed_seconds=0 clone_copy_elapsed_seconds=0 remaining_clone_copy_elapsed_seconds=0
invocation=8 block_timing variant=B worker=0 cpu=0 row=1332 block_loop_elapsed_seconds=0.0189194 first_clone_copy_elapsed_seconds=0 clone_copy_elapsed_seconds=0 remaining_clone_copy_elapsed_seconds=0
invocation=8 block_timing variant=B worker=1 cpu=2 row=807 block_loop_elapsed_seconds=0.0137737 first_clone_copy_elapsed_seconds=0 clone_copy_elapsed_seconds=0 remaining_clone_copy_elapsed_seconds=0
invocation=8 block_timing variant=B worker=2 cpu=4 row=965 block_loop_elapsed_seconds=0.0145545 first_clone_copy_elapsed_seconds=0 clone_copy_elapsed_seconds=0 remaining_clone_copy_elapsed_seconds=0
invocation=8 block_timing variant=B worker=3 cpu=6 row=992 block_loop_elapsed_seconds=0.0158707 first_clone_copy_elapsed_seconds=0 clone_copy_elapsed_seconds=0 remaining_clone_copy_elapsed_seconds=0
invocation=9 block_timing variant=Bclone worker=0 cpu=0 row=1332 block_loop_elapsed_seconds=0.0046689 first_clone_copy_elapsed_seconds=0.0001833 clone_copy_elapsed_seconds=0.0035856 remaining_clone_copy_elapsed_seconds=0.0034023
invocation=9 block_timing variant=Bclone worker=1 cpu=2 row=807 block_loop_elapsed_seconds=0.0027279 first_clone_copy_elapsed_seconds=8.16e-05 clone_copy_elapsed_seconds=0.0018989 remaining_clone_copy_elapsed_seconds=0.0018173
invocation=9 block_timing variant=Bclone worker=2 cpu=4 row=965 block_loop_elapsed_seconds=0.0033419 first_clone_copy_elapsed_seconds=9.67e-05 clone_copy_elapsed_seconds=0.002512 remaining_clone_copy_elapsed_seconds=0.0024153
invocation=9 block_timing variant=Bclone worker=3 cpu=6 row=992 block_loop_elapsed_seconds=0.0034193 first_clone_copy_elapsed_seconds=0.0001463 clone_copy_elapsed_seconds=0.0024034 remaining_clone_copy_elapsed_seconds=0.0022571
invocation=10 block_timing variant=Bclone worker=0 cpu=0 row=1332 block_loop_elapsed_seconds=0.004303 first_clone_copy_elapsed_seconds=0.0002411 clone_copy_elapsed_seconds=0.0031408 remaining_clone_copy_elapsed_seconds=0.0028997
invocation=10 block_timing variant=Bclone worker=1 cpu=2 row=807 block_loop_elapsed_seconds=0.0032551 first_clone_copy_elapsed_seconds=0.0001994 clone_copy_elapsed_seconds=0.0022845 remaining_clone_copy_elapsed_seconds=0.0020851
invocation=10 block_timing variant=Bclone worker=2 cpu=4 row=965 block_loop_elapsed_seconds=0.0033768 first_clone_copy_elapsed_seconds=0.0001154 clone_copy_elapsed_seconds=0.0025313 remaining_clone_copy_elapsed_seconds=0.0024159
invocation=10 block_timing variant=Bclone worker=3 cpu=6 row=992 block_loop_elapsed_seconds=0.0035367 first_clone_copy_elapsed_seconds=0.0002537 clone_copy_elapsed_seconds=0.0024584 remaining_clone_copy_elapsed_seconds=0.0022047
invocation=11 block_timing variant=B worker=0 cpu=0 row=1332 block_loop_elapsed_seconds=0.018174 first_clone_copy_elapsed_seconds=0 clone_copy_elapsed_seconds=0 remaining_clone_copy_elapsed_seconds=0
invocation=11 block_timing variant=B worker=1 cpu=2 row=807 block_loop_elapsed_seconds=0.01323 first_clone_copy_elapsed_seconds=0 clone_copy_elapsed_seconds=0 remaining_clone_copy_elapsed_seconds=0
invocation=11 block_timing variant=B worker=2 cpu=4 row=965 block_loop_elapsed_seconds=0.0162494 first_clone_copy_elapsed_seconds=0 clone_copy_elapsed_seconds=0 remaining_clone_copy_elapsed_seconds=0
invocation=11 block_timing variant=B worker=3 cpu=6 row=992 block_loop_elapsed_seconds=0.0161049 first_clone_copy_elapsed_seconds=0 clone_copy_elapsed_seconds=0 remaining_clone_copy_elapsed_seconds=0
invocation=12 block_timing variant=A worker=0 cpu=0 row=1332 block_loop_elapsed_seconds=0.0012298 first_clone_copy_elapsed_seconds=0 clone_copy_elapsed_seconds=0 remaining_clone_copy_elapsed_seconds=0
invocation=12 block_timing variant=A worker=1 cpu=2 row=807 block_loop_elapsed_seconds=0.001032 first_clone_copy_elapsed_seconds=0 clone_copy_elapsed_seconds=0 remaining_clone_copy_elapsed_seconds=0
invocation=12 block_timing variant=A worker=2 cpu=4 row=965 block_loop_elapsed_seconds=0.0008566 first_clone_copy_elapsed_seconds=0 clone_copy_elapsed_seconds=0 remaining_clone_copy_elapsed_seconds=0
invocation=12 block_timing variant=A worker=3 cpu=6 row=992 block_loop_elapsed_seconds=0.0012146 first_clone_copy_elapsed_seconds=0 clone_copy_elapsed_seconds=0 remaining_clone_copy_elapsed_seconds=0
invocation=13 block_timing variant=A worker=0 cpu=0 row=1332 block_loop_elapsed_seconds=0.0011138 first_clone_copy_elapsed_seconds=0 clone_copy_elapsed_seconds=0 remaining_clone_copy_elapsed_seconds=0
invocation=13 block_timing variant=A worker=1 cpu=2 row=807 block_loop_elapsed_seconds=0.0008666 first_clone_copy_elapsed_seconds=0 clone_copy_elapsed_seconds=0 remaining_clone_copy_elapsed_seconds=0
invocation=13 block_timing variant=A worker=2 cpu=4 row=965 block_loop_elapsed_seconds=0.0008163 first_clone_copy_elapsed_seconds=0 clone_copy_elapsed_seconds=0 remaining_clone_copy_elapsed_seconds=0
invocation=13 block_timing variant=A worker=3 cpu=6 row=992 block_loop_elapsed_seconds=0.0010272 first_clone_copy_elapsed_seconds=0 clone_copy_elapsed_seconds=0 remaining_clone_copy_elapsed_seconds=0
invocation=14 block_timing variant=B worker=0 cpu=0 row=1332 block_loop_elapsed_seconds=0.0219565 first_clone_copy_elapsed_seconds=0 clone_copy_elapsed_seconds=0 remaining_clone_copy_elapsed_seconds=0
invocation=14 block_timing variant=B worker=1 cpu=2 row=807 block_loop_elapsed_seconds=0.0135648 first_clone_copy_elapsed_seconds=0 clone_copy_elapsed_seconds=0 remaining_clone_copy_elapsed_seconds=0
invocation=14 block_timing variant=B worker=2 cpu=4 row=965 block_loop_elapsed_seconds=0.0140244 first_clone_copy_elapsed_seconds=0 clone_copy_elapsed_seconds=0 remaining_clone_copy_elapsed_seconds=0
invocation=14 block_timing variant=B worker=3 cpu=6 row=992 block_loop_elapsed_seconds=0.0157138 first_clone_copy_elapsed_seconds=0 clone_copy_elapsed_seconds=0 remaining_clone_copy_elapsed_seconds=0
invocation=15 block_timing variant=Bclone worker=0 cpu=0 row=1332 block_loop_elapsed_seconds=0.0048377 first_clone_copy_elapsed_seconds=0.0002459 clone_copy_elapsed_seconds=0.0034463 remaining_clone_copy_elapsed_seconds=0.0032004
invocation=15 block_timing variant=Bclone worker=1 cpu=2 row=807 block_loop_elapsed_seconds=0.0029551 first_clone_copy_elapsed_seconds=0.0001053 clone_copy_elapsed_seconds=0.0020745 remaining_clone_copy_elapsed_seconds=0.0019692
invocation=15 block_timing variant=Bclone worker=2 cpu=4 row=965 block_loop_elapsed_seconds=0.0036052 first_clone_copy_elapsed_seconds=0.0001657 clone_copy_elapsed_seconds=0.0025694 remaining_clone_copy_elapsed_seconds=0.0024037
invocation=15 block_timing variant=Bclone worker=3 cpu=6 row=992 block_loop_elapsed_seconds=0.003063 first_clone_copy_elapsed_seconds=7.72e-05 clone_copy_elapsed_seconds=0.0022419 remaining_clone_copy_elapsed_seconds=0.0021647
invocation=16 block_timing variant=Bclone worker=0 cpu=0 row=1332 block_loop_elapsed_seconds=0.0046886 first_clone_copy_elapsed_seconds=0.0001931 clone_copy_elapsed_seconds=0.0036311 remaining_clone_copy_elapsed_seconds=0.003438
invocation=16 block_timing variant=Bclone worker=1 cpu=2 row=807 block_loop_elapsed_seconds=0.0026143 first_clone_copy_elapsed_seconds=5.3e-05 clone_copy_elapsed_seconds=0.00198 remaining_clone_copy_elapsed_seconds=0.001927
invocation=16 block_timing variant=Bclone worker=2 cpu=4 row=965 block_loop_elapsed_seconds=0.0044772 first_clone_copy_elapsed_seconds=0.0002018 clone_copy_elapsed_seconds=0.003377 remaining_clone_copy_elapsed_seconds=0.0031752
invocation=16 block_timing variant=Bclone worker=3 cpu=6 row=992 block_loop_elapsed_seconds=0.0043101 first_clone_copy_elapsed_seconds=0.000198 clone_copy_elapsed_seconds=0.0032768 remaining_clone_copy_elapsed_seconds=0.0030788
invocation=17 block_timing variant=B worker=0 cpu=0 row=1332 block_loop_elapsed_seconds=0.0199347 first_clone_copy_elapsed_seconds=0 clone_copy_elapsed_seconds=0 remaining_clone_copy_elapsed_seconds=0
invocation=17 block_timing variant=B worker=1 cpu=2 row=807 block_loop_elapsed_seconds=0.013096 first_clone_copy_elapsed_seconds=0 clone_copy_elapsed_seconds=0 remaining_clone_copy_elapsed_seconds=0
invocation=17 block_timing variant=B worker=2 cpu=4 row=965 block_loop_elapsed_seconds=0.0145933 first_clone_copy_elapsed_seconds=0 clone_copy_elapsed_seconds=0 remaining_clone_copy_elapsed_seconds=0
invocation=17 block_timing variant=B worker=3 cpu=6 row=992 block_loop_elapsed_seconds=0.0150656 first_clone_copy_elapsed_seconds=0 clone_copy_elapsed_seconds=0 remaining_clone_copy_elapsed_seconds=0
invocation=18 block_timing variant=A worker=0 cpu=0 row=1332 block_loop_elapsed_seconds=0.0011805 first_clone_copy_elapsed_seconds=0 clone_copy_elapsed_seconds=0 remaining_clone_copy_elapsed_seconds=0
invocation=18 block_timing variant=A worker=1 cpu=2 row=807 block_loop_elapsed_seconds=0.0009121 first_clone_copy_elapsed_seconds=0 clone_copy_elapsed_seconds=0 remaining_clone_copy_elapsed_seconds=0
invocation=18 block_timing variant=A worker=2 cpu=4 row=965 block_loop_elapsed_seconds=0.0008623 first_clone_copy_elapsed_seconds=0 clone_copy_elapsed_seconds=0 remaining_clone_copy_elapsed_seconds=0
invocation=18 block_timing variant=A worker=3 cpu=6 row=992 block_loop_elapsed_seconds=0.0010553 first_clone_copy_elapsed_seconds=0 clone_copy_elapsed_seconds=0 remaining_clone_copy_elapsed_seconds=0
invocation=19 block_timing variant=A worker=0 cpu=0 row=1332 block_loop_elapsed_seconds=0.00111 first_clone_copy_elapsed_seconds=0 clone_copy_elapsed_seconds=0 remaining_clone_copy_elapsed_seconds=0
invocation=19 block_timing variant=A worker=1 cpu=2 row=807 block_loop_elapsed_seconds=0.000898 first_clone_copy_elapsed_seconds=0 clone_copy_elapsed_seconds=0 remaining_clone_copy_elapsed_seconds=0
invocation=19 block_timing variant=A worker=2 cpu=4 row=965 block_loop_elapsed_seconds=0.0008396 first_clone_copy_elapsed_seconds=0 clone_copy_elapsed_seconds=0 remaining_clone_copy_elapsed_seconds=0
invocation=19 block_timing variant=A worker=3 cpu=6 row=992 block_loop_elapsed_seconds=0.0010762 first_clone_copy_elapsed_seconds=0 clone_copy_elapsed_seconds=0 remaining_clone_copy_elapsed_seconds=0
invocation=20 block_timing variant=B worker=0 cpu=0 row=1332 block_loop_elapsed_seconds=0.0185426 first_clone_copy_elapsed_seconds=0 clone_copy_elapsed_seconds=0 remaining_clone_copy_elapsed_seconds=0
invocation=20 block_timing variant=B worker=1 cpu=2 row=807 block_loop_elapsed_seconds=0.0129832 first_clone_copy_elapsed_seconds=0 clone_copy_elapsed_seconds=0 remaining_clone_copy_elapsed_seconds=0
invocation=20 block_timing variant=B worker=2 cpu=4 row=965 block_loop_elapsed_seconds=0.0145501 first_clone_copy_elapsed_seconds=0 clone_copy_elapsed_seconds=0 remaining_clone_copy_elapsed_seconds=0
invocation=20 block_timing variant=B worker=3 cpu=6 row=992 block_loop_elapsed_seconds=0.0163696 first_clone_copy_elapsed_seconds=0 clone_copy_elapsed_seconds=0 remaining_clone_copy_elapsed_seconds=0
invocation=21 block_timing variant=Bclone worker=0 cpu=0 row=1332 block_loop_elapsed_seconds=0.004483 first_clone_copy_elapsed_seconds=0.0002471 clone_copy_elapsed_seconds=0.0034306 remaining_clone_copy_elapsed_seconds=0.0031835
invocation=21 block_timing variant=Bclone worker=1 cpu=2 row=807 block_loop_elapsed_seconds=0.003328 first_clone_copy_elapsed_seconds=9.6e-05 clone_copy_elapsed_seconds=0.0024499 remaining_clone_copy_elapsed_seconds=0.0023539
invocation=21 block_timing variant=Bclone worker=2 cpu=4 row=965 block_loop_elapsed_seconds=0.0031163 first_clone_copy_elapsed_seconds=9.88e-05 clone_copy_elapsed_seconds=0.0022936 remaining_clone_copy_elapsed_seconds=0.0021948
invocation=21 block_timing variant=Bclone worker=3 cpu=6 row=992 block_loop_elapsed_seconds=0.0043239 first_clone_copy_elapsed_seconds=0.0002215 clone_copy_elapsed_seconds=0.0032493 remaining_clone_copy_elapsed_seconds=0.0030278
invocation=22 block_timing variant=Bclone worker=0 cpu=0 row=1332 block_loop_elapsed_seconds=0.00513 first_clone_copy_elapsed_seconds=0.0002269 clone_copy_elapsed_seconds=0.0037153 remaining_clone_copy_elapsed_seconds=0.0034884
invocation=22 block_timing variant=Bclone worker=1 cpu=2 row=807 block_loop_elapsed_seconds=0.0031591 first_clone_copy_elapsed_seconds=6.16e-05 clone_copy_elapsed_seconds=0.0024162 remaining_clone_copy_elapsed_seconds=0.0023546
invocation=22 block_timing variant=Bclone worker=2 cpu=4 row=965 block_loop_elapsed_seconds=0.003826 first_clone_copy_elapsed_seconds=0.0001888 clone_copy_elapsed_seconds=0.0027666 remaining_clone_copy_elapsed_seconds=0.0025778
invocation=22 block_timing variant=Bclone worker=3 cpu=6 row=992 block_loop_elapsed_seconds=0.0036332 first_clone_copy_elapsed_seconds=0.0001229 clone_copy_elapsed_seconds=0.002806 remaining_clone_copy_elapsed_seconds=0.0026831
invocation=23 block_timing variant=B worker=0 cpu=0 row=1332 block_loop_elapsed_seconds=0.0217377 first_clone_copy_elapsed_seconds=0 clone_copy_elapsed_seconds=0 remaining_clone_copy_elapsed_seconds=0
invocation=23 block_timing variant=B worker=1 cpu=2 row=807 block_loop_elapsed_seconds=0.013053 first_clone_copy_elapsed_seconds=0 clone_copy_elapsed_seconds=0 remaining_clone_copy_elapsed_seconds=0
invocation=23 block_timing variant=B worker=2 cpu=4 row=965 block_loop_elapsed_seconds=0.0156868 first_clone_copy_elapsed_seconds=0 clone_copy_elapsed_seconds=0 remaining_clone_copy_elapsed_seconds=0
invocation=23 block_timing variant=B worker=3 cpu=6 row=992 block_loop_elapsed_seconds=0.0141377 first_clone_copy_elapsed_seconds=0 clone_copy_elapsed_seconds=0 remaining_clone_copy_elapsed_seconds=0
invocation=24 block_timing variant=A worker=0 cpu=0 row=1332 block_loop_elapsed_seconds=0.0014886 first_clone_copy_elapsed_seconds=0 clone_copy_elapsed_seconds=0 remaining_clone_copy_elapsed_seconds=0
invocation=24 block_timing variant=A worker=1 cpu=2 row=807 block_loop_elapsed_seconds=0.0007312 first_clone_copy_elapsed_seconds=0 clone_copy_elapsed_seconds=0 remaining_clone_copy_elapsed_seconds=0
invocation=24 block_timing variant=A worker=2 cpu=4 row=965 block_loop_elapsed_seconds=0.000985 first_clone_copy_elapsed_seconds=0 clone_copy_elapsed_seconds=0 remaining_clone_copy_elapsed_seconds=0
invocation=24 block_timing variant=A worker=3 cpu=6 row=992 block_loop_elapsed_seconds=0.0011952 first_clone_copy_elapsed_seconds=0 clone_copy_elapsed_seconds=0 remaining_clone_copy_elapsed_seconds=0
invocation=25 block_timing variant=A worker=0 cpu=0 row=1332 block_loop_elapsed_seconds=0.0013978 first_clone_copy_elapsed_seconds=0 clone_copy_elapsed_seconds=0 remaining_clone_copy_elapsed_seconds=0
invocation=25 block_timing variant=A worker=1 cpu=2 row=807 block_loop_elapsed_seconds=0.0007618 first_clone_copy_elapsed_seconds=0 clone_copy_elapsed_seconds=0 remaining_clone_copy_elapsed_seconds=0
invocation=25 block_timing variant=A worker=2 cpu=4 row=965 block_loop_elapsed_seconds=0.0010519 first_clone_copy_elapsed_seconds=0 clone_copy_elapsed_seconds=0 remaining_clone_copy_elapsed_seconds=0
invocation=25 block_timing variant=A worker=3 cpu=6 row=992 block_loop_elapsed_seconds=0.0008426 first_clone_copy_elapsed_seconds=0 clone_copy_elapsed_seconds=0 remaining_clone_copy_elapsed_seconds=0
invocation=26 block_timing variant=B worker=0 cpu=0 row=1332 block_loop_elapsed_seconds=0.023411 first_clone_copy_elapsed_seconds=0 clone_copy_elapsed_seconds=0 remaining_clone_copy_elapsed_seconds=0
invocation=26 block_timing variant=B worker=1 cpu=2 row=807 block_loop_elapsed_seconds=0.0136832 first_clone_copy_elapsed_seconds=0 clone_copy_elapsed_seconds=0 remaining_clone_copy_elapsed_seconds=0
invocation=26 block_timing variant=B worker=2 cpu=4 row=965 block_loop_elapsed_seconds=0.0162962 first_clone_copy_elapsed_seconds=0 clone_copy_elapsed_seconds=0 remaining_clone_copy_elapsed_seconds=0
invocation=26 block_timing variant=B worker=3 cpu=6 row=992 block_loop_elapsed_seconds=0.0170774 first_clone_copy_elapsed_seconds=0 clone_copy_elapsed_seconds=0 remaining_clone_copy_elapsed_seconds=0
invocation=27 block_timing variant=Bclone worker=0 cpu=0 row=1332 block_loop_elapsed_seconds=0.0046561 first_clone_copy_elapsed_seconds=0.0001996 clone_copy_elapsed_seconds=0.0035767 remaining_clone_copy_elapsed_seconds=0.0033771
invocation=27 block_timing variant=Bclone worker=1 cpu=2 row=807 block_loop_elapsed_seconds=0.0024925 first_clone_copy_elapsed_seconds=5.31e-05 clone_copy_elapsed_seconds=0.0016857 remaining_clone_copy_elapsed_seconds=0.0016326
invocation=27 block_timing variant=Bclone worker=2 cpu=4 row=965 block_loop_elapsed_seconds=0.0036823 first_clone_copy_elapsed_seconds=0.0001708 clone_copy_elapsed_seconds=0.0026237 remaining_clone_copy_elapsed_seconds=0.0024529
invocation=27 block_timing variant=Bclone worker=3 cpu=6 row=992 block_loop_elapsed_seconds=0.0039217 first_clone_copy_elapsed_seconds=9.56e-05 clone_copy_elapsed_seconds=0.0031012 remaining_clone_copy_elapsed_seconds=0.0030056
invocation=28 block_timing variant=Bclone worker=0 cpu=0 row=1332 block_loop_elapsed_seconds=0.0044688 first_clone_copy_elapsed_seconds=0.0001948 clone_copy_elapsed_seconds=0.003069 remaining_clone_copy_elapsed_seconds=0.0028742
invocation=28 block_timing variant=Bclone worker=1 cpu=2 row=807 block_loop_elapsed_seconds=0.0026952 first_clone_copy_elapsed_seconds=6.36e-05 clone_copy_elapsed_seconds=0.0020158 remaining_clone_copy_elapsed_seconds=0.0019522
invocation=28 block_timing variant=Bclone worker=2 cpu=4 row=965 block_loop_elapsed_seconds=0.0029636 first_clone_copy_elapsed_seconds=8.35e-05 clone_copy_elapsed_seconds=0.0021946 remaining_clone_copy_elapsed_seconds=0.0021111
invocation=28 block_timing variant=Bclone worker=3 cpu=6 row=992 block_loop_elapsed_seconds=0.0037118 first_clone_copy_elapsed_seconds=0.0001311 clone_copy_elapsed_seconds=0.0025909 remaining_clone_copy_elapsed_seconds=0.0024598
invocation=29 block_timing variant=B worker=0 cpu=0 row=1332 block_loop_elapsed_seconds=0.0195968 first_clone_copy_elapsed_seconds=0 clone_copy_elapsed_seconds=0 remaining_clone_copy_elapsed_seconds=0
invocation=29 block_timing variant=B worker=1 cpu=2 row=807 block_loop_elapsed_seconds=0.0128297 first_clone_copy_elapsed_seconds=0 clone_copy_elapsed_seconds=0 remaining_clone_copy_elapsed_seconds=0
invocation=29 block_timing variant=B worker=2 cpu=4 row=965 block_loop_elapsed_seconds=0.013121 first_clone_copy_elapsed_seconds=0 clone_copy_elapsed_seconds=0 remaining_clone_copy_elapsed_seconds=0
invocation=29 block_timing variant=B worker=3 cpu=6 row=992 block_loop_elapsed_seconds=0.0134286 first_clone_copy_elapsed_seconds=0 clone_copy_elapsed_seconds=0 remaining_clone_copy_elapsed_seconds=0
invocation=30 block_timing variant=A worker=0 cpu=0 row=1332 block_loop_elapsed_seconds=0.0011512 first_clone_copy_elapsed_seconds=0 clone_copy_elapsed_seconds=0 remaining_clone_copy_elapsed_seconds=0
invocation=30 block_timing variant=A worker=1 cpu=2 row=807 block_loop_elapsed_seconds=0.0008601 first_clone_copy_elapsed_seconds=0 clone_copy_elapsed_seconds=0 remaining_clone_copy_elapsed_seconds=0
invocation=30 block_timing variant=A worker=2 cpu=4 row=965 block_loop_elapsed_seconds=0.0008952 first_clone_copy_elapsed_seconds=0 clone_copy_elapsed_seconds=0 remaining_clone_copy_elapsed_seconds=0
invocation=30 block_timing variant=A worker=3 cpu=6 row=992 block_loop_elapsed_seconds=0.0011368 first_clone_copy_elapsed_seconds=0 clone_copy_elapsed_seconds=0 remaining_clone_copy_elapsed_seconds=0
