T0-R int8 sharded sweep stderr and command log
executable=.\build\int8_probe.exe
physical_cpus=0,2,4,6; dram_gbps_measured=32.9295
target_kib=512; depths=16; variants=A,B,Bclone; repeat_count=10; repetitions=8; warmup=2
ready_timing_diagnostic=True
int8 AVX2 correction test passed; scalar_checksum=320040, avx2_checksum=320040, difference=0
int8 AVX2 correction test passed; scalar_checksum=320040, avx2_checksum=320040, difference=0
int8 AVX2 correction test passed; scalar_checksum=320040, avx2_checksum=320040, difference=0
int8 AVX2 correction test passed; scalar_checksum=320040, avx2_checksum=320040, difference=0
command[1/30]=.\build\int8_probe.exe --K 512 --target-kib 512 --depth 16 --variant A --kernel avx2 --parallel-cpus 0,2,4,6 --parallel-rows 1332,807,965,992 --iterations 1 --repetitions 8 --warmup 2 --ready-timing-diagnostic
int8 AVX2 correction test passed; scalar_checksum=320040, avx2_checksum=320040, difference=0
ready_timing variant=A worker=0 cpu=0 row=1332 ready_elapsed_seconds=0.0017869
ready_timing variant=A worker=1 cpu=2 row=807 ready_elapsed_seconds=0.0017965
ready_timing variant=A worker=2 cpu=4 row=965 ready_elapsed_seconds=0.0017704
ready_timing variant=A worker=3 cpu=6 row=992 ready_elapsed_seconds=0.0017907
ready_timing_aggregate variant=A min_seconds=0.0017704 max_seconds=0.0017965 mean_seconds=0.00178612
coordinator_kernel_elapsed variant=A kernel_elapsed_seconds=0.0038405
block_timing variant=A worker=0 cpu=0 row=1332 block_loop_elapsed_seconds=0.0010939 first_clone_copy_elapsed_seconds=0 clone_copy_elapsed_seconds=0 remaining_clone_copy_elapsed_seconds=0
block_timing variant=A worker=1 cpu=2 row=807 block_loop_elapsed_seconds=0.0008146 first_clone_copy_elapsed_seconds=0 clone_copy_elapsed_seconds=0 remaining_clone_copy_elapsed_seconds=0
block_timing variant=A worker=2 cpu=4 row=965 block_loop_elapsed_seconds=0.0010217 first_clone_copy_elapsed_seconds=0 clone_copy_elapsed_seconds=0 remaining_clone_copy_elapsed_seconds=0
block_timing variant=A worker=3 cpu=6 row=992 block_loop_elapsed_seconds=0.0008808 first_clone_copy_elapsed_seconds=0 clone_copy_elapsed_seconds=0 remaining_clone_copy_elapsed_seconds=0
command[2/30]=.\build\int8_probe.exe --K 512 --target-kib 512 --depth 16 --variant B --kernel avx2 --parallel-cpus 0,2,4,6 --parallel-rows 1332,807,965,992 --iterations 1 --repetitions 8 --warmup 2 --ready-timing-diagnostic
int8 AVX2 correction test passed; scalar_checksum=320040, avx2_checksum=320040, difference=0
ready_timing variant=B worker=0 cpu=0 row=1332 ready_elapsed_seconds=0.0213956
ready_timing variant=B worker=1 cpu=2 row=807 ready_elapsed_seconds=0.0213973
ready_timing variant=B worker=2 cpu=4 row=965 ready_elapsed_seconds=0.0214166
ready_timing variant=B worker=3 cpu=6 row=992 ready_elapsed_seconds=0.0213923
ready_timing_aggregate variant=B min_seconds=0.0213923 max_seconds=0.0214166 mean_seconds=0.0214005
coordinator_kernel_elapsed variant=B kernel_elapsed_seconds=0.0075464
block_timing variant=B worker=0 cpu=0 row=1332 block_loop_elapsed_seconds=0.0206783 first_clone_copy_elapsed_seconds=0 clone_copy_elapsed_seconds=0 remaining_clone_copy_elapsed_seconds=0
block_timing variant=B worker=1 cpu=2 row=807 block_loop_elapsed_seconds=0.0109931 first_clone_copy_elapsed_seconds=0 clone_copy_elapsed_seconds=0 remaining_clone_copy_elapsed_seconds=0
block_timing variant=B worker=2 cpu=4 row=965 block_loop_elapsed_seconds=0.0145851 first_clone_copy_elapsed_seconds=0 clone_copy_elapsed_seconds=0 remaining_clone_copy_elapsed_seconds=0
block_timing variant=B worker=3 cpu=6 row=992 block_loop_elapsed_seconds=0.0150685 first_clone_copy_elapsed_seconds=0 clone_copy_elapsed_seconds=0 remaining_clone_copy_elapsed_seconds=0
command[3/30]=.\build\int8_probe.exe --K 512 --target-kib 512 --depth 16 --variant Bclone --kernel avx2 --parallel-cpus 0,2,4,6 --parallel-rows 1332,807,965,992 --iterations 1 --repetitions 8 --warmup 2 --ready-timing-diagnostic
int8 AVX2 correction test passed; scalar_checksum=320040, avx2_checksum=320040, difference=0
ready_timing variant=Bclone worker=0 cpu=0 row=1332 ready_elapsed_seconds=0.23519
ready_timing variant=Bclone worker=1 cpu=2 row=807 ready_elapsed_seconds=0.23515
ready_timing variant=Bclone worker=2 cpu=4 row=965 ready_elapsed_seconds=0.235149
ready_timing variant=Bclone worker=3 cpu=6 row=992 ready_elapsed_seconds=0.235177
ready_timing_aggregate variant=Bclone min_seconds=0.235149 max_seconds=0.23519 mean_seconds=0.235166
coordinator_kernel_elapsed variant=Bclone kernel_elapsed_seconds=0.0307043
block_timing variant=Bclone worker=0 cpu=0 row=1332 block_loop_elapsed_seconds=0.0038248 first_clone_copy_elapsed_seconds=0.0001506 clone_copy_elapsed_seconds=0.0028079 remaining_clone_copy_elapsed_seconds=0.0026573
block_timing variant=Bclone worker=1 cpu=2 row=807 block_loop_elapsed_seconds=0.0030605 first_clone_copy_elapsed_seconds=5.32e-05 clone_copy_elapsed_seconds=0.0022196 remaining_clone_copy_elapsed_seconds=0.0021664
block_timing variant=Bclone worker=2 cpu=4 row=965 block_loop_elapsed_seconds=0.0031663 first_clone_copy_elapsed_seconds=8.61e-05 clone_copy_elapsed_seconds=0.0023942 remaining_clone_copy_elapsed_seconds=0.0023081
block_timing variant=Bclone worker=3 cpu=6 row=992 block_loop_elapsed_seconds=0.0035376 first_clone_copy_elapsed_seconds=0.0001502 clone_copy_elapsed_seconds=0.0025003 remaining_clone_copy_elapsed_seconds=0.0023501
command[4/30]=.\build\int8_probe.exe --K 512 --target-kib 512 --depth 16 --variant Bclone --kernel avx2 --parallel-cpus 0,2,4,6 --parallel-rows 1332,807,965,992 --iterations 1 --repetitions 8 --warmup 2 --ready-timing-diagnostic
int8 AVX2 correction test passed; scalar_checksum=320040, avx2_checksum=320040, difference=0
ready_timing variant=Bclone worker=0 cpu=0 row=1332 ready_elapsed_seconds=0.264828
ready_timing variant=Bclone worker=1 cpu=2 row=807 ready_elapsed_seconds=0.264828
ready_timing variant=Bclone worker=2 cpu=4 row=965 ready_elapsed_seconds=0.264825
ready_timing variant=Bclone worker=3 cpu=6 row=992 ready_elapsed_seconds=0.264817
ready_timing_aggregate variant=Bclone min_seconds=0.264817 max_seconds=0.264828 mean_seconds=0.264824
coordinator_kernel_elapsed variant=Bclone kernel_elapsed_seconds=0.0222383
block_timing variant=Bclone worker=0 cpu=0 row=1332 block_loop_elapsed_seconds=0.0043836 first_clone_copy_elapsed_seconds=0.0002276 clone_copy_elapsed_seconds=0.0033143 remaining_clone_copy_elapsed_seconds=0.0030867
block_timing variant=Bclone worker=1 cpu=2 row=807 block_loop_elapsed_seconds=0.0033463 first_clone_copy_elapsed_seconds=9.17e-05 clone_copy_elapsed_seconds=0.0024267 remaining_clone_copy_elapsed_seconds=0.002335
block_timing variant=Bclone worker=2 cpu=4 row=965 block_loop_elapsed_seconds=0.0042241 first_clone_copy_elapsed_seconds=0.0002278 clone_copy_elapsed_seconds=0.0031909 remaining_clone_copy_elapsed_seconds=0.0029631
block_timing variant=Bclone worker=3 cpu=6 row=992 block_loop_elapsed_seconds=0.0039371 first_clone_copy_elapsed_seconds=0.0002005 clone_copy_elapsed_seconds=0.0028049 remaining_clone_copy_elapsed_seconds=0.0026044
command[5/30]=.\build\int8_probe.exe --K 512 --target-kib 512 --depth 16 --variant B --kernel avx2 --parallel-cpus 0,2,4,6 --parallel-rows 1332,807,965,992 --iterations 1 --repetitions 8 --warmup 2 --ready-timing-diagnostic
int8 AVX2 correction test passed; scalar_checksum=320040, avx2_checksum=320040, difference=0
ready_timing variant=B worker=0 cpu=0 row=1332 ready_elapsed_seconds=0.0188625
ready_timing variant=B worker=1 cpu=2 row=807 ready_elapsed_seconds=0.0188668
ready_timing variant=B worker=2 cpu=4 row=965 ready_elapsed_seconds=0.019176
ready_timing variant=B worker=3 cpu=6 row=992 ready_elapsed_seconds=0.0188591
ready_timing_aggregate variant=B min_seconds=0.0188591 max_seconds=0.019176 mean_seconds=0.0189411
coordinator_kernel_elapsed variant=B kernel_elapsed_seconds=0.0072426
block_timing variant=B worker=0 cpu=0 row=1332 block_loop_elapsed_seconds=0.0181789 first_clone_copy_elapsed_seconds=0 clone_copy_elapsed_seconds=0 remaining_clone_copy_elapsed_seconds=0
block_timing variant=B worker=1 cpu=2 row=807 block_loop_elapsed_seconds=0.0106768 first_clone_copy_elapsed_seconds=0 clone_copy_elapsed_seconds=0 remaining_clone_copy_elapsed_seconds=0
block_timing variant=B worker=2 cpu=4 row=965 block_loop_elapsed_seconds=0.0159968 first_clone_copy_elapsed_seconds=0 clone_copy_elapsed_seconds=0 remaining_clone_copy_elapsed_seconds=0
block_timing variant=B worker=3 cpu=6 row=992 block_loop_elapsed_seconds=0.0165272 first_clone_copy_elapsed_seconds=0 clone_copy_elapsed_seconds=0 remaining_clone_copy_elapsed_seconds=0
command[6/30]=.\build\int8_probe.exe --K 512 --target-kib 512 --depth 16 --variant A --kernel avx2 --parallel-cpus 0,2,4,6 --parallel-rows 1332,807,965,992 --iterations 1 --repetitions 8 --warmup 2 --ready-timing-diagnostic
int8 AVX2 correction test passed; scalar_checksum=320040, avx2_checksum=320040, difference=0
ready_timing variant=A worker=0 cpu=0 row=1332 ready_elapsed_seconds=0.0018924
ready_timing variant=A worker=1 cpu=2 row=807 ready_elapsed_seconds=0.001893
ready_timing variant=A worker=2 cpu=4 row=965 ready_elapsed_seconds=0.0018949
ready_timing variant=A worker=3 cpu=6 row=992 ready_elapsed_seconds=0.0018922
ready_timing_aggregate variant=A min_seconds=0.0018922 max_seconds=0.0018949 mean_seconds=0.00189313
coordinator_kernel_elapsed variant=A kernel_elapsed_seconds=0.0034515
block_timing variant=A worker=0 cpu=0 row=1332 block_loop_elapsed_seconds=0.0010309 first_clone_copy_elapsed_seconds=0 clone_copy_elapsed_seconds=0 remaining_clone_copy_elapsed_seconds=0
block_timing variant=A worker=1 cpu=2 row=807 block_loop_elapsed_seconds=0.0009067 first_clone_copy_elapsed_seconds=0 clone_copy_elapsed_seconds=0 remaining_clone_copy_elapsed_seconds=0
block_timing variant=A worker=2 cpu=4 row=965 block_loop_elapsed_seconds=0.0008024 first_clone_copy_elapsed_seconds=0 clone_copy_elapsed_seconds=0 remaining_clone_copy_elapsed_seconds=0
block_timing variant=A worker=3 cpu=6 row=992 block_loop_elapsed_seconds=0.0010945 first_clone_copy_elapsed_seconds=0 clone_copy_elapsed_seconds=0 remaining_clone_copy_elapsed_seconds=0
command[7/30]=.\build\int8_probe.exe --K 512 --target-kib 512 --depth 16 --variant A --kernel avx2 --parallel-cpus 0,2,4,6 --parallel-rows 1332,807,965,992 --iterations 1 --repetitions 8 --warmup 2 --ready-timing-diagnostic
int8 AVX2 correction test passed; scalar_checksum=320040, avx2_checksum=320040, difference=0
ready_timing variant=A worker=0 cpu=0 row=1332 ready_elapsed_seconds=0.0019995
ready_timing variant=A worker=1 cpu=2 row=807 ready_elapsed_seconds=0.0018884
ready_timing variant=A worker=2 cpu=4 row=965 ready_elapsed_seconds=0.0018888
ready_timing variant=A worker=3 cpu=6 row=992 ready_elapsed_seconds=0.0018873
ready_timing_aggregate variant=A min_seconds=0.0018873 max_seconds=0.0019995 mean_seconds=0.001916
coordinator_kernel_elapsed variant=A kernel_elapsed_seconds=0.0053019
block_timing variant=A worker=0 cpu=0 row=1332 block_loop_elapsed_seconds=0.0010356 first_clone_copy_elapsed_seconds=0 clone_copy_elapsed_seconds=0 remaining_clone_copy_elapsed_seconds=0
block_timing variant=A worker=1 cpu=2 row=807 block_loop_elapsed_seconds=0.0008281 first_clone_copy_elapsed_seconds=0 clone_copy_elapsed_seconds=0 remaining_clone_copy_elapsed_seconds=0
block_timing variant=A worker=2 cpu=4 row=965 block_loop_elapsed_seconds=0.0007854 first_clone_copy_elapsed_seconds=0 clone_copy_elapsed_seconds=0 remaining_clone_copy_elapsed_seconds=0
block_timing variant=A worker=3 cpu=6 row=992 block_loop_elapsed_seconds=0.0010987 first_clone_copy_elapsed_seconds=0 clone_copy_elapsed_seconds=0 remaining_clone_copy_elapsed_seconds=0
command[8/30]=.\build\int8_probe.exe --K 512 --target-kib 512 --depth 16 --variant B --kernel avx2 --parallel-cpus 0,2,4,6 --parallel-rows 1332,807,965,992 --iterations 1 --repetitions 8 --warmup 2 --ready-timing-diagnostic
int8 AVX2 correction test passed; scalar_checksum=320040, avx2_checksum=320040, difference=0
ready_timing variant=B worker=0 cpu=0 row=1332 ready_elapsed_seconds=0.0195961
ready_timing variant=B worker=1 cpu=2 row=807 ready_elapsed_seconds=0.0195971
ready_timing variant=B worker=2 cpu=4 row=965 ready_elapsed_seconds=0.0195961
ready_timing variant=B worker=3 cpu=6 row=992 ready_elapsed_seconds=0.0195866
ready_timing_aggregate variant=B min_seconds=0.0195866 max_seconds=0.0195971 mean_seconds=0.019594
coordinator_kernel_elapsed variant=B kernel_elapsed_seconds=0.0082327
block_timing variant=B worker=0 cpu=0 row=1332 block_loop_elapsed_seconds=0.0189194 first_clone_copy_elapsed_seconds=0 clone_copy_elapsed_seconds=0 remaining_clone_copy_elapsed_seconds=0
block_timing variant=B worker=1 cpu=2 row=807 block_loop_elapsed_seconds=0.0137737 first_clone_copy_elapsed_seconds=0 clone_copy_elapsed_seconds=0 remaining_clone_copy_elapsed_seconds=0
block_timing variant=B worker=2 cpu=4 row=965 block_loop_elapsed_seconds=0.0145545 first_clone_copy_elapsed_seconds=0 clone_copy_elapsed_seconds=0 remaining_clone_copy_elapsed_seconds=0
block_timing variant=B worker=3 cpu=6 row=992 block_loop_elapsed_seconds=0.0158707 first_clone_copy_elapsed_seconds=0 clone_copy_elapsed_seconds=0 remaining_clone_copy_elapsed_seconds=0
command[9/30]=.\build\int8_probe.exe --K 512 --target-kib 512 --depth 16 --variant Bclone --kernel avx2 --parallel-cpus 0,2,4,6 --parallel-rows 1332,807,965,992 --iterations 1 --repetitions 8 --warmup 2 --ready-timing-diagnostic
int8 AVX2 correction test passed; scalar_checksum=320040, avx2_checksum=320040, difference=0
ready_timing variant=Bclone worker=0 cpu=0 row=1332 ready_elapsed_seconds=0.251447
ready_timing variant=Bclone worker=1 cpu=2 row=807 ready_elapsed_seconds=0.251443
ready_timing variant=Bclone worker=2 cpu=4 row=965 ready_elapsed_seconds=0.25145
ready_timing variant=Bclone worker=3 cpu=6 row=992 ready_elapsed_seconds=0.251449
ready_timing_aggregate variant=Bclone min_seconds=0.251443 max_seconds=0.25145 mean_seconds=0.251447
coordinator_kernel_elapsed variant=Bclone kernel_elapsed_seconds=0.0463605
block_timing variant=Bclone worker=0 cpu=0 row=1332 block_loop_elapsed_seconds=0.0046689 first_clone_copy_elapsed_seconds=0.0001833 clone_copy_elapsed_seconds=0.0035856 remaining_clone_copy_elapsed_seconds=0.0034023
block_timing variant=Bclone worker=1 cpu=2 row=807 block_loop_elapsed_seconds=0.0027279 first_clone_copy_elapsed_seconds=8.16e-05 clone_copy_elapsed_seconds=0.0018989 remaining_clone_copy_elapsed_seconds=0.0018173
block_timing variant=Bclone worker=2 cpu=4 row=965 block_loop_elapsed_seconds=0.0033419 first_clone_copy_elapsed_seconds=9.67e-05 clone_copy_elapsed_seconds=0.002512 remaining_clone_copy_elapsed_seconds=0.0024153
block_timing variant=Bclone worker=3 cpu=6 row=992 block_loop_elapsed_seconds=0.0034193 first_clone_copy_elapsed_seconds=0.0001463 clone_copy_elapsed_seconds=0.0024034 remaining_clone_copy_elapsed_seconds=0.0022571
command[10/30]=.\build\int8_probe.exe --K 512 --target-kib 512 --depth 16 --variant Bclone --kernel avx2 --parallel-cpus 0,2,4,6 --parallel-rows 1332,807,965,992 --iterations 1 --repetitions 8 --warmup 2 --ready-timing-diagnostic
int8 AVX2 correction test passed; scalar_checksum=320040, avx2_checksum=320040, difference=0
ready_timing variant=Bclone worker=0 cpu=0 row=1332 ready_elapsed_seconds=0.242959
ready_timing variant=Bclone worker=1 cpu=2 row=807 ready_elapsed_seconds=0.242958
ready_timing variant=Bclone worker=2 cpu=4 row=965 ready_elapsed_seconds=0.242962
ready_timing variant=Bclone worker=3 cpu=6 row=992 ready_elapsed_seconds=0.242963
ready_timing_aggregate variant=Bclone min_seconds=0.242958 max_seconds=0.242963 mean_seconds=0.242961
coordinator_kernel_elapsed variant=Bclone kernel_elapsed_seconds=0.0311326
block_timing variant=Bclone worker=0 cpu=0 row=1332 block_loop_elapsed_seconds=0.004303 first_clone_copy_elapsed_seconds=0.0002411 clone_copy_elapsed_seconds=0.0031408 remaining_clone_copy_elapsed_seconds=0.0028997
block_timing variant=Bclone worker=1 cpu=2 row=807 block_loop_elapsed_seconds=0.0032551 first_clone_copy_elapsed_seconds=0.0001994 clone_copy_elapsed_seconds=0.0022845 remaining_clone_copy_elapsed_seconds=0.0020851
block_timing variant=Bclone worker=2 cpu=4 row=965 block_loop_elapsed_seconds=0.0033768 first_clone_copy_elapsed_seconds=0.0001154 clone_copy_elapsed_seconds=0.0025313 remaining_clone_copy_elapsed_seconds=0.0024159
block_timing variant=Bclone worker=3 cpu=6 row=992 block_loop_elapsed_seconds=0.0035367 first_clone_copy_elapsed_seconds=0.0002537 clone_copy_elapsed_seconds=0.0024584 remaining_clone_copy_elapsed_seconds=0.0022047
command[11/30]=.\build\int8_probe.exe --K 512 --target-kib 512 --depth 16 --variant B --kernel avx2 --parallel-cpus 0,2,4,6 --parallel-rows 1332,807,965,992 --iterations 1 --repetitions 8 --warmup 2 --ready-timing-diagnostic
int8 AVX2 correction test passed; scalar_checksum=320040, avx2_checksum=320040, difference=0
ready_timing variant=B worker=0 cpu=0 row=1332 ready_elapsed_seconds=0.0198048
ready_timing variant=B worker=1 cpu=2 row=807 ready_elapsed_seconds=0.019802
ready_timing variant=B worker=2 cpu=4 row=965 ready_elapsed_seconds=0.0198097
ready_timing variant=B worker=3 cpu=6 row=992 ready_elapsed_seconds=0.0198014
ready_timing_aggregate variant=B min_seconds=0.0198014 max_seconds=0.0198097 mean_seconds=0.0198045
coordinator_kernel_elapsed variant=B kernel_elapsed_seconds=0.0087735
block_timing variant=B worker=0 cpu=0 row=1332 block_loop_elapsed_seconds=0.018174 first_clone_copy_elapsed_seconds=0 clone_copy_elapsed_seconds=0 remaining_clone_copy_elapsed_seconds=0
block_timing variant=B worker=1 cpu=2 row=807 block_loop_elapsed_seconds=0.01323 first_clone_copy_elapsed_seconds=0 clone_copy_elapsed_seconds=0 remaining_clone_copy_elapsed_seconds=0
block_timing variant=B worker=2 cpu=4 row=965 block_loop_elapsed_seconds=0.0162494 first_clone_copy_elapsed_seconds=0 clone_copy_elapsed_seconds=0 remaining_clone_copy_elapsed_seconds=0
block_timing variant=B worker=3 cpu=6 row=992 block_loop_elapsed_seconds=0.0161049 first_clone_copy_elapsed_seconds=0 clone_copy_elapsed_seconds=0 remaining_clone_copy_elapsed_seconds=0
command[12/30]=.\build\int8_probe.exe --K 512 --target-kib 512 --depth 16 --variant A --kernel avx2 --parallel-cpus 0,2,4,6 --parallel-rows 1332,807,965,992 --iterations 1 --repetitions 8 --warmup 2 --ready-timing-diagnostic
int8 AVX2 correction test passed; scalar_checksum=320040, avx2_checksum=320040, difference=0
ready_timing variant=A worker=0 cpu=0 row=1332 ready_elapsed_seconds=0.0019831
ready_timing variant=A worker=1 cpu=2 row=807 ready_elapsed_seconds=0.0019841
ready_timing variant=A worker=2 cpu=4 row=965 ready_elapsed_seconds=0.0019852
ready_timing variant=A worker=3 cpu=6 row=992 ready_elapsed_seconds=0.0019849
ready_timing_aggregate variant=A min_seconds=0.0019831 max_seconds=0.0019852 mean_seconds=0.00198432
coordinator_kernel_elapsed variant=A kernel_elapsed_seconds=0.0038123
block_timing variant=A worker=0 cpu=0 row=1332 block_loop_elapsed_seconds=0.0012298 first_clone_copy_elapsed_seconds=0 clone_copy_elapsed_seconds=0 remaining_clone_copy_elapsed_seconds=0
block_timing variant=A worker=1 cpu=2 row=807 block_loop_elapsed_seconds=0.001032 first_clone_copy_elapsed_seconds=0 clone_copy_elapsed_seconds=0 remaining_clone_copy_elapsed_seconds=0
block_timing variant=A worker=2 cpu=4 row=965 block_loop_elapsed_seconds=0.0008566 first_clone_copy_elapsed_seconds=0 clone_copy_elapsed_seconds=0 remaining_clone_copy_elapsed_seconds=0
block_timing variant=A worker=3 cpu=6 row=992 block_loop_elapsed_seconds=0.0012146 first_clone_copy_elapsed_seconds=0 clone_copy_elapsed_seconds=0 remaining_clone_copy_elapsed_seconds=0
command[13/30]=.\build\int8_probe.exe --K 512 --target-kib 512 --depth 16 --variant A --kernel avx2 --parallel-cpus 0,2,4,6 --parallel-rows 1332,807,965,992 --iterations 1 --repetitions 8 --warmup 2 --ready-timing-diagnostic
int8 AVX2 correction test passed; scalar_checksum=320040, avx2_checksum=320040, difference=0
ready_timing variant=A worker=0 cpu=0 row=1332 ready_elapsed_seconds=0.0021641
ready_timing variant=A worker=1 cpu=2 row=807 ready_elapsed_seconds=0.0021655
ready_timing variant=A worker=2 cpu=4 row=965 ready_elapsed_seconds=0.0021647
ready_timing variant=A worker=3 cpu=6 row=992 ready_elapsed_seconds=0.0021563
ready_timing_aggregate variant=A min_seconds=0.0021563 max_seconds=0.0021655 mean_seconds=0.00216265
coordinator_kernel_elapsed variant=A kernel_elapsed_seconds=0.0041406
block_timing variant=A worker=0 cpu=0 row=1332 block_loop_elapsed_seconds=0.0011138 first_clone_copy_elapsed_seconds=0 clone_copy_elapsed_seconds=0 remaining_clone_copy_elapsed_seconds=0
block_timing variant=A worker=1 cpu=2 row=807 block_loop_elapsed_seconds=0.0008666 first_clone_copy_elapsed_seconds=0 clone_copy_elapsed_seconds=0 remaining_clone_copy_elapsed_seconds=0
block_timing variant=A worker=2 cpu=4 row=965 block_loop_elapsed_seconds=0.0008163 first_clone_copy_elapsed_seconds=0 clone_copy_elapsed_seconds=0 remaining_clone_copy_elapsed_seconds=0
block_timing variant=A worker=3 cpu=6 row=992 block_loop_elapsed_seconds=0.0010272 first_clone_copy_elapsed_seconds=0 clone_copy_elapsed_seconds=0 remaining_clone_copy_elapsed_seconds=0
command[14/30]=.\build\int8_probe.exe --K 512 --target-kib 512 --depth 16 --variant B --kernel avx2 --parallel-cpus 0,2,4,6 --parallel-rows 1332,807,965,992 --iterations 1 --repetitions 8 --warmup 2 --ready-timing-diagnostic
int8 AVX2 correction test passed; scalar_checksum=320040, avx2_checksum=320040, difference=0
ready_timing variant=B worker=0 cpu=0 row=1332 ready_elapsed_seconds=0.0229517
ready_timing variant=B worker=1 cpu=2 row=807 ready_elapsed_seconds=0.0229581
ready_timing variant=B worker=2 cpu=4 row=965 ready_elapsed_seconds=0.0229446
ready_timing variant=B worker=3 cpu=6 row=992 ready_elapsed_seconds=0.0229382
ready_timing_aggregate variant=B min_seconds=0.0229382 max_seconds=0.0229581 mean_seconds=0.0229482
coordinator_kernel_elapsed variant=B kernel_elapsed_seconds=0.0074675
block_timing variant=B worker=0 cpu=0 row=1332 block_loop_elapsed_seconds=0.0219565 first_clone_copy_elapsed_seconds=0 clone_copy_elapsed_seconds=0 remaining_clone_copy_elapsed_seconds=0
block_timing variant=B worker=1 cpu=2 row=807 block_loop_elapsed_seconds=0.0135648 first_clone_copy_elapsed_seconds=0 clone_copy_elapsed_seconds=0 remaining_clone_copy_elapsed_seconds=0
block_timing variant=B worker=2 cpu=4 row=965 block_loop_elapsed_seconds=0.0140244 first_clone_copy_elapsed_seconds=0 clone_copy_elapsed_seconds=0 remaining_clone_copy_elapsed_seconds=0
block_timing variant=B worker=3 cpu=6 row=992 block_loop_elapsed_seconds=0.0157138 first_clone_copy_elapsed_seconds=0 clone_copy_elapsed_seconds=0 remaining_clone_copy_elapsed_seconds=0
command[15/30]=.\build\int8_probe.exe --K 512 --target-kib 512 --depth 16 --variant Bclone --kernel avx2 --parallel-cpus 0,2,4,6 --parallel-rows 1332,807,965,992 --iterations 1 --repetitions 8 --warmup 2 --ready-timing-diagnostic
int8 AVX2 correction test passed; scalar_checksum=320040, avx2_checksum=320040, difference=0
ready_timing variant=Bclone worker=0 cpu=0 row=1332 ready_elapsed_seconds=0.277123
ready_timing variant=Bclone worker=1 cpu=2 row=807 ready_elapsed_seconds=0.27457
ready_timing variant=Bclone worker=2 cpu=4 row=965 ready_elapsed_seconds=0.274557
ready_timing variant=Bclone worker=3 cpu=6 row=992 ready_elapsed_seconds=0.276043
ready_timing_aggregate variant=Bclone min_seconds=0.274557 max_seconds=0.277123 mean_seconds=0.275573
coordinator_kernel_elapsed variant=Bclone kernel_elapsed_seconds=0.0266083
block_timing variant=Bclone worker=0 cpu=0 row=1332 block_loop_elapsed_seconds=0.0048377 first_clone_copy_elapsed_seconds=0.0002459 clone_copy_elapsed_seconds=0.0034463 remaining_clone_copy_elapsed_seconds=0.0032004
block_timing variant=Bclone worker=1 cpu=2 row=807 block_loop_elapsed_seconds=0.0029551 first_clone_copy_elapsed_seconds=0.0001053 clone_copy_elapsed_seconds=0.0020745 remaining_clone_copy_elapsed_seconds=0.0019692
block_timing variant=Bclone worker=2 cpu=4 row=965 block_loop_elapsed_seconds=0.0036052 first_clone_copy_elapsed_seconds=0.0001657 clone_copy_elapsed_seconds=0.0025694 remaining_clone_copy_elapsed_seconds=0.0024037
block_timing variant=Bclone worker=3 cpu=6 row=992 block_loop_elapsed_seconds=0.003063 first_clone_copy_elapsed_seconds=7.72e-05 clone_copy_elapsed_seconds=0.0022419 remaining_clone_copy_elapsed_seconds=0.0021647
command[16/30]=.\build\int8_probe.exe --K 512 --target-kib 512 --depth 16 --variant Bclone --kernel avx2 --parallel-cpus 0,2,4,6 --parallel-rows 1332,807,965,992 --iterations 1 --repetitions 8 --warmup 2 --ready-timing-diagnostic
int8 AVX2 correction test passed; scalar_checksum=320040, avx2_checksum=320040, difference=0
ready_timing variant=Bclone worker=0 cpu=0 row=1332 ready_elapsed_seconds=0.265288
ready_timing variant=Bclone worker=1 cpu=2 row=807 ready_elapsed_seconds=0.26529
ready_timing variant=Bclone worker=2 cpu=4 row=965 ready_elapsed_seconds=0.26529
ready_timing variant=Bclone worker=3 cpu=6 row=992 ready_elapsed_seconds=0.265255
ready_timing_aggregate variant=Bclone min_seconds=0.265255 max_seconds=0.26529 mean_seconds=0.26528
coordinator_kernel_elapsed variant=Bclone kernel_elapsed_seconds=0.0289949
block_timing variant=Bclone worker=0 cpu=0 row=1332 block_loop_elapsed_seconds=0.0046886 first_clone_copy_elapsed_seconds=0.0001931 clone_copy_elapsed_seconds=0.0036311 remaining_clone_copy_elapsed_seconds=0.003438
block_timing variant=Bclone worker=1 cpu=2 row=807 block_loop_elapsed_seconds=0.0026143 first_clone_copy_elapsed_seconds=5.3e-05 clone_copy_elapsed_seconds=0.00198 remaining_clone_copy_elapsed_seconds=0.001927
block_timing variant=Bclone worker=2 cpu=4 row=965 block_loop_elapsed_seconds=0.0044772 first_clone_copy_elapsed_seconds=0.0002018 clone_copy_elapsed_seconds=0.003377 remaining_clone_copy_elapsed_seconds=0.0031752
block_timing variant=Bclone worker=3 cpu=6 row=992 block_loop_elapsed_seconds=0.0043101 first_clone_copy_elapsed_seconds=0.000198 clone_copy_elapsed_seconds=0.0032768 remaining_clone_copy_elapsed_seconds=0.0030788
command[17/30]=.\build\int8_probe.exe --K 512 --target-kib 512 --depth 16 --variant B --kernel avx2 --parallel-cpus 0,2,4,6 --parallel-rows 1332,807,965,992 --iterations 1 --repetitions 8 --warmup 2 --ready-timing-diagnostic
int8 AVX2 correction test passed; scalar_checksum=320040, avx2_checksum=320040, difference=0
ready_timing variant=B worker=0 cpu=0 row=1332 ready_elapsed_seconds=0.0210698
ready_timing variant=B worker=1 cpu=2 row=807 ready_elapsed_seconds=0.021063
ready_timing variant=B worker=2 cpu=4 row=965 ready_elapsed_seconds=0.0210619
ready_timing variant=B worker=3 cpu=6 row=992 ready_elapsed_seconds=0.0210546
ready_timing_aggregate variant=B min_seconds=0.0210546 max_seconds=0.0210698 mean_seconds=0.0210623
coordinator_kernel_elapsed variant=B kernel_elapsed_seconds=0.0142359
block_timing variant=B worker=0 cpu=0 row=1332 block_loop_elapsed_seconds=0.0199347 first_clone_copy_elapsed_seconds=0 clone_copy_elapsed_seconds=0 remaining_clone_copy_elapsed_seconds=0
block_timing variant=B worker=1 cpu=2 row=807 block_loop_elapsed_seconds=0.013096 first_clone_copy_elapsed_seconds=0 clone_copy_elapsed_seconds=0 remaining_clone_copy_elapsed_seconds=0
block_timing variant=B worker=2 cpu=4 row=965 block_loop_elapsed_seconds=0.0145933 first_clone_copy_elapsed_seconds=0 clone_copy_elapsed_seconds=0 remaining_clone_copy_elapsed_seconds=0
block_timing variant=B worker=3 cpu=6 row=992 block_loop_elapsed_seconds=0.0150656 first_clone_copy_elapsed_seconds=0 clone_copy_elapsed_seconds=0 remaining_clone_copy_elapsed_seconds=0
command[18/30]=.\build\int8_probe.exe --K 512 --target-kib 512 --depth 16 --variant A --kernel avx2 --parallel-cpus 0,2,4,6 --parallel-rows 1332,807,965,992 --iterations 1 --repetitions 8 --warmup 2 --ready-timing-diagnostic
int8 AVX2 correction test passed; scalar_checksum=320040, avx2_checksum=320040, difference=0
ready_timing variant=A worker=0 cpu=0 row=1332 ready_elapsed_seconds=0.0035286
ready_timing variant=A worker=1 cpu=2 row=807 ready_elapsed_seconds=0.0037264
ready_timing variant=A worker=2 cpu=4 row=965 ready_elapsed_seconds=0.0030411
ready_timing variant=A worker=3 cpu=6 row=992 ready_elapsed_seconds=0.0030435
ready_timing_aggregate variant=A min_seconds=0.0030411 max_seconds=0.0037264 mean_seconds=0.0033349
coordinator_kernel_elapsed variant=A kernel_elapsed_seconds=0.0102059
block_timing variant=A worker=0 cpu=0 row=1332 block_loop_elapsed_seconds=0.0011805 first_clone_copy_elapsed_seconds=0 clone_copy_elapsed_seconds=0 remaining_clone_copy_elapsed_seconds=0
block_timing variant=A worker=1 cpu=2 row=807 block_loop_elapsed_seconds=0.0009121 first_clone_copy_elapsed_seconds=0 clone_copy_elapsed_seconds=0 remaining_clone_copy_elapsed_seconds=0
block_timing variant=A worker=2 cpu=4 row=965 block_loop_elapsed_seconds=0.0008623 first_clone_copy_elapsed_seconds=0 clone_copy_elapsed_seconds=0 remaining_clone_copy_elapsed_seconds=0
block_timing variant=A worker=3 cpu=6 row=992 block_loop_elapsed_seconds=0.0010553 first_clone_copy_elapsed_seconds=0 clone_copy_elapsed_seconds=0 remaining_clone_copy_elapsed_seconds=0
command[19/30]=.\build\int8_probe.exe --K 512 --target-kib 512 --depth 16 --variant A --kernel avx2 --parallel-cpus 0,2,4,6 --parallel-rows 1332,807,965,992 --iterations 1 --repetitions 8 --warmup 2 --ready-timing-diagnostic
int8 AVX2 correction test passed; scalar_checksum=320040, avx2_checksum=320040, difference=0
ready_timing variant=A worker=0 cpu=0 row=1332 ready_elapsed_seconds=0.0019167
ready_timing variant=A worker=1 cpu=2 row=807 ready_elapsed_seconds=0.0035216
ready_timing variant=A worker=2 cpu=4 row=965 ready_elapsed_seconds=0.0019078
ready_timing variant=A worker=3 cpu=6 row=992 ready_elapsed_seconds=0.0018549
ready_timing_aggregate variant=A min_seconds=0.0018549 max_seconds=0.0035216 mean_seconds=0.00230025
coordinator_kernel_elapsed variant=A kernel_elapsed_seconds=0.0047803
block_timing variant=A worker=0 cpu=0 row=1332 block_loop_elapsed_seconds=0.00111 first_clone_copy_elapsed_seconds=0 clone_copy_elapsed_seconds=0 remaining_clone_copy_elapsed_seconds=0
block_timing variant=A worker=1 cpu=2 row=807 block_loop_elapsed_seconds=0.000898 first_clone_copy_elapsed_seconds=0 clone_copy_elapsed_seconds=0 remaining_clone_copy_elapsed_seconds=0
block_timing variant=A worker=2 cpu=4 row=965 block_loop_elapsed_seconds=0.0008396 first_clone_copy_elapsed_seconds=0 clone_copy_elapsed_seconds=0 remaining_clone_copy_elapsed_seconds=0
block_timing variant=A worker=3 cpu=6 row=992 block_loop_elapsed_seconds=0.0010762 first_clone_copy_elapsed_seconds=0 clone_copy_elapsed_seconds=0 remaining_clone_copy_elapsed_seconds=0
command[20/30]=.\build\int8_probe.exe --K 512 --target-kib 512 --depth 16 --variant B --kernel avx2 --parallel-cpus 0,2,4,6 --parallel-rows 1332,807,965,992 --iterations 1 --repetitions 8 --warmup 2 --ready-timing-diagnostic
int8 AVX2 correction test passed; scalar_checksum=320040, avx2_checksum=320040, difference=0
ready_timing variant=B worker=0 cpu=0 row=1332 ready_elapsed_seconds=0.0198501
ready_timing variant=B worker=1 cpu=2 row=807 ready_elapsed_seconds=0.0198549
ready_timing variant=B worker=2 cpu=4 row=965 ready_elapsed_seconds=0.0198556
ready_timing variant=B worker=3 cpu=6 row=992 ready_elapsed_seconds=0.0198491
ready_timing_aggregate variant=B min_seconds=0.0198491 max_seconds=0.0198556 mean_seconds=0.0198524
coordinator_kernel_elapsed variant=B kernel_elapsed_seconds=0.0078314
block_timing variant=B worker=0 cpu=0 row=1332 block_loop_elapsed_seconds=0.0185426 first_clone_copy_elapsed_seconds=0 clone_copy_elapsed_seconds=0 remaining_clone_copy_elapsed_seconds=0
block_timing variant=B worker=1 cpu=2 row=807 block_loop_elapsed_seconds=0.0129832 first_clone_copy_elapsed_seconds=0 clone_copy_elapsed_seconds=0 remaining_clone_copy_elapsed_seconds=0
block_timing variant=B worker=2 cpu=4 row=965 block_loop_elapsed_seconds=0.0145501 first_clone_copy_elapsed_seconds=0 clone_copy_elapsed_seconds=0 remaining_clone_copy_elapsed_seconds=0
block_timing variant=B worker=3 cpu=6 row=992 block_loop_elapsed_seconds=0.0163696 first_clone_copy_elapsed_seconds=0 clone_copy_elapsed_seconds=0 remaining_clone_copy_elapsed_seconds=0
command[21/30]=.\build\int8_probe.exe --K 512 --target-kib 512 --depth 16 --variant Bclone --kernel avx2 --parallel-cpus 0,2,4,6 --parallel-rows 1332,807,965,992 --iterations 1 --repetitions 8 --warmup 2 --ready-timing-diagnostic
int8 AVX2 correction test passed; scalar_checksum=320040, avx2_checksum=320040, difference=0
ready_timing variant=Bclone worker=0 cpu=0 row=1332 ready_elapsed_seconds=0.25548
ready_timing variant=Bclone worker=1 cpu=2 row=807 ready_elapsed_seconds=0.255482
ready_timing variant=Bclone worker=2 cpu=4 row=965 ready_elapsed_seconds=0.255483
ready_timing variant=Bclone worker=3 cpu=6 row=992 ready_elapsed_seconds=0.255474
ready_timing_aggregate variant=Bclone min_seconds=0.255474 max_seconds=0.255483 mean_seconds=0.25548
coordinator_kernel_elapsed variant=Bclone kernel_elapsed_seconds=0.0373719
block_timing variant=Bclone worker=0 cpu=0 row=1332 block_loop_elapsed_seconds=0.004483 first_clone_copy_elapsed_seconds=0.0002471 clone_copy_elapsed_seconds=0.0034306 remaining_clone_copy_elapsed_seconds=0.0031835
block_timing variant=Bclone worker=1 cpu=2 row=807 block_loop_elapsed_seconds=0.003328 first_clone_copy_elapsed_seconds=9.6e-05 clone_copy_elapsed_seconds=0.0024499 remaining_clone_copy_elapsed_seconds=0.0023539
block_timing variant=Bclone worker=2 cpu=4 row=965 block_loop_elapsed_seconds=0.0031163 first_clone_copy_elapsed_seconds=9.88e-05 clone_copy_elapsed_seconds=0.0022936 remaining_clone_copy_elapsed_seconds=0.0021948
block_timing variant=Bclone worker=3 cpu=6 row=992 block_loop_elapsed_seconds=0.0043239 first_clone_copy_elapsed_seconds=0.0002215 clone_copy_elapsed_seconds=0.0032493 remaining_clone_copy_elapsed_seconds=0.0030278
command[22/30]=.\build\int8_probe.exe --K 512 --target-kib 512 --depth 16 --variant Bclone --kernel avx2 --parallel-cpus 0,2,4,6 --parallel-rows 1332,807,965,992 --iterations 1 --repetitions 8 --warmup 2 --ready-timing-diagnostic
int8 AVX2 correction test passed; scalar_checksum=320040, avx2_checksum=320040, difference=0
ready_timing variant=Bclone worker=0 cpu=0 row=1332 ready_elapsed_seconds=0.263769
ready_timing variant=Bclone worker=1 cpu=2 row=807 ready_elapsed_seconds=0.263745
ready_timing variant=Bclone worker=2 cpu=4 row=965 ready_elapsed_seconds=0.263749
ready_timing variant=Bclone worker=3 cpu=6 row=992 ready_elapsed_seconds=0.263775
ready_timing_aggregate variant=Bclone min_seconds=0.263745 max_seconds=0.263775 mean_seconds=0.263759
coordinator_kernel_elapsed variant=Bclone kernel_elapsed_seconds=0.048369
block_timing variant=Bclone worker=0 cpu=0 row=1332 block_loop_elapsed_seconds=0.00513 first_clone_copy_elapsed_seconds=0.0002269 clone_copy_elapsed_seconds=0.0037153 remaining_clone_copy_elapsed_seconds=0.0034884
block_timing variant=Bclone worker=1 cpu=2 row=807 block_loop_elapsed_seconds=0.0031591 first_clone_copy_elapsed_seconds=6.16e-05 clone_copy_elapsed_seconds=0.0024162 remaining_clone_copy_elapsed_seconds=0.0023546
block_timing variant=Bclone worker=2 cpu=4 row=965 block_loop_elapsed_seconds=0.003826 first_clone_copy_elapsed_seconds=0.0001888 clone_copy_elapsed_seconds=0.0027666 remaining_clone_copy_elapsed_seconds=0.0025778
block_timing variant=Bclone worker=3 cpu=6 row=992 block_loop_elapsed_seconds=0.0036332 first_clone_copy_elapsed_seconds=0.0001229 clone_copy_elapsed_seconds=0.002806 remaining_clone_copy_elapsed_seconds=0.0026831
command[23/30]=.\build\int8_probe.exe --K 512 --target-kib 512 --depth 16 --variant B --kernel avx2 --parallel-cpus 0,2,4,6 --parallel-rows 1332,807,965,992 --iterations 1 --repetitions 8 --warmup 2 --ready-timing-diagnostic
int8 AVX2 correction test passed; scalar_checksum=320040, avx2_checksum=320040, difference=0
ready_timing variant=B worker=0 cpu=0 row=1332 ready_elapsed_seconds=0.0238425
ready_timing variant=B worker=1 cpu=2 row=807 ready_elapsed_seconds=0.0239121
ready_timing variant=B worker=2 cpu=4 row=965 ready_elapsed_seconds=0.0238297
ready_timing variant=B worker=3 cpu=6 row=992 ready_elapsed_seconds=0.0238314
ready_timing_aggregate variant=B min_seconds=0.0238297 max_seconds=0.0239121 mean_seconds=0.0238539
coordinator_kernel_elapsed variant=B kernel_elapsed_seconds=0.0083416
block_timing variant=B worker=0 cpu=0 row=1332 block_loop_elapsed_seconds=0.0217377 first_clone_copy_elapsed_seconds=0 clone_copy_elapsed_seconds=0 remaining_clone_copy_elapsed_seconds=0
block_timing variant=B worker=1 cpu=2 row=807 block_loop_elapsed_seconds=0.013053 first_clone_copy_elapsed_seconds=0 clone_copy_elapsed_seconds=0 remaining_clone_copy_elapsed_seconds=0
block_timing variant=B worker=2 cpu=4 row=965 block_loop_elapsed_seconds=0.0156868 first_clone_copy_elapsed_seconds=0 clone_copy_elapsed_seconds=0 remaining_clone_copy_elapsed_seconds=0
block_timing variant=B worker=3 cpu=6 row=992 block_loop_elapsed_seconds=0.0141377 first_clone_copy_elapsed_seconds=0 clone_copy_elapsed_seconds=0 remaining_clone_copy_elapsed_seconds=0
command[24/30]=.\build\int8_probe.exe --K 512 --target-kib 512 --depth 16 --variant A --kernel avx2 --parallel-cpus 0,2,4,6 --parallel-rows 1332,807,965,992 --iterations 1 --repetitions 8 --warmup 2 --ready-timing-diagnostic
int8 AVX2 correction test passed; scalar_checksum=320040, avx2_checksum=320040, difference=0
ready_timing variant=A worker=0 cpu=0 row=1332 ready_elapsed_seconds=0.0033228
ready_timing variant=A worker=1 cpu=2 row=807 ready_elapsed_seconds=0.0033253
ready_timing variant=A worker=2 cpu=4 row=965 ready_elapsed_seconds=0.0033249
ready_timing variant=A worker=3 cpu=6 row=992 ready_elapsed_seconds=0.0040495
ready_timing_aggregate variant=A min_seconds=0.0033228 max_seconds=0.0040495 mean_seconds=0.00350563
coordinator_kernel_elapsed variant=A kernel_elapsed_seconds=0.0107514
block_timing variant=A worker=0 cpu=0 row=1332 block_loop_elapsed_seconds=0.0014886 first_clone_copy_elapsed_seconds=0 clone_copy_elapsed_seconds=0 remaining_clone_copy_elapsed_seconds=0
block_timing variant=A worker=1 cpu=2 row=807 block_loop_elapsed_seconds=0.0007312 first_clone_copy_elapsed_seconds=0 clone_copy_elapsed_seconds=0 remaining_clone_copy_elapsed_seconds=0
block_timing variant=A worker=2 cpu=4 row=965 block_loop_elapsed_seconds=0.000985 first_clone_copy_elapsed_seconds=0 clone_copy_elapsed_seconds=0 remaining_clone_copy_elapsed_seconds=0
block_timing variant=A worker=3 cpu=6 row=992 block_loop_elapsed_seconds=0.0011952 first_clone_copy_elapsed_seconds=0 clone_copy_elapsed_seconds=0 remaining_clone_copy_elapsed_seconds=0
command[25/30]=.\build\int8_probe.exe --K 512 --target-kib 512 --depth 16 --variant A --kernel avx2 --parallel-cpus 0,2,4,6 --parallel-rows 1332,807,965,992 --iterations 1 --repetitions 8 --warmup 2 --ready-timing-diagnostic
int8 AVX2 correction test passed; scalar_checksum=320040, avx2_checksum=320040, difference=0
ready_timing variant=A worker=0 cpu=0 row=1332 ready_elapsed_seconds=0.0091658
ready_timing variant=A worker=1 cpu=2 row=807 ready_elapsed_seconds=0.0091711
ready_timing variant=A worker=2 cpu=4 row=965 ready_elapsed_seconds=0.0091745
ready_timing variant=A worker=3 cpu=6 row=992 ready_elapsed_seconds=0.0091699
ready_timing_aggregate variant=A min_seconds=0.0091658 max_seconds=0.0091745 mean_seconds=0.00917033
coordinator_kernel_elapsed variant=A kernel_elapsed_seconds=0.0042961
block_timing variant=A worker=0 cpu=0 row=1332 block_loop_elapsed_seconds=0.0013978 first_clone_copy_elapsed_seconds=0 clone_copy_elapsed_seconds=0 remaining_clone_copy_elapsed_seconds=0
block_timing variant=A worker=1 cpu=2 row=807 block_loop_elapsed_seconds=0.0007618 first_clone_copy_elapsed_seconds=0 clone_copy_elapsed_seconds=0 remaining_clone_copy_elapsed_seconds=0
block_timing variant=A worker=2 cpu=4 row=965 block_loop_elapsed_seconds=0.0010519 first_clone_copy_elapsed_seconds=0 clone_copy_elapsed_seconds=0 remaining_clone_copy_elapsed_seconds=0
block_timing variant=A worker=3 cpu=6 row=992 block_loop_elapsed_seconds=0.0008426 first_clone_copy_elapsed_seconds=0 clone_copy_elapsed_seconds=0 remaining_clone_copy_elapsed_seconds=0
command[26/30]=.\build\int8_probe.exe --K 512 --target-kib 512 --depth 16 --variant B --kernel avx2 --parallel-cpus 0,2,4,6 --parallel-rows 1332,807,965,992 --iterations 1 --repetitions 8 --warmup 2 --ready-timing-diagnostic
int8 AVX2 correction test passed; scalar_checksum=320040, avx2_checksum=320040, difference=0
ready_timing variant=B worker=0 cpu=0 row=1332 ready_elapsed_seconds=0.027153
ready_timing variant=B worker=1 cpu=2 row=807 ready_elapsed_seconds=0.0271052
ready_timing variant=B worker=2 cpu=4 row=965 ready_elapsed_seconds=0.0271062
ready_timing variant=B worker=3 cpu=6 row=992 ready_elapsed_seconds=0.0271055
ready_timing_aggregate variant=B min_seconds=0.0271052 max_seconds=0.027153 mean_seconds=0.0271175
coordinator_kernel_elapsed variant=B kernel_elapsed_seconds=0.0117022
block_timing variant=B worker=0 cpu=0 row=1332 block_loop_elapsed_seconds=0.023411 first_clone_copy_elapsed_seconds=0 clone_copy_elapsed_seconds=0 remaining_clone_copy_elapsed_seconds=0
block_timing variant=B worker=1 cpu=2 row=807 block_loop_elapsed_seconds=0.0136832 first_clone_copy_elapsed_seconds=0 clone_copy_elapsed_seconds=0 remaining_clone_copy_elapsed_seconds=0
block_timing variant=B worker=2 cpu=4 row=965 block_loop_elapsed_seconds=0.0162962 first_clone_copy_elapsed_seconds=0 clone_copy_elapsed_seconds=0 remaining_clone_copy_elapsed_seconds=0
block_timing variant=B worker=3 cpu=6 row=992 block_loop_elapsed_seconds=0.0170774 first_clone_copy_elapsed_seconds=0 clone_copy_elapsed_seconds=0 remaining_clone_copy_elapsed_seconds=0
command[27/30]=.\build\int8_probe.exe --K 512 --target-kib 512 --depth 16 --variant Bclone --kernel avx2 --parallel-cpus 0,2,4,6 --parallel-rows 1332,807,965,992 --iterations 1 --repetitions 8 --warmup 2 --ready-timing-diagnostic
int8 AVX2 correction test passed; scalar_checksum=320040, avx2_checksum=320040, difference=0
ready_timing variant=Bclone worker=0 cpu=0 row=1332 ready_elapsed_seconds=0.265354
ready_timing variant=Bclone worker=1 cpu=2 row=807 ready_elapsed_seconds=0.265358
ready_timing variant=Bclone worker=2 cpu=4 row=965 ready_elapsed_seconds=0.265355
ready_timing variant=Bclone worker=3 cpu=6 row=992 ready_elapsed_seconds=0.265362
ready_timing_aggregate variant=Bclone min_seconds=0.265354 max_seconds=0.265362 mean_seconds=0.265357
coordinator_kernel_elapsed variant=Bclone kernel_elapsed_seconds=0.0365188
block_timing variant=Bclone worker=0 cpu=0 row=1332 block_loop_elapsed_seconds=0.0046561 first_clone_copy_elapsed_seconds=0.0001996 clone_copy_elapsed_seconds=0.0035767 remaining_clone_copy_elapsed_seconds=0.0033771
block_timing variant=Bclone worker=1 cpu=2 row=807 block_loop_elapsed_seconds=0.0024925 first_clone_copy_elapsed_seconds=5.31e-05 clone_copy_elapsed_seconds=0.0016857 remaining_clone_copy_elapsed_seconds=0.0016326
block_timing variant=Bclone worker=2 cpu=4 row=965 block_loop_elapsed_seconds=0.0036823 first_clone_copy_elapsed_seconds=0.0001708 clone_copy_elapsed_seconds=0.0026237 remaining_clone_copy_elapsed_seconds=0.0024529
block_timing variant=Bclone worker=3 cpu=6 row=992 block_loop_elapsed_seconds=0.0039217 first_clone_copy_elapsed_seconds=9.56e-05 clone_copy_elapsed_seconds=0.0031012 remaining_clone_copy_elapsed_seconds=0.0030056
command[28/30]=.\build\int8_probe.exe --K 512 --target-kib 512 --depth 16 --variant Bclone --kernel avx2 --parallel-cpus 0,2,4,6 --parallel-rows 1332,807,965,992 --iterations 1 --repetitions 8 --warmup 2 --ready-timing-diagnostic
int8 AVX2 correction test passed; scalar_checksum=320040, avx2_checksum=320040, difference=0
ready_timing variant=Bclone worker=0 cpu=0 row=1332 ready_elapsed_seconds=0.275007
ready_timing variant=Bclone worker=1 cpu=2 row=807 ready_elapsed_seconds=0.274997
ready_timing variant=Bclone worker=2 cpu=4 row=965 ready_elapsed_seconds=0.274997
ready_timing variant=Bclone worker=3 cpu=6 row=992 ready_elapsed_seconds=0.27499
ready_timing_aggregate variant=Bclone min_seconds=0.27499 max_seconds=0.275007 mean_seconds=0.274998
coordinator_kernel_elapsed variant=Bclone kernel_elapsed_seconds=0.0285096
block_timing variant=Bclone worker=0 cpu=0 row=1332 block_loop_elapsed_seconds=0.0044688 first_clone_copy_elapsed_seconds=0.0001948 clone_copy_elapsed_seconds=0.003069 remaining_clone_copy_elapsed_seconds=0.0028742
block_timing variant=Bclone worker=1 cpu=2 row=807 block_loop_elapsed_seconds=0.0026952 first_clone_copy_elapsed_seconds=6.36e-05 clone_copy_elapsed_seconds=0.0020158 remaining_clone_copy_elapsed_seconds=0.0019522
block_timing variant=Bclone worker=2 cpu=4 row=965 block_loop_elapsed_seconds=0.0029636 first_clone_copy_elapsed_seconds=8.35e-05 clone_copy_elapsed_seconds=0.0021946 remaining_clone_copy_elapsed_seconds=0.0021111
block_timing variant=Bclone worker=3 cpu=6 row=992 block_loop_elapsed_seconds=0.0037118 first_clone_copy_elapsed_seconds=0.0001311 clone_copy_elapsed_seconds=0.0025909 remaining_clone_copy_elapsed_seconds=0.0024598
command[29/30]=.\build\int8_probe.exe --K 512 --target-kib 512 --depth 16 --variant B --kernel avx2 --parallel-cpus 0,2,4,6 --parallel-rows 1332,807,965,992 --iterations 1 --repetitions 8 --warmup 2 --ready-timing-diagnostic
int8 AVX2 correction test passed; scalar_checksum=320040, avx2_checksum=320040, difference=0
ready_timing variant=B worker=0 cpu=0 row=1332 ready_elapsed_seconds=0.0205334
ready_timing variant=B worker=1 cpu=2 row=807 ready_elapsed_seconds=0.0205368
ready_timing variant=B worker=2 cpu=4 row=965 ready_elapsed_seconds=0.0205325
ready_timing variant=B worker=3 cpu=6 row=992 ready_elapsed_seconds=0.0205198
ready_timing_aggregate variant=B min_seconds=0.0205198 max_seconds=0.0205368 mean_seconds=0.0205306
coordinator_kernel_elapsed variant=B kernel_elapsed_seconds=0.0080126
block_timing variant=B worker=0 cpu=0 row=1332 block_loop_elapsed_seconds=0.0195968 first_clone_copy_elapsed_seconds=0 clone_copy_elapsed_seconds=0 remaining_clone_copy_elapsed_seconds=0
block_timing variant=B worker=1 cpu=2 row=807 block_loop_elapsed_seconds=0.0128297 first_clone_copy_elapsed_seconds=0 clone_copy_elapsed_seconds=0 remaining_clone_copy_elapsed_seconds=0
block_timing variant=B worker=2 cpu=4 row=965 block_loop_elapsed_seconds=0.013121 first_clone_copy_elapsed_seconds=0 clone_copy_elapsed_seconds=0 remaining_clone_copy_elapsed_seconds=0
block_timing variant=B worker=3 cpu=6 row=992 block_loop_elapsed_seconds=0.0134286 first_clone_copy_elapsed_seconds=0 clone_copy_elapsed_seconds=0 remaining_clone_copy_elapsed_seconds=0
command[30/30]=.\build\int8_probe.exe --K 512 --target-kib 512 --depth 16 --variant A --kernel avx2 --parallel-cpus 0,2,4,6 --parallel-rows 1332,807,965,992 --iterations 1 --repetitions 8 --warmup 2 --ready-timing-diagnostic
int8 AVX2 correction test passed; scalar_checksum=320040, avx2_checksum=320040, difference=0
ready_timing variant=A worker=0 cpu=0 row=1332 ready_elapsed_seconds=0.0019449
ready_timing variant=A worker=1 cpu=2 row=807 ready_elapsed_seconds=0.0019492
ready_timing variant=A worker=2 cpu=4 row=965 ready_elapsed_seconds=0.0019472
ready_timing variant=A worker=3 cpu=6 row=992 ready_elapsed_seconds=0.0019479
ready_timing_aggregate variant=A min_seconds=0.0019449 max_seconds=0.0019492 mean_seconds=0.0019473
coordinator_kernel_elapsed variant=A kernel_elapsed_seconds=0.0038842
block_timing variant=A worker=0 cpu=0 row=1332 block_loop_elapsed_seconds=0.0011512 first_clone_copy_elapsed_seconds=0 clone_copy_elapsed_seconds=0 remaining_clone_copy_elapsed_seconds=0
block_timing variant=A worker=1 cpu=2 row=807 block_loop_elapsed_seconds=0.0008601 first_clone_copy_elapsed_seconds=0 clone_copy_elapsed_seconds=0 remaining_clone_copy_elapsed_seconds=0
block_timing variant=A worker=2 cpu=4 row=965 block_loop_elapsed_seconds=0.0008952 first_clone_copy_elapsed_seconds=0 clone_copy_elapsed_seconds=0 remaining_clone_copy_elapsed_seconds=0
block_timing variant=A worker=3 cpu=6 row=992 block_loop_elapsed_seconds=0.0011368 first_clone_copy_elapsed_seconds=0 clone_copy_elapsed_seconds=0 remaining_clone_copy_elapsed_seconds=0
