T0-M recurrence component breakdown exact commands
executable=D:\Install\Dev\Projects\IA\Ejercise\cpu-native-arch\build\t0m_recurrence_probe.exe
preflight: CTest recurrence correction, one explicit --self-test, then dumpbin evidence
measurement: D=512; workers=4; cpus=0,2,4,6; rows-per-worker=128,128,128,128; S=1,4,8,16; R=1
components=full,gemv-only,transition-only; mode=fused; timed-repetitions=8; warmup=2; independent-runs=10
semantics=full actual GEMV+transition; gemv-only worker/barrier GEMV with frozen state and no transition; transition-only main-thread apply_transition with deterministic synthetic output and worker/barrier no-op
order=odd runs reverse component order; even runs forward component order; no concurrency; speed invocations never receive --self-test
ctest_command "C:\Program Files (x86)\Microsoft Visual Studio\18\BuildTools\Common7\IDE\CommonExtensions\Microsoft\CMake\CMake\bin\ctest.exe" --test-dir D:\Install\Dev\Projects\IA\Ejercise\cpu-native-arch\build -R t0m_recurrence_correction --output-on-failure
[1] preflight_self_test "D:\Install\Dev\Projects\IA\Ejercise\cpu-native-arch\build\t0m_recurrence_probe.exe" --self-test
dumpbin_command "C:\Program Files (x86)\Microsoft Visual Studio\18\BuildTools\VC\Tools\MSVC\14.50.35717\bin\Hostx64\x64\dumpbin.exe" /DISASM D:\Install\Dev\Projects\IA\Ejercise\cpu-native-arch\build\t0m_recurrence_probe.exe
[2] speed S=1 component=transition-only run=1 order_index=1 "D:\Install\Dev\Projects\IA\Ejercise\cpu-native-arch\build\t0m_recurrence_probe.exe" --D 512 --S 1 --R 1 --mode fused --component transition-only --workers 4 --cpus 0,2,4,6 --rows-per-worker 128,128,128,128 --timed-repetitions 8 --warmup 2
[3] speed S=1 component=gemv-only run=1 order_index=2 "D:\Install\Dev\Projects\IA\Ejercise\cpu-native-arch\build\t0m_recurrence_probe.exe" --D 512 --S 1 --R 1 --mode fused --component gemv-only --workers 4 --cpus 0,2,4,6 --rows-per-worker 128,128,128,128 --timed-repetitions 8 --warmup 2
[4] speed S=1 component=full run=1 order_index=3 "D:\Install\Dev\Projects\IA\Ejercise\cpu-native-arch\build\t0m_recurrence_probe.exe" --D 512 --S 1 --R 1 --mode fused --component full --workers 4 --cpus 0,2,4,6 --rows-per-worker 128,128,128,128 --timed-repetitions 8 --warmup 2
[5] speed S=1 component=full run=2 order_index=1 "D:\Install\Dev\Projects\IA\Ejercise\cpu-native-arch\build\t0m_recurrence_probe.exe" --D 512 --S 1 --R 1 --mode fused --component full --workers 4 --cpus 0,2,4,6 --rows-per-worker 128,128,128,128 --timed-repetitions 8 --warmup 2
[6] speed S=1 component=gemv-only run=2 order_index=2 "D:\Install\Dev\Projects\IA\Ejercise\cpu-native-arch\build\t0m_recurrence_probe.exe" --D 512 --S 1 --R 1 --mode fused --component gemv-only --workers 4 --cpus 0,2,4,6 --rows-per-worker 128,128,128,128 --timed-repetitions 8 --warmup 2
[7] speed S=1 component=transition-only run=2 order_index=3 "D:\Install\Dev\Projects\IA\Ejercise\cpu-native-arch\build\t0m_recurrence_probe.exe" --D 512 --S 1 --R 1 --mode fused --component transition-only --workers 4 --cpus 0,2,4,6 --rows-per-worker 128,128,128,128 --timed-repetitions 8 --warmup 2
[8] speed S=1 component=transition-only run=3 order_index=1 "D:\Install\Dev\Projects\IA\Ejercise\cpu-native-arch\build\t0m_recurrence_probe.exe" --D 512 --S 1 --R 1 --mode fused --component transition-only --workers 4 --cpus 0,2,4,6 --rows-per-worker 128,128,128,128 --timed-repetitions 8 --warmup 2
[9] speed S=1 component=gemv-only run=3 order_index=2 "D:\Install\Dev\Projects\IA\Ejercise\cpu-native-arch\build\t0m_recurrence_probe.exe" --D 512 --S 1 --R 1 --mode fused --component gemv-only --workers 4 --cpus 0,2,4,6 --rows-per-worker 128,128,128,128 --timed-repetitions 8 --warmup 2
[10] speed S=1 component=full run=3 order_index=3 "D:\Install\Dev\Projects\IA\Ejercise\cpu-native-arch\build\t0m_recurrence_probe.exe" --D 512 --S 1 --R 1 --mode fused --component full --workers 4 --cpus 0,2,4,6 --rows-per-worker 128,128,128,128 --timed-repetitions 8 --warmup 2
[11] speed S=1 component=full run=4 order_index=1 "D:\Install\Dev\Projects\IA\Ejercise\cpu-native-arch\build\t0m_recurrence_probe.exe" --D 512 --S 1 --R 1 --mode fused --component full --workers 4 --cpus 0,2,4,6 --rows-per-worker 128,128,128,128 --timed-repetitions 8 --warmup 2
[12] speed S=1 component=gemv-only run=4 order_index=2 "D:\Install\Dev\Projects\IA\Ejercise\cpu-native-arch\build\t0m_recurrence_probe.exe" --D 512 --S 1 --R 1 --mode fused --component gemv-only --workers 4 --cpus 0,2,4,6 --rows-per-worker 128,128,128,128 --timed-repetitions 8 --warmup 2
[13] speed S=1 component=transition-only run=4 order_index=3 "D:\Install\Dev\Projects\IA\Ejercise\cpu-native-arch\build\t0m_recurrence_probe.exe" --D 512 --S 1 --R 1 --mode fused --component transition-only --workers 4 --cpus 0,2,4,6 --rows-per-worker 128,128,128,128 --timed-repetitions 8 --warmup 2
[14] speed S=1 component=transition-only run=5 order_index=1 "D:\Install\Dev\Projects\IA\Ejercise\cpu-native-arch\build\t0m_recurrence_probe.exe" --D 512 --S 1 --R 1 --mode fused --component transition-only --workers 4 --cpus 0,2,4,6 --rows-per-worker 128,128,128,128 --timed-repetitions 8 --warmup 2
[15] speed S=1 component=gemv-only run=5 order_index=2 "D:\Install\Dev\Projects\IA\Ejercise\cpu-native-arch\build\t0m_recurrence_probe.exe" --D 512 --S 1 --R 1 --mode fused --component gemv-only --workers 4 --cpus 0,2,4,6 --rows-per-worker 128,128,128,128 --timed-repetitions 8 --warmup 2
[16] speed S=1 component=full run=5 order_index=3 "D:\Install\Dev\Projects\IA\Ejercise\cpu-native-arch\build\t0m_recurrence_probe.exe" --D 512 --S 1 --R 1 --mode fused --component full --workers 4 --cpus 0,2,4,6 --rows-per-worker 128,128,128,128 --timed-repetitions 8 --warmup 2
[17] speed S=1 component=full run=6 order_index=1 "D:\Install\Dev\Projects\IA\Ejercise\cpu-native-arch\build\t0m_recurrence_probe.exe" --D 512 --S 1 --R 1 --mode fused --component full --workers 4 --cpus 0,2,4,6 --rows-per-worker 128,128,128,128 --timed-repetitions 8 --warmup 2
[18] speed S=1 component=gemv-only run=6 order_index=2 "D:\Install\Dev\Projects\IA\Ejercise\cpu-native-arch\build\t0m_recurrence_probe.exe" --D 512 --S 1 --R 1 --mode fused --component gemv-only --workers 4 --cpus 0,2,4,6 --rows-per-worker 128,128,128,128 --timed-repetitions 8 --warmup 2
[19] speed S=1 component=transition-only run=6 order_index=3 "D:\Install\Dev\Projects\IA\Ejercise\cpu-native-arch\build\t0m_recurrence_probe.exe" --D 512 --S 1 --R 1 --mode fused --component transition-only --workers 4 --cpus 0,2,4,6 --rows-per-worker 128,128,128,128 --timed-repetitions 8 --warmup 2
[20] speed S=1 component=transition-only run=7 order_index=1 "D:\Install\Dev\Projects\IA\Ejercise\cpu-native-arch\build\t0m_recurrence_probe.exe" --D 512 --S 1 --R 1 --mode fused --component transition-only --workers 4 --cpus 0,2,4,6 --rows-per-worker 128,128,128,128 --timed-repetitions 8 --warmup 2
[21] speed S=1 component=gemv-only run=7 order_index=2 "D:\Install\Dev\Projects\IA\Ejercise\cpu-native-arch\build\t0m_recurrence_probe.exe" --D 512 --S 1 --R 1 --mode fused --component gemv-only --workers 4 --cpus 0,2,4,6 --rows-per-worker 128,128,128,128 --timed-repetitions 8 --warmup 2
[22] speed S=1 component=full run=7 order_index=3 "D:\Install\Dev\Projects\IA\Ejercise\cpu-native-arch\build\t0m_recurrence_probe.exe" --D 512 --S 1 --R 1 --mode fused --component full --workers 4 --cpus 0,2,4,6 --rows-per-worker 128,128,128,128 --timed-repetitions 8 --warmup 2
[23] speed S=1 component=full run=8 order_index=1 "D:\Install\Dev\Projects\IA\Ejercise\cpu-native-arch\build\t0m_recurrence_probe.exe" --D 512 --S 1 --R 1 --mode fused --component full --workers 4 --cpus 0,2,4,6 --rows-per-worker 128,128,128,128 --timed-repetitions 8 --warmup 2
[24] speed S=1 component=gemv-only run=8 order_index=2 "D:\Install\Dev\Projects\IA\Ejercise\cpu-native-arch\build\t0m_recurrence_probe.exe" --D 512 --S 1 --R 1 --mode fused --component gemv-only --workers 4 --cpus 0,2,4,6 --rows-per-worker 128,128,128,128 --timed-repetitions 8 --warmup 2
[25] speed S=1 component=transition-only run=8 order_index=3 "D:\Install\Dev\Projects\IA\Ejercise\cpu-native-arch\build\t0m_recurrence_probe.exe" --D 512 --S 1 --R 1 --mode fused --component transition-only --workers 4 --cpus 0,2,4,6 --rows-per-worker 128,128,128,128 --timed-repetitions 8 --warmup 2
[26] speed S=1 component=transition-only run=9 order_index=1 "D:\Install\Dev\Projects\IA\Ejercise\cpu-native-arch\build\t0m_recurrence_probe.exe" --D 512 --S 1 --R 1 --mode fused --component transition-only --workers 4 --cpus 0,2,4,6 --rows-per-worker 128,128,128,128 --timed-repetitions 8 --warmup 2
[27] speed S=1 component=gemv-only run=9 order_index=2 "D:\Install\Dev\Projects\IA\Ejercise\cpu-native-arch\build\t0m_recurrence_probe.exe" --D 512 --S 1 --R 1 --mode fused --component gemv-only --workers 4 --cpus 0,2,4,6 --rows-per-worker 128,128,128,128 --timed-repetitions 8 --warmup 2
[28] speed S=1 component=full run=9 order_index=3 "D:\Install\Dev\Projects\IA\Ejercise\cpu-native-arch\build\t0m_recurrence_probe.exe" --D 512 --S 1 --R 1 --mode fused --component full --workers 4 --cpus 0,2,4,6 --rows-per-worker 128,128,128,128 --timed-repetitions 8 --warmup 2
[29] speed S=1 component=full run=10 order_index=1 "D:\Install\Dev\Projects\IA\Ejercise\cpu-native-arch\build\t0m_recurrence_probe.exe" --D 512 --S 1 --R 1 --mode fused --component full --workers 4 --cpus 0,2,4,6 --rows-per-worker 128,128,128,128 --timed-repetitions 8 --warmup 2
[30] speed S=1 component=gemv-only run=10 order_index=2 "D:\Install\Dev\Projects\IA\Ejercise\cpu-native-arch\build\t0m_recurrence_probe.exe" --D 512 --S 1 --R 1 --mode fused --component gemv-only --workers 4 --cpus 0,2,4,6 --rows-per-worker 128,128,128,128 --timed-repetitions 8 --warmup 2
[31] speed S=1 component=transition-only run=10 order_index=3 "D:\Install\Dev\Projects\IA\Ejercise\cpu-native-arch\build\t0m_recurrence_probe.exe" --D 512 --S 1 --R 1 --mode fused --component transition-only --workers 4 --cpus 0,2,4,6 --rows-per-worker 128,128,128,128 --timed-repetitions 8 --warmup 2
[32] speed S=4 component=transition-only run=1 order_index=1 "D:\Install\Dev\Projects\IA\Ejercise\cpu-native-arch\build\t0m_recurrence_probe.exe" --D 512 --S 4 --R 1 --mode fused --component transition-only --workers 4 --cpus 0,2,4,6 --rows-per-worker 128,128,128,128 --timed-repetitions 8 --warmup 2
[33] speed S=4 component=gemv-only run=1 order_index=2 "D:\Install\Dev\Projects\IA\Ejercise\cpu-native-arch\build\t0m_recurrence_probe.exe" --D 512 --S 4 --R 1 --mode fused --component gemv-only --workers 4 --cpus 0,2,4,6 --rows-per-worker 128,128,128,128 --timed-repetitions 8 --warmup 2
[34] speed S=4 component=full run=1 order_index=3 "D:\Install\Dev\Projects\IA\Ejercise\cpu-native-arch\build\t0m_recurrence_probe.exe" --D 512 --S 4 --R 1 --mode fused --component full --workers 4 --cpus 0,2,4,6 --rows-per-worker 128,128,128,128 --timed-repetitions 8 --warmup 2
[35] speed S=4 component=full run=2 order_index=1 "D:\Install\Dev\Projects\IA\Ejercise\cpu-native-arch\build\t0m_recurrence_probe.exe" --D 512 --S 4 --R 1 --mode fused --component full --workers 4 --cpus 0,2,4,6 --rows-per-worker 128,128,128,128 --timed-repetitions 8 --warmup 2
[36] speed S=4 component=gemv-only run=2 order_index=2 "D:\Install\Dev\Projects\IA\Ejercise\cpu-native-arch\build\t0m_recurrence_probe.exe" --D 512 --S 4 --R 1 --mode fused --component gemv-only --workers 4 --cpus 0,2,4,6 --rows-per-worker 128,128,128,128 --timed-repetitions 8 --warmup 2
[37] speed S=4 component=transition-only run=2 order_index=3 "D:\Install\Dev\Projects\IA\Ejercise\cpu-native-arch\build\t0m_recurrence_probe.exe" --D 512 --S 4 --R 1 --mode fused --component transition-only --workers 4 --cpus 0,2,4,6 --rows-per-worker 128,128,128,128 --timed-repetitions 8 --warmup 2
[38] speed S=4 component=transition-only run=3 order_index=1 "D:\Install\Dev\Projects\IA\Ejercise\cpu-native-arch\build\t0m_recurrence_probe.exe" --D 512 --S 4 --R 1 --mode fused --component transition-only --workers 4 --cpus 0,2,4,6 --rows-per-worker 128,128,128,128 --timed-repetitions 8 --warmup 2
[39] speed S=4 component=gemv-only run=3 order_index=2 "D:\Install\Dev\Projects\IA\Ejercise\cpu-native-arch\build\t0m_recurrence_probe.exe" --D 512 --S 4 --R 1 --mode fused --component gemv-only --workers 4 --cpus 0,2,4,6 --rows-per-worker 128,128,128,128 --timed-repetitions 8 --warmup 2
[40] speed S=4 component=full run=3 order_index=3 "D:\Install\Dev\Projects\IA\Ejercise\cpu-native-arch\build\t0m_recurrence_probe.exe" --D 512 --S 4 --R 1 --mode fused --component full --workers 4 --cpus 0,2,4,6 --rows-per-worker 128,128,128,128 --timed-repetitions 8 --warmup 2
[41] speed S=4 component=full run=4 order_index=1 "D:\Install\Dev\Projects\IA\Ejercise\cpu-native-arch\build\t0m_recurrence_probe.exe" --D 512 --S 4 --R 1 --mode fused --component full --workers 4 --cpus 0,2,4,6 --rows-per-worker 128,128,128,128 --timed-repetitions 8 --warmup 2
[42] speed S=4 component=gemv-only run=4 order_index=2 "D:\Install\Dev\Projects\IA\Ejercise\cpu-native-arch\build\t0m_recurrence_probe.exe" --D 512 --S 4 --R 1 --mode fused --component gemv-only --workers 4 --cpus 0,2,4,6 --rows-per-worker 128,128,128,128 --timed-repetitions 8 --warmup 2
[43] speed S=4 component=transition-only run=4 order_index=3 "D:\Install\Dev\Projects\IA\Ejercise\cpu-native-arch\build\t0m_recurrence_probe.exe" --D 512 --S 4 --R 1 --mode fused --component transition-only --workers 4 --cpus 0,2,4,6 --rows-per-worker 128,128,128,128 --timed-repetitions 8 --warmup 2
[44] speed S=4 component=transition-only run=5 order_index=1 "D:\Install\Dev\Projects\IA\Ejercise\cpu-native-arch\build\t0m_recurrence_probe.exe" --D 512 --S 4 --R 1 --mode fused --component transition-only --workers 4 --cpus 0,2,4,6 --rows-per-worker 128,128,128,128 --timed-repetitions 8 --warmup 2
[45] speed S=4 component=gemv-only run=5 order_index=2 "D:\Install\Dev\Projects\IA\Ejercise\cpu-native-arch\build\t0m_recurrence_probe.exe" --D 512 --S 4 --R 1 --mode fused --component gemv-only --workers 4 --cpus 0,2,4,6 --rows-per-worker 128,128,128,128 --timed-repetitions 8 --warmup 2
[46] speed S=4 component=full run=5 order_index=3 "D:\Install\Dev\Projects\IA\Ejercise\cpu-native-arch\build\t0m_recurrence_probe.exe" --D 512 --S 4 --R 1 --mode fused --component full --workers 4 --cpus 0,2,4,6 --rows-per-worker 128,128,128,128 --timed-repetitions 8 --warmup 2
[47] speed S=4 component=full run=6 order_index=1 "D:\Install\Dev\Projects\IA\Ejercise\cpu-native-arch\build\t0m_recurrence_probe.exe" --D 512 --S 4 --R 1 --mode fused --component full --workers 4 --cpus 0,2,4,6 --rows-per-worker 128,128,128,128 --timed-repetitions 8 --warmup 2
[48] speed S=4 component=gemv-only run=6 order_index=2 "D:\Install\Dev\Projects\IA\Ejercise\cpu-native-arch\build\t0m_recurrence_probe.exe" --D 512 --S 4 --R 1 --mode fused --component gemv-only --workers 4 --cpus 0,2,4,6 --rows-per-worker 128,128,128,128 --timed-repetitions 8 --warmup 2
[49] speed S=4 component=transition-only run=6 order_index=3 "D:\Install\Dev\Projects\IA\Ejercise\cpu-native-arch\build\t0m_recurrence_probe.exe" --D 512 --S 4 --R 1 --mode fused --component transition-only --workers 4 --cpus 0,2,4,6 --rows-per-worker 128,128,128,128 --timed-repetitions 8 --warmup 2
[50] speed S=4 component=transition-only run=7 order_index=1 "D:\Install\Dev\Projects\IA\Ejercise\cpu-native-arch\build\t0m_recurrence_probe.exe" --D 512 --S 4 --R 1 --mode fused --component transition-only --workers 4 --cpus 0,2,4,6 --rows-per-worker 128,128,128,128 --timed-repetitions 8 --warmup 2
[51] speed S=4 component=gemv-only run=7 order_index=2 "D:\Install\Dev\Projects\IA\Ejercise\cpu-native-arch\build\t0m_recurrence_probe.exe" --D 512 --S 4 --R 1 --mode fused --component gemv-only --workers 4 --cpus 0,2,4,6 --rows-per-worker 128,128,128,128 --timed-repetitions 8 --warmup 2
[52] speed S=4 component=full run=7 order_index=3 "D:\Install\Dev\Projects\IA\Ejercise\cpu-native-arch\build\t0m_recurrence_probe.exe" --D 512 --S 4 --R 1 --mode fused --component full --workers 4 --cpus 0,2,4,6 --rows-per-worker 128,128,128,128 --timed-repetitions 8 --warmup 2
[53] speed S=4 component=full run=8 order_index=1 "D:\Install\Dev\Projects\IA\Ejercise\cpu-native-arch\build\t0m_recurrence_probe.exe" --D 512 --S 4 --R 1 --mode fused --component full --workers 4 --cpus 0,2,4,6 --rows-per-worker 128,128,128,128 --timed-repetitions 8 --warmup 2
[54] speed S=4 component=gemv-only run=8 order_index=2 "D:\Install\Dev\Projects\IA\Ejercise\cpu-native-arch\build\t0m_recurrence_probe.exe" --D 512 --S 4 --R 1 --mode fused --component gemv-only --workers 4 --cpus 0,2,4,6 --rows-per-worker 128,128,128,128 --timed-repetitions 8 --warmup 2
[55] speed S=4 component=transition-only run=8 order_index=3 "D:\Install\Dev\Projects\IA\Ejercise\cpu-native-arch\build\t0m_recurrence_probe.exe" --D 512 --S 4 --R 1 --mode fused --component transition-only --workers 4 --cpus 0,2,4,6 --rows-per-worker 128,128,128,128 --timed-repetitions 8 --warmup 2
[56] speed S=4 component=transition-only run=9 order_index=1 "D:\Install\Dev\Projects\IA\Ejercise\cpu-native-arch\build\t0m_recurrence_probe.exe" --D 512 --S 4 --R 1 --mode fused --component transition-only --workers 4 --cpus 0,2,4,6 --rows-per-worker 128,128,128,128 --timed-repetitions 8 --warmup 2
[57] speed S=4 component=gemv-only run=9 order_index=2 "D:\Install\Dev\Projects\IA\Ejercise\cpu-native-arch\build\t0m_recurrence_probe.exe" --D 512 --S 4 --R 1 --mode fused --component gemv-only --workers 4 --cpus 0,2,4,6 --rows-per-worker 128,128,128,128 --timed-repetitions 8 --warmup 2
[58] speed S=4 component=full run=9 order_index=3 "D:\Install\Dev\Projects\IA\Ejercise\cpu-native-arch\build\t0m_recurrence_probe.exe" --D 512 --S 4 --R 1 --mode fused --component full --workers 4 --cpus 0,2,4,6 --rows-per-worker 128,128,128,128 --timed-repetitions 8 --warmup 2
[59] speed S=4 component=full run=10 order_index=1 "D:\Install\Dev\Projects\IA\Ejercise\cpu-native-arch\build\t0m_recurrence_probe.exe" --D 512 --S 4 --R 1 --mode fused --component full --workers 4 --cpus 0,2,4,6 --rows-per-worker 128,128,128,128 --timed-repetitions 8 --warmup 2
[60] speed S=4 component=gemv-only run=10 order_index=2 "D:\Install\Dev\Projects\IA\Ejercise\cpu-native-arch\build\t0m_recurrence_probe.exe" --D 512 --S 4 --R 1 --mode fused --component gemv-only --workers 4 --cpus 0,2,4,6 --rows-per-worker 128,128,128,128 --timed-repetitions 8 --warmup 2
[61] speed S=4 component=transition-only run=10 order_index=3 "D:\Install\Dev\Projects\IA\Ejercise\cpu-native-arch\build\t0m_recurrence_probe.exe" --D 512 --S 4 --R 1 --mode fused --component transition-only --workers 4 --cpus 0,2,4,6 --rows-per-worker 128,128,128,128 --timed-repetitions 8 --warmup 2
[62] speed S=8 component=transition-only run=1 order_index=1 "D:\Install\Dev\Projects\IA\Ejercise\cpu-native-arch\build\t0m_recurrence_probe.exe" --D 512 --S 8 --R 1 --mode fused --component transition-only --workers 4 --cpus 0,2,4,6 --rows-per-worker 128,128,128,128 --timed-repetitions 8 --warmup 2
[63] speed S=8 component=gemv-only run=1 order_index=2 "D:\Install\Dev\Projects\IA\Ejercise\cpu-native-arch\build\t0m_recurrence_probe.exe" --D 512 --S 8 --R 1 --mode fused --component gemv-only --workers 4 --cpus 0,2,4,6 --rows-per-worker 128,128,128,128 --timed-repetitions 8 --warmup 2
[64] speed S=8 component=full run=1 order_index=3 "D:\Install\Dev\Projects\IA\Ejercise\cpu-native-arch\build\t0m_recurrence_probe.exe" --D 512 --S 8 --R 1 --mode fused --component full --workers 4 --cpus 0,2,4,6 --rows-per-worker 128,128,128,128 --timed-repetitions 8 --warmup 2
[65] speed S=8 component=full run=2 order_index=1 "D:\Install\Dev\Projects\IA\Ejercise\cpu-native-arch\build\t0m_recurrence_probe.exe" --D 512 --S 8 --R 1 --mode fused --component full --workers 4 --cpus 0,2,4,6 --rows-per-worker 128,128,128,128 --timed-repetitions 8 --warmup 2
[66] speed S=8 component=gemv-only run=2 order_index=2 "D:\Install\Dev\Projects\IA\Ejercise\cpu-native-arch\build\t0m_recurrence_probe.exe" --D 512 --S 8 --R 1 --mode fused --component gemv-only --workers 4 --cpus 0,2,4,6 --rows-per-worker 128,128,128,128 --timed-repetitions 8 --warmup 2
[67] speed S=8 component=transition-only run=2 order_index=3 "D:\Install\Dev\Projects\IA\Ejercise\cpu-native-arch\build\t0m_recurrence_probe.exe" --D 512 --S 8 --R 1 --mode fused --component transition-only --workers 4 --cpus 0,2,4,6 --rows-per-worker 128,128,128,128 --timed-repetitions 8 --warmup 2
[68] speed S=8 component=transition-only run=3 order_index=1 "D:\Install\Dev\Projects\IA\Ejercise\cpu-native-arch\build\t0m_recurrence_probe.exe" --D 512 --S 8 --R 1 --mode fused --component transition-only --workers 4 --cpus 0,2,4,6 --rows-per-worker 128,128,128,128 --timed-repetitions 8 --warmup 2
[69] speed S=8 component=gemv-only run=3 order_index=2 "D:\Install\Dev\Projects\IA\Ejercise\cpu-native-arch\build\t0m_recurrence_probe.exe" --D 512 --S 8 --R 1 --mode fused --component gemv-only --workers 4 --cpus 0,2,4,6 --rows-per-worker 128,128,128,128 --timed-repetitions 8 --warmup 2
[70] speed S=8 component=full run=3 order_index=3 "D:\Install\Dev\Projects\IA\Ejercise\cpu-native-arch\build\t0m_recurrence_probe.exe" --D 512 --S 8 --R 1 --mode fused --component full --workers 4 --cpus 0,2,4,6 --rows-per-worker 128,128,128,128 --timed-repetitions 8 --warmup 2
[71] speed S=8 component=full run=4 order_index=1 "D:\Install\Dev\Projects\IA\Ejercise\cpu-native-arch\build\t0m_recurrence_probe.exe" --D 512 --S 8 --R 1 --mode fused --component full --workers 4 --cpus 0,2,4,6 --rows-per-worker 128,128,128,128 --timed-repetitions 8 --warmup 2
[72] speed S=8 component=gemv-only run=4 order_index=2 "D:\Install\Dev\Projects\IA\Ejercise\cpu-native-arch\build\t0m_recurrence_probe.exe" --D 512 --S 8 --R 1 --mode fused --component gemv-only --workers 4 --cpus 0,2,4,6 --rows-per-worker 128,128,128,128 --timed-repetitions 8 --warmup 2
[73] speed S=8 component=transition-only run=4 order_index=3 "D:\Install\Dev\Projects\IA\Ejercise\cpu-native-arch\build\t0m_recurrence_probe.exe" --D 512 --S 8 --R 1 --mode fused --component transition-only --workers 4 --cpus 0,2,4,6 --rows-per-worker 128,128,128,128 --timed-repetitions 8 --warmup 2
[74] speed S=8 component=transition-only run=5 order_index=1 "D:\Install\Dev\Projects\IA\Ejercise\cpu-native-arch\build\t0m_recurrence_probe.exe" --D 512 --S 8 --R 1 --mode fused --component transition-only --workers 4 --cpus 0,2,4,6 --rows-per-worker 128,128,128,128 --timed-repetitions 8 --warmup 2
[75] speed S=8 component=gemv-only run=5 order_index=2 "D:\Install\Dev\Projects\IA\Ejercise\cpu-native-arch\build\t0m_recurrence_probe.exe" --D 512 --S 8 --R 1 --mode fused --component gemv-only --workers 4 --cpus 0,2,4,6 --rows-per-worker 128,128,128,128 --timed-repetitions 8 --warmup 2
[76] speed S=8 component=full run=5 order_index=3 "D:\Install\Dev\Projects\IA\Ejercise\cpu-native-arch\build\t0m_recurrence_probe.exe" --D 512 --S 8 --R 1 --mode fused --component full --workers 4 --cpus 0,2,4,6 --rows-per-worker 128,128,128,128 --timed-repetitions 8 --warmup 2
[77] speed S=8 component=full run=6 order_index=1 "D:\Install\Dev\Projects\IA\Ejercise\cpu-native-arch\build\t0m_recurrence_probe.exe" --D 512 --S 8 --R 1 --mode fused --component full --workers 4 --cpus 0,2,4,6 --rows-per-worker 128,128,128,128 --timed-repetitions 8 --warmup 2
[78] speed S=8 component=gemv-only run=6 order_index=2 "D:\Install\Dev\Projects\IA\Ejercise\cpu-native-arch\build\t0m_recurrence_probe.exe" --D 512 --S 8 --R 1 --mode fused --component gemv-only --workers 4 --cpus 0,2,4,6 --rows-per-worker 128,128,128,128 --timed-repetitions 8 --warmup 2
[79] speed S=8 component=transition-only run=6 order_index=3 "D:\Install\Dev\Projects\IA\Ejercise\cpu-native-arch\build\t0m_recurrence_probe.exe" --D 512 --S 8 --R 1 --mode fused --component transition-only --workers 4 --cpus 0,2,4,6 --rows-per-worker 128,128,128,128 --timed-repetitions 8 --warmup 2
[80] speed S=8 component=transition-only run=7 order_index=1 "D:\Install\Dev\Projects\IA\Ejercise\cpu-native-arch\build\t0m_recurrence_probe.exe" --D 512 --S 8 --R 1 --mode fused --component transition-only --workers 4 --cpus 0,2,4,6 --rows-per-worker 128,128,128,128 --timed-repetitions 8 --warmup 2
[81] speed S=8 component=gemv-only run=7 order_index=2 "D:\Install\Dev\Projects\IA\Ejercise\cpu-native-arch\build\t0m_recurrence_probe.exe" --D 512 --S 8 --R 1 --mode fused --component gemv-only --workers 4 --cpus 0,2,4,6 --rows-per-worker 128,128,128,128 --timed-repetitions 8 --warmup 2
[82] speed S=8 component=full run=7 order_index=3 "D:\Install\Dev\Projects\IA\Ejercise\cpu-native-arch\build\t0m_recurrence_probe.exe" --D 512 --S 8 --R 1 --mode fused --component full --workers 4 --cpus 0,2,4,6 --rows-per-worker 128,128,128,128 --timed-repetitions 8 --warmup 2
[83] speed S=8 component=full run=8 order_index=1 "D:\Install\Dev\Projects\IA\Ejercise\cpu-native-arch\build\t0m_recurrence_probe.exe" --D 512 --S 8 --R 1 --mode fused --component full --workers 4 --cpus 0,2,4,6 --rows-per-worker 128,128,128,128 --timed-repetitions 8 --warmup 2
[84] speed S=8 component=gemv-only run=8 order_index=2 "D:\Install\Dev\Projects\IA\Ejercise\cpu-native-arch\build\t0m_recurrence_probe.exe" --D 512 --S 8 --R 1 --mode fused --component gemv-only --workers 4 --cpus 0,2,4,6 --rows-per-worker 128,128,128,128 --timed-repetitions 8 --warmup 2
[85] speed S=8 component=transition-only run=8 order_index=3 "D:\Install\Dev\Projects\IA\Ejercise\cpu-native-arch\build\t0m_recurrence_probe.exe" --D 512 --S 8 --R 1 --mode fused --component transition-only --workers 4 --cpus 0,2,4,6 --rows-per-worker 128,128,128,128 --timed-repetitions 8 --warmup 2
[86] speed S=8 component=transition-only run=9 order_index=1 "D:\Install\Dev\Projects\IA\Ejercise\cpu-native-arch\build\t0m_recurrence_probe.exe" --D 512 --S 8 --R 1 --mode fused --component transition-only --workers 4 --cpus 0,2,4,6 --rows-per-worker 128,128,128,128 --timed-repetitions 8 --warmup 2
[87] speed S=8 component=gemv-only run=9 order_index=2 "D:\Install\Dev\Projects\IA\Ejercise\cpu-native-arch\build\t0m_recurrence_probe.exe" --D 512 --S 8 --R 1 --mode fused --component gemv-only --workers 4 --cpus 0,2,4,6 --rows-per-worker 128,128,128,128 --timed-repetitions 8 --warmup 2
[88] speed S=8 component=full run=9 order_index=3 "D:\Install\Dev\Projects\IA\Ejercise\cpu-native-arch\build\t0m_recurrence_probe.exe" --D 512 --S 8 --R 1 --mode fused --component full --workers 4 --cpus 0,2,4,6 --rows-per-worker 128,128,128,128 --timed-repetitions 8 --warmup 2
[89] speed S=8 component=full run=10 order_index=1 "D:\Install\Dev\Projects\IA\Ejercise\cpu-native-arch\build\t0m_recurrence_probe.exe" --D 512 --S 8 --R 1 --mode fused --component full --workers 4 --cpus 0,2,4,6 --rows-per-worker 128,128,128,128 --timed-repetitions 8 --warmup 2
[90] speed S=8 component=gemv-only run=10 order_index=2 "D:\Install\Dev\Projects\IA\Ejercise\cpu-native-arch\build\t0m_recurrence_probe.exe" --D 512 --S 8 --R 1 --mode fused --component gemv-only --workers 4 --cpus 0,2,4,6 --rows-per-worker 128,128,128,128 --timed-repetitions 8 --warmup 2
[91] speed S=8 component=transition-only run=10 order_index=3 "D:\Install\Dev\Projects\IA\Ejercise\cpu-native-arch\build\t0m_recurrence_probe.exe" --D 512 --S 8 --R 1 --mode fused --component transition-only --workers 4 --cpus 0,2,4,6 --rows-per-worker 128,128,128,128 --timed-repetitions 8 --warmup 2
[92] speed S=16 component=transition-only run=1 order_index=1 "D:\Install\Dev\Projects\IA\Ejercise\cpu-native-arch\build\t0m_recurrence_probe.exe" --D 512 --S 16 --R 1 --mode fused --component transition-only --workers 4 --cpus 0,2,4,6 --rows-per-worker 128,128,128,128 --timed-repetitions 8 --warmup 2
[93] speed S=16 component=gemv-only run=1 order_index=2 "D:\Install\Dev\Projects\IA\Ejercise\cpu-native-arch\build\t0m_recurrence_probe.exe" --D 512 --S 16 --R 1 --mode fused --component gemv-only --workers 4 --cpus 0,2,4,6 --rows-per-worker 128,128,128,128 --timed-repetitions 8 --warmup 2
[94] speed S=16 component=full run=1 order_index=3 "D:\Install\Dev\Projects\IA\Ejercise\cpu-native-arch\build\t0m_recurrence_probe.exe" --D 512 --S 16 --R 1 --mode fused --component full --workers 4 --cpus 0,2,4,6 --rows-per-worker 128,128,128,128 --timed-repetitions 8 --warmup 2
[95] speed S=16 component=full run=2 order_index=1 "D:\Install\Dev\Projects\IA\Ejercise\cpu-native-arch\build\t0m_recurrence_probe.exe" --D 512 --S 16 --R 1 --mode fused --component full --workers 4 --cpus 0,2,4,6 --rows-per-worker 128,128,128,128 --timed-repetitions 8 --warmup 2
[96] speed S=16 component=gemv-only run=2 order_index=2 "D:\Install\Dev\Projects\IA\Ejercise\cpu-native-arch\build\t0m_recurrence_probe.exe" --D 512 --S 16 --R 1 --mode fused --component gemv-only --workers 4 --cpus 0,2,4,6 --rows-per-worker 128,128,128,128 --timed-repetitions 8 --warmup 2
[97] speed S=16 component=transition-only run=2 order_index=3 "D:\Install\Dev\Projects\IA\Ejercise\cpu-native-arch\build\t0m_recurrence_probe.exe" --D 512 --S 16 --R 1 --mode fused --component transition-only --workers 4 --cpus 0,2,4,6 --rows-per-worker 128,128,128,128 --timed-repetitions 8 --warmup 2
[98] speed S=16 component=transition-only run=3 order_index=1 "D:\Install\Dev\Projects\IA\Ejercise\cpu-native-arch\build\t0m_recurrence_probe.exe" --D 512 --S 16 --R 1 --mode fused --component transition-only --workers 4 --cpus 0,2,4,6 --rows-per-worker 128,128,128,128 --timed-repetitions 8 --warmup 2
[99] speed S=16 component=gemv-only run=3 order_index=2 "D:\Install\Dev\Projects\IA\Ejercise\cpu-native-arch\build\t0m_recurrence_probe.exe" --D 512 --S 16 --R 1 --mode fused --component gemv-only --workers 4 --cpus 0,2,4,6 --rows-per-worker 128,128,128,128 --timed-repetitions 8 --warmup 2
[100] speed S=16 component=full run=3 order_index=3 "D:\Install\Dev\Projects\IA\Ejercise\cpu-native-arch\build\t0m_recurrence_probe.exe" --D 512 --S 16 --R 1 --mode fused --component full --workers 4 --cpus 0,2,4,6 --rows-per-worker 128,128,128,128 --timed-repetitions 8 --warmup 2
[101] speed S=16 component=full run=4 order_index=1 "D:\Install\Dev\Projects\IA\Ejercise\cpu-native-arch\build\t0m_recurrence_probe.exe" --D 512 --S 16 --R 1 --mode fused --component full --workers 4 --cpus 0,2,4,6 --rows-per-worker 128,128,128,128 --timed-repetitions 8 --warmup 2
[102] speed S=16 component=gemv-only run=4 order_index=2 "D:\Install\Dev\Projects\IA\Ejercise\cpu-native-arch\build\t0m_recurrence_probe.exe" --D 512 --S 16 --R 1 --mode fused --component gemv-only --workers 4 --cpus 0,2,4,6 --rows-per-worker 128,128,128,128 --timed-repetitions 8 --warmup 2
[103] speed S=16 component=transition-only run=4 order_index=3 "D:\Install\Dev\Projects\IA\Ejercise\cpu-native-arch\build\t0m_recurrence_probe.exe" --D 512 --S 16 --R 1 --mode fused --component transition-only --workers 4 --cpus 0,2,4,6 --rows-per-worker 128,128,128,128 --timed-repetitions 8 --warmup 2
[104] speed S=16 component=transition-only run=5 order_index=1 "D:\Install\Dev\Projects\IA\Ejercise\cpu-native-arch\build\t0m_recurrence_probe.exe" --D 512 --S 16 --R 1 --mode fused --component transition-only --workers 4 --cpus 0,2,4,6 --rows-per-worker 128,128,128,128 --timed-repetitions 8 --warmup 2
[105] speed S=16 component=gemv-only run=5 order_index=2 "D:\Install\Dev\Projects\IA\Ejercise\cpu-native-arch\build\t0m_recurrence_probe.exe" --D 512 --S 16 --R 1 --mode fused --component gemv-only --workers 4 --cpus 0,2,4,6 --rows-per-worker 128,128,128,128 --timed-repetitions 8 --warmup 2
[106] speed S=16 component=full run=5 order_index=3 "D:\Install\Dev\Projects\IA\Ejercise\cpu-native-arch\build\t0m_recurrence_probe.exe" --D 512 --S 16 --R 1 --mode fused --component full --workers 4 --cpus 0,2,4,6 --rows-per-worker 128,128,128,128 --timed-repetitions 8 --warmup 2
[107] speed S=16 component=full run=6 order_index=1 "D:\Install\Dev\Projects\IA\Ejercise\cpu-native-arch\build\t0m_recurrence_probe.exe" --D 512 --S 16 --R 1 --mode fused --component full --workers 4 --cpus 0,2,4,6 --rows-per-worker 128,128,128,128 --timed-repetitions 8 --warmup 2
[108] speed S=16 component=gemv-only run=6 order_index=2 "D:\Install\Dev\Projects\IA\Ejercise\cpu-native-arch\build\t0m_recurrence_probe.exe" --D 512 --S 16 --R 1 --mode fused --component gemv-only --workers 4 --cpus 0,2,4,6 --rows-per-worker 128,128,128,128 --timed-repetitions 8 --warmup 2
[109] speed S=16 component=transition-only run=6 order_index=3 "D:\Install\Dev\Projects\IA\Ejercise\cpu-native-arch\build\t0m_recurrence_probe.exe" --D 512 --S 16 --R 1 --mode fused --component transition-only --workers 4 --cpus 0,2,4,6 --rows-per-worker 128,128,128,128 --timed-repetitions 8 --warmup 2
[110] speed S=16 component=transition-only run=7 order_index=1 "D:\Install\Dev\Projects\IA\Ejercise\cpu-native-arch\build\t0m_recurrence_probe.exe" --D 512 --S 16 --R 1 --mode fused --component transition-only --workers 4 --cpus 0,2,4,6 --rows-per-worker 128,128,128,128 --timed-repetitions 8 --warmup 2
[111] speed S=16 component=gemv-only run=7 order_index=2 "D:\Install\Dev\Projects\IA\Ejercise\cpu-native-arch\build\t0m_recurrence_probe.exe" --D 512 --S 16 --R 1 --mode fused --component gemv-only --workers 4 --cpus 0,2,4,6 --rows-per-worker 128,128,128,128 --timed-repetitions 8 --warmup 2
[112] speed S=16 component=full run=7 order_index=3 "D:\Install\Dev\Projects\IA\Ejercise\cpu-native-arch\build\t0m_recurrence_probe.exe" --D 512 --S 16 --R 1 --mode fused --component full --workers 4 --cpus 0,2,4,6 --rows-per-worker 128,128,128,128 --timed-repetitions 8 --warmup 2
[113] speed S=16 component=full run=8 order_index=1 "D:\Install\Dev\Projects\IA\Ejercise\cpu-native-arch\build\t0m_recurrence_probe.exe" --D 512 --S 16 --R 1 --mode fused --component full --workers 4 --cpus 0,2,4,6 --rows-per-worker 128,128,128,128 --timed-repetitions 8 --warmup 2
[114] speed S=16 component=gemv-only run=8 order_index=2 "D:\Install\Dev\Projects\IA\Ejercise\cpu-native-arch\build\t0m_recurrence_probe.exe" --D 512 --S 16 --R 1 --mode fused --component gemv-only --workers 4 --cpus 0,2,4,6 --rows-per-worker 128,128,128,128 --timed-repetitions 8 --warmup 2
[115] speed S=16 component=transition-only run=8 order_index=3 "D:\Install\Dev\Projects\IA\Ejercise\cpu-native-arch\build\t0m_recurrence_probe.exe" --D 512 --S 16 --R 1 --mode fused --component transition-only --workers 4 --cpus 0,2,4,6 --rows-per-worker 128,128,128,128 --timed-repetitions 8 --warmup 2
[116] speed S=16 component=transition-only run=9 order_index=1 "D:\Install\Dev\Projects\IA\Ejercise\cpu-native-arch\build\t0m_recurrence_probe.exe" --D 512 --S 16 --R 1 --mode fused --component transition-only --workers 4 --cpus 0,2,4,6 --rows-per-worker 128,128,128,128 --timed-repetitions 8 --warmup 2
[117] speed S=16 component=gemv-only run=9 order_index=2 "D:\Install\Dev\Projects\IA\Ejercise\cpu-native-arch\build\t0m_recurrence_probe.exe" --D 512 --S 16 --R 1 --mode fused --component gemv-only --workers 4 --cpus 0,2,4,6 --rows-per-worker 128,128,128,128 --timed-repetitions 8 --warmup 2
[118] speed S=16 component=full run=9 order_index=3 "D:\Install\Dev\Projects\IA\Ejercise\cpu-native-arch\build\t0m_recurrence_probe.exe" --D 512 --S 16 --R 1 --mode fused --component full --workers 4 --cpus 0,2,4,6 --rows-per-worker 128,128,128,128 --timed-repetitions 8 --warmup 2
[119] speed S=16 component=full run=10 order_index=1 "D:\Install\Dev\Projects\IA\Ejercise\cpu-native-arch\build\t0m_recurrence_probe.exe" --D 512 --S 16 --R 1 --mode fused --component full --workers 4 --cpus 0,2,4,6 --rows-per-worker 128,128,128,128 --timed-repetitions 8 --warmup 2
[120] speed S=16 component=gemv-only run=10 order_index=2 "D:\Install\Dev\Projects\IA\Ejercise\cpu-native-arch\build\t0m_recurrence_probe.exe" --D 512 --S 16 --R 1 --mode fused --component gemv-only --workers 4 --cpus 0,2,4,6 --rows-per-worker 128,128,128,128 --timed-repetitions 8 --warmup 2
[121] speed S=16 component=transition-only run=10 order_index=3 "D:\Install\Dev\Projects\IA\Ejercise\cpu-native-arch\build\t0m_recurrence_probe.exe" --D 512 --S 16 --R 1 --mode fused --component transition-only --workers 4 --cpus 0,2,4,6 --rows-per-worker 128,128,128,128 --timed-repetitions 8 --warmup 2
