T0-M recurrence residency control A/B
scope=D=512; S=1; R=16; mode=fused only; variants=A(shared),B(per-round)
workers=4; cpus=0,2,4,6; rows_per_worker=128,128,128,128
timed_repetitions=8; warmup=2; independent_runs=10; no concurrency
order=even run A then B; odd run B then A; pair-adjacent
B seed=0xC001CAFE ^ 0x9E3779B9*(shard_index+1) ^ 0x85EBCA6B*(round+1); xorshift32; value=(next%255)-127
A seed=0xC001CAFE ^ 0x9E3779B9*(shard_index+1); same xorshift32/value mapping; block shared across rounds
preflight=one CTest correction plus one explicit --self-test; speed invocations never receive --self-test
ctest_command "C:\Program Files (x86)\Microsoft Visual Studio\18\BuildTools\Common7\IDE\CommonExtensions\Microsoft\CMake\CMake\bin\ctest.exe" --test-dir D:\Install\Dev\Projects\IA\Ejercise\cpu-native-arch\build -R t0m_recurrence_correction --output-on-failure
self_test_command "D:\Install\Dev\Projects\IA\Ejercise\cpu-native-arch\build\t0m_recurrence_probe.exe" --self-test
[1] speed variant=B run=1 order_index=1 "D:\Install\Dev\Projects\IA\Ejercise\cpu-native-arch\build\t0m_recurrence_probe.exe" --D 512 --S 1 --R 16 --variant B --mode fused --workers 4 --cpus 0,2,4,6 --rows-per-worker 128,128,128,128 --timed-repetitions 8 --warmup 2
[2] speed variant=A run=1 order_index=2 "D:\Install\Dev\Projects\IA\Ejercise\cpu-native-arch\build\t0m_recurrence_probe.exe" --D 512 --S 1 --R 16 --variant A --mode fused --workers 4 --cpus 0,2,4,6 --rows-per-worker 128,128,128,128 --timed-repetitions 8 --warmup 2
[3] speed variant=A run=2 order_index=1 "D:\Install\Dev\Projects\IA\Ejercise\cpu-native-arch\build\t0m_recurrence_probe.exe" --D 512 --S 1 --R 16 --variant A --mode fused --workers 4 --cpus 0,2,4,6 --rows-per-worker 128,128,128,128 --timed-repetitions 8 --warmup 2
[4] speed variant=B run=2 order_index=2 "D:\Install\Dev\Projects\IA\Ejercise\cpu-native-arch\build\t0m_recurrence_probe.exe" --D 512 --S 1 --R 16 --variant B --mode fused --workers 4 --cpus 0,2,4,6 --rows-per-worker 128,128,128,128 --timed-repetitions 8 --warmup 2
[5] speed variant=B run=3 order_index=1 "D:\Install\Dev\Projects\IA\Ejercise\cpu-native-arch\build\t0m_recurrence_probe.exe" --D 512 --S 1 --R 16 --variant B --mode fused --workers 4 --cpus 0,2,4,6 --rows-per-worker 128,128,128,128 --timed-repetitions 8 --warmup 2
[6] speed variant=A run=3 order_index=2 "D:\Install\Dev\Projects\IA\Ejercise\cpu-native-arch\build\t0m_recurrence_probe.exe" --D 512 --S 1 --R 16 --variant A --mode fused --workers 4 --cpus 0,2,4,6 --rows-per-worker 128,128,128,128 --timed-repetitions 8 --warmup 2
[7] speed variant=A run=4 order_index=1 "D:\Install\Dev\Projects\IA\Ejercise\cpu-native-arch\build\t0m_recurrence_probe.exe" --D 512 --S 1 --R 16 --variant A --mode fused --workers 4 --cpus 0,2,4,6 --rows-per-worker 128,128,128,128 --timed-repetitions 8 --warmup 2
[8] speed variant=B run=4 order_index=2 "D:\Install\Dev\Projects\IA\Ejercise\cpu-native-arch\build\t0m_recurrence_probe.exe" --D 512 --S 1 --R 16 --variant B --mode fused --workers 4 --cpus 0,2,4,6 --rows-per-worker 128,128,128,128 --timed-repetitions 8 --warmup 2
[9] speed variant=B run=5 order_index=1 "D:\Install\Dev\Projects\IA\Ejercise\cpu-native-arch\build\t0m_recurrence_probe.exe" --D 512 --S 1 --R 16 --variant B --mode fused --workers 4 --cpus 0,2,4,6 --rows-per-worker 128,128,128,128 --timed-repetitions 8 --warmup 2
[10] speed variant=A run=5 order_index=2 "D:\Install\Dev\Projects\IA\Ejercise\cpu-native-arch\build\t0m_recurrence_probe.exe" --D 512 --S 1 --R 16 --variant A --mode fused --workers 4 --cpus 0,2,4,6 --rows-per-worker 128,128,128,128 --timed-repetitions 8 --warmup 2
[11] speed variant=A run=6 order_index=1 "D:\Install\Dev\Projects\IA\Ejercise\cpu-native-arch\build\t0m_recurrence_probe.exe" --D 512 --S 1 --R 16 --variant A --mode fused --workers 4 --cpus 0,2,4,6 --rows-per-worker 128,128,128,128 --timed-repetitions 8 --warmup 2
[12] speed variant=B run=6 order_index=2 "D:\Install\Dev\Projects\IA\Ejercise\cpu-native-arch\build\t0m_recurrence_probe.exe" --D 512 --S 1 --R 16 --variant B --mode fused --workers 4 --cpus 0,2,4,6 --rows-per-worker 128,128,128,128 --timed-repetitions 8 --warmup 2
[13] speed variant=B run=7 order_index=1 "D:\Install\Dev\Projects\IA\Ejercise\cpu-native-arch\build\t0m_recurrence_probe.exe" --D 512 --S 1 --R 16 --variant B --mode fused --workers 4 --cpus 0,2,4,6 --rows-per-worker 128,128,128,128 --timed-repetitions 8 --warmup 2
[14] speed variant=A run=7 order_index=2 "D:\Install\Dev\Projects\IA\Ejercise\cpu-native-arch\build\t0m_recurrence_probe.exe" --D 512 --S 1 --R 16 --variant A --mode fused --workers 4 --cpus 0,2,4,6 --rows-per-worker 128,128,128,128 --timed-repetitions 8 --warmup 2
[15] speed variant=A run=8 order_index=1 "D:\Install\Dev\Projects\IA\Ejercise\cpu-native-arch\build\t0m_recurrence_probe.exe" --D 512 --S 1 --R 16 --variant A --mode fused --workers 4 --cpus 0,2,4,6 --rows-per-worker 128,128,128,128 --timed-repetitions 8 --warmup 2
[16] speed variant=B run=8 order_index=2 "D:\Install\Dev\Projects\IA\Ejercise\cpu-native-arch\build\t0m_recurrence_probe.exe" --D 512 --S 1 --R 16 --variant B --mode fused --workers 4 --cpus 0,2,4,6 --rows-per-worker 128,128,128,128 --timed-repetitions 8 --warmup 2
[17] speed variant=B run=9 order_index=1 "D:\Install\Dev\Projects\IA\Ejercise\cpu-native-arch\build\t0m_recurrence_probe.exe" --D 512 --S 1 --R 16 --variant B --mode fused --workers 4 --cpus 0,2,4,6 --rows-per-worker 128,128,128,128 --timed-repetitions 8 --warmup 2
[18] speed variant=A run=9 order_index=2 "D:\Install\Dev\Projects\IA\Ejercise\cpu-native-arch\build\t0m_recurrence_probe.exe" --D 512 --S 1 --R 16 --variant A --mode fused --workers 4 --cpus 0,2,4,6 --rows-per-worker 128,128,128,128 --timed-repetitions 8 --warmup 2
[19] speed variant=A run=10 order_index=1 "D:\Install\Dev\Projects\IA\Ejercise\cpu-native-arch\build\t0m_recurrence_probe.exe" --D 512 --S 1 --R 16 --variant A --mode fused --workers 4 --cpus 0,2,4,6 --rows-per-worker 128,128,128,128 --timed-repetitions 8 --warmup 2
[20] speed variant=B run=10 order_index=2 "D:\Install\Dev\Projects\IA\Ejercise\cpu-native-arch\build\t0m_recurrence_probe.exe" --D 512 --S 1 --R 16 --variant B --mode fused --workers 4 --cpus 0,2,4,6 --rows-per-worker 128,128,128,128 --timed-repetitions 8 --warmup 2
