
===== invocation[1] target_kib=512 repeat=1 variant=A exit_code=0 =====
--- stdout ---
D,S,R,O_i,B_i,rows_per_worker,bytes_per_worker,mode,variant,S_tile,iterations,timed_repetitions,warmup,worker_count,worker_list,affinity,affinity_error,affinity_succeeded,timed_repetitions_exact,avx2_supported,kernel_used,eviction_bytes,eviction_checksum,elapsed_seconds,mac_total,mac_per_second,checksum
512,1,16,"1211,1136,683,1066","620032,581632,349696,545792","1211,1136,683,1066","620032,581632,349696,545792",fused,A,8,1,8,2,4,"0,2,4,6","true,true,true,true","0,0,0,0",true,true,true,avx2,0,0,0.012233,268435456,2.19436e+10,81541731

--- stderr ---
T0-M correction passed: every Y[S x O_i] cell, fused/repeat/reference, A/B/C, S_tile=2/4/8, four shards, and one/four-worker accounting gate

===== invocation[2] target_kib=512 repeat=1 variant=B exit_code=0 =====
--- stdout ---
D,S,R,O_i,B_i,rows_per_worker,bytes_per_worker,mode,variant,S_tile,iterations,timed_repetitions,warmup,worker_count,worker_list,affinity,affinity_error,affinity_succeeded,timed_repetitions_exact,avx2_supported,kernel_used,eviction_bytes,eviction_checksum,elapsed_seconds,mac_total,mac_per_second,checksum
512,1,16,"1211,1136,683,1066","9920512,9306112,5595136,8732672","1211,1136,683,1066","9920512,9306112,5595136,8732672",fused,B,8,1,8,2,4,"0,2,4,6","true,true,true,true","0,0,0,0",true,true,true,avx2,0,0,0.0128119,268435456,2.0952e+10,18446744073530809057

--- stderr ---
T0-M correction passed: every Y[S x O_i] cell, fused/repeat/reference, A/B/C, S_tile=2/4/8, four shards, and one/four-worker accounting gate

===== invocation[3] target_kib=512 repeat=2 variant=B exit_code=0 =====
--- stdout ---
D,S,R,O_i,B_i,rows_per_worker,bytes_per_worker,mode,variant,S_tile,iterations,timed_repetitions,warmup,worker_count,worker_list,affinity,affinity_error,affinity_succeeded,timed_repetitions_exact,avx2_supported,kernel_used,eviction_bytes,eviction_checksum,elapsed_seconds,mac_total,mac_per_second,checksum
512,1,16,"1211,1136,683,1066","9920512,9306112,5595136,8732672","1211,1136,683,1066","9920512,9306112,5595136,8732672",fused,B,8,1,8,2,4,"0,2,4,6","true,true,true,true","0,0,0,0",true,true,true,avx2,0,0,0.0122605,268435456,2.18943e+10,18446744073530809057

--- stderr ---
T0-M correction passed: every Y[S x O_i] cell, fused/repeat/reference, A/B/C, S_tile=2/4/8, four shards, and one/four-worker accounting gate

===== invocation[4] target_kib=512 repeat=2 variant=A exit_code=0 =====
--- stdout ---
D,S,R,O_i,B_i,rows_per_worker,bytes_per_worker,mode,variant,S_tile,iterations,timed_repetitions,warmup,worker_count,worker_list,affinity,affinity_error,affinity_succeeded,timed_repetitions_exact,avx2_supported,kernel_used,eviction_bytes,eviction_checksum,elapsed_seconds,mac_total,mac_per_second,checksum
512,1,16,"1211,1136,683,1066","620032,581632,349696,545792","1211,1136,683,1066","620032,581632,349696,545792",fused,A,8,1,8,2,4,"0,2,4,6","true,true,true,true","0,0,0,0",true,true,true,avx2,0,0,0.0129743,268435456,2.06898e+10,81541731

--- stderr ---
T0-M correction passed: every Y[S x O_i] cell, fused/repeat/reference, A/B/C, S_tile=2/4/8, four shards, and one/four-worker accounting gate

===== invocation[5] target_kib=512 repeat=3 variant=A exit_code=0 =====
--- stdout ---
D,S,R,O_i,B_i,rows_per_worker,bytes_per_worker,mode,variant,S_tile,iterations,timed_repetitions,warmup,worker_count,worker_list,affinity,affinity_error,affinity_succeeded,timed_repetitions_exact,avx2_supported,kernel_used,eviction_bytes,eviction_checksum,elapsed_seconds,mac_total,mac_per_second,checksum
512,1,16,"1211,1136,683,1066","620032,581632,349696,545792","1211,1136,683,1066","620032,581632,349696,545792",fused,A,8,1,8,2,4,"0,2,4,6","true,true,true,true","0,0,0,0",true,true,true,avx2,0,0,0.0125645,268435456,2.13646e+10,81541731

--- stderr ---
T0-M correction passed: every Y[S x O_i] cell, fused/repeat/reference, A/B/C, S_tile=2/4/8, four shards, and one/four-worker accounting gate

===== invocation[6] target_kib=512 repeat=3 variant=B exit_code=0 =====
--- stdout ---
D,S,R,O_i,B_i,rows_per_worker,bytes_per_worker,mode,variant,S_tile,iterations,timed_repetitions,warmup,worker_count,worker_list,affinity,affinity_error,affinity_succeeded,timed_repetitions_exact,avx2_supported,kernel_used,eviction_bytes,eviction_checksum,elapsed_seconds,mac_total,mac_per_second,checksum
512,1,16,"1211,1136,683,1066","9920512,9306112,5595136,8732672","1211,1136,683,1066","9920512,9306112,5595136,8732672",fused,B,8,1,8,2,4,"0,2,4,6","true,true,true,true","0,0,0,0",true,true,true,avx2,0,0,0.0117065,268435456,2.29305e+10,18446744073530809057

--- stderr ---
T0-M correction passed: every Y[S x O_i] cell, fused/repeat/reference, A/B/C, S_tile=2/4/8, four shards, and one/four-worker accounting gate

===== invocation[7] target_kib=512 repeat=4 variant=B exit_code=0 =====
--- stdout ---
D,S,R,O_i,B_i,rows_per_worker,bytes_per_worker,mode,variant,S_tile,iterations,timed_repetitions,warmup,worker_count,worker_list,affinity,affinity_error,affinity_succeeded,timed_repetitions_exact,avx2_supported,kernel_used,eviction_bytes,eviction_checksum,elapsed_seconds,mac_total,mac_per_second,checksum
512,1,16,"1211,1136,683,1066","9920512,9306112,5595136,8732672","1211,1136,683,1066","9920512,9306112,5595136,8732672",fused,B,8,1,8,2,4,"0,2,4,6","true,true,true,true","0,0,0,0",true,true,true,avx2,0,0,0.0118679,268435456,2.26186e+10,18446744073530809057

--- stderr ---
T0-M correction passed: every Y[S x O_i] cell, fused/repeat/reference, A/B/C, S_tile=2/4/8, four shards, and one/four-worker accounting gate

===== invocation[8] target_kib=512 repeat=4 variant=A exit_code=0 =====
--- stdout ---
D,S,R,O_i,B_i,rows_per_worker,bytes_per_worker,mode,variant,S_tile,iterations,timed_repetitions,warmup,worker_count,worker_list,affinity,affinity_error,affinity_succeeded,timed_repetitions_exact,avx2_supported,kernel_used,eviction_bytes,eviction_checksum,elapsed_seconds,mac_total,mac_per_second,checksum
512,1,16,"1211,1136,683,1066","620032,581632,349696,545792","1211,1136,683,1066","620032,581632,349696,545792",fused,A,8,1,8,2,4,"0,2,4,6","true,true,true,true","0,0,0,0",true,true,true,avx2,0,0,0.0141627,268435456,1.89537e+10,81541731

--- stderr ---
T0-M correction passed: every Y[S x O_i] cell, fused/repeat/reference, A/B/C, S_tile=2/4/8, four shards, and one/four-worker accounting gate

===== invocation[9] target_kib=512 repeat=5 variant=A exit_code=0 =====
--- stdout ---
D,S,R,O_i,B_i,rows_per_worker,bytes_per_worker,mode,variant,S_tile,iterations,timed_repetitions,warmup,worker_count,worker_list,affinity,affinity_error,affinity_succeeded,timed_repetitions_exact,avx2_supported,kernel_used,eviction_bytes,eviction_checksum,elapsed_seconds,mac_total,mac_per_second,checksum
512,1,16,"1211,1136,683,1066","620032,581632,349696,545792","1211,1136,683,1066","620032,581632,349696,545792",fused,A,8,1,8,2,4,"0,2,4,6","true,true,true,true","0,0,0,0",true,true,true,avx2,0,0,0.0147128,268435456,1.8245e+10,81541731

--- stderr ---
T0-M correction passed: every Y[S x O_i] cell, fused/repeat/reference, A/B/C, S_tile=2/4/8, four shards, and one/four-worker accounting gate

===== invocation[10] target_kib=512 repeat=5 variant=B exit_code=0 =====
--- stdout ---
D,S,R,O_i,B_i,rows_per_worker,bytes_per_worker,mode,variant,S_tile,iterations,timed_repetitions,warmup,worker_count,worker_list,affinity,affinity_error,affinity_succeeded,timed_repetitions_exact,avx2_supported,kernel_used,eviction_bytes,eviction_checksum,elapsed_seconds,mac_total,mac_per_second,checksum
512,1,16,"1211,1136,683,1066","9920512,9306112,5595136,8732672","1211,1136,683,1066","9920512,9306112,5595136,8732672",fused,B,8,1,8,2,4,"0,2,4,6","true,true,true,true","0,0,0,0",true,true,true,avx2,0,0,0.0145494,268435456,1.84499e+10,18446744073530809057

--- stderr ---
T0-M correction passed: every Y[S x O_i] cell, fused/repeat/reference, A/B/C, S_tile=2/4/8, four shards, and one/four-worker accounting gate

===== invocation[11] target_kib=512 repeat=6 variant=B exit_code=0 =====
--- stdout ---
D,S,R,O_i,B_i,rows_per_worker,bytes_per_worker,mode,variant,S_tile,iterations,timed_repetitions,warmup,worker_count,worker_list,affinity,affinity_error,affinity_succeeded,timed_repetitions_exact,avx2_supported,kernel_used,eviction_bytes,eviction_checksum,elapsed_seconds,mac_total,mac_per_second,checksum
512,1,16,"1211,1136,683,1066","9920512,9306112,5595136,8732672","1211,1136,683,1066","9920512,9306112,5595136,8732672",fused,B,8,1,8,2,4,"0,2,4,6","true,true,true,true","0,0,0,0",true,true,true,avx2,0,0,0.0121541,268435456,2.2086e+10,18446744073530809057

--- stderr ---
T0-M correction passed: every Y[S x O_i] cell, fused/repeat/reference, A/B/C, S_tile=2/4/8, four shards, and one/four-worker accounting gate

===== invocation[12] target_kib=512 repeat=6 variant=A exit_code=0 =====
--- stdout ---
D,S,R,O_i,B_i,rows_per_worker,bytes_per_worker,mode,variant,S_tile,iterations,timed_repetitions,warmup,worker_count,worker_list,affinity,affinity_error,affinity_succeeded,timed_repetitions_exact,avx2_supported,kernel_used,eviction_bytes,eviction_checksum,elapsed_seconds,mac_total,mac_per_second,checksum
512,1,16,"1211,1136,683,1066","620032,581632,349696,545792","1211,1136,683,1066","620032,581632,349696,545792",fused,A,8,1,8,2,4,"0,2,4,6","true,true,true,true","0,0,0,0",true,true,true,avx2,0,0,0.0123217,268435456,2.17856e+10,81541731

--- stderr ---
T0-M correction passed: every Y[S x O_i] cell, fused/repeat/reference, A/B/C, S_tile=2/4/8, four shards, and one/four-worker accounting gate

===== invocation[13] target_kib=512 repeat=7 variant=A exit_code=0 =====
--- stdout ---
D,S,R,O_i,B_i,rows_per_worker,bytes_per_worker,mode,variant,S_tile,iterations,timed_repetitions,warmup,worker_count,worker_list,affinity,affinity_error,affinity_succeeded,timed_repetitions_exact,avx2_supported,kernel_used,eviction_bytes,eviction_checksum,elapsed_seconds,mac_total,mac_per_second,checksum
512,1,16,"1211,1136,683,1066","620032,581632,349696,545792","1211,1136,683,1066","620032,581632,349696,545792",fused,A,8,1,8,2,4,"0,2,4,6","true,true,true,true","0,0,0,0",true,true,true,avx2,0,0,0.0122227,268435456,2.1962e+10,81541731

--- stderr ---
T0-M correction passed: every Y[S x O_i] cell, fused/repeat/reference, A/B/C, S_tile=2/4/8, four shards, and one/four-worker accounting gate

===== invocation[14] target_kib=512 repeat=7 variant=B exit_code=0 =====
--- stdout ---
D,S,R,O_i,B_i,rows_per_worker,bytes_per_worker,mode,variant,S_tile,iterations,timed_repetitions,warmup,worker_count,worker_list,affinity,affinity_error,affinity_succeeded,timed_repetitions_exact,avx2_supported,kernel_used,eviction_bytes,eviction_checksum,elapsed_seconds,mac_total,mac_per_second,checksum
512,1,16,"1211,1136,683,1066","9920512,9306112,5595136,8732672","1211,1136,683,1066","9920512,9306112,5595136,8732672",fused,B,8,1,8,2,4,"0,2,4,6","true,true,true,true","0,0,0,0",true,true,true,avx2,0,0,0.0130553,268435456,2.05614e+10,18446744073530809057

--- stderr ---
T0-M correction passed: every Y[S x O_i] cell, fused/repeat/reference, A/B/C, S_tile=2/4/8, four shards, and one/four-worker accounting gate

===== invocation[15] target_kib=512 repeat=8 variant=B exit_code=0 =====
--- stdout ---
D,S,R,O_i,B_i,rows_per_worker,bytes_per_worker,mode,variant,S_tile,iterations,timed_repetitions,warmup,worker_count,worker_list,affinity,affinity_error,affinity_succeeded,timed_repetitions_exact,avx2_supported,kernel_used,eviction_bytes,eviction_checksum,elapsed_seconds,mac_total,mac_per_second,checksum
512,1,16,"1211,1136,683,1066","9920512,9306112,5595136,8732672","1211,1136,683,1066","9920512,9306112,5595136,8732672",fused,B,8,1,8,2,4,"0,2,4,6","true,true,true,true","0,0,0,0",true,true,true,avx2,0,0,0.0135572,268435456,1.98002e+10,18446744073530809057

--- stderr ---
T0-M correction passed: every Y[S x O_i] cell, fused/repeat/reference, A/B/C, S_tile=2/4/8, four shards, and one/four-worker accounting gate

===== invocation[16] target_kib=512 repeat=8 variant=A exit_code=0 =====
--- stdout ---
D,S,R,O_i,B_i,rows_per_worker,bytes_per_worker,mode,variant,S_tile,iterations,timed_repetitions,warmup,worker_count,worker_list,affinity,affinity_error,affinity_succeeded,timed_repetitions_exact,avx2_supported,kernel_used,eviction_bytes,eviction_checksum,elapsed_seconds,mac_total,mac_per_second,checksum
512,1,16,"1211,1136,683,1066","620032,581632,349696,545792","1211,1136,683,1066","620032,581632,349696,545792",fused,A,8,1,8,2,4,"0,2,4,6","true,true,true,true","0,0,0,0",true,true,true,avx2,0,0,0.0129921,268435456,2.06614e+10,81541731

--- stderr ---
T0-M correction passed: every Y[S x O_i] cell, fused/repeat/reference, A/B/C, S_tile=2/4/8, four shards, and one/four-worker accounting gate

===== invocation[17] target_kib=512 repeat=9 variant=A exit_code=0 =====
--- stdout ---
D,S,R,O_i,B_i,rows_per_worker,bytes_per_worker,mode,variant,S_tile,iterations,timed_repetitions,warmup,worker_count,worker_list,affinity,affinity_error,affinity_succeeded,timed_repetitions_exact,avx2_supported,kernel_used,eviction_bytes,eviction_checksum,elapsed_seconds,mac_total,mac_per_second,checksum
512,1,16,"1211,1136,683,1066","620032,581632,349696,545792","1211,1136,683,1066","620032,581632,349696,545792",fused,A,8,1,8,2,4,"0,2,4,6","true,true,true,true","0,0,0,0",true,true,true,avx2,0,0,0.0152893,268435456,1.75571e+10,81541731

--- stderr ---
T0-M correction passed: every Y[S x O_i] cell, fused/repeat/reference, A/B/C, S_tile=2/4/8, four shards, and one/four-worker accounting gate

===== invocation[18] target_kib=512 repeat=9 variant=B exit_code=0 =====
--- stdout ---
D,S,R,O_i,B_i,rows_per_worker,bytes_per_worker,mode,variant,S_tile,iterations,timed_repetitions,warmup,worker_count,worker_list,affinity,affinity_error,affinity_succeeded,timed_repetitions_exact,avx2_supported,kernel_used,eviction_bytes,eviction_checksum,elapsed_seconds,mac_total,mac_per_second,checksum
512,1,16,"1211,1136,683,1066","9920512,9306112,5595136,8732672","1211,1136,683,1066","9920512,9306112,5595136,8732672",fused,B,8,1,8,2,4,"0,2,4,6","true,true,true,true","0,0,0,0",true,true,true,avx2,0,0,0.0139456,268435456,1.92488e+10,18446744073530809057

--- stderr ---
T0-M correction passed: every Y[S x O_i] cell, fused/repeat/reference, A/B/C, S_tile=2/4/8, four shards, and one/four-worker accounting gate

===== invocation[19] target_kib=512 repeat=10 variant=B exit_code=0 =====
--- stdout ---
D,S,R,O_i,B_i,rows_per_worker,bytes_per_worker,mode,variant,S_tile,iterations,timed_repetitions,warmup,worker_count,worker_list,affinity,affinity_error,affinity_succeeded,timed_repetitions_exact,avx2_supported,kernel_used,eviction_bytes,eviction_checksum,elapsed_seconds,mac_total,mac_per_second,checksum
512,1,16,"1211,1136,683,1066","9920512,9306112,5595136,8732672","1211,1136,683,1066","9920512,9306112,5595136,8732672",fused,B,8,1,8,2,4,"0,2,4,6","true,true,true,true","0,0,0,0",true,true,true,avx2,0,0,0.0143507,268435456,1.87054e+10,18446744073530809057

--- stderr ---
T0-M correction passed: every Y[S x O_i] cell, fused/repeat/reference, A/B/C, S_tile=2/4/8, four shards, and one/four-worker accounting gate

===== invocation[20] target_kib=512 repeat=10 variant=A exit_code=0 =====
--- stdout ---
D,S,R,O_i,B_i,rows_per_worker,bytes_per_worker,mode,variant,S_tile,iterations,timed_repetitions,warmup,worker_count,worker_list,affinity,affinity_error,affinity_succeeded,timed_repetitions_exact,avx2_supported,kernel_used,eviction_bytes,eviction_checksum,elapsed_seconds,mac_total,mac_per_second,checksum
512,1,16,"1211,1136,683,1066","620032,581632,349696,545792","1211,1136,683,1066","620032,581632,349696,545792",fused,A,8,1,8,2,4,"0,2,4,6","true,true,true,true","0,0,0,0",true,true,true,avx2,0,0,0.011774,268435456,2.2799e+10,81541731

--- stderr ---
T0-M correction passed: every Y[S x O_i] cell, fused/repeat/reference, A/B/C, S_tile=2/4/8, four shards, and one/four-worker accounting gate

===== invocation[21] target_kib=768 repeat=1 variant=A exit_code=0 =====
--- stdout ---
D,S,R,O_i,B_i,rows_per_worker,bytes_per_worker,mode,variant,S_tile,iterations,timed_repetitions,warmup,worker_count,worker_list,affinity,affinity_error,affinity_succeeded,timed_repetitions_exact,avx2_supported,kernel_used,eviction_bytes,eviction_checksum,elapsed_seconds,mac_total,mac_per_second,checksum
512,1,16,"1816,1705,1023,1600","929792,872960,523776,819200","1816,1705,1023,1600","929792,872960,523776,819200",fused,A,8,1,8,2,4,"0,2,4,6","true,true,true,true","0,0,0,0",true,true,true,avx2,0,0,0.019403,402653184,2.07521e+10,18446744073656903484

--- stderr ---
T0-M correction passed: every Y[S x O_i] cell, fused/repeat/reference, A/B/C, S_tile=2/4/8, four shards, and one/four-worker accounting gate

===== invocation[22] target_kib=768 repeat=1 variant=B exit_code=0 =====
--- stdout ---
D,S,R,O_i,B_i,rows_per_worker,bytes_per_worker,mode,variant,S_tile,iterations,timed_repetitions,warmup,worker_count,worker_list,affinity,affinity_error,affinity_succeeded,timed_repetitions_exact,avx2_supported,kernel_used,eviction_bytes,eviction_checksum,elapsed_seconds,mac_total,mac_per_second,checksum
512,1,16,"1816,1705,1023,1600","14876672,13967360,8380416,13107200","1816,1705,1023,1600","14876672,13967360,8380416,13107200",fused,B,8,1,8,2,4,"0,2,4,6","true,true,true,true","0,0,0,0",true,true,true,avx2,0,0,0.0187873,402653184,2.14322e+10,18446744072675525801

--- stderr ---
T0-M correction passed: every Y[S x O_i] cell, fused/repeat/reference, A/B/C, S_tile=2/4/8, four shards, and one/four-worker accounting gate

===== invocation[23] target_kib=768 repeat=2 variant=B exit_code=0 =====
--- stdout ---
D,S,R,O_i,B_i,rows_per_worker,bytes_per_worker,mode,variant,S_tile,iterations,timed_repetitions,warmup,worker_count,worker_list,affinity,affinity_error,affinity_succeeded,timed_repetitions_exact,avx2_supported,kernel_used,eviction_bytes,eviction_checksum,elapsed_seconds,mac_total,mac_per_second,checksum
512,1,16,"1816,1705,1023,1600","14876672,13967360,8380416,13107200","1816,1705,1023,1600","14876672,13967360,8380416,13107200",fused,B,8,1,8,2,4,"0,2,4,6","true,true,true,true","0,0,0,0",true,true,true,avx2,0,0,0.0186735,402653184,2.15628e+10,18446744072675525801

--- stderr ---
T0-M correction passed: every Y[S x O_i] cell, fused/repeat/reference, A/B/C, S_tile=2/4/8, four shards, and one/four-worker accounting gate

===== invocation[24] target_kib=768 repeat=2 variant=A exit_code=0 =====
--- stdout ---
D,S,R,O_i,B_i,rows_per_worker,bytes_per_worker,mode,variant,S_tile,iterations,timed_repetitions,warmup,worker_count,worker_list,affinity,affinity_error,affinity_succeeded,timed_repetitions_exact,avx2_supported,kernel_used,eviction_bytes,eviction_checksum,elapsed_seconds,mac_total,mac_per_second,checksum
512,1,16,"1816,1705,1023,1600","929792,872960,523776,819200","1816,1705,1023,1600","929792,872960,523776,819200",fused,A,8,1,8,2,4,"0,2,4,6","true,true,true,true","0,0,0,0",true,true,true,avx2,0,0,0.0186868,402653184,2.15475e+10,18446744073656903484

--- stderr ---
T0-M correction passed: every Y[S x O_i] cell, fused/repeat/reference, A/B/C, S_tile=2/4/8, four shards, and one/four-worker accounting gate

===== invocation[25] target_kib=768 repeat=3 variant=A exit_code=0 =====
--- stdout ---
D,S,R,O_i,B_i,rows_per_worker,bytes_per_worker,mode,variant,S_tile,iterations,timed_repetitions,warmup,worker_count,worker_list,affinity,affinity_error,affinity_succeeded,timed_repetitions_exact,avx2_supported,kernel_used,eviction_bytes,eviction_checksum,elapsed_seconds,mac_total,mac_per_second,checksum
512,1,16,"1816,1705,1023,1600","929792,872960,523776,819200","1816,1705,1023,1600","929792,872960,523776,819200",fused,A,8,1,8,2,4,"0,2,4,6","true,true,true,true","0,0,0,0",true,true,true,avx2,0,0,0.0187832,402653184,2.14369e+10,18446744073656903484

--- stderr ---
T0-M correction passed: every Y[S x O_i] cell, fused/repeat/reference, A/B/C, S_tile=2/4/8, four shards, and one/four-worker accounting gate

===== invocation[26] target_kib=768 repeat=3 variant=B exit_code=0 =====
--- stdout ---
D,S,R,O_i,B_i,rows_per_worker,bytes_per_worker,mode,variant,S_tile,iterations,timed_repetitions,warmup,worker_count,worker_list,affinity,affinity_error,affinity_succeeded,timed_repetitions_exact,avx2_supported,kernel_used,eviction_bytes,eviction_checksum,elapsed_seconds,mac_total,mac_per_second,checksum
512,1,16,"1816,1705,1023,1600","14876672,13967360,8380416,13107200","1816,1705,1023,1600","14876672,13967360,8380416,13107200",fused,B,8,1,8,2,4,"0,2,4,6","true,true,true,true","0,0,0,0",true,true,true,avx2,0,0,0.0206467,402653184,1.95021e+10,18446744072675525801

--- stderr ---
T0-M correction passed: every Y[S x O_i] cell, fused/repeat/reference, A/B/C, S_tile=2/4/8, four shards, and one/four-worker accounting gate

===== invocation[27] target_kib=768 repeat=4 variant=B exit_code=0 =====
--- stdout ---
D,S,R,O_i,B_i,rows_per_worker,bytes_per_worker,mode,variant,S_tile,iterations,timed_repetitions,warmup,worker_count,worker_list,affinity,affinity_error,affinity_succeeded,timed_repetitions_exact,avx2_supported,kernel_used,eviction_bytes,eviction_checksum,elapsed_seconds,mac_total,mac_per_second,checksum
512,1,16,"1816,1705,1023,1600","14876672,13967360,8380416,13107200","1816,1705,1023,1600","14876672,13967360,8380416,13107200",fused,B,8,1,8,2,4,"0,2,4,6","true,true,true,true","0,0,0,0",true,true,true,avx2,0,0,0.0194239,402653184,2.07298e+10,18446744072675525801

--- stderr ---
T0-M correction passed: every Y[S x O_i] cell, fused/repeat/reference, A/B/C, S_tile=2/4/8, four shards, and one/four-worker accounting gate

===== invocation[28] target_kib=768 repeat=4 variant=A exit_code=0 =====
--- stdout ---
D,S,R,O_i,B_i,rows_per_worker,bytes_per_worker,mode,variant,S_tile,iterations,timed_repetitions,warmup,worker_count,worker_list,affinity,affinity_error,affinity_succeeded,timed_repetitions_exact,avx2_supported,kernel_used,eviction_bytes,eviction_checksum,elapsed_seconds,mac_total,mac_per_second,checksum
512,1,16,"1816,1705,1023,1600","929792,872960,523776,819200","1816,1705,1023,1600","929792,872960,523776,819200",fused,A,8,1,8,2,4,"0,2,4,6","true,true,true,true","0,0,0,0",true,true,true,avx2,0,0,0.0194894,402653184,2.06601e+10,18446744073656903484

--- stderr ---
T0-M correction passed: every Y[S x O_i] cell, fused/repeat/reference, A/B/C, S_tile=2/4/8, four shards, and one/four-worker accounting gate

===== invocation[29] target_kib=768 repeat=5 variant=A exit_code=0 =====
--- stdout ---
D,S,R,O_i,B_i,rows_per_worker,bytes_per_worker,mode,variant,S_tile,iterations,timed_repetitions,warmup,worker_count,worker_list,affinity,affinity_error,affinity_succeeded,timed_repetitions_exact,avx2_supported,kernel_used,eviction_bytes,eviction_checksum,elapsed_seconds,mac_total,mac_per_second,checksum
512,1,16,"1816,1705,1023,1600","929792,872960,523776,819200","1816,1705,1023,1600","929792,872960,523776,819200",fused,A,8,1,8,2,4,"0,2,4,6","true,true,true,true","0,0,0,0",true,true,true,avx2,0,0,0.0173969,402653184,2.31451e+10,18446744073656903484

--- stderr ---
T0-M correction passed: every Y[S x O_i] cell, fused/repeat/reference, A/B/C, S_tile=2/4/8, four shards, and one/four-worker accounting gate

===== invocation[30] target_kib=768 repeat=5 variant=B exit_code=0 =====
--- stdout ---
D,S,R,O_i,B_i,rows_per_worker,bytes_per_worker,mode,variant,S_tile,iterations,timed_repetitions,warmup,worker_count,worker_list,affinity,affinity_error,affinity_succeeded,timed_repetitions_exact,avx2_supported,kernel_used,eviction_bytes,eviction_checksum,elapsed_seconds,mac_total,mac_per_second,checksum
512,1,16,"1816,1705,1023,1600","14876672,13967360,8380416,13107200","1816,1705,1023,1600","14876672,13967360,8380416,13107200",fused,B,8,1,8,2,4,"0,2,4,6","true,true,true,true","0,0,0,0",true,true,true,avx2,0,0,0.0204045,402653184,1.97335e+10,18446744072675525801

--- stderr ---
T0-M correction passed: every Y[S x O_i] cell, fused/repeat/reference, A/B/C, S_tile=2/4/8, four shards, and one/four-worker accounting gate

===== invocation[31] target_kib=768 repeat=6 variant=B exit_code=0 =====
--- stdout ---
D,S,R,O_i,B_i,rows_per_worker,bytes_per_worker,mode,variant,S_tile,iterations,timed_repetitions,warmup,worker_count,worker_list,affinity,affinity_error,affinity_succeeded,timed_repetitions_exact,avx2_supported,kernel_used,eviction_bytes,eviction_checksum,elapsed_seconds,mac_total,mac_per_second,checksum
512,1,16,"1816,1705,1023,1600","14876672,13967360,8380416,13107200","1816,1705,1023,1600","14876672,13967360,8380416,13107200",fused,B,8,1,8,2,4,"0,2,4,6","true,true,true,true","0,0,0,0",true,true,true,avx2,0,0,0.0198211,402653184,2.03144e+10,18446744072675525801

--- stderr ---
T0-M correction passed: every Y[S x O_i] cell, fused/repeat/reference, A/B/C, S_tile=2/4/8, four shards, and one/four-worker accounting gate

===== invocation[32] target_kib=768 repeat=6 variant=A exit_code=0 =====
--- stdout ---
D,S,R,O_i,B_i,rows_per_worker,bytes_per_worker,mode,variant,S_tile,iterations,timed_repetitions,warmup,worker_count,worker_list,affinity,affinity_error,affinity_succeeded,timed_repetitions_exact,avx2_supported,kernel_used,eviction_bytes,eviction_checksum,elapsed_seconds,mac_total,mac_per_second,checksum
512,1,16,"1816,1705,1023,1600","929792,872960,523776,819200","1816,1705,1023,1600","929792,872960,523776,819200",fused,A,8,1,8,2,4,"0,2,4,6","true,true,true,true","0,0,0,0",true,true,true,avx2,0,0,0.0183211,402653184,2.19776e+10,18446744073656903484

--- stderr ---
T0-M correction passed: every Y[S x O_i] cell, fused/repeat/reference, A/B/C, S_tile=2/4/8, four shards, and one/four-worker accounting gate

===== invocation[33] target_kib=768 repeat=7 variant=A exit_code=0 =====
--- stdout ---
D,S,R,O_i,B_i,rows_per_worker,bytes_per_worker,mode,variant,S_tile,iterations,timed_repetitions,warmup,worker_count,worker_list,affinity,affinity_error,affinity_succeeded,timed_repetitions_exact,avx2_supported,kernel_used,eviction_bytes,eviction_checksum,elapsed_seconds,mac_total,mac_per_second,checksum
512,1,16,"1816,1705,1023,1600","929792,872960,523776,819200","1816,1705,1023,1600","929792,872960,523776,819200",fused,A,8,1,8,2,4,"0,2,4,6","true,true,true,true","0,0,0,0",true,true,true,avx2,0,0,0.0172452,402653184,2.33487e+10,18446744073656903484

--- stderr ---
T0-M correction passed: every Y[S x O_i] cell, fused/repeat/reference, A/B/C, S_tile=2/4/8, four shards, and one/four-worker accounting gate

===== invocation[34] target_kib=768 repeat=7 variant=B exit_code=0 =====
--- stdout ---
D,S,R,O_i,B_i,rows_per_worker,bytes_per_worker,mode,variant,S_tile,iterations,timed_repetitions,warmup,worker_count,worker_list,affinity,affinity_error,affinity_succeeded,timed_repetitions_exact,avx2_supported,kernel_used,eviction_bytes,eviction_checksum,elapsed_seconds,mac_total,mac_per_second,checksum
512,1,16,"1816,1705,1023,1600","14876672,13967360,8380416,13107200","1816,1705,1023,1600","14876672,13967360,8380416,13107200",fused,B,8,1,8,2,4,"0,2,4,6","true,true,true,true","0,0,0,0",true,true,true,avx2,0,0,0.0194696,402653184,2.06811e+10,18446744072675525801

--- stderr ---
T0-M correction passed: every Y[S x O_i] cell, fused/repeat/reference, A/B/C, S_tile=2/4/8, four shards, and one/four-worker accounting gate

===== invocation[35] target_kib=768 repeat=8 variant=B exit_code=0 =====
--- stdout ---
D,S,R,O_i,B_i,rows_per_worker,bytes_per_worker,mode,variant,S_tile,iterations,timed_repetitions,warmup,worker_count,worker_list,affinity,affinity_error,affinity_succeeded,timed_repetitions_exact,avx2_supported,kernel_used,eviction_bytes,eviction_checksum,elapsed_seconds,mac_total,mac_per_second,checksum
512,1,16,"1816,1705,1023,1600","14876672,13967360,8380416,13107200","1816,1705,1023,1600","14876672,13967360,8380416,13107200",fused,B,8,1,8,2,4,"0,2,4,6","true,true,true,true","0,0,0,0",true,true,true,avx2,0,0,0.0193165,402653184,2.0845e+10,18446744072675525801

--- stderr ---
T0-M correction passed: every Y[S x O_i] cell, fused/repeat/reference, A/B/C, S_tile=2/4/8, four shards, and one/four-worker accounting gate

===== invocation[36] target_kib=768 repeat=8 variant=A exit_code=0 =====
--- stdout ---
D,S,R,O_i,B_i,rows_per_worker,bytes_per_worker,mode,variant,S_tile,iterations,timed_repetitions,warmup,worker_count,worker_list,affinity,affinity_error,affinity_succeeded,timed_repetitions_exact,avx2_supported,kernel_used,eviction_bytes,eviction_checksum,elapsed_seconds,mac_total,mac_per_second,checksum
512,1,16,"1816,1705,1023,1600","929792,872960,523776,819200","1816,1705,1023,1600","929792,872960,523776,819200",fused,A,8,1,8,2,4,"0,2,4,6","true,true,true,true","0,0,0,0",true,true,true,avx2,0,0,0.0191246,402653184,2.10542e+10,18446744073656903484

--- stderr ---
T0-M correction passed: every Y[S x O_i] cell, fused/repeat/reference, A/B/C, S_tile=2/4/8, four shards, and one/four-worker accounting gate

===== invocation[37] target_kib=768 repeat=9 variant=A exit_code=0 =====
--- stdout ---
D,S,R,O_i,B_i,rows_per_worker,bytes_per_worker,mode,variant,S_tile,iterations,timed_repetitions,warmup,worker_count,worker_list,affinity,affinity_error,affinity_succeeded,timed_repetitions_exact,avx2_supported,kernel_used,eviction_bytes,eviction_checksum,elapsed_seconds,mac_total,mac_per_second,checksum
512,1,16,"1816,1705,1023,1600","929792,872960,523776,819200","1816,1705,1023,1600","929792,872960,523776,819200",fused,A,8,1,8,2,4,"0,2,4,6","true,true,true,true","0,0,0,0",true,true,true,avx2,0,0,0.017559,402653184,2.29314e+10,18446744073656903484

--- stderr ---
T0-M correction passed: every Y[S x O_i] cell, fused/repeat/reference, A/B/C, S_tile=2/4/8, four shards, and one/four-worker accounting gate

===== invocation[38] target_kib=768 repeat=9 variant=B exit_code=0 =====
--- stdout ---
D,S,R,O_i,B_i,rows_per_worker,bytes_per_worker,mode,variant,S_tile,iterations,timed_repetitions,warmup,worker_count,worker_list,affinity,affinity_error,affinity_succeeded,timed_repetitions_exact,avx2_supported,kernel_used,eviction_bytes,eviction_checksum,elapsed_seconds,mac_total,mac_per_second,checksum
512,1,16,"1816,1705,1023,1600","14876672,13967360,8380416,13107200","1816,1705,1023,1600","14876672,13967360,8380416,13107200",fused,B,8,1,8,2,4,"0,2,4,6","true,true,true,true","0,0,0,0",true,true,true,avx2,0,0,0.0204949,402653184,1.96465e+10,18446744072675525801

--- stderr ---
T0-M correction passed: every Y[S x O_i] cell, fused/repeat/reference, A/B/C, S_tile=2/4/8, four shards, and one/four-worker accounting gate

===== invocation[39] target_kib=768 repeat=10 variant=B exit_code=0 =====
--- stdout ---
D,S,R,O_i,B_i,rows_per_worker,bytes_per_worker,mode,variant,S_tile,iterations,timed_repetitions,warmup,worker_count,worker_list,affinity,affinity_error,affinity_succeeded,timed_repetitions_exact,avx2_supported,kernel_used,eviction_bytes,eviction_checksum,elapsed_seconds,mac_total,mac_per_second,checksum
512,1,16,"1816,1705,1023,1600","14876672,13967360,8380416,13107200","1816,1705,1023,1600","14876672,13967360,8380416,13107200",fused,B,8,1,8,2,4,"0,2,4,6","true,true,true,true","0,0,0,0",true,true,true,avx2,0,0,0.0238166,402653184,1.69064e+10,18446744072675525801

--- stderr ---
T0-M correction passed: every Y[S x O_i] cell, fused/repeat/reference, A/B/C, S_tile=2/4/8, four shards, and one/four-worker accounting gate

===== invocation[40] target_kib=768 repeat=10 variant=A exit_code=0 =====
--- stdout ---
D,S,R,O_i,B_i,rows_per_worker,bytes_per_worker,mode,variant,S_tile,iterations,timed_repetitions,warmup,worker_count,worker_list,affinity,affinity_error,affinity_succeeded,timed_repetitions_exact,avx2_supported,kernel_used,eviction_bytes,eviction_checksum,elapsed_seconds,mac_total,mac_per_second,checksum
512,1,16,"1816,1705,1023,1600","929792,872960,523776,819200","1816,1705,1023,1600","929792,872960,523776,819200",fused,A,8,1,8,2,4,"0,2,4,6","true,true,true,true","0,0,0,0",true,true,true,avx2,0,0,0.0234191,402653184,1.71934e+10,18446744073656903484

--- stderr ---
T0-M correction passed: every Y[S x O_i] cell, fused/repeat/reference, A/B/C, S_tile=2/4/8, four shards, and one/four-worker accounting gate

