T0-R ready timing diagnostic stderr
boundaries=worker lambda entry through immediate QPC after existing ready.arrive_and_wait returns; includes make_data, output allocation, eviction allocation, AffinityGuard, warmup, and wait for coordinator ready arrival
diagnostic_enabled=True
invocation=1 ready_timing variant=A worker=0 cpu=0 row=1332 ready_elapsed_seconds=0.0019748
invocation=1 ready_timing variant=A worker=1 cpu=2 row=807 ready_elapsed_seconds=0.0019652
invocation=1 ready_timing variant=A worker=2 cpu=4 row=965 ready_elapsed_seconds=0.0019782
invocation=1 ready_timing variant=A worker=3 cpu=6 row=992 ready_elapsed_seconds=0.001978
invocation=1 ready_timing_aggregate variant=A min_seconds=0.0019652 max_seconds=0.0019782 mean_seconds=0.00197405
invocation=1 coordinator_kernel_elapsed variant=A kernel_elapsed_seconds=0.0039114
invocation=2 ready_timing variant=B worker=0 cpu=0 row=1332 ready_elapsed_seconds=0.0198227
invocation=2 ready_timing variant=B worker=1 cpu=2 row=807 ready_elapsed_seconds=0.0198283
invocation=2 ready_timing variant=B worker=2 cpu=4 row=965 ready_elapsed_seconds=0.0198179
invocation=2 ready_timing variant=B worker=3 cpu=6 row=992 ready_elapsed_seconds=0.0198241
invocation=2 ready_timing_aggregate variant=B min_seconds=0.0198179 max_seconds=0.0198283 mean_seconds=0.0198233
invocation=2 coordinator_kernel_elapsed variant=B kernel_elapsed_seconds=0.0088274
invocation=3 ready_timing variant=Bclone worker=0 cpu=0 row=1332 ready_elapsed_seconds=0.240222
invocation=3 ready_timing variant=Bclone worker=1 cpu=2 row=807 ready_elapsed_seconds=0.240221
invocation=3 ready_timing variant=Bclone worker=2 cpu=4 row=965 ready_elapsed_seconds=0.240218
invocation=3 ready_timing variant=Bclone worker=3 cpu=6 row=992 ready_elapsed_seconds=0.240227
invocation=3 ready_timing_aggregate variant=Bclone min_seconds=0.240218 max_seconds=0.240227 mean_seconds=0.240222
invocation=3 coordinator_kernel_elapsed variant=Bclone kernel_elapsed_seconds=0.0236257
invocation=4 ready_timing variant=Bclone worker=0 cpu=0 row=1332 ready_elapsed_seconds=0.234936
invocation=4 ready_timing variant=Bclone worker=1 cpu=2 row=807 ready_elapsed_seconds=0.234912
invocation=4 ready_timing variant=Bclone worker=2 cpu=4 row=965 ready_elapsed_seconds=0.234931
invocation=4 ready_timing variant=Bclone worker=3 cpu=6 row=992 ready_elapsed_seconds=0.234936
invocation=4 ready_timing_aggregate variant=Bclone min_seconds=0.234912 max_seconds=0.234936 mean_seconds=0.234928
invocation=4 coordinator_kernel_elapsed variant=Bclone kernel_elapsed_seconds=0.0175177
invocation=5 ready_timing variant=B worker=0 cpu=0 row=1332 ready_elapsed_seconds=0.0206583
invocation=5 ready_timing variant=B worker=1 cpu=2 row=807 ready_elapsed_seconds=0.0206556
invocation=5 ready_timing variant=B worker=2 cpu=4 row=965 ready_elapsed_seconds=0.0206588
invocation=5 ready_timing variant=B worker=3 cpu=6 row=992 ready_elapsed_seconds=0.0206549
invocation=5 ready_timing_aggregate variant=B min_seconds=0.0206549 max_seconds=0.0206588 mean_seconds=0.0206569
invocation=5 coordinator_kernel_elapsed variant=B kernel_elapsed_seconds=0.0073168
invocation=6 ready_timing variant=A worker=0 cpu=0 row=1332 ready_elapsed_seconds=0.0015551
invocation=6 ready_timing variant=A worker=1 cpu=2 row=807 ready_elapsed_seconds=0.0015548
invocation=6 ready_timing variant=A worker=2 cpu=4 row=965 ready_elapsed_seconds=0.0015417
invocation=6 ready_timing variant=A worker=3 cpu=6 row=992 ready_elapsed_seconds=0.0015433
invocation=6 ready_timing_aggregate variant=A min_seconds=0.0015417 max_seconds=0.0015551 mean_seconds=0.00154873
invocation=6 coordinator_kernel_elapsed variant=A kernel_elapsed_seconds=0.0027862
invocation=7 ready_timing variant=A worker=0 cpu=0 row=1332 ready_elapsed_seconds=0.0015346
invocation=7 ready_timing variant=A worker=1 cpu=2 row=807 ready_elapsed_seconds=0.001539
invocation=7 ready_timing variant=A worker=2 cpu=4 row=965 ready_elapsed_seconds=0.0015238
invocation=7 ready_timing variant=A worker=3 cpu=6 row=992 ready_elapsed_seconds=0.0015362
invocation=7 ready_timing_aggregate variant=A min_seconds=0.0015238 max_seconds=0.001539 mean_seconds=0.0015334
invocation=7 coordinator_kernel_elapsed variant=A kernel_elapsed_seconds=0.0026013
invocation=8 ready_timing variant=B worker=0 cpu=0 row=1332 ready_elapsed_seconds=0.0195424
invocation=8 ready_timing variant=B worker=1 cpu=2 row=807 ready_elapsed_seconds=0.019543
invocation=8 ready_timing variant=B worker=2 cpu=4 row=965 ready_elapsed_seconds=0.0195361
invocation=8 ready_timing variant=B worker=3 cpu=6 row=992 ready_elapsed_seconds=0.0195328
invocation=8 ready_timing_aggregate variant=B min_seconds=0.0195328 max_seconds=0.019543 mean_seconds=0.0195386
invocation=8 coordinator_kernel_elapsed variant=B kernel_elapsed_seconds=0.008995
invocation=9 ready_timing variant=Bclone worker=0 cpu=0 row=1332 ready_elapsed_seconds=0.248731
invocation=9 ready_timing variant=Bclone worker=1 cpu=2 row=807 ready_elapsed_seconds=0.248731
invocation=9 ready_timing variant=Bclone worker=2 cpu=4 row=965 ready_elapsed_seconds=0.24873
invocation=9 ready_timing variant=Bclone worker=3 cpu=6 row=992 ready_elapsed_seconds=0.248732
invocation=9 ready_timing_aggregate variant=Bclone min_seconds=0.24873 max_seconds=0.248732 mean_seconds=0.248731
invocation=9 coordinator_kernel_elapsed variant=Bclone kernel_elapsed_seconds=0.0149969
invocation=10 ready_timing variant=Bclone worker=0 cpu=0 row=1332 ready_elapsed_seconds=0.224495
invocation=10 ready_timing variant=Bclone worker=1 cpu=2 row=807 ready_elapsed_seconds=0.22421
invocation=10 ready_timing variant=Bclone worker=2 cpu=4 row=965 ready_elapsed_seconds=0.224205
invocation=10 ready_timing variant=Bclone worker=3 cpu=6 row=992 ready_elapsed_seconds=0.224198
invocation=10 ready_timing_aggregate variant=Bclone min_seconds=0.224198 max_seconds=0.224495 mean_seconds=0.224277
invocation=10 coordinator_kernel_elapsed variant=Bclone kernel_elapsed_seconds=0.0117618
invocation=11 ready_timing variant=B worker=0 cpu=0 row=1332 ready_elapsed_seconds=0.0194926
invocation=11 ready_timing variant=B worker=1 cpu=2 row=807 ready_elapsed_seconds=0.0194859
invocation=11 ready_timing variant=B worker=2 cpu=4 row=965 ready_elapsed_seconds=0.0194997
invocation=11 ready_timing variant=B worker=3 cpu=6 row=992 ready_elapsed_seconds=0.0194707
invocation=11 ready_timing_aggregate variant=B min_seconds=0.0194707 max_seconds=0.0194997 mean_seconds=0.0194872
invocation=11 coordinator_kernel_elapsed variant=B kernel_elapsed_seconds=0.0063812
invocation=12 ready_timing variant=A worker=0 cpu=0 row=1332 ready_elapsed_seconds=0.001867
invocation=12 ready_timing variant=A worker=1 cpu=2 row=807 ready_elapsed_seconds=0.0018697
invocation=12 ready_timing variant=A worker=2 cpu=4 row=965 ready_elapsed_seconds=0.0018699
invocation=12 ready_timing variant=A worker=3 cpu=6 row=992 ready_elapsed_seconds=0.001863
invocation=12 ready_timing_aggregate variant=A min_seconds=0.001863 max_seconds=0.0018699 mean_seconds=0.0018674
invocation=12 coordinator_kernel_elapsed variant=A kernel_elapsed_seconds=0.0044387
invocation=13 ready_timing variant=A worker=0 cpu=0 row=1332 ready_elapsed_seconds=0.0018734
invocation=13 ready_timing variant=A worker=1 cpu=2 row=807 ready_elapsed_seconds=0.0018478
invocation=13 ready_timing variant=A worker=2 cpu=4 row=965 ready_elapsed_seconds=0.0018319
invocation=13 ready_timing variant=A worker=3 cpu=6 row=992 ready_elapsed_seconds=0.0018644
invocation=13 ready_timing_aggregate variant=A min_seconds=0.0018319 max_seconds=0.0018734 mean_seconds=0.00185438
invocation=13 coordinator_kernel_elapsed variant=A kernel_elapsed_seconds=0.0041138
invocation=14 ready_timing variant=B worker=0 cpu=0 row=1332 ready_elapsed_seconds=0.0207493
invocation=14 ready_timing variant=B worker=1 cpu=2 row=807 ready_elapsed_seconds=0.0207692
invocation=14 ready_timing variant=B worker=2 cpu=4 row=965 ready_elapsed_seconds=0.0207668
invocation=14 ready_timing variant=B worker=3 cpu=6 row=992 ready_elapsed_seconds=0.0207348
invocation=14 ready_timing_aggregate variant=B min_seconds=0.0207348 max_seconds=0.0207692 mean_seconds=0.020755
invocation=14 coordinator_kernel_elapsed variant=B kernel_elapsed_seconds=0.0081498
invocation=15 ready_timing variant=Bclone worker=0 cpu=0 row=1332 ready_elapsed_seconds=0.225919
invocation=15 ready_timing variant=Bclone worker=1 cpu=2 row=807 ready_elapsed_seconds=0.22591
invocation=15 ready_timing variant=Bclone worker=2 cpu=4 row=965 ready_elapsed_seconds=0.225896
invocation=15 ready_timing variant=Bclone worker=3 cpu=6 row=992 ready_elapsed_seconds=0.225915
invocation=15 ready_timing_aggregate variant=Bclone min_seconds=0.225896 max_seconds=0.225919 mean_seconds=0.22591
invocation=15 coordinator_kernel_elapsed variant=Bclone kernel_elapsed_seconds=0.0173925
invocation=16 ready_timing variant=Bclone worker=0 cpu=0 row=1332 ready_elapsed_seconds=0.225398
invocation=16 ready_timing variant=Bclone worker=1 cpu=2 row=807 ready_elapsed_seconds=0.225399
invocation=16 ready_timing variant=Bclone worker=2 cpu=4 row=965 ready_elapsed_seconds=0.225399
invocation=16 ready_timing variant=Bclone worker=3 cpu=6 row=992 ready_elapsed_seconds=0.225399
invocation=16 ready_timing_aggregate variant=Bclone min_seconds=0.225398 max_seconds=0.225399 mean_seconds=0.225399
invocation=16 coordinator_kernel_elapsed variant=Bclone kernel_elapsed_seconds=0.0120692
invocation=17 ready_timing variant=B worker=0 cpu=0 row=1332 ready_elapsed_seconds=0.0172886
invocation=17 ready_timing variant=B worker=1 cpu=2 row=807 ready_elapsed_seconds=0.0172532
invocation=17 ready_timing variant=B worker=2 cpu=4 row=965 ready_elapsed_seconds=0.0172338
invocation=17 ready_timing variant=B worker=3 cpu=6 row=992 ready_elapsed_seconds=0.0172745
invocation=17 ready_timing_aggregate variant=B min_seconds=0.0172338 max_seconds=0.0172886 mean_seconds=0.0172625
invocation=17 coordinator_kernel_elapsed variant=B kernel_elapsed_seconds=0.0071138
invocation=18 ready_timing variant=A worker=0 cpu=0 row=1332 ready_elapsed_seconds=0.0018543
invocation=18 ready_timing variant=A worker=1 cpu=2 row=807 ready_elapsed_seconds=0.0034943
invocation=18 ready_timing variant=A worker=2 cpu=4 row=965 ready_elapsed_seconds=0.0018503
invocation=18 ready_timing variant=A worker=3 cpu=6 row=992 ready_elapsed_seconds=0.0018535
invocation=18 ready_timing_aggregate variant=A min_seconds=0.0018503 max_seconds=0.0034943 mean_seconds=0.0022631
invocation=18 coordinator_kernel_elapsed variant=A kernel_elapsed_seconds=0.0036613
invocation=19 ready_timing variant=A worker=0 cpu=0 row=1332 ready_elapsed_seconds=0.0016249
invocation=19 ready_timing variant=A worker=1 cpu=2 row=807 ready_elapsed_seconds=0.0016248
invocation=19 ready_timing variant=A worker=2 cpu=4 row=965 ready_elapsed_seconds=0.0016255
invocation=19 ready_timing variant=A worker=3 cpu=6 row=992 ready_elapsed_seconds=0.0016266
invocation=19 ready_timing_aggregate variant=A min_seconds=0.0016248 max_seconds=0.0016266 mean_seconds=0.00162545
invocation=19 coordinator_kernel_elapsed variant=A kernel_elapsed_seconds=0.0036165
invocation=20 ready_timing variant=B worker=0 cpu=0 row=1332 ready_elapsed_seconds=0.0201934
invocation=20 ready_timing variant=B worker=1 cpu=2 row=807 ready_elapsed_seconds=0.0201964
invocation=20 ready_timing variant=B worker=2 cpu=4 row=965 ready_elapsed_seconds=0.0201874
invocation=20 ready_timing variant=B worker=3 cpu=6 row=992 ready_elapsed_seconds=0.0201911
invocation=20 ready_timing_aggregate variant=B min_seconds=0.0201874 max_seconds=0.0201964 mean_seconds=0.0201921
invocation=20 coordinator_kernel_elapsed variant=B kernel_elapsed_seconds=0.007118
invocation=21 ready_timing variant=Bclone worker=0 cpu=0 row=1332 ready_elapsed_seconds=0.226038
invocation=21 ready_timing variant=Bclone worker=1 cpu=2 row=807 ready_elapsed_seconds=0.226024
invocation=21 ready_timing variant=Bclone worker=2 cpu=4 row=965 ready_elapsed_seconds=0.226034
invocation=21 ready_timing variant=Bclone worker=3 cpu=6 row=992 ready_elapsed_seconds=0.226032
invocation=21 ready_timing_aggregate variant=Bclone min_seconds=0.226024 max_seconds=0.226038 mean_seconds=0.226032
invocation=21 coordinator_kernel_elapsed variant=Bclone kernel_elapsed_seconds=0.0139382
invocation=22 ready_timing variant=Bclone worker=0 cpu=0 row=1332 ready_elapsed_seconds=0.234998
invocation=22 ready_timing variant=Bclone worker=1 cpu=2 row=807 ready_elapsed_seconds=0.234994
invocation=22 ready_timing variant=Bclone worker=2 cpu=4 row=965 ready_elapsed_seconds=0.234995
invocation=22 ready_timing variant=Bclone worker=3 cpu=6 row=992 ready_elapsed_seconds=0.234989
invocation=22 ready_timing_aggregate variant=Bclone min_seconds=0.234989 max_seconds=0.234998 mean_seconds=0.234994
invocation=22 coordinator_kernel_elapsed variant=Bclone kernel_elapsed_seconds=0.0135936
invocation=23 ready_timing variant=B worker=0 cpu=0 row=1332 ready_elapsed_seconds=0.0197852
invocation=23 ready_timing variant=B worker=1 cpu=2 row=807 ready_elapsed_seconds=0.019792
invocation=23 ready_timing variant=B worker=2 cpu=4 row=965 ready_elapsed_seconds=0.0197835
invocation=23 ready_timing variant=B worker=3 cpu=6 row=992 ready_elapsed_seconds=0.0197748
invocation=23 ready_timing_aggregate variant=B min_seconds=0.0197748 max_seconds=0.019792 mean_seconds=0.0197839
invocation=23 coordinator_kernel_elapsed variant=B kernel_elapsed_seconds=0.008223
invocation=24 ready_timing variant=A worker=0 cpu=0 row=1332 ready_elapsed_seconds=0.0021667
invocation=24 ready_timing variant=A worker=1 cpu=2 row=807 ready_elapsed_seconds=0.0021838
invocation=24 ready_timing variant=A worker=2 cpu=4 row=965 ready_elapsed_seconds=0.00218
invocation=24 ready_timing variant=A worker=3 cpu=6 row=992 ready_elapsed_seconds=0.0021808
invocation=24 ready_timing_aggregate variant=A min_seconds=0.0021667 max_seconds=0.0021838 mean_seconds=0.00217782
invocation=24 coordinator_kernel_elapsed variant=A kernel_elapsed_seconds=0.0043637
invocation=25 ready_timing variant=A worker=0 cpu=0 row=1332 ready_elapsed_seconds=0.0020168
invocation=25 ready_timing variant=A worker=1 cpu=2 row=807 ready_elapsed_seconds=0.0019774
invocation=25 ready_timing variant=A worker=2 cpu=4 row=965 ready_elapsed_seconds=0.0020183
invocation=25 ready_timing variant=A worker=3 cpu=6 row=992 ready_elapsed_seconds=0.0019486
invocation=25 ready_timing_aggregate variant=A min_seconds=0.0019486 max_seconds=0.0020183 mean_seconds=0.00199028
invocation=25 coordinator_kernel_elapsed variant=A kernel_elapsed_seconds=0.0040469
invocation=26 ready_timing variant=B worker=0 cpu=0 row=1332 ready_elapsed_seconds=0.0204679
invocation=26 ready_timing variant=B worker=1 cpu=2 row=807 ready_elapsed_seconds=0.020473
invocation=26 ready_timing variant=B worker=2 cpu=4 row=965 ready_elapsed_seconds=0.0204713
invocation=26 ready_timing variant=B worker=3 cpu=6 row=992 ready_elapsed_seconds=0.0204626
invocation=26 ready_timing_aggregate variant=B min_seconds=0.0204626 max_seconds=0.020473 mean_seconds=0.0204687
invocation=26 coordinator_kernel_elapsed variant=B kernel_elapsed_seconds=0.0094381
invocation=27 ready_timing variant=Bclone worker=0 cpu=0 row=1332 ready_elapsed_seconds=0.259976
invocation=27 ready_timing variant=Bclone worker=1 cpu=2 row=807 ready_elapsed_seconds=0.260123
invocation=27 ready_timing variant=Bclone worker=2 cpu=4 row=965 ready_elapsed_seconds=0.259921
invocation=27 ready_timing variant=Bclone worker=3 cpu=6 row=992 ready_elapsed_seconds=0.25996
invocation=27 ready_timing_aggregate variant=Bclone min_seconds=0.259921 max_seconds=0.260123 mean_seconds=0.259995
invocation=27 coordinator_kernel_elapsed variant=Bclone kernel_elapsed_seconds=0.0139686
invocation=28 ready_timing variant=Bclone worker=0 cpu=0 row=1332 ready_elapsed_seconds=0.247475
invocation=28 ready_timing variant=Bclone worker=1 cpu=2 row=807 ready_elapsed_seconds=0.247473
invocation=28 ready_timing variant=Bclone worker=2 cpu=4 row=965 ready_elapsed_seconds=0.247471
invocation=28 ready_timing variant=Bclone worker=3 cpu=6 row=992 ready_elapsed_seconds=0.247468
invocation=28 ready_timing_aggregate variant=Bclone min_seconds=0.247468 max_seconds=0.247475 mean_seconds=0.247472
invocation=28 coordinator_kernel_elapsed variant=Bclone kernel_elapsed_seconds=0.0293934
invocation=29 ready_timing variant=B worker=0 cpu=0 row=1332 ready_elapsed_seconds=0.0181102
invocation=29 ready_timing variant=B worker=1 cpu=2 row=807 ready_elapsed_seconds=0.0180644
invocation=29 ready_timing variant=B worker=2 cpu=4 row=965 ready_elapsed_seconds=0.0180499
invocation=29 ready_timing variant=B worker=3 cpu=6 row=992 ready_elapsed_seconds=0.0181062
invocation=29 ready_timing_aggregate variant=B min_seconds=0.0180499 max_seconds=0.0181102 mean_seconds=0.0180827
invocation=29 coordinator_kernel_elapsed variant=B kernel_elapsed_seconds=0.0065438
invocation=30 ready_timing variant=A worker=0 cpu=0 row=1332 ready_elapsed_seconds=0.001589
invocation=30 ready_timing variant=A worker=1 cpu=2 row=807 ready_elapsed_seconds=0.0015544
invocation=30 ready_timing variant=A worker=2 cpu=4 row=965 ready_elapsed_seconds=0.0015352
invocation=30 ready_timing variant=A worker=3 cpu=6 row=992 ready_elapsed_seconds=0.0015732
invocation=30 ready_timing_aggregate variant=A min_seconds=0.0015352 max_seconds=0.001589 mean_seconds=0.00156295
invocation=30 coordinator_kernel_elapsed variant=A kernel_elapsed_seconds=0.0030858
