T0-R int8 sharded sweep stderr and command log
executable=.\build\int8_probe.exe
physical_cpus=0,2,4,6; dram_gbps_measured=32.9295
target_kib=512; depths=16; variants=A,B,Bclone; repeat_count=10; repetitions=8; warmup=2
ready_timing_diagnostic=True
int8 AVX2 correction test passed; scalar_checksum=320040, avx2_checksum=320040, difference=0
int8 AVX2 correction test passed; scalar_checksum=320040, avx2_checksum=320040, difference=0
int8 AVX2 correction test passed; scalar_checksum=320040, avx2_checksum=320040, difference=0
int8 AVX2 correction test passed; scalar_checksum=320040, avx2_checksum=320040, difference=0
command[1/30]=.\build\int8_probe.exe --K 512 --target-kib 512 --depth 16 --variant A --kernel avx2 --parallel-cpus 0,2,4,6 --parallel-rows 1332,807,965,992 --iterations 1 --repetitions 8 --warmup 2 --ready-timing-diagnostic
int8 AVX2 correction test passed; scalar_checksum=320040, avx2_checksum=320040, difference=0
ready_timing variant=A worker=0 cpu=0 row=1332 ready_elapsed_seconds=0.0019748
ready_timing variant=A worker=1 cpu=2 row=807 ready_elapsed_seconds=0.0019652
ready_timing variant=A worker=2 cpu=4 row=965 ready_elapsed_seconds=0.0019782
ready_timing variant=A worker=3 cpu=6 row=992 ready_elapsed_seconds=0.001978
ready_timing_aggregate variant=A min_seconds=0.0019652 max_seconds=0.0019782 mean_seconds=0.00197405
coordinator_kernel_elapsed variant=A kernel_elapsed_seconds=0.0039114
block_timing variant=A worker=0 cpu=0 row=1332 block_loop_elapsed_seconds=0.0010976 first_clone_copy_elapsed_seconds=0 clone_copy_elapsed_seconds=0 remaining_clone_copy_elapsed_seconds=0
block_timing variant=A worker=1 cpu=2 row=807 block_loop_elapsed_seconds=0.0008948 first_clone_copy_elapsed_seconds=0 clone_copy_elapsed_seconds=0 remaining_clone_copy_elapsed_seconds=0
block_timing variant=A worker=2 cpu=4 row=965 block_loop_elapsed_seconds=0.0007689 first_clone_copy_elapsed_seconds=0 clone_copy_elapsed_seconds=0 remaining_clone_copy_elapsed_seconds=0
block_timing variant=A worker=3 cpu=6 row=992 block_loop_elapsed_seconds=0.0012063 first_clone_copy_elapsed_seconds=0 clone_copy_elapsed_seconds=0 remaining_clone_copy_elapsed_seconds=0
command[2/30]=.\build\int8_probe.exe --K 512 --target-kib 512 --depth 16 --variant B --kernel avx2 --parallel-cpus 0,2,4,6 --parallel-rows 1332,807,965,992 --iterations 1 --repetitions 8 --warmup 2 --ready-timing-diagnostic
int8 AVX2 correction test passed; scalar_checksum=320040, avx2_checksum=320040, difference=0
ready_timing variant=B worker=0 cpu=0 row=1332 ready_elapsed_seconds=0.0198227
ready_timing variant=B worker=1 cpu=2 row=807 ready_elapsed_seconds=0.0198283
ready_timing variant=B worker=2 cpu=4 row=965 ready_elapsed_seconds=0.0198179
ready_timing variant=B worker=3 cpu=6 row=992 ready_elapsed_seconds=0.0198241
ready_timing_aggregate variant=B min_seconds=0.0198179 max_seconds=0.0198283 mean_seconds=0.0198233
coordinator_kernel_elapsed variant=B kernel_elapsed_seconds=0.0088274
block_timing variant=B worker=0 cpu=0 row=1332 block_loop_elapsed_seconds=0.0188927 first_clone_copy_elapsed_seconds=0 clone_copy_elapsed_seconds=0 remaining_clone_copy_elapsed_seconds=0
block_timing variant=B worker=1 cpu=2 row=807 block_loop_elapsed_seconds=0.0137744 first_clone_copy_elapsed_seconds=0 clone_copy_elapsed_seconds=0 remaining_clone_copy_elapsed_seconds=0
block_timing variant=B worker=2 cpu=4 row=965 block_loop_elapsed_seconds=0.0155202 first_clone_copy_elapsed_seconds=0 clone_copy_elapsed_seconds=0 remaining_clone_copy_elapsed_seconds=0
block_timing variant=B worker=3 cpu=6 row=992 block_loop_elapsed_seconds=0.0140106 first_clone_copy_elapsed_seconds=0 clone_copy_elapsed_seconds=0 remaining_clone_copy_elapsed_seconds=0
command[3/30]=.\build\int8_probe.exe --K 512 --target-kib 512 --depth 16 --variant Bclone --kernel avx2 --parallel-cpus 0,2,4,6 --parallel-rows 1332,807,965,992 --iterations 1 --repetitions 8 --warmup 2 --ready-timing-diagnostic
int8 AVX2 correction test passed; scalar_checksum=320040, avx2_checksum=320040, difference=0
ready_timing variant=Bclone worker=0 cpu=0 row=1332 ready_elapsed_seconds=0.240222
ready_timing variant=Bclone worker=1 cpu=2 row=807 ready_elapsed_seconds=0.240221
ready_timing variant=Bclone worker=2 cpu=4 row=965 ready_elapsed_seconds=0.240218
ready_timing variant=Bclone worker=3 cpu=6 row=992 ready_elapsed_seconds=0.240227
ready_timing_aggregate variant=Bclone min_seconds=0.240218 max_seconds=0.240227 mean_seconds=0.240222
coordinator_kernel_elapsed variant=Bclone kernel_elapsed_seconds=0.0236257
block_timing variant=Bclone worker=0 cpu=0 row=1332 block_loop_elapsed_seconds=0.0040017 first_clone_copy_elapsed_seconds=0.0001898 clone_copy_elapsed_seconds=0.0029651 remaining_clone_copy_elapsed_seconds=0.0027753
block_timing variant=Bclone worker=1 cpu=2 row=807 block_loop_elapsed_seconds=0.002637 first_clone_copy_elapsed_seconds=8.74e-05 clone_copy_elapsed_seconds=0.0017865 remaining_clone_copy_elapsed_seconds=0.0016991
block_timing variant=Bclone worker=2 cpu=4 row=965 block_loop_elapsed_seconds=0.0030851 first_clone_copy_elapsed_seconds=7.79e-05 clone_copy_elapsed_seconds=0.0022891 remaining_clone_copy_elapsed_seconds=0.0022112
block_timing variant=Bclone worker=3 cpu=6 row=992 block_loop_elapsed_seconds=0.0031752 first_clone_copy_elapsed_seconds=0.0001199 clone_copy_elapsed_seconds=0.0021489 remaining_clone_copy_elapsed_seconds=0.002029
command[4/30]=.\build\int8_probe.exe --K 512 --target-kib 512 --depth 16 --variant Bclone --kernel avx2 --parallel-cpus 0,2,4,6 --parallel-rows 1332,807,965,992 --iterations 1 --repetitions 8 --warmup 2 --ready-timing-diagnostic
int8 AVX2 correction test passed; scalar_checksum=320040, avx2_checksum=320040, difference=0
ready_timing variant=Bclone worker=0 cpu=0 row=1332 ready_elapsed_seconds=0.234936
ready_timing variant=Bclone worker=1 cpu=2 row=807 ready_elapsed_seconds=0.234912
ready_timing variant=Bclone worker=2 cpu=4 row=965 ready_elapsed_seconds=0.234931
ready_timing variant=Bclone worker=3 cpu=6 row=992 ready_elapsed_seconds=0.234936
ready_timing_aggregate variant=Bclone min_seconds=0.234912 max_seconds=0.234936 mean_seconds=0.234928
coordinator_kernel_elapsed variant=Bclone kernel_elapsed_seconds=0.0175177
block_timing variant=Bclone worker=0 cpu=0 row=1332 block_loop_elapsed_seconds=0.0041357 first_clone_copy_elapsed_seconds=0.000224 clone_copy_elapsed_seconds=0.0031002 remaining_clone_copy_elapsed_seconds=0.0028762
block_timing variant=Bclone worker=1 cpu=2 row=807 block_loop_elapsed_seconds=0.0029492 first_clone_copy_elapsed_seconds=9.67e-05 clone_copy_elapsed_seconds=0.0020967 remaining_clone_copy_elapsed_seconds=0.002
block_timing variant=Bclone worker=2 cpu=4 row=965 block_loop_elapsed_seconds=0.0031695 first_clone_copy_elapsed_seconds=6.23e-05 clone_copy_elapsed_seconds=0.002381 remaining_clone_copy_elapsed_seconds=0.0023187
block_timing variant=Bclone worker=3 cpu=6 row=992 block_loop_elapsed_seconds=0.0035052 first_clone_copy_elapsed_seconds=0.0001288 clone_copy_elapsed_seconds=0.0024956 remaining_clone_copy_elapsed_seconds=0.0023668
command[5/30]=.\build\int8_probe.exe --K 512 --target-kib 512 --depth 16 --variant B --kernel avx2 --parallel-cpus 0,2,4,6 --parallel-rows 1332,807,965,992 --iterations 1 --repetitions 8 --warmup 2 --ready-timing-diagnostic
int8 AVX2 correction test passed; scalar_checksum=320040, avx2_checksum=320040, difference=0
ready_timing variant=B worker=0 cpu=0 row=1332 ready_elapsed_seconds=0.0206583
ready_timing variant=B worker=1 cpu=2 row=807 ready_elapsed_seconds=0.0206556
ready_timing variant=B worker=2 cpu=4 row=965 ready_elapsed_seconds=0.0206588
ready_timing variant=B worker=3 cpu=6 row=992 ready_elapsed_seconds=0.0206549
ready_timing_aggregate variant=B min_seconds=0.0206549 max_seconds=0.0206588 mean_seconds=0.0206569
coordinator_kernel_elapsed variant=B kernel_elapsed_seconds=0.0073168
block_timing variant=B worker=0 cpu=0 row=1332 block_loop_elapsed_seconds=0.0200446 first_clone_copy_elapsed_seconds=0 clone_copy_elapsed_seconds=0 remaining_clone_copy_elapsed_seconds=0
block_timing variant=B worker=1 cpu=2 row=807 block_loop_elapsed_seconds=0.0099863 first_clone_copy_elapsed_seconds=0 clone_copy_elapsed_seconds=0 remaining_clone_copy_elapsed_seconds=0
block_timing variant=B worker=2 cpu=4 row=965 block_loop_elapsed_seconds=0.0152564 first_clone_copy_elapsed_seconds=0 clone_copy_elapsed_seconds=0 remaining_clone_copy_elapsed_seconds=0
block_timing variant=B worker=3 cpu=6 row=992 block_loop_elapsed_seconds=0.0146687 first_clone_copy_elapsed_seconds=0 clone_copy_elapsed_seconds=0 remaining_clone_copy_elapsed_seconds=0
command[6/30]=.\build\int8_probe.exe --K 512 --target-kib 512 --depth 16 --variant A --kernel avx2 --parallel-cpus 0,2,4,6 --parallel-rows 1332,807,965,992 --iterations 1 --repetitions 8 --warmup 2 --ready-timing-diagnostic
int8 AVX2 correction test passed; scalar_checksum=320040, avx2_checksum=320040, difference=0
ready_timing variant=A worker=0 cpu=0 row=1332 ready_elapsed_seconds=0.0015551
ready_timing variant=A worker=1 cpu=2 row=807 ready_elapsed_seconds=0.0015548
ready_timing variant=A worker=2 cpu=4 row=965 ready_elapsed_seconds=0.0015417
ready_timing variant=A worker=3 cpu=6 row=992 ready_elapsed_seconds=0.0015433
ready_timing_aggregate variant=A min_seconds=0.0015417 max_seconds=0.0015551 mean_seconds=0.00154873
coordinator_kernel_elapsed variant=A kernel_elapsed_seconds=0.0027862
block_timing variant=A worker=0 cpu=0 row=1332 block_loop_elapsed_seconds=0.001049 first_clone_copy_elapsed_seconds=0 clone_copy_elapsed_seconds=0 remaining_clone_copy_elapsed_seconds=0
block_timing variant=A worker=1 cpu=2 row=807 block_loop_elapsed_seconds=0.0008214 first_clone_copy_elapsed_seconds=0 clone_copy_elapsed_seconds=0 remaining_clone_copy_elapsed_seconds=0
block_timing variant=A worker=2 cpu=4 row=965 block_loop_elapsed_seconds=0.0009724 first_clone_copy_elapsed_seconds=0 clone_copy_elapsed_seconds=0 remaining_clone_copy_elapsed_seconds=0
block_timing variant=A worker=3 cpu=6 row=992 block_loop_elapsed_seconds=0.0008342 first_clone_copy_elapsed_seconds=0 clone_copy_elapsed_seconds=0 remaining_clone_copy_elapsed_seconds=0
command[7/30]=.\build\int8_probe.exe --K 512 --target-kib 512 --depth 16 --variant A --kernel avx2 --parallel-cpus 0,2,4,6 --parallel-rows 1332,807,965,992 --iterations 1 --repetitions 8 --warmup 2 --ready-timing-diagnostic
int8 AVX2 correction test passed; scalar_checksum=320040, avx2_checksum=320040, difference=0
ready_timing variant=A worker=0 cpu=0 row=1332 ready_elapsed_seconds=0.0015346
ready_timing variant=A worker=1 cpu=2 row=807 ready_elapsed_seconds=0.001539
ready_timing variant=A worker=2 cpu=4 row=965 ready_elapsed_seconds=0.0015238
ready_timing variant=A worker=3 cpu=6 row=992 ready_elapsed_seconds=0.0015362
ready_timing_aggregate variant=A min_seconds=0.0015238 max_seconds=0.001539 mean_seconds=0.0015334
coordinator_kernel_elapsed variant=A kernel_elapsed_seconds=0.0026013
block_timing variant=A worker=0 cpu=0 row=1332 block_loop_elapsed_seconds=0.0010443 first_clone_copy_elapsed_seconds=0 clone_copy_elapsed_seconds=0 remaining_clone_copy_elapsed_seconds=0
block_timing variant=A worker=1 cpu=2 row=807 block_loop_elapsed_seconds=0.0008171 first_clone_copy_elapsed_seconds=0 clone_copy_elapsed_seconds=0 remaining_clone_copy_elapsed_seconds=0
block_timing variant=A worker=2 cpu=4 row=965 block_loop_elapsed_seconds=0.0009896 first_clone_copy_elapsed_seconds=0 clone_copy_elapsed_seconds=0 remaining_clone_copy_elapsed_seconds=0
block_timing variant=A worker=3 cpu=6 row=992 block_loop_elapsed_seconds=0.0008484 first_clone_copy_elapsed_seconds=0 clone_copy_elapsed_seconds=0 remaining_clone_copy_elapsed_seconds=0
command[8/30]=.\build\int8_probe.exe --K 512 --target-kib 512 --depth 16 --variant B --kernel avx2 --parallel-cpus 0,2,4,6 --parallel-rows 1332,807,965,992 --iterations 1 --repetitions 8 --warmup 2 --ready-timing-diagnostic
int8 AVX2 correction test passed; scalar_checksum=320040, avx2_checksum=320040, difference=0
ready_timing variant=B worker=0 cpu=0 row=1332 ready_elapsed_seconds=0.0195424
ready_timing variant=B worker=1 cpu=2 row=807 ready_elapsed_seconds=0.019543
ready_timing variant=B worker=2 cpu=4 row=965 ready_elapsed_seconds=0.0195361
ready_timing variant=B worker=3 cpu=6 row=992 ready_elapsed_seconds=0.0195328
ready_timing_aggregate variant=B min_seconds=0.0195328 max_seconds=0.019543 mean_seconds=0.0195386
coordinator_kernel_elapsed variant=B kernel_elapsed_seconds=0.008995
block_timing variant=B worker=0 cpu=0 row=1332 block_loop_elapsed_seconds=0.0188611 first_clone_copy_elapsed_seconds=0 clone_copy_elapsed_seconds=0 remaining_clone_copy_elapsed_seconds=0
block_timing variant=B worker=1 cpu=2 row=807 block_loop_elapsed_seconds=0.0127581 first_clone_copy_elapsed_seconds=0 clone_copy_elapsed_seconds=0 remaining_clone_copy_elapsed_seconds=0
block_timing variant=B worker=2 cpu=4 row=965 block_loop_elapsed_seconds=0.0118223 first_clone_copy_elapsed_seconds=0 clone_copy_elapsed_seconds=0 remaining_clone_copy_elapsed_seconds=0
block_timing variant=B worker=3 cpu=6 row=992 block_loop_elapsed_seconds=0.0159249 first_clone_copy_elapsed_seconds=0 clone_copy_elapsed_seconds=0 remaining_clone_copy_elapsed_seconds=0
command[9/30]=.\build\int8_probe.exe --K 512 --target-kib 512 --depth 16 --variant Bclone --kernel avx2 --parallel-cpus 0,2,4,6 --parallel-rows 1332,807,965,992 --iterations 1 --repetitions 8 --warmup 2 --ready-timing-diagnostic
int8 AVX2 correction test passed; scalar_checksum=320040, avx2_checksum=320040, difference=0
ready_timing variant=Bclone worker=0 cpu=0 row=1332 ready_elapsed_seconds=0.248731
ready_timing variant=Bclone worker=1 cpu=2 row=807 ready_elapsed_seconds=0.248731
ready_timing variant=Bclone worker=2 cpu=4 row=965 ready_elapsed_seconds=0.24873
ready_timing variant=Bclone worker=3 cpu=6 row=992 ready_elapsed_seconds=0.248732
ready_timing_aggregate variant=Bclone min_seconds=0.24873 max_seconds=0.248732 mean_seconds=0.248731
coordinator_kernel_elapsed variant=Bclone kernel_elapsed_seconds=0.0149969
block_timing variant=Bclone worker=0 cpu=0 row=1332 block_loop_elapsed_seconds=0.0039524 first_clone_copy_elapsed_seconds=0.0001277 clone_copy_elapsed_seconds=0.0028974 remaining_clone_copy_elapsed_seconds=0.0027697
block_timing variant=Bclone worker=1 cpu=2 row=807 block_loop_elapsed_seconds=0.0028063 first_clone_copy_elapsed_seconds=5e-05 clone_copy_elapsed_seconds=0.0019905 remaining_clone_copy_elapsed_seconds=0.0019405
block_timing variant=Bclone worker=2 cpu=4 row=965 block_loop_elapsed_seconds=0.0033796 first_clone_copy_elapsed_seconds=0.0001218 clone_copy_elapsed_seconds=0.0023966 remaining_clone_copy_elapsed_seconds=0.0022748
block_timing variant=Bclone worker=3 cpu=6 row=992 block_loop_elapsed_seconds=0.0030941 first_clone_copy_elapsed_seconds=9.29e-05 clone_copy_elapsed_seconds=0.002261 remaining_clone_copy_elapsed_seconds=0.0021681
command[10/30]=.\build\int8_probe.exe --K 512 --target-kib 512 --depth 16 --variant Bclone --kernel avx2 --parallel-cpus 0,2,4,6 --parallel-rows 1332,807,965,992 --iterations 1 --repetitions 8 --warmup 2 --ready-timing-diagnostic
int8 AVX2 correction test passed; scalar_checksum=320040, avx2_checksum=320040, difference=0
ready_timing variant=Bclone worker=0 cpu=0 row=1332 ready_elapsed_seconds=0.224495
ready_timing variant=Bclone worker=1 cpu=2 row=807 ready_elapsed_seconds=0.22421
ready_timing variant=Bclone worker=2 cpu=4 row=965 ready_elapsed_seconds=0.224205
ready_timing variant=Bclone worker=3 cpu=6 row=992 ready_elapsed_seconds=0.224198
ready_timing_aggregate variant=Bclone min_seconds=0.224198 max_seconds=0.224495 mean_seconds=0.224277
coordinator_kernel_elapsed variant=Bclone kernel_elapsed_seconds=0.0117618
block_timing variant=Bclone worker=0 cpu=0 row=1332 block_loop_elapsed_seconds=0.0041881 first_clone_copy_elapsed_seconds=0.0002448 clone_copy_elapsed_seconds=0.0027296 remaining_clone_copy_elapsed_seconds=0.0024848
block_timing variant=Bclone worker=1 cpu=2 row=807 block_loop_elapsed_seconds=0.0026248 first_clone_copy_elapsed_seconds=6.84e-05 clone_copy_elapsed_seconds=0.001807 remaining_clone_copy_elapsed_seconds=0.0017386
block_timing variant=Bclone worker=2 cpu=4 row=965 block_loop_elapsed_seconds=0.0026849 first_clone_copy_elapsed_seconds=7.83e-05 clone_copy_elapsed_seconds=0.0019234 remaining_clone_copy_elapsed_seconds=0.0018451
block_timing variant=Bclone worker=3 cpu=6 row=992 block_loop_elapsed_seconds=0.0032974 first_clone_copy_elapsed_seconds=0.0001412 clone_copy_elapsed_seconds=0.002221 remaining_clone_copy_elapsed_seconds=0.0020798
command[11/30]=.\build\int8_probe.exe --K 512 --target-kib 512 --depth 16 --variant B --kernel avx2 --parallel-cpus 0,2,4,6 --parallel-rows 1332,807,965,992 --iterations 1 --repetitions 8 --warmup 2 --ready-timing-diagnostic
int8 AVX2 correction test passed; scalar_checksum=320040, avx2_checksum=320040, difference=0
ready_timing variant=B worker=0 cpu=0 row=1332 ready_elapsed_seconds=0.0194926
ready_timing variant=B worker=1 cpu=2 row=807 ready_elapsed_seconds=0.0194859
ready_timing variant=B worker=2 cpu=4 row=965 ready_elapsed_seconds=0.0194997
ready_timing variant=B worker=3 cpu=6 row=992 ready_elapsed_seconds=0.0194707
ready_timing_aggregate variant=B min_seconds=0.0194707 max_seconds=0.0194997 mean_seconds=0.0194872
coordinator_kernel_elapsed variant=B kernel_elapsed_seconds=0.0063812
block_timing variant=B worker=0 cpu=0 row=1332 block_loop_elapsed_seconds=0.0188709 first_clone_copy_elapsed_seconds=0 clone_copy_elapsed_seconds=0 remaining_clone_copy_elapsed_seconds=0
block_timing variant=B worker=1 cpu=2 row=807 block_loop_elapsed_seconds=0.0130647 first_clone_copy_elapsed_seconds=0 clone_copy_elapsed_seconds=0 remaining_clone_copy_elapsed_seconds=0
block_timing variant=B worker=2 cpu=4 row=965 block_loop_elapsed_seconds=0.0127369 first_clone_copy_elapsed_seconds=0 clone_copy_elapsed_seconds=0 remaining_clone_copy_elapsed_seconds=0
block_timing variant=B worker=3 cpu=6 row=992 block_loop_elapsed_seconds=0.0147617 first_clone_copy_elapsed_seconds=0 clone_copy_elapsed_seconds=0 remaining_clone_copy_elapsed_seconds=0
command[12/30]=.\build\int8_probe.exe --K 512 --target-kib 512 --depth 16 --variant A --kernel avx2 --parallel-cpus 0,2,4,6 --parallel-rows 1332,807,965,992 --iterations 1 --repetitions 8 --warmup 2 --ready-timing-diagnostic
int8 AVX2 correction test passed; scalar_checksum=320040, avx2_checksum=320040, difference=0
ready_timing variant=A worker=0 cpu=0 row=1332 ready_elapsed_seconds=0.001867
ready_timing variant=A worker=1 cpu=2 row=807 ready_elapsed_seconds=0.0018697
ready_timing variant=A worker=2 cpu=4 row=965 ready_elapsed_seconds=0.0018699
ready_timing variant=A worker=3 cpu=6 row=992 ready_elapsed_seconds=0.001863
ready_timing_aggregate variant=A min_seconds=0.001863 max_seconds=0.0018699 mean_seconds=0.0018674
coordinator_kernel_elapsed variant=A kernel_elapsed_seconds=0.0044387
block_timing variant=A worker=0 cpu=0 row=1332 block_loop_elapsed_seconds=0.001046 first_clone_copy_elapsed_seconds=0 clone_copy_elapsed_seconds=0 remaining_clone_copy_elapsed_seconds=0
block_timing variant=A worker=1 cpu=2 row=807 block_loop_elapsed_seconds=0.0008976 first_clone_copy_elapsed_seconds=0 clone_copy_elapsed_seconds=0 remaining_clone_copy_elapsed_seconds=0
block_timing variant=A worker=2 cpu=4 row=965 block_loop_elapsed_seconds=0.0007964 first_clone_copy_elapsed_seconds=0 clone_copy_elapsed_seconds=0 remaining_clone_copy_elapsed_seconds=0
block_timing variant=A worker=3 cpu=6 row=992 block_loop_elapsed_seconds=0.0011273 first_clone_copy_elapsed_seconds=0 clone_copy_elapsed_seconds=0 remaining_clone_copy_elapsed_seconds=0
command[13/30]=.\build\int8_probe.exe --K 512 --target-kib 512 --depth 16 --variant A --kernel avx2 --parallel-cpus 0,2,4,6 --parallel-rows 1332,807,965,992 --iterations 1 --repetitions 8 --warmup 2 --ready-timing-diagnostic
int8 AVX2 correction test passed; scalar_checksum=320040, avx2_checksum=320040, difference=0
ready_timing variant=A worker=0 cpu=0 row=1332 ready_elapsed_seconds=0.0018734
ready_timing variant=A worker=1 cpu=2 row=807 ready_elapsed_seconds=0.0018478
ready_timing variant=A worker=2 cpu=4 row=965 ready_elapsed_seconds=0.0018319
ready_timing variant=A worker=3 cpu=6 row=992 ready_elapsed_seconds=0.0018644
ready_timing_aggregate variant=A min_seconds=0.0018319 max_seconds=0.0018734 mean_seconds=0.00185438
coordinator_kernel_elapsed variant=A kernel_elapsed_seconds=0.0041138
block_timing variant=A worker=0 cpu=0 row=1332 block_loop_elapsed_seconds=0.0010296 first_clone_copy_elapsed_seconds=0 clone_copy_elapsed_seconds=0 remaining_clone_copy_elapsed_seconds=0
block_timing variant=A worker=1 cpu=2 row=807 block_loop_elapsed_seconds=0.0006661 first_clone_copy_elapsed_seconds=0 clone_copy_elapsed_seconds=0 remaining_clone_copy_elapsed_seconds=0
block_timing variant=A worker=2 cpu=4 row=965 block_loop_elapsed_seconds=0.001012 first_clone_copy_elapsed_seconds=0 clone_copy_elapsed_seconds=0 remaining_clone_copy_elapsed_seconds=0
block_timing variant=A worker=3 cpu=6 row=992 block_loop_elapsed_seconds=0.0010589 first_clone_copy_elapsed_seconds=0 clone_copy_elapsed_seconds=0 remaining_clone_copy_elapsed_seconds=0
command[14/30]=.\build\int8_probe.exe --K 512 --target-kib 512 --depth 16 --variant B --kernel avx2 --parallel-cpus 0,2,4,6 --parallel-rows 1332,807,965,992 --iterations 1 --repetitions 8 --warmup 2 --ready-timing-diagnostic
int8 AVX2 correction test passed; scalar_checksum=320040, avx2_checksum=320040, difference=0
ready_timing variant=B worker=0 cpu=0 row=1332 ready_elapsed_seconds=0.0207493
ready_timing variant=B worker=1 cpu=2 row=807 ready_elapsed_seconds=0.0207692
ready_timing variant=B worker=2 cpu=4 row=965 ready_elapsed_seconds=0.0207668
ready_timing variant=B worker=3 cpu=6 row=992 ready_elapsed_seconds=0.0207348
ready_timing_aggregate variant=B min_seconds=0.0207348 max_seconds=0.0207692 mean_seconds=0.020755
coordinator_kernel_elapsed variant=B kernel_elapsed_seconds=0.0081498
block_timing variant=B worker=0 cpu=0 row=1332 block_loop_elapsed_seconds=0.0200703 first_clone_copy_elapsed_seconds=0 clone_copy_elapsed_seconds=0 remaining_clone_copy_elapsed_seconds=0
block_timing variant=B worker=1 cpu=2 row=807 block_loop_elapsed_seconds=0.0103651 first_clone_copy_elapsed_seconds=0 clone_copy_elapsed_seconds=0 remaining_clone_copy_elapsed_seconds=0
block_timing variant=B worker=2 cpu=4 row=965 block_loop_elapsed_seconds=0.0127222 first_clone_copy_elapsed_seconds=0 clone_copy_elapsed_seconds=0 remaining_clone_copy_elapsed_seconds=0
block_timing variant=B worker=3 cpu=6 row=992 block_loop_elapsed_seconds=0.0154515 first_clone_copy_elapsed_seconds=0 clone_copy_elapsed_seconds=0 remaining_clone_copy_elapsed_seconds=0
command[15/30]=.\build\int8_probe.exe --K 512 --target-kib 512 --depth 16 --variant Bclone --kernel avx2 --parallel-cpus 0,2,4,6 --parallel-rows 1332,807,965,992 --iterations 1 --repetitions 8 --warmup 2 --ready-timing-diagnostic
int8 AVX2 correction test passed; scalar_checksum=320040, avx2_checksum=320040, difference=0
ready_timing variant=Bclone worker=0 cpu=0 row=1332 ready_elapsed_seconds=0.225919
ready_timing variant=Bclone worker=1 cpu=2 row=807 ready_elapsed_seconds=0.22591
ready_timing variant=Bclone worker=2 cpu=4 row=965 ready_elapsed_seconds=0.225896
ready_timing variant=Bclone worker=3 cpu=6 row=992 ready_elapsed_seconds=0.225915
ready_timing_aggregate variant=Bclone min_seconds=0.225896 max_seconds=0.225919 mean_seconds=0.22591
coordinator_kernel_elapsed variant=Bclone kernel_elapsed_seconds=0.0173925
block_timing variant=Bclone worker=0 cpu=0 row=1332 block_loop_elapsed_seconds=0.0035056 first_clone_copy_elapsed_seconds=0.0001654 clone_copy_elapsed_seconds=0.0024649 remaining_clone_copy_elapsed_seconds=0.0022995
block_timing variant=Bclone worker=1 cpu=2 row=807 block_loop_elapsed_seconds=0.002609 first_clone_copy_elapsed_seconds=7.19e-05 clone_copy_elapsed_seconds=0.0017844 remaining_clone_copy_elapsed_seconds=0.0017125
block_timing variant=Bclone worker=2 cpu=4 row=965 block_loop_elapsed_seconds=0.0031259 first_clone_copy_elapsed_seconds=0.0001054 clone_copy_elapsed_seconds=0.002156 remaining_clone_copy_elapsed_seconds=0.0020506
block_timing variant=Bclone worker=3 cpu=6 row=992 block_loop_elapsed_seconds=0.0029712 first_clone_copy_elapsed_seconds=9.17e-05 clone_copy_elapsed_seconds=0.0021609 remaining_clone_copy_elapsed_seconds=0.0020692
command[16/30]=.\build\int8_probe.exe --K 512 --target-kib 512 --depth 16 --variant Bclone --kernel avx2 --parallel-cpus 0,2,4,6 --parallel-rows 1332,807,965,992 --iterations 1 --repetitions 8 --warmup 2 --ready-timing-diagnostic
int8 AVX2 correction test passed; scalar_checksum=320040, avx2_checksum=320040, difference=0
ready_timing variant=Bclone worker=0 cpu=0 row=1332 ready_elapsed_seconds=0.225398
ready_timing variant=Bclone worker=1 cpu=2 row=807 ready_elapsed_seconds=0.225399
ready_timing variant=Bclone worker=2 cpu=4 row=965 ready_elapsed_seconds=0.225399
ready_timing variant=Bclone worker=3 cpu=6 row=992 ready_elapsed_seconds=0.225399
ready_timing_aggregate variant=Bclone min_seconds=0.225398 max_seconds=0.225399 mean_seconds=0.225399
coordinator_kernel_elapsed variant=Bclone kernel_elapsed_seconds=0.0120692
block_timing variant=Bclone worker=0 cpu=0 row=1332 block_loop_elapsed_seconds=0.0042404 first_clone_copy_elapsed_seconds=0.0001716 clone_copy_elapsed_seconds=0.0028976 remaining_clone_copy_elapsed_seconds=0.002726
block_timing variant=Bclone worker=1 cpu=2 row=807 block_loop_elapsed_seconds=0.0025237 first_clone_copy_elapsed_seconds=6.09e-05 clone_copy_elapsed_seconds=0.0018298 remaining_clone_copy_elapsed_seconds=0.0017689
block_timing variant=Bclone worker=2 cpu=4 row=965 block_loop_elapsed_seconds=0.0032377 first_clone_copy_elapsed_seconds=0.0001235 clone_copy_elapsed_seconds=0.0022417 remaining_clone_copy_elapsed_seconds=0.0021182
block_timing variant=Bclone worker=3 cpu=6 row=992 block_loop_elapsed_seconds=0.0029935 first_clone_copy_elapsed_seconds=0.0001008 clone_copy_elapsed_seconds=0.0022117 remaining_clone_copy_elapsed_seconds=0.0021109
command[17/30]=.\build\int8_probe.exe --K 512 --target-kib 512 --depth 16 --variant B --kernel avx2 --parallel-cpus 0,2,4,6 --parallel-rows 1332,807,965,992 --iterations 1 --repetitions 8 --warmup 2 --ready-timing-diagnostic
int8 AVX2 correction test passed; scalar_checksum=320040, avx2_checksum=320040, difference=0
ready_timing variant=B worker=0 cpu=0 row=1332 ready_elapsed_seconds=0.0172886
ready_timing variant=B worker=1 cpu=2 row=807 ready_elapsed_seconds=0.0172532
ready_timing variant=B worker=2 cpu=4 row=965 ready_elapsed_seconds=0.0172338
ready_timing variant=B worker=3 cpu=6 row=992 ready_elapsed_seconds=0.0172745
ready_timing_aggregate variant=B min_seconds=0.0172338 max_seconds=0.0172886 mean_seconds=0.0172625
coordinator_kernel_elapsed variant=B kernel_elapsed_seconds=0.0071138
block_timing variant=B worker=0 cpu=0 row=1332 block_loop_elapsed_seconds=0.0164788 first_clone_copy_elapsed_seconds=0 clone_copy_elapsed_seconds=0 remaining_clone_copy_elapsed_seconds=0
block_timing variant=B worker=1 cpu=2 row=807 block_loop_elapsed_seconds=0.0117788 first_clone_copy_elapsed_seconds=0 clone_copy_elapsed_seconds=0 remaining_clone_copy_elapsed_seconds=0
block_timing variant=B worker=2 cpu=4 row=965 block_loop_elapsed_seconds=0.0140597 first_clone_copy_elapsed_seconds=0 clone_copy_elapsed_seconds=0 remaining_clone_copy_elapsed_seconds=0
block_timing variant=B worker=3 cpu=6 row=992 block_loop_elapsed_seconds=0.0158641 first_clone_copy_elapsed_seconds=0 clone_copy_elapsed_seconds=0 remaining_clone_copy_elapsed_seconds=0
command[18/30]=.\build\int8_probe.exe --K 512 --target-kib 512 --depth 16 --variant A --kernel avx2 --parallel-cpus 0,2,4,6 --parallel-rows 1332,807,965,992 --iterations 1 --repetitions 8 --warmup 2 --ready-timing-diagnostic
int8 AVX2 correction test passed; scalar_checksum=320040, avx2_checksum=320040, difference=0
ready_timing variant=A worker=0 cpu=0 row=1332 ready_elapsed_seconds=0.0018543
ready_timing variant=A worker=1 cpu=2 row=807 ready_elapsed_seconds=0.0034943
ready_timing variant=A worker=2 cpu=4 row=965 ready_elapsed_seconds=0.0018503
ready_timing variant=A worker=3 cpu=6 row=992 ready_elapsed_seconds=0.0018535
ready_timing_aggregate variant=A min_seconds=0.0018503 max_seconds=0.0034943 mean_seconds=0.0022631
coordinator_kernel_elapsed variant=A kernel_elapsed_seconds=0.0036613
block_timing variant=A worker=0 cpu=0 row=1332 block_loop_elapsed_seconds=0.0010485 first_clone_copy_elapsed_seconds=0 clone_copy_elapsed_seconds=0 remaining_clone_copy_elapsed_seconds=0
block_timing variant=A worker=1 cpu=2 row=807 block_loop_elapsed_seconds=0.0008586 first_clone_copy_elapsed_seconds=0 clone_copy_elapsed_seconds=0 remaining_clone_copy_elapsed_seconds=0
block_timing variant=A worker=2 cpu=4 row=965 block_loop_elapsed_seconds=0.0010183 first_clone_copy_elapsed_seconds=0 clone_copy_elapsed_seconds=0 remaining_clone_copy_elapsed_seconds=0
block_timing variant=A worker=3 cpu=6 row=992 block_loop_elapsed_seconds=0.000808 first_clone_copy_elapsed_seconds=0 clone_copy_elapsed_seconds=0 remaining_clone_copy_elapsed_seconds=0
command[19/30]=.\build\int8_probe.exe --K 512 --target-kib 512 --depth 16 --variant A --kernel avx2 --parallel-cpus 0,2,4,6 --parallel-rows 1332,807,965,992 --iterations 1 --repetitions 8 --warmup 2 --ready-timing-diagnostic
int8 AVX2 correction test passed; scalar_checksum=320040, avx2_checksum=320040, difference=0
ready_timing variant=A worker=0 cpu=0 row=1332 ready_elapsed_seconds=0.0016249
ready_timing variant=A worker=1 cpu=2 row=807 ready_elapsed_seconds=0.0016248
ready_timing variant=A worker=2 cpu=4 row=965 ready_elapsed_seconds=0.0016255
ready_timing variant=A worker=3 cpu=6 row=992 ready_elapsed_seconds=0.0016266
ready_timing_aggregate variant=A min_seconds=0.0016248 max_seconds=0.0016266 mean_seconds=0.00162545
coordinator_kernel_elapsed variant=A kernel_elapsed_seconds=0.0036165
block_timing variant=A worker=0 cpu=0 row=1332 block_loop_elapsed_seconds=0.0010726 first_clone_copy_elapsed_seconds=0 clone_copy_elapsed_seconds=0 remaining_clone_copy_elapsed_seconds=0
block_timing variant=A worker=1 cpu=2 row=807 block_loop_elapsed_seconds=0.0006916 first_clone_copy_elapsed_seconds=0 clone_copy_elapsed_seconds=0 remaining_clone_copy_elapsed_seconds=0
block_timing variant=A worker=2 cpu=4 row=965 block_loop_elapsed_seconds=0.0009822 first_clone_copy_elapsed_seconds=0 clone_copy_elapsed_seconds=0 remaining_clone_copy_elapsed_seconds=0
block_timing variant=A worker=3 cpu=6 row=992 block_loop_elapsed_seconds=0.0010118 first_clone_copy_elapsed_seconds=0 clone_copy_elapsed_seconds=0 remaining_clone_copy_elapsed_seconds=0
command[20/30]=.\build\int8_probe.exe --K 512 --target-kib 512 --depth 16 --variant B --kernel avx2 --parallel-cpus 0,2,4,6 --parallel-rows 1332,807,965,992 --iterations 1 --repetitions 8 --warmup 2 --ready-timing-diagnostic
int8 AVX2 correction test passed; scalar_checksum=320040, avx2_checksum=320040, difference=0
ready_timing variant=B worker=0 cpu=0 row=1332 ready_elapsed_seconds=0.0201934
ready_timing variant=B worker=1 cpu=2 row=807 ready_elapsed_seconds=0.0201964
ready_timing variant=B worker=2 cpu=4 row=965 ready_elapsed_seconds=0.0201874
ready_timing variant=B worker=3 cpu=6 row=992 ready_elapsed_seconds=0.0201911
ready_timing_aggregate variant=B min_seconds=0.0201874 max_seconds=0.0201964 mean_seconds=0.0201921
coordinator_kernel_elapsed variant=B kernel_elapsed_seconds=0.007118
block_timing variant=B worker=0 cpu=0 row=1332 block_loop_elapsed_seconds=0.0195038 first_clone_copy_elapsed_seconds=0 clone_copy_elapsed_seconds=0 remaining_clone_copy_elapsed_seconds=0
block_timing variant=B worker=1 cpu=2 row=807 block_loop_elapsed_seconds=0.0130606 first_clone_copy_elapsed_seconds=0 clone_copy_elapsed_seconds=0 remaining_clone_copy_elapsed_seconds=0
block_timing variant=B worker=2 cpu=4 row=965 block_loop_elapsed_seconds=0.0143539 first_clone_copy_elapsed_seconds=0 clone_copy_elapsed_seconds=0 remaining_clone_copy_elapsed_seconds=0
block_timing variant=B worker=3 cpu=6 row=992 block_loop_elapsed_seconds=0.0137513 first_clone_copy_elapsed_seconds=0 clone_copy_elapsed_seconds=0 remaining_clone_copy_elapsed_seconds=0
command[21/30]=.\build\int8_probe.exe --K 512 --target-kib 512 --depth 16 --variant Bclone --kernel avx2 --parallel-cpus 0,2,4,6 --parallel-rows 1332,807,965,992 --iterations 1 --repetitions 8 --warmup 2 --ready-timing-diagnostic
int8 AVX2 correction test passed; scalar_checksum=320040, avx2_checksum=320040, difference=0
ready_timing variant=Bclone worker=0 cpu=0 row=1332 ready_elapsed_seconds=0.226038
ready_timing variant=Bclone worker=1 cpu=2 row=807 ready_elapsed_seconds=0.226024
ready_timing variant=Bclone worker=2 cpu=4 row=965 ready_elapsed_seconds=0.226034
ready_timing variant=Bclone worker=3 cpu=6 row=992 ready_elapsed_seconds=0.226032
ready_timing_aggregate variant=Bclone min_seconds=0.226024 max_seconds=0.226038 mean_seconds=0.226032
coordinator_kernel_elapsed variant=Bclone kernel_elapsed_seconds=0.0139382
block_timing variant=Bclone worker=0 cpu=0 row=1332 block_loop_elapsed_seconds=0.0039553 first_clone_copy_elapsed_seconds=0.0001867 clone_copy_elapsed_seconds=0.0029006 remaining_clone_copy_elapsed_seconds=0.0027139
block_timing variant=Bclone worker=1 cpu=2 row=807 block_loop_elapsed_seconds=0.0026305 first_clone_copy_elapsed_seconds=6.75e-05 clone_copy_elapsed_seconds=0.0018168 remaining_clone_copy_elapsed_seconds=0.0017493
block_timing variant=Bclone worker=2 cpu=4 row=965 block_loop_elapsed_seconds=0.0030778 first_clone_copy_elapsed_seconds=0.000142 clone_copy_elapsed_seconds=0.0021035 remaining_clone_copy_elapsed_seconds=0.0019615
block_timing variant=Bclone worker=3 cpu=6 row=992 block_loop_elapsed_seconds=0.0028394 first_clone_copy_elapsed_seconds=8.28e-05 clone_copy_elapsed_seconds=0.0020116 remaining_clone_copy_elapsed_seconds=0.0019288
command[22/30]=.\build\int8_probe.exe --K 512 --target-kib 512 --depth 16 --variant Bclone --kernel avx2 --parallel-cpus 0,2,4,6 --parallel-rows 1332,807,965,992 --iterations 1 --repetitions 8 --warmup 2 --ready-timing-diagnostic
int8 AVX2 correction test passed; scalar_checksum=320040, avx2_checksum=320040, difference=0
ready_timing variant=Bclone worker=0 cpu=0 row=1332 ready_elapsed_seconds=0.234998
ready_timing variant=Bclone worker=1 cpu=2 row=807 ready_elapsed_seconds=0.234994
ready_timing variant=Bclone worker=2 cpu=4 row=965 ready_elapsed_seconds=0.234995
ready_timing variant=Bclone worker=3 cpu=6 row=992 ready_elapsed_seconds=0.234989
ready_timing_aggregate variant=Bclone min_seconds=0.234989 max_seconds=0.234998 mean_seconds=0.234994
coordinator_kernel_elapsed variant=Bclone kernel_elapsed_seconds=0.0135936
block_timing variant=Bclone worker=0 cpu=0 row=1332 block_loop_elapsed_seconds=0.0038491 first_clone_copy_elapsed_seconds=0.0001705 clone_copy_elapsed_seconds=0.0028061 remaining_clone_copy_elapsed_seconds=0.0026356
block_timing variant=Bclone worker=1 cpu=2 row=807 block_loop_elapsed_seconds=0.0025589 first_clone_copy_elapsed_seconds=0.0001152 clone_copy_elapsed_seconds=0.0017079 remaining_clone_copy_elapsed_seconds=0.0015927
block_timing variant=Bclone worker=2 cpu=4 row=965 block_loop_elapsed_seconds=0.0031878 first_clone_copy_elapsed_seconds=6.33e-05 clone_copy_elapsed_seconds=0.0023945 remaining_clone_copy_elapsed_seconds=0.0023312
block_timing variant=Bclone worker=3 cpu=6 row=992 block_loop_elapsed_seconds=0.0031405 first_clone_copy_elapsed_seconds=0.0001068 clone_copy_elapsed_seconds=0.0021317 remaining_clone_copy_elapsed_seconds=0.0020249
command[23/30]=.\build\int8_probe.exe --K 512 --target-kib 512 --depth 16 --variant B --kernel avx2 --parallel-cpus 0,2,4,6 --parallel-rows 1332,807,965,992 --iterations 1 --repetitions 8 --warmup 2 --ready-timing-diagnostic
int8 AVX2 correction test passed; scalar_checksum=320040, avx2_checksum=320040, difference=0
ready_timing variant=B worker=0 cpu=0 row=1332 ready_elapsed_seconds=0.0197852
ready_timing variant=B worker=1 cpu=2 row=807 ready_elapsed_seconds=0.019792
ready_timing variant=B worker=2 cpu=4 row=965 ready_elapsed_seconds=0.0197835
ready_timing variant=B worker=3 cpu=6 row=992 ready_elapsed_seconds=0.0197748
ready_timing_aggregate variant=B min_seconds=0.0197748 max_seconds=0.019792 mean_seconds=0.0197839
coordinator_kernel_elapsed variant=B kernel_elapsed_seconds=0.008223
block_timing variant=B worker=0 cpu=0 row=1332 block_loop_elapsed_seconds=0.0190683 first_clone_copy_elapsed_seconds=0 clone_copy_elapsed_seconds=0 remaining_clone_copy_elapsed_seconds=0
block_timing variant=B worker=1 cpu=2 row=807 block_loop_elapsed_seconds=0.0119313 first_clone_copy_elapsed_seconds=0 clone_copy_elapsed_seconds=0 remaining_clone_copy_elapsed_seconds=0
block_timing variant=B worker=2 cpu=4 row=965 block_loop_elapsed_seconds=0.014283 first_clone_copy_elapsed_seconds=0 clone_copy_elapsed_seconds=0 remaining_clone_copy_elapsed_seconds=0
block_timing variant=B worker=3 cpu=6 row=992 block_loop_elapsed_seconds=0.013916 first_clone_copy_elapsed_seconds=0 clone_copy_elapsed_seconds=0 remaining_clone_copy_elapsed_seconds=0
command[24/30]=.\build\int8_probe.exe --K 512 --target-kib 512 --depth 16 --variant A --kernel avx2 --parallel-cpus 0,2,4,6 --parallel-rows 1332,807,965,992 --iterations 1 --repetitions 8 --warmup 2 --ready-timing-diagnostic
int8 AVX2 correction test passed; scalar_checksum=320040, avx2_checksum=320040, difference=0
ready_timing variant=A worker=0 cpu=0 row=1332 ready_elapsed_seconds=0.0021667
ready_timing variant=A worker=1 cpu=2 row=807 ready_elapsed_seconds=0.0021838
ready_timing variant=A worker=2 cpu=4 row=965 ready_elapsed_seconds=0.00218
ready_timing variant=A worker=3 cpu=6 row=992 ready_elapsed_seconds=0.0021808
ready_timing_aggregate variant=A min_seconds=0.0021667 max_seconds=0.0021838 mean_seconds=0.00217782
coordinator_kernel_elapsed variant=A kernel_elapsed_seconds=0.0043637
block_timing variant=A worker=0 cpu=0 row=1332 block_loop_elapsed_seconds=0.0012529 first_clone_copy_elapsed_seconds=0 clone_copy_elapsed_seconds=0 remaining_clone_copy_elapsed_seconds=0
block_timing variant=A worker=1 cpu=2 row=807 block_loop_elapsed_seconds=0.00066 first_clone_copy_elapsed_seconds=0 clone_copy_elapsed_seconds=0 remaining_clone_copy_elapsed_seconds=0
block_timing variant=A worker=2 cpu=4 row=965 block_loop_elapsed_seconds=0.0010544 first_clone_copy_elapsed_seconds=0 clone_copy_elapsed_seconds=0 remaining_clone_copy_elapsed_seconds=0
block_timing variant=A worker=3 cpu=6 row=992 block_loop_elapsed_seconds=0.0008442 first_clone_copy_elapsed_seconds=0 clone_copy_elapsed_seconds=0 remaining_clone_copy_elapsed_seconds=0
command[25/30]=.\build\int8_probe.exe --K 512 --target-kib 512 --depth 16 --variant A --kernel avx2 --parallel-cpus 0,2,4,6 --parallel-rows 1332,807,965,992 --iterations 1 --repetitions 8 --warmup 2 --ready-timing-diagnostic
int8 AVX2 correction test passed; scalar_checksum=320040, avx2_checksum=320040, difference=0
ready_timing variant=A worker=0 cpu=0 row=1332 ready_elapsed_seconds=0.0020168
ready_timing variant=A worker=1 cpu=2 row=807 ready_elapsed_seconds=0.0019774
ready_timing variant=A worker=2 cpu=4 row=965 ready_elapsed_seconds=0.0020183
ready_timing variant=A worker=3 cpu=6 row=992 ready_elapsed_seconds=0.0019486
ready_timing_aggregate variant=A min_seconds=0.0019486 max_seconds=0.0020183 mean_seconds=0.00199028
coordinator_kernel_elapsed variant=A kernel_elapsed_seconds=0.0040469
block_timing variant=A worker=0 cpu=0 row=1332 block_loop_elapsed_seconds=0.0011125 first_clone_copy_elapsed_seconds=0 clone_copy_elapsed_seconds=0 remaining_clone_copy_elapsed_seconds=0
block_timing variant=A worker=1 cpu=2 row=807 block_loop_elapsed_seconds=0.0009545 first_clone_copy_elapsed_seconds=0 clone_copy_elapsed_seconds=0 remaining_clone_copy_elapsed_seconds=0
block_timing variant=A worker=2 cpu=4 row=965 block_loop_elapsed_seconds=0.0008509 first_clone_copy_elapsed_seconds=0 clone_copy_elapsed_seconds=0 remaining_clone_copy_elapsed_seconds=0
block_timing variant=A worker=3 cpu=6 row=992 block_loop_elapsed_seconds=0.0011247 first_clone_copy_elapsed_seconds=0 clone_copy_elapsed_seconds=0 remaining_clone_copy_elapsed_seconds=0
command[26/30]=.\build\int8_probe.exe --K 512 --target-kib 512 --depth 16 --variant B --kernel avx2 --parallel-cpus 0,2,4,6 --parallel-rows 1332,807,965,992 --iterations 1 --repetitions 8 --warmup 2 --ready-timing-diagnostic
int8 AVX2 correction test passed; scalar_checksum=320040, avx2_checksum=320040, difference=0
ready_timing variant=B worker=0 cpu=0 row=1332 ready_elapsed_seconds=0.0204679
ready_timing variant=B worker=1 cpu=2 row=807 ready_elapsed_seconds=0.020473
ready_timing variant=B worker=2 cpu=4 row=965 ready_elapsed_seconds=0.0204713
ready_timing variant=B worker=3 cpu=6 row=992 ready_elapsed_seconds=0.0204626
ready_timing_aggregate variant=B min_seconds=0.0204626 max_seconds=0.020473 mean_seconds=0.0204687
coordinator_kernel_elapsed variant=B kernel_elapsed_seconds=0.0094381
block_timing variant=B worker=0 cpu=0 row=1332 block_loop_elapsed_seconds=0.0197101 first_clone_copy_elapsed_seconds=0 clone_copy_elapsed_seconds=0 remaining_clone_copy_elapsed_seconds=0
block_timing variant=B worker=1 cpu=2 row=807 block_loop_elapsed_seconds=0.0104487 first_clone_copy_elapsed_seconds=0 clone_copy_elapsed_seconds=0 remaining_clone_copy_elapsed_seconds=0
block_timing variant=B worker=2 cpu=4 row=965 block_loop_elapsed_seconds=0.0134731 first_clone_copy_elapsed_seconds=0 clone_copy_elapsed_seconds=0 remaining_clone_copy_elapsed_seconds=0
block_timing variant=B worker=3 cpu=6 row=992 block_loop_elapsed_seconds=0.0155306 first_clone_copy_elapsed_seconds=0 clone_copy_elapsed_seconds=0 remaining_clone_copy_elapsed_seconds=0
command[27/30]=.\build\int8_probe.exe --K 512 --target-kib 512 --depth 16 --variant Bclone --kernel avx2 --parallel-cpus 0,2,4,6 --parallel-rows 1332,807,965,992 --iterations 1 --repetitions 8 --warmup 2 --ready-timing-diagnostic
int8 AVX2 correction test passed; scalar_checksum=320040, avx2_checksum=320040, difference=0
ready_timing variant=Bclone worker=0 cpu=0 row=1332 ready_elapsed_seconds=0.259976
ready_timing variant=Bclone worker=1 cpu=2 row=807 ready_elapsed_seconds=0.260123
ready_timing variant=Bclone worker=2 cpu=4 row=965 ready_elapsed_seconds=0.259921
ready_timing variant=Bclone worker=3 cpu=6 row=992 ready_elapsed_seconds=0.25996
ready_timing_aggregate variant=Bclone min_seconds=0.259921 max_seconds=0.260123 mean_seconds=0.259995
coordinator_kernel_elapsed variant=Bclone kernel_elapsed_seconds=0.0139686
block_timing variant=Bclone worker=0 cpu=0 row=1332 block_loop_elapsed_seconds=0.00481 first_clone_copy_elapsed_seconds=0.0001848 clone_copy_elapsed_seconds=0.0037287 remaining_clone_copy_elapsed_seconds=0.0035439
block_timing variant=Bclone worker=1 cpu=2 row=807 block_loop_elapsed_seconds=0.0032958 first_clone_copy_elapsed_seconds=0.0001118 clone_copy_elapsed_seconds=0.0024244 remaining_clone_copy_elapsed_seconds=0.0023126
block_timing variant=Bclone worker=2 cpu=4 row=965 block_loop_elapsed_seconds=0.0042998 first_clone_copy_elapsed_seconds=0.0002573 clone_copy_elapsed_seconds=0.0032698 remaining_clone_copy_elapsed_seconds=0.0030125
block_timing variant=Bclone worker=3 cpu=6 row=992 block_loop_elapsed_seconds=0.0039281 first_clone_copy_elapsed_seconds=0.0001443 clone_copy_elapsed_seconds=0.0029016 remaining_clone_copy_elapsed_seconds=0.0027573
command[28/30]=.\build\int8_probe.exe --K 512 --target-kib 512 --depth 16 --variant Bclone --kernel avx2 --parallel-cpus 0,2,4,6 --parallel-rows 1332,807,965,992 --iterations 1 --repetitions 8 --warmup 2 --ready-timing-diagnostic
int8 AVX2 correction test passed; scalar_checksum=320040, avx2_checksum=320040, difference=0
ready_timing variant=Bclone worker=0 cpu=0 row=1332 ready_elapsed_seconds=0.247475
ready_timing variant=Bclone worker=1 cpu=2 row=807 ready_elapsed_seconds=0.247473
ready_timing variant=Bclone worker=2 cpu=4 row=965 ready_elapsed_seconds=0.247471
ready_timing variant=Bclone worker=3 cpu=6 row=992 ready_elapsed_seconds=0.247468
ready_timing_aggregate variant=Bclone min_seconds=0.247468 max_seconds=0.247475 mean_seconds=0.247472
coordinator_kernel_elapsed variant=Bclone kernel_elapsed_seconds=0.0293934
block_timing variant=Bclone worker=0 cpu=0 row=1332 block_loop_elapsed_seconds=0.0045349 first_clone_copy_elapsed_seconds=0.000192 clone_copy_elapsed_seconds=0.0034305 remaining_clone_copy_elapsed_seconds=0.0032385
block_timing variant=Bclone worker=1 cpu=2 row=807 block_loop_elapsed_seconds=0.0028399 first_clone_copy_elapsed_seconds=6.34e-05 clone_copy_elapsed_seconds=0.0021687 remaining_clone_copy_elapsed_seconds=0.0021053
block_timing variant=Bclone worker=2 cpu=4 row=965 block_loop_elapsed_seconds=0.0038873 first_clone_copy_elapsed_seconds=0.0002216 clone_copy_elapsed_seconds=0.002812 remaining_clone_copy_elapsed_seconds=0.0025904
block_timing variant=Bclone worker=3 cpu=6 row=992 block_loop_elapsed_seconds=0.0040693 first_clone_copy_elapsed_seconds=0.0002088 clone_copy_elapsed_seconds=0.0029896 remaining_clone_copy_elapsed_seconds=0.0027808
command[29/30]=.\build\int8_probe.exe --K 512 --target-kib 512 --depth 16 --variant B --kernel avx2 --parallel-cpus 0,2,4,6 --parallel-rows 1332,807,965,992 --iterations 1 --repetitions 8 --warmup 2 --ready-timing-diagnostic
int8 AVX2 correction test passed; scalar_checksum=320040, avx2_checksum=320040, difference=0
ready_timing variant=B worker=0 cpu=0 row=1332 ready_elapsed_seconds=0.0181102
ready_timing variant=B worker=1 cpu=2 row=807 ready_elapsed_seconds=0.0180644
ready_timing variant=B worker=2 cpu=4 row=965 ready_elapsed_seconds=0.0180499
ready_timing variant=B worker=3 cpu=6 row=992 ready_elapsed_seconds=0.0181062
ready_timing_aggregate variant=B min_seconds=0.0180499 max_seconds=0.0181102 mean_seconds=0.0180827
coordinator_kernel_elapsed variant=B kernel_elapsed_seconds=0.0065438
block_timing variant=B worker=0 cpu=0 row=1332 block_loop_elapsed_seconds=0.0173212 first_clone_copy_elapsed_seconds=0 clone_copy_elapsed_seconds=0 remaining_clone_copy_elapsed_seconds=0
block_timing variant=B worker=1 cpu=2 row=807 block_loop_elapsed_seconds=0.0138796 first_clone_copy_elapsed_seconds=0 clone_copy_elapsed_seconds=0 remaining_clone_copy_elapsed_seconds=0
block_timing variant=B worker=2 cpu=4 row=965 block_loop_elapsed_seconds=0.0159844 first_clone_copy_elapsed_seconds=0 clone_copy_elapsed_seconds=0 remaining_clone_copy_elapsed_seconds=0
block_timing variant=B worker=3 cpu=6 row=992 block_loop_elapsed_seconds=0.0133907 first_clone_copy_elapsed_seconds=0 clone_copy_elapsed_seconds=0 remaining_clone_copy_elapsed_seconds=0
command[30/30]=.\build\int8_probe.exe --K 512 --target-kib 512 --depth 16 --variant A --kernel avx2 --parallel-cpus 0,2,4,6 --parallel-rows 1332,807,965,992 --iterations 1 --repetitions 8 --warmup 2 --ready-timing-diagnostic
int8 AVX2 correction test passed; scalar_checksum=320040, avx2_checksum=320040, difference=0
ready_timing variant=A worker=0 cpu=0 row=1332 ready_elapsed_seconds=0.001589
ready_timing variant=A worker=1 cpu=2 row=807 ready_elapsed_seconds=0.0015544
ready_timing variant=A worker=2 cpu=4 row=965 ready_elapsed_seconds=0.0015352
ready_timing variant=A worker=3 cpu=6 row=992 ready_elapsed_seconds=0.0015732
ready_timing_aggregate variant=A min_seconds=0.0015352 max_seconds=0.001589 mean_seconds=0.00156295
coordinator_kernel_elapsed variant=A kernel_elapsed_seconds=0.0030858
block_timing variant=A worker=0 cpu=0 row=1332 block_loop_elapsed_seconds=0.0010413 first_clone_copy_elapsed_seconds=0 clone_copy_elapsed_seconds=0 remaining_clone_copy_elapsed_seconds=0
block_timing variant=A worker=1 cpu=2 row=807 block_loop_elapsed_seconds=0.0006765 first_clone_copy_elapsed_seconds=0 clone_copy_elapsed_seconds=0 remaining_clone_copy_elapsed_seconds=0
block_timing variant=A worker=2 cpu=4 row=965 block_loop_elapsed_seconds=0.0010413 first_clone_copy_elapsed_seconds=0 clone_copy_elapsed_seconds=0 remaining_clone_copy_elapsed_seconds=0
block_timing variant=A worker=3 cpu=6 row=992 block_loop_elapsed_seconds=0.0010899 first_clone_copy_elapsed_seconds=0 clone_copy_elapsed_seconds=0 remaining_clone_copy_elapsed_seconds=0
