T0-M R16 alternating compare-order diagnostic; measurement-only
started=2026-09-03T04:36:43.4284378-07:00
executable=D:\Install\Dev\Projects\IA\Ejercise\cpu-native-arch\build\t0m_int8_probe.exe
executable_sha256=D6271358CBC079A6C64EEC9CA5EA0F5C88D3FC70902B23C4D087E069FF163C66
self_test_command="D:\Install\Dev\Projects\IA\Ejercise\cpu-native-arch\build\t0m_int8_probe.exe" --self-test
self_test_exit_code=0
self_test_status=PASS
self_test_invocations=1
mode_orders=0:legacy,repeat,fused;1:fused,repeat,legacy;2:repeat,legacy,fused
order_schedule=sample 1..10 per condition uses compare-order 0,1,2,0,1,2,0,1,2,0
shared_workload_and_output_buffers=true
workers=4; cpus=0,2,4,6; iterations=1; timed-repetitions=8; warmup=2
invocation[1] target_kib=512 sample=1 variant=A compare_order=0
command[1] "D:\Install\Dev\Projects\IA\Ejercise\cpu-native-arch\build\t0m_int8_probe.exe" --D 512 --S 1 --R 16 --mode compare --compare-order 0 --variant A --S-tile 8 --workers 4 --cpus "0,2,4,6" --rows-per-worker "1211,1136,683,1066" --iterations 1 --timed-repetitions 8 --warmup 2
exit_code[1]=0 wall_seconds=0.0940182
invocation[2] target_kib=512 sample=2 variant=A compare_order=1
command[2] "D:\Install\Dev\Projects\IA\Ejercise\cpu-native-arch\build\t0m_int8_probe.exe" --D 512 --S 1 --R 16 --mode compare --compare-order 1 --variant A --S-tile 8 --workers 4 --cpus "0,2,4,6" --rows-per-worker "1211,1136,683,1066" --iterations 1 --timed-repetitions 8 --warmup 2
exit_code[2]=0 wall_seconds=0.0511878
invocation[3] target_kib=512 sample=3 variant=A compare_order=2
command[3] "D:\Install\Dev\Projects\IA\Ejercise\cpu-native-arch\build\t0m_int8_probe.exe" --D 512 --S 1 --R 16 --mode compare --compare-order 2 --variant A --S-tile 8 --workers 4 --cpus "0,2,4,6" --rows-per-worker "1211,1136,683,1066" --iterations 1 --timed-repetitions 8 --warmup 2
exit_code[3]=0 wall_seconds=0.0414642
invocation[4] target_kib=512 sample=4 variant=A compare_order=0
command[4] "D:\Install\Dev\Projects\IA\Ejercise\cpu-native-arch\build\t0m_int8_probe.exe" --D 512 --S 1 --R 16 --mode compare --compare-order 0 --variant A --S-tile 8 --workers 4 --cpus "0,2,4,6" --rows-per-worker "1211,1136,683,1066" --iterations 1 --timed-repetitions 8 --warmup 2
exit_code[4]=0 wall_seconds=0.0342684
invocation[5] target_kib=512 sample=5 variant=A compare_order=1
command[5] "D:\Install\Dev\Projects\IA\Ejercise\cpu-native-arch\build\t0m_int8_probe.exe" --D 512 --S 1 --R 16 --mode compare --compare-order 1 --variant A --S-tile 8 --workers 4 --cpus "0,2,4,6" --rows-per-worker "1211,1136,683,1066" --iterations 1 --timed-repetitions 8 --warmup 2
exit_code[5]=0 wall_seconds=0.0395055
invocation[6] target_kib=512 sample=6 variant=A compare_order=2
command[6] "D:\Install\Dev\Projects\IA\Ejercise\cpu-native-arch\build\t0m_int8_probe.exe" --D 512 --S 1 --R 16 --mode compare --compare-order 2 --variant A --S-tile 8 --workers 4 --cpus "0,2,4,6" --rows-per-worker "1211,1136,683,1066" --iterations 1 --timed-repetitions 8 --warmup 2
exit_code[6]=0 wall_seconds=0.046603399999999996
invocation[7] target_kib=512 sample=7 variant=A compare_order=0
command[7] "D:\Install\Dev\Projects\IA\Ejercise\cpu-native-arch\build\t0m_int8_probe.exe" --D 512 --S 1 --R 16 --mode compare --compare-order 0 --variant A --S-tile 8 --workers 4 --cpus "0,2,4,6" --rows-per-worker "1211,1136,683,1066" --iterations 1 --timed-repetitions 8 --warmup 2
exit_code[7]=0 wall_seconds=0.0564914
invocation[8] target_kib=512 sample=8 variant=A compare_order=1
command[8] "D:\Install\Dev\Projects\IA\Ejercise\cpu-native-arch\build\t0m_int8_probe.exe" --D 512 --S 1 --R 16 --mode compare --compare-order 1 --variant A --S-tile 8 --workers 4 --cpus "0,2,4,6" --rows-per-worker "1211,1136,683,1066" --iterations 1 --timed-repetitions 8 --warmup 2
exit_code[8]=0 wall_seconds=0.0572163
invocation[9] target_kib=512 sample=9 variant=A compare_order=2
command[9] "D:\Install\Dev\Projects\IA\Ejercise\cpu-native-arch\build\t0m_int8_probe.exe" --D 512 --S 1 --R 16 --mode compare --compare-order 2 --variant A --S-tile 8 --workers 4 --cpus "0,2,4,6" --rows-per-worker "1211,1136,683,1066" --iterations 1 --timed-repetitions 8 --warmup 2
exit_code[9]=0 wall_seconds=0.0753663
invocation[10] target_kib=512 sample=10 variant=A compare_order=0
command[10] "D:\Install\Dev\Projects\IA\Ejercise\cpu-native-arch\build\t0m_int8_probe.exe" --D 512 --S 1 --R 16 --mode compare --compare-order 0 --variant A --S-tile 8 --workers 4 --cpus "0,2,4,6" --rows-per-worker "1211,1136,683,1066" --iterations 1 --timed-repetitions 8 --warmup 2
exit_code[10]=0 wall_seconds=0.047872399999999996
invocation[11] target_kib=512 sample=1 variant=B compare_order=0
command[11] "D:\Install\Dev\Projects\IA\Ejercise\cpu-native-arch\build\t0m_int8_probe.exe" --D 512 --S 1 --R 16 --mode compare --compare-order 0 --variant B --S-tile 8 --workers 4 --cpus "0,2,4,6" --rows-per-worker "1211,1136,683,1066" --iterations 1 --timed-repetitions 8 --warmup 2
exit_code[11]=0 wall_seconds=0.13306469999999998
invocation[12] target_kib=512 sample=2 variant=B compare_order=1
command[12] "D:\Install\Dev\Projects\IA\Ejercise\cpu-native-arch\build\t0m_int8_probe.exe" --D 512 --S 1 --R 16 --mode compare --compare-order 1 --variant B --S-tile 8 --workers 4 --cpus "0,2,4,6" --rows-per-worker "1211,1136,683,1066" --iterations 1 --timed-repetitions 8 --warmup 2
exit_code[12]=0 wall_seconds=0.111999
invocation[13] target_kib=512 sample=3 variant=B compare_order=2
command[13] "D:\Install\Dev\Projects\IA\Ejercise\cpu-native-arch\build\t0m_int8_probe.exe" --D 512 --S 1 --R 16 --mode compare --compare-order 2 --variant B --S-tile 8 --workers 4 --cpus "0,2,4,6" --rows-per-worker "1211,1136,683,1066" --iterations 1 --timed-repetitions 8 --warmup 2
exit_code[13]=0 wall_seconds=0.118098
invocation[14] target_kib=512 sample=4 variant=B compare_order=0
command[14] "D:\Install\Dev\Projects\IA\Ejercise\cpu-native-arch\build\t0m_int8_probe.exe" --D 512 --S 1 --R 16 --mode compare --compare-order 0 --variant B --S-tile 8 --workers 4 --cpus "0,2,4,6" --rows-per-worker "1211,1136,683,1066" --iterations 1 --timed-repetitions 8 --warmup 2
exit_code[14]=0 wall_seconds=0.12459619999999999
invocation[15] target_kib=512 sample=5 variant=B compare_order=1
command[15] "D:\Install\Dev\Projects\IA\Ejercise\cpu-native-arch\build\t0m_int8_probe.exe" --D 512 --S 1 --R 16 --mode compare --compare-order 1 --variant B --S-tile 8 --workers 4 --cpus "0,2,4,6" --rows-per-worker "1211,1136,683,1066" --iterations 1 --timed-repetitions 8 --warmup 2
exit_code[15]=0 wall_seconds=0.1338163
invocation[16] target_kib=512 sample=6 variant=B compare_order=2
command[16] "D:\Install\Dev\Projects\IA\Ejercise\cpu-native-arch\build\t0m_int8_probe.exe" --D 512 --S 1 --R 16 --mode compare --compare-order 2 --variant B --S-tile 8 --workers 4 --cpus "0,2,4,6" --rows-per-worker "1211,1136,683,1066" --iterations 1 --timed-repetitions 8 --warmup 2
exit_code[16]=0 wall_seconds=0.1889835
invocation[17] target_kib=512 sample=7 variant=B compare_order=0
command[17] "D:\Install\Dev\Projects\IA\Ejercise\cpu-native-arch\build\t0m_int8_probe.exe" --D 512 --S 1 --R 16 --mode compare --compare-order 0 --variant B --S-tile 8 --workers 4 --cpus "0,2,4,6" --rows-per-worker "1211,1136,683,1066" --iterations 1 --timed-repetitions 8 --warmup 2
exit_code[17]=0 wall_seconds=0.1647167
invocation[18] target_kib=512 sample=8 variant=B compare_order=1
command[18] "D:\Install\Dev\Projects\IA\Ejercise\cpu-native-arch\build\t0m_int8_probe.exe" --D 512 --S 1 --R 16 --mode compare --compare-order 1 --variant B --S-tile 8 --workers 4 --cpus "0,2,4,6" --rows-per-worker "1211,1136,683,1066" --iterations 1 --timed-repetitions 8 --warmup 2
exit_code[18]=0 wall_seconds=0.1264051
invocation[19] target_kib=512 sample=9 variant=B compare_order=2
command[19] "D:\Install\Dev\Projects\IA\Ejercise\cpu-native-arch\build\t0m_int8_probe.exe" --D 512 --S 1 --R 16 --mode compare --compare-order 2 --variant B --S-tile 8 --workers 4 --cpus "0,2,4,6" --rows-per-worker "1211,1136,683,1066" --iterations 1 --timed-repetitions 8 --warmup 2
exit_code[19]=0 wall_seconds=0.11398029999999999
invocation[20] target_kib=512 sample=10 variant=B compare_order=0
command[20] "D:\Install\Dev\Projects\IA\Ejercise\cpu-native-arch\build\t0m_int8_probe.exe" --D 512 --S 1 --R 16 --mode compare --compare-order 0 --variant B --S-tile 8 --workers 4 --cpus "0,2,4,6" --rows-per-worker "1211,1136,683,1066" --iterations 1 --timed-repetitions 8 --warmup 2
exit_code[20]=0 wall_seconds=0.11603809999999999
invocation[21] target_kib=768 sample=1 variant=A compare_order=0
command[21] "D:\Install\Dev\Projects\IA\Ejercise\cpu-native-arch\build\t0m_int8_probe.exe" --D 512 --S 1 --R 16 --mode compare --compare-order 0 --variant A --S-tile 8 --workers 4 --cpus "0,2,4,6" --rows-per-worker "1816,1705,1023,1600" --iterations 1 --timed-repetitions 8 --warmup 2
exit_code[21]=0 wall_seconds=0.0745912
invocation[22] target_kib=768 sample=2 variant=A compare_order=1
command[22] "D:\Install\Dev\Projects\IA\Ejercise\cpu-native-arch\build\t0m_int8_probe.exe" --D 512 --S 1 --R 16 --mode compare --compare-order 1 --variant A --S-tile 8 --workers 4 --cpus "0,2,4,6" --rows-per-worker "1816,1705,1023,1600" --iterations 1 --timed-repetitions 8 --warmup 2
exit_code[22]=0 wall_seconds=0.0852764
invocation[23] target_kib=768 sample=3 variant=A compare_order=2
command[23] "D:\Install\Dev\Projects\IA\Ejercise\cpu-native-arch\build\t0m_int8_probe.exe" --D 512 --S 1 --R 16 --mode compare --compare-order 2 --variant A --S-tile 8 --workers 4 --cpus "0,2,4,6" --rows-per-worker "1816,1705,1023,1600" --iterations 1 --timed-repetitions 8 --warmup 2
exit_code[23]=0 wall_seconds=0.11763799999999999
invocation[24] target_kib=768 sample=4 variant=A compare_order=0
command[24] "D:\Install\Dev\Projects\IA\Ejercise\cpu-native-arch\build\t0m_int8_probe.exe" --D 512 --S 1 --R 16 --mode compare --compare-order 0 --variant A --S-tile 8 --workers 4 --cpus "0,2,4,6" --rows-per-worker "1816,1705,1023,1600" --iterations 1 --timed-repetitions 8 --warmup 2
exit_code[24]=0 wall_seconds=0.07880029999999999
invocation[25] target_kib=768 sample=5 variant=A compare_order=1
command[25] "D:\Install\Dev\Projects\IA\Ejercise\cpu-native-arch\build\t0m_int8_probe.exe" --D 512 --S 1 --R 16 --mode compare --compare-order 1 --variant A --S-tile 8 --workers 4 --cpus "0,2,4,6" --rows-per-worker "1816,1705,1023,1600" --iterations 1 --timed-repetitions 8 --warmup 2
exit_code[25]=0 wall_seconds=0.1537898
invocation[26] target_kib=768 sample=6 variant=A compare_order=2
command[26] "D:\Install\Dev\Projects\IA\Ejercise\cpu-native-arch\build\t0m_int8_probe.exe" --D 512 --S 1 --R 16 --mode compare --compare-order 2 --variant A --S-tile 8 --workers 4 --cpus "0,2,4,6" --rows-per-worker "1816,1705,1023,1600" --iterations 1 --timed-repetitions 8 --warmup 2
exit_code[26]=0 wall_seconds=0.056004399999999996
invocation[27] target_kib=768 sample=7 variant=A compare_order=0
command[27] "D:\Install\Dev\Projects\IA\Ejercise\cpu-native-arch\build\t0m_int8_probe.exe" --D 512 --S 1 --R 16 --mode compare --compare-order 0 --variant A --S-tile 8 --workers 4 --cpus "0,2,4,6" --rows-per-worker "1816,1705,1023,1600" --iterations 1 --timed-repetitions 8 --warmup 2
exit_code[27]=0 wall_seconds=0.077719799999999992
invocation[28] target_kib=768 sample=8 variant=A compare_order=1
command[28] "D:\Install\Dev\Projects\IA\Ejercise\cpu-native-arch\build\t0m_int8_probe.exe" --D 512 --S 1 --R 16 --mode compare --compare-order 1 --variant A --S-tile 8 --workers 4 --cpus "0,2,4,6" --rows-per-worker "1816,1705,1023,1600" --iterations 1 --timed-repetitions 8 --warmup 2
exit_code[28]=0 wall_seconds=0.1264529
invocation[29] target_kib=768 sample=9 variant=A compare_order=2
command[29] "D:\Install\Dev\Projects\IA\Ejercise\cpu-native-arch\build\t0m_int8_probe.exe" --D 512 --S 1 --R 16 --mode compare --compare-order 2 --variant A --S-tile 8 --workers 4 --cpus "0,2,4,6" --rows-per-worker "1816,1705,1023,1600" --iterations 1 --timed-repetitions 8 --warmup 2
exit_code[29]=0 wall_seconds=0.1381597
invocation[30] target_kib=768 sample=10 variant=A compare_order=0
command[30] "D:\Install\Dev\Projects\IA\Ejercise\cpu-native-arch\build\t0m_int8_probe.exe" --D 512 --S 1 --R 16 --mode compare --compare-order 0 --variant A --S-tile 8 --workers 4 --cpus "0,2,4,6" --rows-per-worker "1816,1705,1023,1600" --iterations 1 --timed-repetitions 8 --warmup 2
exit_code[30]=0 wall_seconds=0.2724253
invocation[31] target_kib=768 sample=1 variant=B compare_order=0
command[31] "D:\Install\Dev\Projects\IA\Ejercise\cpu-native-arch\build\t0m_int8_probe.exe" --D 512 --S 1 --R 16 --mode compare --compare-order 0 --variant B --S-tile 8 --workers 4 --cpus "0,2,4,6" --rows-per-worker "1816,1705,1023,1600" --iterations 1 --timed-repetitions 8 --warmup 2
exit_code[31]=0 wall_seconds=0.30458199999999996
invocation[32] target_kib=768 sample=2 variant=B compare_order=1
command[32] "D:\Install\Dev\Projects\IA\Ejercise\cpu-native-arch\build\t0m_int8_probe.exe" --D 512 --S 1 --R 16 --mode compare --compare-order 1 --variant B --S-tile 8 --workers 4 --cpus "0,2,4,6" --rows-per-worker "1816,1705,1023,1600" --iterations 1 --timed-repetitions 8 --warmup 2
exit_code[32]=0 wall_seconds=0.2219484
invocation[33] target_kib=768 sample=3 variant=B compare_order=2
command[33] "D:\Install\Dev\Projects\IA\Ejercise\cpu-native-arch\build\t0m_int8_probe.exe" --D 512 --S 1 --R 16 --mode compare --compare-order 2 --variant B --S-tile 8 --workers 4 --cpus "0,2,4,6" --rows-per-worker "1816,1705,1023,1600" --iterations 1 --timed-repetitions 8 --warmup 2
exit_code[33]=0 wall_seconds=0.1687203
invocation[34] target_kib=768 sample=4 variant=B compare_order=0
command[34] "D:\Install\Dev\Projects\IA\Ejercise\cpu-native-arch\build\t0m_int8_probe.exe" --D 512 --S 1 --R 16 --mode compare --compare-order 0 --variant B --S-tile 8 --workers 4 --cpus "0,2,4,6" --rows-per-worker "1816,1705,1023,1600" --iterations 1 --timed-repetitions 8 --warmup 2
exit_code[34]=0 wall_seconds=0.2295292
invocation[35] target_kib=768 sample=5 variant=B compare_order=1
command[35] "D:\Install\Dev\Projects\IA\Ejercise\cpu-native-arch\build\t0m_int8_probe.exe" --D 512 --S 1 --R 16 --mode compare --compare-order 1 --variant B --S-tile 8 --workers 4 --cpus "0,2,4,6" --rows-per-worker "1816,1705,1023,1600" --iterations 1 --timed-repetitions 8 --warmup 2
exit_code[35]=0 wall_seconds=0.30426909999999996
invocation[36] target_kib=768 sample=6 variant=B compare_order=2
command[36] "D:\Install\Dev\Projects\IA\Ejercise\cpu-native-arch\build\t0m_int8_probe.exe" --D 512 --S 1 --R 16 --mode compare --compare-order 2 --variant B --S-tile 8 --workers 4 --cpus "0,2,4,6" --rows-per-worker "1816,1705,1023,1600" --iterations 1 --timed-repetitions 8 --warmup 2
exit_code[36]=0 wall_seconds=0.2658877
invocation[37] target_kib=768 sample=7 variant=B compare_order=0
command[37] "D:\Install\Dev\Projects\IA\Ejercise\cpu-native-arch\build\t0m_int8_probe.exe" --D 512 --S 1 --R 16 --mode compare --compare-order 0 --variant B --S-tile 8 --workers 4 --cpus "0,2,4,6" --rows-per-worker "1816,1705,1023,1600" --iterations 1 --timed-repetitions 8 --warmup 2
exit_code[37]=0 wall_seconds=0.1772315
invocation[38] target_kib=768 sample=8 variant=B compare_order=1
command[38] "D:\Install\Dev\Projects\IA\Ejercise\cpu-native-arch\build\t0m_int8_probe.exe" --D 512 --S 1 --R 16 --mode compare --compare-order 1 --variant B --S-tile 8 --workers 4 --cpus "0,2,4,6" --rows-per-worker "1816,1705,1023,1600" --iterations 1 --timed-repetitions 8 --warmup 2
exit_code[38]=0 wall_seconds=0.18035489999999998
invocation[39] target_kib=768 sample=9 variant=B compare_order=2
command[39] "D:\Install\Dev\Projects\IA\Ejercise\cpu-native-arch\build\t0m_int8_probe.exe" --D 512 --S 1 --R 16 --mode compare --compare-order 2 --variant B --S-tile 8 --workers 4 --cpus "0,2,4,6" --rows-per-worker "1816,1705,1023,1600" --iterations 1 --timed-repetitions 8 --warmup 2
exit_code[39]=0 wall_seconds=0.2818903
invocation[40] target_kib=768 sample=10 variant=B compare_order=0
command[40] "D:\Install\Dev\Projects\IA\Ejercise\cpu-native-arch\build\t0m_int8_probe.exe" --D 512 --S 1 --R 16 --mode compare --compare-order 0 --variant B --S-tile 8 --workers 4 --cpus "0,2,4,6" --rows-per-worker "1816,1705,1023,1600" --iterations 1 --timed-repetitions 8 --warmup 2
exit_code[40]=0 wall_seconds=0.1810041
finished=2026-09-03T04:36:51.7949917-07:00
measurement_invocations=40
self_test_invocations=1
phase3_invocations=0
phase4_invocations=0
